1 G4A-B005-T01 67.566919098
2 G4A-B005-T02 53.01173430199998
3 G4A-B005-T03 43.15985939299992
4 G4A-B005-T04 47.64329357099996
5 G4A-B005-T05 53.57008098899996
6 G4A-B005-T06 45.24532555099995
7 G4A-B005-T07 43.063815191
8 G4A-B005-T08 46.00839445099996
9 G4A-B005-T09 43.10865517000002
10 G4A-B005-T10 43.26888882200001
11 G4A-B010-T01 37.87398281900005
12 G4A-B010-T02 37.887612681000064
13 G4A-B010-T03 38.464206129000104
14 G4A-B010-T04 47.755715752000015
15 G4A-B010-T05 40.68750933399997
16 G4A-B010-T06 40.755829494999944
17 G4A-B010-T07 50.57419393000009
18 G4A-B010-T08 45.31159078299993
19 G4A-B010-T09 42.34404216799999
20 G4A-B010-T10 48.92922543399982
21 G4A-B025-T01 41.860526503000074
22 G4A-B025-T02 46.04612346499971
23 G4A-B025-T03 39.28966596600003
24 G4A-B025-T04 42.342361682000046
25 G4A-B025-T05 39.50070058099982
26 G4A-B025-T06 43.008055818999765
27 G4A-B025-T07 42.07363661699992
28 G4A-B025-T08 45.07372308499998
29 G4A-B025-T09 40.19067288399992
30 G4A-B025-T10 42.24240815799976
31 G4A-B050-T01 38.18564217999983
32 G4A-B050-T02 35.818948700999954
33 G4A-B050-T03 37.96971720200008
34 G4A-B050-T04 36.90527330100031
35 G4A-B050-T05 36.903421669999716
36 G4A-B050-T06 36.782926406000115
37 G4A-B050-T07 37.23152982600004
38 G4A-B050-T08 39.371259678000115
39 G4A-B050-T09 38.44183551800006
40 G4A-B050-T10 39.602777531000356
41 G4A-B100-T01 39.0859984890003
42 G4A-B100-T02 36.82165964399974
43 G4A-B100-T03 36.217643908000355
44 G4A-B100-T04 37.39756706800017
45 G4A-B100-T05 36.58078780699998
46 G4A-B100-T06 36.291610618999584
47 G4A-B100-T07 39.34072375999949
48 G4A-B100-T08 36.87474390300031
49 G4A-B100-T09 38.43363761799992
50 G4A-B100-T10 42.826490157999615
51 G4A-B200-T01 42.98283760199956
52 G4A-B200-T02 38.76507031000074
