1 G4A-B005-T01 4.906190084000002
2 G4A-B005-T02 4.651334633000005
3 G4A-B005-T03 4.72814570700001
4 G4A-B005-T04 4.074192127000003
5 G4A-B005-T05 3.9554987839999853
6 G4A-B005-T06 4.1449976349999815
7 G4A-B005-T07 3.7942762189999826
8 G4A-B005-T08 3.7941391510000244
9 G4A-B005-T09 4.25724594899998
10 G4A-B005-T10 4.598472400999981
11 G4A-B010-T01 4.302750751999952
12 G4A-B010-T02 5.759204576000002
13 G4A-B010-T03 4.505614688000037
14 G4A-B010-T04 3.987186993000023
15 G4A-B010-T05 4.048834005000003
16 G4A-B010-T06 3.872055618000104
17 G4A-B010-T07 3.9160975469999357
18 G4A-B010-T08 4.424281649000022
19 G4A-B010-T09 3.9802226290000817
20 G4A-B010-T10 3.858708155000045
21 G4A-B025-T01 3.837871105999966
22 G4A-B025-T02 3.9432701949999682
23 G4A-B025-T03 3.91243187200007
24 G4A-B025-T04 3.8586361449999913
25 G4A-B025-T05 3.781254479000154
26 G4A-B025-T06 3.8900140619998638
27 G4A-B025-T07 3.866690872999925
28 G4A-B025-T08 3.771991430999833
29 G4A-B025-T09 3.993112095000015
30 G4A-B025-T10 4.168800618999967
31 G4A-B050-T01 3.6267638909998823
32 G4A-B050-T02 3.561069112999803
33 G4A-B050-T03 3.85860017899995
34 G4A-B050-T04 3.6963757180001267
35 G4A-B050-T05 4.421743901999889
36 G4A-B050-T06 3.7447018560001197
37 G4A-B050-T07 3.527728042000035
38 G4A-B050-T08 3.6844875960000536
39 G4A-B050-T09 3.949008006000213
40 G4A-B050-T10 3.612246738000067
41 G4A-B100-T01 3.648462621000135
42 G4A-B100-T02 3.4951843490000556
43 G4A-B100-T03 3.496410077000064
44 G4A-B100-T04 3.7385736200001247
45 G4A-B100-T05 3.5545023639999727
46 G4A-B100-T06 3.5272317709998333
47 G4A-B100-T07 3.8305783370001336
48 G4A-B100-T08 3.612574411999958
49 G4A-B100-T09 3.7667335010000897
50 G4A-B100-T10 3.5345846619998156
51 G4A-B200-T01 3.797692890000235
52 G4A-B200-T02 3.68765357600023
53 G4A-B200-T03 3.809045868999874
54 G4A-B200-T04 3.45142703800002
55 G4A-B200-T05 3.51890823299982
56 G4A-B200-T06 3.9450401280000733
57 G4A-B200-T07 3.6725399120000475
58 G4A-B200-T08 3.7465466919998107
59 G4A-B200-T09 3.7458768800001963
60 G4A-B200-T10 3.532724991000123
{
  "status": "INCONCLUSIVE",
  "criteria": {
    "mean_gain_over_raw_ge_0.0100": false,
    "positive_raw_gain_ge_8_of_10": true,
    "no_mean_per_class_regression_worse_than_0.0200": true,
    "positive_gain_over_same_query_rf": true
  },
  "primary": {
    "candidate": {
      "mean": 0.6035503225084344,
      "std_ddof0": 0.015364414812388419,
      "values": [
        0.6043349191491068,
        0.5802143899474882,
        0.6029617270537063,
        0.619009244731355,
        0.5947616207602898,
        0.5832999819091035,
        0.5926176105117245,
        0.6194364876885463,
        0.6297383771502839,
        0.6091288661827402
      ],
      "per_class_mean": [
        0.6539887839217944,
        0.5588952618613947,
        0.6198240872295244,
        0.5814931570210244
      ]
    },
    "raw_prototype": {
      "mean": 0.5985975030424968,
      "std_ddof0": 0.01763692365781789,
      "values": [
        0.6036165122602037,
        0.5671912103068149,
        0.596040354074235,
        0.6118621881829216,
        0.5900348942506094,
        0.5789135050821612,
        0.587702595983549,
        0.617561391117714,
        0.6294604948126787,
        0.6035918843540811
      ],
      "per_class_mean": [
        0.6449249735359577,
        0.5524213093228422,
        0.6182708211895093,
        0.5787729081216784
      ]
    },
    "all_ones_active": {
      "mean": 0.5985975030424968,
      "std_ddof0": 0.01763692365781789,
      "values": [
        0.6036165122602037,
        0.5671912103068149,
        0.596040354074235,
        0.6118621881829216,
        0.5900348942506094,
        0.5789135050821612,
        0.587702595983549,
        0.617561391117714,
        0.6294604948126787,
        0.6035918843540811
      ],
      "per_class_mean": [
        0.6449249735359577,
        0.5524213093228422,
        0.6182708211895093,
        0.5787729081216784
      ]
    },
    "unsupervised_covariance": {
      "mean": 0.5836196879447433,
      "std_ddof0": 0.03424604496534667,
      "values": [
        0.6032687324155461,
        0.5420105681612215,
        0.6055335351274472,
        0.6229640705722346,
        0.5450922419830788,
        0.5743411201371718,
        0.5390666677024993,
        0.6244384588186482,
        0.6235474045075833,
        0.5559340800220021
      ],
      "per_class_mean": [
        0.6126853360101545,
        0.5555229946927801,
        0.581793498356632,
        0.5844769227194065
      ]
    },
    "frozen_rf": {
      "mean": 0.4432654528334615,
      "std_ddof0": 0.0003058209280542265,
      "values": [
        0.4425418995753533,
        0.44305776938997316,
        0.4436813270107022,
        0.4433972798561644,
        0.443383295862038,
        0.4433181922408786,
        0.443527981371931,
        0.4433613886473976,
        0.4433836066836454,
        0.44300178769653137
      ],
      "per_class_mean": [
        0.44205964419010624,
        0.48453298004732187,
        0.30134125862127187,
        0.5451279284751458
      ]
    },
    "candidate_minus_raw": {
      "mean": 0.004952819465937586,
      "std_ddof0": 0.0035184200260091835,
      "positive_trials": 10,
      "values": [
        0.0007184068889030115,
        0.013023179640673344,
        0.006921372979471374,
        0.007147056548433395,
        0.004726726509680423,
        0.004386476826942265,
        0.004915014528175443,
        0.0018750965708322909,
        0.0002778823376051731,
        0.005536981828659138
      ]
    },
    "candidate_minus_u0": {
      "mean": 0.019930634563691152,
      "std_ddof0": 0.02412191256216788,
      "positive_trials": 7,
      "values": [
        0.0010661867335606257,
        0.03820382178626669,
        -0.002571808073740911,
        -0.003954825840879583,
        0.049669378777211004,
        0.008958861771931725,
        0.05355094280922512,
        -0.005001971130101923,
        0.006190972642700632,
        0.05319478616073814
      ]
    },
    "candidate_minus_rf": {
      "mean": 0.16028486967497296,
      "std_ddof0": 0.015339806754496454,
      "positive_trials": 10,
      "values": [
        0.16179301957375347,
        0.13715662055751504,
        0.15928040004300414,
        0.1756119648751906,
        0.15137832489825181,
        0.1399817896682249,
        0.14908962913979346,
        0.1760750990411487,
        0.1863547704666385,
        0.16612707848620883
      ]
    }
  }
}
