verified 1 G4A-B005-T01
verified 2 G4A-B005-T02
verified 3 G4A-B005-T03
verified 4 G4A-B005-T04
verified 5 G4A-B005-T05
verified 6 G4A-B005-T06
verified 7 G4A-B005-T07
verified 8 G4A-B005-T08
verified 9 G4A-B005-T09
verified 10 G4A-B005-T10
verified 11 G4A-B010-T01
verified 12 G4A-B010-T02
verified 13 G4A-B010-T03
verified 14 G4A-B010-T04
verified 15 G4A-B010-T05
verified 16 G4A-B010-T06
verified 17 G4A-B010-T07
verified 18 G4A-B010-T08
verified 19 G4A-B010-T09
verified 20 G4A-B010-T10
verified 21 G4A-B025-T01
verified 22 G4A-B025-T02
verified 23 G4A-B025-T03
verified 24 G4A-B025-T04
verified 25 G4A-B025-T05
verified 26 G4A-B025-T06
verified 27 G4A-B025-T07
verified 28 G4A-B025-T08
verified 29 G4A-B025-T09
verified 30 G4A-B025-T10
verified 31 G4A-B050-T01
verified 32 G4A-B050-T02
verified 33 G4A-B050-T03
verified 34 G4A-B050-T04
verified 35 G4A-B050-T05
verified 36 G4A-B050-T06
verified 37 G4A-B050-T07
verified 38 G4A-B050-T08
verified 39 G4A-B050-T09
verified 40 G4A-B050-T10
verified 41 G4A-B100-T01
verified 42 G4A-B100-T02
verified 43 G4A-B100-T03
verified 44 G4A-B100-T04
verified 45 G4A-B100-T05
verified 46 G4A-B100-T06
verified 47 G4A-B100-T07
verified 48 G4A-B100-T08
verified 49 G4A-B100-T09
verified 50 G4A-B100-T10
verified 51 G4A-B200-T01
verified 52 G4A-B200-T02
verified 53 G4A-B200-T03
verified 54 G4A-B200-T04
verified 55 G4A-B200-T05
verified 56 G4A-B200-T06
verified 57 G4A-B200-T07
verified 58 G4A-B200-T08
verified 59 G4A-B200-T09
verified 60 G4A-B200-T10
{
  "status": "PASS",
  "run_id": "G4C-E2-008",
  "independent_source_state": true,
  "exact_predictions": 60,
  "independent_score_confusion_records": 60,
  "historical_raw_exact": 60,
  "historical_u0_exact": 60,
  "same_query_alignment": true,
  "packet_hash_reconstruction": 60,
  "rng_manifest_replay": 60,
  "worker_teardown": 60,
  "fresh_state_probes": 3,
  "protected_33": "PASS",
  "original_clean": true,
  "manifest_sha256": "9d493d99f60098cb22fd781c51e2d2907d6831df72cb2524700293aa1a1bbf32",
  "verdict": "INCONCLUSIVE",
  "seconds": 141.81009990000166,
  "verifier_sha256": "2b0553a1fc16a1871a52a0390e1bbe6e2ade8478074ab4c065db9a3006baa089",
  "label_boundary": "Verifier privileged; candidate workers limited to source state/current support and never receive query labels/manifest"
}
