1 G4A-B005-T01 4.505020275000007
2 G4A-B005-T02 5.693846223000008
3 G4A-B005-T03 5.604364009999998
4 G4A-B005-T04 5.6412082969999915
5 G4A-B005-T05 5.223382678000007
6 G4A-B005-T06 5.797591976000007
7 G4A-B005-T07 6.067014110000002
8 G4A-B005-T08 5.545292902999989
9 G4A-B005-T09 6.358611012000011
10 G4A-B005-T10 6.064249719000003
11 G4A-B010-T01 6.373850351000016
12 G4A-B010-T02 5.911843433999991
13 G4A-B010-T03 4.802217652999985
14 G4A-B010-T04 5.397441775000004
15 G4A-B010-T05 5.489056705999985
16 G4A-B010-T06 5.594848745000036
17 G4A-B010-T07 4.689587886000027
18 G4A-B010-T08 7.308466431999989
19 G4A-B010-T09 5.2774810290000005
20 G4A-B010-T10 5.222795355000017
21 G4A-B025-T01 5.276561479000009
22 G4A-B025-T02 5.5002625280000075
23 G4A-B025-T03 5.617575950000003
24 G4A-B025-T04 5.582353340999987
25 G4A-B025-T05 5.070352047999961
26 G4A-B025-T06 6.035165331999963
27 G4A-B025-T07 5.139982238000016
28 G4A-B025-T08 7.683421839000005
29 G4A-B025-T09 5.648922748999951
30 G4A-B025-T10 5.793028760000027
31 G4A-B050-T01 5.899101826999981
32 G4A-B050-T02 5.70031310600001
33 G4A-B050-T03 5.924023288000001
34 G4A-B050-T04 7.189819802999978
35 G4A-B050-T05 6.376342303000001
36 G4A-B050-T06 5.5425900909999655
37 G4A-B050-T07 5.533199982999918
38 G4A-B050-T08 6.137447732999931
39 G4A-B050-T09 4.952420300999961
40 G4A-B050-T10 5.213381917999982
41 G4A-B100-T01 5.122426816000029
42 G4A-B100-T02 5.672454235000032
43 G4A-B100-T03 5.790060431000029
44 G4A-B100-T04 6.118164669000066
45 G4A-B100-T05 5.987737640999967
46 G4A-B100-T06 5.935132760999977
47 G4A-B100-T07 5.232080378999967
48 G4A-B100-T08 5.339862834999963
49 G4A-B100-T09 6.530858222000006
50 G4A-B100-T10 6.238401830999919
51 G4A-B200-T01 4.879488442000024
52 G4A-B200-T02 5.952414037999915
53 G4A-B200-T03 5.851926856999967
54 G4A-B200-T04 5.49827729499998
55 G4A-B200-T05 5.695889989000079
56 G4A-B200-T06 6.023953040000038
57 G4A-B200-T07 5.8464870949999295
58 G4A-B200-T08 6.3205280069998935
59 G4A-B200-T09 5.730094380999958
60 G4A-B200-T10 6.140608197000006
{
  "verdict": "FALSIFIED",
  "criteria": {
    "mean_gain_raw_at_least_0.0100": false,
    "positive_raw_gain_at_least_8_of_10": false,
    "no_mean_per_class_regression_over_0.0200": false,
    "positive_gain_over_same_query_rf": true,
    "beats_unsupervised_covariance": true
  },
  "primary": {
    "raw_prototype": {
      "mean": 0.5985975030424968,
      "std_ddof0": 0.01763692365781789,
      "per_class_mean": [
        0.6449249735359577,
        0.5524213093228422,
        0.6182708211895093,
        0.5787729081216784
      ]
    },
    "unsupervised_covariance": {
      "mean": 0.5836196879447433,
      "std_ddof0": 0.03424604496534667,
      "per_class_mean": [
        0.6126853360101545,
        0.5555229946927801,
        0.581793498356632,
        0.5844769227194065
      ]
    },
    "e1": {
      "mean": 0.5900797379480673,
      "std_ddof0": 0.03214104489226917,
      "per_class_mean": [
        0.6230574973760821,
        0.5619834612861562,
        0.5844810270624389,
        0.5907969660675921
      ]
    },
    "frozen_rf": {
      "mean": 0.4432654528334615,
      "std_ddof0": 0.0003058209280542265,
      "per_class_mean": [
        0.44205964419010624,
        0.48453298004732187,
        0.30134125862127187,
        0.5451279284751458
      ]
    },
    "e1_minus_raw": {
      "mean": -0.008517765094429553,
      "std_ddof0": 0.021046052580506156,
      "positive_trials": 4,
      "values": [
        0.009551663306569425,
        -0.017311527438523377,
        0.014583850981000457,
        0.016736399931661206,
        -0.037091135598495306,
        -0.0010438309230078602,
        -0.0370254128981754,
        0.0067064363440771935,
        -0.0018791899988679361,
        -0.03840490465053392
      ]
    },
    "e1_minus_u0": {
      "mean": 0.006460050003324014,
      "std_ddof0": 0.0033328798804495717,
      "positive_trials": 9,
      "values": [
        0.009899443151227039,
        0.007869114707069969,
        0.005090669927788172,
        0.0056345175423482274,
        0.007851516669035274,
        0.0035285540219816003,
        0.011610515382874276,
        -0.00017063135685702058,
        0.0040339003062275225,
        0.00925289968154508
      ]
    },
    "e1_minus_rf": {
      "mean": 0.1468142851146058,
      "std_ddof0": 0.032129509331640514,
      "positive_trials": 10,
      "values": [
        0.17062627599141988,
        0.10682191347831832,
        0.16694287804453323,
        0.1852013082584184,
        0.10956046279007609,
        0.13455148191827476,
        0.10714920171344261,
        0.1809064388143936,
        0.1841976981301654,
        0.12218519200701577
      ]
    }
  }
}
