1 G4A-B005-T01 3.959683104000021
2 G4A-B005-T02 4.220327821000012
3 G4A-B005-T03 3.933444277999996
4 G4A-B005-T04 4.5761646189999965
5 G4A-B005-T05 3.3787520070000028
6 G4A-B005-T06 4.177387049999993
7 G4A-B005-T07 4.757735370000034
8 G4A-B005-T08 4.78247245099999
9 G4A-B005-T09 4.8253821040000275
10 G4A-B005-T10 4.61930570100003
11 G4A-B010-T01 4.2096463490000815
12 G4A-B010-T02 4.331189431000098
13 G4A-B010-T03 4.020295640000086
14 G4A-B010-T04 4.291789162999976
15 G4A-B010-T05 4.376643037999997
16 G4A-B010-T06 4.221444294999969
17 G4A-B010-T07 4.37929304499994
18 G4A-B010-T08 4.4910278610000205
19 G4A-B010-T09 4.416325584999981
20 G4A-B010-T10 4.151208977000124
21 G4A-B025-T01 4.11566161099995
22 G4A-B025-T02 4.983769467000002
