{
  "branch": "A",
  "repeat": true,
  "runtime_seconds": 17.72767609999937,
  "summary": {
    "5": {
      "EXP010": {
        "mean": 0.5524282512915606,
        "population_sd": 0.05953945456097259,
        "paired_deltas": [
          0.0,
          0.0,
          0.0,
          0.0,
          0.0,
          0.0,
          0.0,
          0.0,
          0.0,
          0.0
        ],
        "mean_delta": 0.0,
        "delta_population_sd": 0.0,
        "wins": 0,
        "losses": 0,
        "ties": 10
      },
      "alpha_0.00": {
        "mean": 0.523169434819913,
        "population_sd": 0.06876531232621294,
        "paired_deltas": [
          -0.030015754954853757,
          -0.10111377750602846,
          -0.020670730656488834,
          -0.006644304586828853,
          0.009889850825610447,
          -0.046703747316308,
          -0.0012812392006100737,
          -0.08520865285205259,
          0.01156540736307815,
          -0.022405215831994063
        ],
        "mean_delta": -0.029258816471647603,
        "delta_population_sd": 0.03634905999415925,
        "wins": 2,
        "losses": 8,
        "ties": 0
      },
      "alpha_0.25": {
        "mean": 0.531702258607542,
        "population_sd": 0.06859048983972252,
        "paired_deltas": [
          -0.01818282322663567,
          -0.07553583588928042,
          -0.012105929581609498,
          -0.005319347364013627,
          0.009821313572598578,
          -0.0319376954640872,
          0.0023096500927277663,
          -0.07715067197066894,
          0.009936944618165577,
          -0.009095531627381526
        ],
        "mean_delta": -0.020725992684018497,
        "delta_population_sd": 0.03028360224423657,
        "wins": 3,
        "losses": 7,
        "ties": 0
      },
      "alpha_0.50": {
        "mean": 0.542596484251248,
        "population_sd": 0.06671659463059325,
        "paired_deltas": [
          -0.004545058223853982,
          -0.030096927119609096,
          -0.006249100794556095,
          -0.0032763977496496066,
          0.007472091209569931,
          -0.017906592666700805,
          0.008328814662793782,
          -0.059527282535101256,
          0.008678036705943526,
          -0.001195253891961956
        ],
        "mean_delta": -0.009831767040312555,
        "delta_population_sd": 0.02018839733242369,
        "wins": 3,
        "losses": 7,
        "ties": 0
      },
      "alpha_0.75": {
        "mean": 0.5587543009086275,
        "population_sd": 0.053181683783721186,
        "paired_deltas": [
          -0.002884866441524525,
          0.01870914964293391,
          -0.0054561657199808655,
          -0.005401687353313034,
          0.0035205082445959324,
          0.0035579858072384285,
          0.013087029328249677,
          0.019397236343453583,
          0.019675075414112342,
          -0.0009437690950958588
        ],
        "mean_delta": 0.0063260496170669585,
        "delta_population_sd": 0.009887817333268968,
        "wins": 6,
        "losses": 4,
        "ties": 0
      },
      "alpha_1.00": {
        "mean": 0.5594154248085499,
        "population_sd": 0.036110028066815965,
        "paired_deltas": [
          -0.03259028617135373,
          -0.011388602103918677,
          -0.011379682062850671,
          -0.02735786795784656,
          0.002107837681756375,
          0.003025815783221697,
          0.01079444384874062,
          0.10654611116587642,
          0.0517971387538671,
          -0.02168317376759943
        ],
        "mean_delta": 0.006987173516989314,
        "delta_population_sd": 0.040270171525885363,
        "wins": 5,
        "losses": 5,
        "ties": 0
      }
    },
    "25": {
      "EXP010": {
        "mean": 0.6121741816869667,
        "population_sd": 0.013057264399624555,
        "paired_deltas": [
          0.0,
          0.0,
          0.0,
          0.0,
          0.0,
          0.0,
          0.0,
          0.0,
          0.0,
          0.0
        ],
        "mean_delta": 0.0,
        "delta_population_sd": 0.0,
        "wins": 0,
        "losses": 0,
        "ties": 10
      },
      "alpha_0.00": {
        "mean": 0.6121741816869667,
        "population_sd": 0.013057264399624555,
        "paired_deltas": [
          0.0,
          0.0,
          0.0,
          0.0,
          0.0,
          0.0,
          0.0,
          0.0,
          0.0,
          0.0
        ],
        "mean_delta": 0.0,
        "delta_population_sd": 0.0,
        "wins": 0,
        "losses": 0,
        "ties": 10
      },
      "alpha_0.25": {
        "mean": 0.6136315393070414,
        "population_sd": 0.011165551590050664,
        "paired_deltas": [
          -0.0019070094339304067,
          0.002861029916996216,
          0.00258740805780433,
          0.0031881895368460755,
          0.0004897910449346288,
          -0.0022545839555205838,
          0.0017088168778621737,
          0.007068087481379215,
          0.002606963477586266,
          -0.0017751168032112963
        ],
        "mean_delta": 0.0014573576200746618,
        "delta_population_sd": 0.0027493773095883483,
        "wins": 7,
        "losses": 3,
        "ties": 0
      },
      "alpha_0.50": {
        "mean": 0.614120697917341,
        "population_sd": 0.008835011486231475,
        "paired_deltas": [
          -0.0029508710733852084,
          0.003331030376887756,
          0.0019328159807415757,
          0.0030976557164021923,
          0.0025384579717477873,
          -0.0062619373126413524,
          0.0035095259957266256,
          0.013444416926939429,
          0.006398714704583197,
          -0.005574646983259379
        ],
        "mean_delta": 0.0019465162303742623,
        "delta_population_sd": 0.005531639752601429,
        "wins": 7,
        "losses": 3,
        "ties": 0
      },
      "alpha_0.75": {
        "mean": 0.6092165021375664,
        "population_sd": 0.005351179800893794,
        "paired_deltas": [
          -0.012441900454971844,
          -0.006433355030048826,
          -0.004386961200797068,
          0.003953787323592084,
          0.00028537706470321833,
          -0.014887351546680305,
          0.0032184757519581053,
          0.01630389865940285,
          0.003921383140781831,
          -0.019110149201944204
        ],
        "mean_delta": -0.002957679549400416,
        "delta_population_sd": 0.010109666391850253,
        "wins": 5,
        "losses": 5,
        "ties": 0
      },
      "alpha_1.00": {
        "mean": 0.5844092047887536,
        "population_sd": 0.005511834571897498,
        "paired_deltas": [
          -0.044909905960461294,
          -0.03174005809862657,
          -0.02771533572307794,
          -0.01929775282038937,
          -0.02535770575076457,
          -0.036558185770595,
          -0.020190927227550448,
          0.00247027323776583,
          -0.017238200576267015,
          -0.057111970292166525
        ],
        "mean_delta": -0.02776497689821329,
        "delta_population_sd": 0.015518238649332383,
        "wins": 1,
        "losses": 9,
        "ties": 0
      }
    },
    "50": {
      "EXP010": {
        "mean": 0.6172730111272244,
        "population_sd": 0.007838735449785847,
        "paired_deltas": [
          0.0,
          0.0,
          0.0,
          0.0,
          0.0,
          0.0,
          0.0,
          0.0,
          0.0,
          0.0
        ],
        "mean_delta": 0.0,
        "delta_population_sd": 0.0,
        "wins": 0,
        "losses": 0,
        "ties": 10
      },
      "alpha_0.00": {
        "mean": 0.6172730111272244,
        "population_sd": 0.007838735449785847,
        "paired_deltas": [
          0.0,
          0.0,
          0.0,
          0.0,
          0.0,
          0.0,
          0.0,
          0.0,
          0.0,
          0.0
        ],
        "mean_delta": 0.0,
        "delta_population_sd": 0.0,
        "wins": 0,
        "losses": 0,
        "ties": 10
      },
      "alpha_0.25": {
        "mean": 0.6163864416848754,
        "population_sd": 0.007858934358533342,
        "paired_deltas": [
          -0.001483071786147483,
          -0.0024176234980279876,
          -0.0013238308884225836,
          0.0010820478446188497,
          0.00021430417310031036,
          -0.0006489315807111096,
          -0.0012808616307896648,
          0.00017294390214672717,
          -0.002515667317021242,
          -0.0006650036422373162
        ],
        "mean_delta": -0.00088656944234915,
        "delta_population_sd": 0.001096178533765647,
        "wins": 3,
        "losses": 7,
        "ties": 0
      },
      "alpha_0.50": {
        "mean": 0.6144786977285983,
        "population_sd": 0.007207512048297524,
        "paired_deltas": [
          -0.003304244470149764,
          -0.006077408170566567,
          -0.004350868617248316,
          0.001715150210681915,
          -0.0013125737558787876,
          -0.0026648849686999876,
          -0.0025157831524115215,
          -0.0008505409973459388,
          -0.002698252362894338,
          -0.005883727701748942
        ],
        "mean_delta": -0.0027943133986262246,
        "delta_population_sd": 0.0022230319377792157,
        "wins": 1,
        "losses": 9,
        "ties": 0
      },
      "alpha_0.75": {
        "mean": 0.6068486163299268,
        "population_sd": 0.005529268901637926,
        "paired_deltas": [
          -0.013296798608002813,
          -0.012724599551903415,
          -0.015575024206973764,
          -0.005077647082554426,
          -0.0045797294490455,
          -0.010407243293643509,
          -0.008496983974641714,
          -0.008880627935269891,
          -0.007314802069893767,
          -0.01789049180104807
        ],
        "mean_delta": -0.010424394797297686,
        "delta_population_sd": 0.004175273011627555,
        "wins": 0,
        "losses": 10,
        "ties": 0
      },
      "alpha_1.00": {
        "mean": 0.583656947006355,
        "population_sd": 0.003379739294409385,
        "paired_deltas": [
          -0.03982060480968319,
          -0.03544014875461976,
          -0.041360089970066904,
          -0.030116563475243052,
          -0.02999007584360891,
          -0.03310604186113608,
          -0.03501166588120441,
          -0.03166991187765589,
          -0.021213638819981395,
          -0.038431899915496004
        ],
        "mean_delta": -0.03361606412086956,
        "delta_population_sd": 0.005569520673239227,
        "wins": 0,
        "losses": 10,
        "ties": 0
      }
    },
    "100": {
      "EXP010": {
        "mean": 0.6195128242719973,
        "population_sd": 0.004769562795261893,
        "paired_deltas": [
          0.0,
          0.0,
          0.0,
          0.0,
          0.0,
          0.0,
          0.0,
          0.0,
          0.0,
          0.0
        ],
        "mean_delta": 0.0,
        "delta_population_sd": 0.0,
        "wins": 0,
        "losses": 0,
        "ties": 10
      },
      "alpha_0.00": {
        "mean": 0.6195128242719973,
        "population_sd": 0.004769562795261893,
        "paired_deltas": [
          0.0,
          0.0,
          0.0,
          0.0,
          0.0,
          0.0,
          0.0,
          0.0,
          0.0,
          0.0
        ],
        "mean_delta": 0.0,
        "delta_population_sd": 0.0,
        "wins": 0,
        "losses": 0,
        "ties": 10
      },
      "alpha_0.25": {
        "mean": 0.618095659581278,
        "population_sd": 0.004578853245402388,
        "paired_deltas": [
          -0.003120512170779688,
          -0.0033006444916496847,
          -0.0030437712534432393,
          -0.0013681149478969035,
          -0.00019231076431258654,
          0.000479310291844115,
          0.000419994763502185,
          -0.00044347401627309324,
          -0.002607058814560803,
          -0.0009950655036238265
        ],
        "mean_delta": -0.0014171646907193524,
        "delta_population_sd": 0.0014181421728962616,
        "wins": 2,
        "losses": 8,
        "ties": 0
      },
      "alpha_0.50": {
        "mean": 0.6156498064454674,
        "population_sd": 0.005306880091330946,
        "paired_deltas": [
          -0.006610361681480659,
          -0.005753741620901365,
          -0.003696420234402087,
          -0.0025535417222253276,
          -0.0003899987763742452,
          -0.0016817803641839824,
          -0.003968263352674861,
          -0.00291386320299003,
          -0.007504851299630078,
          -0.0035573560104357194
        ],
        "mean_delta": -0.0038630178265298353,
        "delta_population_sd": 0.0020965024839251314,
        "wins": 0,
        "losses": 10,
        "ties": 0
      },
      "alpha_0.75": {
        "mean": 0.6074203838205354,
        "population_sd": 0.004478602668025105,
        "paired_deltas": [
          -0.018914314866169457,
          -0.01112475447317851,
          -0.01298741255596425,
          -0.011718489340966198,
          -0.009703608722813062,
          -0.01034784036739178,
          -0.010235934676497305,
          -0.008350522826763185,
          -0.014449374847237517,
          -0.013092151837637567
        ],
        "mean_delta": -0.012092440451461883,
        "delta_population_sd": 0.002849008098773506,
        "wins": 0,
        "losses": 10,
        "ties": 0
      },
      "alpha_1.00": {
        "mean": 0.585221498669675,
        "population_sd": 0.0017157011789666215,
        "paired_deltas": [
          -0.04191289643208418,
          -0.033263678879691505,
          -0.033777108483469265,
          -0.04030375983555223,
          -0.033928209349068816,
          -0.031112672837797506,
          -0.03437085570361942,
          -0.0303728523164275,
          -0.02841492524614575,
          -0.035456296939366694
        ],
        "mean_delta": -0.03429132560232229,
        "delta_population_sd": 0.003962876082545808,
        "wins": 0,
        "losses": 10,
        "ties": 0
      }
    },
    "200": {
      "EXP010": {
        "mean": 0.6239824550341563,
        "population_sd": 0.003646326006963635,
        "paired_deltas": [
          0.0,
          0.0,
          0.0,
          0.0,
          0.0,
          0.0,
          0.0,
          0.0,
          0.0,
          0.0
        ],
        "mean_delta": 0.0,
        "delta_population_sd": 0.0,
        "wins": 0,
        "losses": 0,
        "ties": 10
      },
      "alpha_0.00": {
        "mean": 0.6239824550341563,
        "population_sd": 0.003646326006963635,
        "paired_deltas": [
          0.0,
          0.0,
          0.0,
          0.0,
          0.0,
          0.0,
          0.0,
          0.0,
          0.0,
          0.0
        ],
        "mean_delta": 0.0,
        "delta_population_sd": 0.0,
        "wins": 0,
        "losses": 0,
        "ties": 10
      },
      "alpha_0.25": {
        "mean": 0.622860437869478,
        "population_sd": 0.0036666592698006207,
        "paired_deltas": [
          -0.0016605056563698817,
          -0.002174536143958017,
          -0.0010607935135106272,
          0.0011574608005506803,
          -0.000404299871133329,
          0.0007068100693247148,
          -0.0020476378969291886,
          -0.0021843437761706053,
          -0.0005121337069670107,
          -0.003040191951620419
        ],
        "mean_delta": -0.0011220171646783683,
        "delta_population_sd": 0.0012842867774312478,
        "wins": 2,
        "losses": 8,
        "ties": 0
      },
      "alpha_0.50": {
        "mean": 0.6195621808111241,
        "population_sd": 0.003127173140912767,
        "paired_deltas": [
          -0.00619661944331551,
          -0.006933024262831822,
          -0.004386053488058983,
          -0.0008200074780214672,
          -0.005845851674143976,
          1.4483752710847675e-05,
          -0.005512749035405551,
          -0.004692791715650291,
          -0.004266218128227917,
          -0.005563910757376944
        ],
        "mean_delta": -0.004420274223032161,
        "delta_population_sd": 0.0021617391372015958,
        "wins": 1,
        "losses": 9,
        "ties": 0
      },
      "alpha_0.75": {
        "mean": 0.6091195741045341,
        "population_sd": 0.0025183264583420848,
        "paired_deltas": [
          -0.019706791965105053,
          -0.018412285614421875,
          -0.014951446652685552,
          -0.011314631234280115,
          -0.017195529557107236,
          -0.007862407993033727,
          -0.014890891323239619,
          -0.01313828562503061,
          -0.015890714118385163,
          -0.01526582521293307
        ],
        "mean_delta": -0.014862880929622202,
        "delta_population_sd": 0.003275688586928073,
        "wins": 0,
        "losses": 10,
        "ties": 0
      },
      "alpha_1.00": {
        "mean": 0.5842796396333498,
        "population_sd": 0.0017700835593078747,
        "paired_deltas": [
          -0.04575562244101161,
          -0.04065980137274916,
          -0.041079476334644816,
          -0.04113261631354692,
          -0.043919651532754456,
          -0.029667849456254003,
          -0.04091414205839927,
          -0.03656751319535201,
          -0.03752877373501595,
          -0.03980270756833726
        ],
        "mean_delta": -0.03970281540080654,
        "delta_population_sd": 0.004195329992574621,
        "wins": 0,
        "losses": 10,
        "ties": 0
      }
    }
  }
}
