{
  "branch": "B",
  "repeat": true,
  "runtime_seconds": 15.223277100001724,
  "summary": {
    "5": {
      "EXP010": {
        "mean": 0.5524282512915606,
        "population_sd": 0.05953945456097259,
        "paired_deltas": [
          0.0,
          0.0,
          0.0,
          0.0,
          0.0,
          0.0,
          0.0,
          0.0,
          0.0,
          0.0
        ],
        "mean_delta": 0.0,
        "delta_population_sd": 0.0,
        "wins": 0,
        "losses": 0,
        "ties": 10
      },
      "all60_l0": {
        "mean": 0.515220403695118,
        "population_sd": 0.07019807676478704,
        "paired_deltas": [
          -0.02615859586005398,
          -0.14769168788248377,
          -0.033449710711877634,
          -0.023770814832263287,
          0.023924320840872926,
          -0.04219942211773775,
          0.00025020433399114417,
          -0.09642518933413524,
          0.02925736949557539,
          -0.05581494989631208
        ],
        "mean_delta": -0.037207847596442425,
        "delta_population_sd": 0.050950121452919904,
        "wins": 3,
        "losses": 7,
        "ties": 0
      },
      "compact_l0": {
        "mean": 0.523169434819913,
        "population_sd": 0.06876531232621294,
        "paired_deltas": [
          -0.030015754954853757,
          -0.10111377750602846,
          -0.020670730656488834,
          -0.006644304586828853,
          0.009889850825610447,
          -0.046703747316308,
          -0.0012812392006100737,
          -0.08520865285205259,
          0.01156540736307815,
          -0.022405215831994063
        ],
        "mean_delta": -0.029258816471647603,
        "delta_population_sd": 0.03634905999415925,
        "wins": 2,
        "losses": 8,
        "ties": 0
      },
      "all60_l04": {
        "mean": 0.5311554742151424,
        "population_sd": 0.06697773515189386,
        "paired_deltas": [
          -0.011799196126898504,
          -0.09173897370688144,
          -0.01472601887864533,
          -0.013793497976045233,
          0.015888278026317426,
          -0.009519060375191124,
          -0.012183777554459096,
          -0.07296373583683002,
          0.01878254521804995,
          -0.02067433355359849
        ],
        "mean_delta": -0.021272777076418187,
        "delta_population_sd": 0.03321517611516962,
        "wins": 2,
        "losses": 8,
        "ties": 0
      },
      "compact_l04": {
        "mean": 0.5402492499368362,
        "population_sd": 0.06719318530994012,
        "paired_deltas": [
          -0.005918220694922316,
          -0.04107285005783323,
          -0.00321184729295676,
          -8.126068126501629e-05,
          0.002407814626799565,
          -0.013379137879793168,
          -0.0012344075694294965,
          -0.05538172787579876,
          0.001752669424250064,
          -0.005671045546293829
        ],
        "mean_delta": -0.012179001354724295,
        "delta_population_sd": 0.01880887351319522,
        "wins": 2,
        "losses": 8,
        "ties": 0
      },
      "compact_l06": {
        "mean": 0.5524282512915606,
        "population_sd": 0.05953945456097259,
        "paired_deltas": [
          0.0,
          0.0,
          0.0,
          0.0,
          0.0,
          0.0,
          0.0,
          0.0,
          0.0,
          0.0
        ],
        "mean_delta": 0.0,
        "delta_population_sd": 0.0,
        "wins": 0,
        "losses": 0,
        "ties": 10
      }
    },
    "25": {
      "EXP010": {
        "mean": 0.6121741816869667,
        "population_sd": 0.013057264399624555,
        "paired_deltas": [
          0.0,
          0.0,
          0.0,
          0.0,
          0.0,
          0.0,
          0.0,
          0.0,
          0.0,
          0.0
        ],
        "mean_delta": 0.0,
        "delta_population_sd": 0.0,
        "wins": 0,
        "losses": 0,
        "ties": 10
      },
      "all60_l0": {
        "mean": 0.6088723853525365,
        "population_sd": 0.014538835622808131,
        "paired_deltas": [
          -0.0014404698335518384,
          0.0009136451576080562,
          -0.0012941994066248963,
          -0.00214808715385828,
          -0.008473390031986106,
          -0.011908873660959718,
          -0.0015221857030230934,
          -0.0020359978190691574,
          -0.005975111383880183,
          0.0008667064910422573
        ],
        "mean_delta": -0.003301796334430296,
        "delta_population_sd": 0.003958729898988974,
        "wins": 2,
        "losses": 8,
        "ties": 0
      },
      "compact_l0": {
        "mean": 0.6121741816869667,
        "population_sd": 0.013057264399624555,
        "paired_deltas": [
          0.0,
          0.0,
          0.0,
          0.0,
          0.0,
          0.0,
          0.0,
          0.0,
          0.0,
          0.0
        ],
        "mean_delta": 0.0,
        "delta_population_sd": 0.0,
        "wins": 0,
        "losses": 0,
        "ties": 10
      },
      "all60_l04": {
        "mean": 0.607104684047968,
        "population_sd": 0.011593709760808441,
        "paired_deltas": [
          -0.00945277052606941,
          0.0015504726573607464,
          -0.005027531396244678,
          0.0014344300082894668,
          -0.009114225799485176,
          -0.019643072086782287,
          -0.0020662421951901377,
          0.006997558958513506,
          -0.0078059979219013975,
          -0.007567598088477734
        ],
        "mean_delta": -0.00506949763899871,
        "delta_population_sd": 0.0070883789391761945,
        "wins": 3,
        "losses": 7,
        "ties": 0
      },
      "compact_l04": {
        "mean": 0.6128913066260275,
        "population_sd": 0.009886564167655168,
        "paired_deltas": [
          -0.004715026132732003,
          0.00574024581711674,
          0.0014031743872766622,
          0.005393395374448828,
          0.0008990121730106937,
          -0.008020721972347822,
          0.0018195435805489213,
          0.011610341541366642,
          -0.0013092379737502657,
          -0.005649477404330638
        ],
        "mean_delta": 0.0007171249390607759,
        "delta_population_sd": 0.005638958202760998,
        "wins": 6,
        "losses": 4,
        "ties": 0
      },
      "compact_l06": {
        "mean": 0.610062091575484,
        "population_sd": 0.008127013245990489,
        "paired_deltas": [
          -0.011763771475939877,
          0.002723399128548132,
          -0.0037502729717897587,
          0.005095424313754204,
          0.00016909750514471078,
          -0.01390786905412067,
          0.001238258167196249,
          0.013646369413442105,
          -0.0023247788542221093,
          -0.012246757286841548
        ],
        "mean_delta": -0.002112090111482856,
        "delta_population_sd": 0.008233004493347648,
        "wins": 5,
        "losses": 5,
        "ties": 0
      }
    },
    "50": {
      "EXP010": {
        "mean": 0.6172730111272244,
        "population_sd": 0.007838735449785847,
        "paired_deltas": [
          0.0,
          0.0,
          0.0,
          0.0,
          0.0,
          0.0,
          0.0,
          0.0,
          0.0,
          0.0
        ],
        "mean_delta": 0.0,
        "delta_population_sd": 0.0,
        "wins": 0,
        "losses": 0,
        "ties": 10
      },
      "all60_l0": {
        "mean": 0.6135000288627087,
        "population_sd": 0.008331534790214343,
        "paired_deltas": [
          -0.0021130866274754467,
          -0.0024040759918650956,
          -0.00475314090795953,
          -0.0023216056660805284,
          -0.0040548541344122,
          -0.008876626275741262,
          -0.0029004756247771324,
          -0.0009892698348654694,
          -0.0050067485316543925,
          -0.004309939050326728
        ],
        "mean_delta": -0.0037729822645157784,
        "delta_population_sd": 0.002101043106874839,
        "wins": 0,
        "losses": 10,
        "ties": 0
      },
      "compact_l0": {
        "mean": 0.6172730111272244,
        "population_sd": 0.007838735449785847,
        "paired_deltas": [
          0.0,
          0.0,
          0.0,
          0.0,
          0.0,
          0.0,
          0.0,
          0.0,
          0.0,
          0.0
        ],
        "mean_delta": 0.0,
        "delta_population_sd": 0.0,
        "wins": 0,
        "losses": 0,
        "ties": 10
      },
      "all60_l04": {
        "mean": 0.6059078812751943,
        "population_sd": 0.009226808970168782,
        "paired_deltas": [
          -0.010898871031331137,
          -0.01358022463089159,
          -0.01076797654533157,
          -0.004793518876046066,
          -0.011653719468751045,
          -0.015021390942292712,
          -0.010851112926978601,
          -0.006016018939768331,
          -0.016361829350661883,
          -0.013706635808249601
        ],
        "mean_delta": -0.011365129852030253,
        "delta_population_sd": 0.003484897289149239,
        "wins": 0,
        "losses": 10,
        "ties": 0
      },
      "compact_l04": {
        "mean": 0.6129961571548674,
        "population_sd": 0.00821850682263449,
        "paired_deltas": [
          -0.006509064493584571,
          -0.0062037975914351895,
          -0.003975447923641906,
          0.0003631074315829652,
          -0.0019769363720902877,
          -0.00256689274760602,
          -0.004222045881576375,
          -0.0013112462279795123,
          -0.008420004966480543,
          -0.007946210950759758
        ],
        "mean_delta": -0.00427685397235712,
        "delta_population_sd": 0.002792082830648026,
        "wins": 1,
        "losses": 9,
        "ties": 0
      },
      "compact_l06": {
        "mean": 0.6077823116615674,
        "population_sd": 0.007571887564987198,
        "paired_deltas": [
          -0.01333437947941507,
          -0.009434252050960712,
          -0.011801404145394101,
          -0.00372227000352654,
          -0.005161480942085905,
          -0.008448568454738403,
          -0.009019755042100619,
          -0.006233274472682071,
          -0.013109379711030988,
          -0.014642230354636743
        ],
        "mean_delta": -0.009490699465657115,
        "delta_population_sd": 0.003516889114791381,
        "wins": 0,
        "losses": 10,
        "ties": 0
      }
    },
    "100": {
      "EXP010": {
        "mean": 0.6195128242719973,
        "population_sd": 0.004769562795261893,
        "paired_deltas": [
          0.0,
          0.0,
          0.0,
          0.0,
          0.0,
          0.0,
          0.0,
          0.0,
          0.0,
          0.0
        ],
        "mean_delta": 0.0,
        "delta_population_sd": 0.0,
        "wins": 0,
        "losses": 0,
        "ties": 10
      },
      "all60_l0": {
        "mean": 0.614501523527817,
        "population_sd": 0.004809525518827751,
        "paired_deltas": [
          -0.005282772146486314,
          -0.006850244147611928,
          -0.00704383583780821,
          -0.0035757818719936996,
          -0.003924772631297868,
          -0.006673759417509584,
          -0.0034582761727320888,
          -0.004457886097973707,
          -0.0041824027682122455,
          -0.004663276350177492
        ],
        "mean_delta": -0.0050113007441803135,
        "delta_population_sd": 0.0013083570233954512,
        "wins": 0,
        "losses": 10,
        "ties": 0
      },
      "compact_l0": {
        "mean": 0.6195128242719973,
        "population_sd": 0.004769562795261893,
        "paired_deltas": [
          0.0,
          0.0,
          0.0,
          0.0,
          0.0,
          0.0,
          0.0,
          0.0,
          0.0,
          0.0
        ],
        "mean_delta": 0.0,
        "delta_population_sd": 0.0,
        "wins": 0,
        "losses": 0,
        "ties": 10
      },
      "all60_l04": {
        "mean": 0.6060511383165998,
        "population_sd": 0.005801978926212668,
        "paired_deltas": [
          -0.015633755467653554,
          -0.016085339502850626,
          -0.016648696649188555,
          -0.010586769116016526,
          -0.010038298339872354,
          -0.013651427630610669,
          -0.009656967234942027,
          -0.012463514616109062,
          -0.01730009786709863,
          -0.012551993129632733
        ],
        "mean_delta": -0.013461685955397474,
        "delta_population_sd": 0.002698377108073894,
        "wins": 0,
        "losses": 10,
        "ties": 0
      },
      "compact_l04": {
        "mean": 0.6137345379019615,
        "population_sd": 0.005363337565562396,
        "paired_deltas": [
          -0.00882457224101485,
          -0.005813745578743035,
          -0.00879527897574972,
          -0.004327969440367174,
          -0.002035997126950795,
          -0.0026830582324368635,
          -0.0037543474189113413,
          -0.004401067679724702,
          -0.010029497324690384,
          -0.0071173296817683696
        ],
        "mean_delta": -0.005778286370035723,
        "delta_population_sd": 0.0026444439172690053,
        "wins": 0,
        "losses": 10,
        "ties": 0
      },
      "compact_l06": {
        "mean": 0.6085076797433905,
        "population_sd": 0.005325406631984644,
        "paired_deltas": [
          -0.018080631558397342,
          -0.007025774788220196,
          -0.015079813169243006,
          -0.01023914829380479,
          -0.007138751504131902,
          -0.008800638965546947,
          -0.007782933258937419,
          -0.00739880380230562,
          -0.015295192440970329,
          -0.013209757504511366
        ],
        "mean_delta": -0.011005144528606892,
        "delta_population_sd": 0.003867164118108876,
        "wins": 0,
        "losses": 10,
        "ties": 0
      }
    },
    "200": {
      "EXP010": {
        "mean": 0.6239824550341563,
        "population_sd": 0.003646326006963635,
        "paired_deltas": [
          0.0,
          0.0,
          0.0,
          0.0,
          0.0,
          0.0,
          0.0,
          0.0,
          0.0,
          0.0
        ],
        "mean_delta": 0.0,
        "delta_population_sd": 0.0,
        "wins": 0,
        "losses": 0,
        "ties": 10
      },
      "all60_l0": {
        "mean": 0.6189428028826552,
        "population_sd": 0.0038238603666443612,
        "paired_deltas": [
          -0.005195325897161318,
          -0.00619682424297574,
          -0.0049199579465932786,
          -0.002571890562745538,
          -0.004719288930983279,
          -0.00427994684286348,
          -0.005581857363004539,
          -0.006162355162831812,
          -0.004463090749454168,
          -0.006305983816398464
        ],
        "mean_delta": -0.005039652151501162,
        "delta_population_sd": 0.001078782079658301,
        "wins": 0,
        "losses": 10,
        "ties": 0
      },
      "compact_l0": {
        "mean": 0.6239824550341563,
        "population_sd": 0.003646326006963635,
        "paired_deltas": [
          0.0,
          0.0,
          0.0,
          0.0,
          0.0,
          0.0,
          0.0,
          0.0,
          0.0,
          0.0
        ],
        "mean_delta": 0.0,
        "delta_population_sd": 0.0,
        "wins": 0,
        "losses": 0,
        "ties": 10
      },
      "all60_l04": {
        "mean": 0.6098134830925094,
        "population_sd": 0.0036447629851465847,
        "paired_deltas": [
          -0.0176648158624626,
          -0.016283089846520826,
          -0.0135708614958715,
          -0.00890128098990417,
          -0.015777241035016987,
          -0.010872835007441073,
          -0.01261282513389872,
          -0.015395788794861476,
          -0.014452536114529124,
          -0.01615844513596265
        ],
        "mean_delta": -0.014168971941646912,
        "delta_population_sd": 0.0025731858887028582,
        "wins": 0,
        "losses": 10,
        "ties": 0
      },
      "compact_l04": {
        "mean": 0.6182898162005322,
        "population_sd": 0.0033970134475215896,
        "paired_deltas": [
          -0.007772777940491471,
          -0.006935089439216946,
          -0.005802550580165433,
          -0.002280331685224346,
          -0.005910578091447016,
          -0.0011829017903858263,
          -0.005942696671359826,
          -0.006849618694252824,
          -0.006370691676584217,
          -0.007879151767112735
        ],
        "mean_delta": -0.005692638833624064,
        "delta_population_sd": 0.002110770816167251,
        "wins": 0,
        "losses": 10,
        "ties": 0
      },
      "compact_l06": {
        "mean": 0.6113928900685052,
        "population_sd": 0.003143383687732054,
        "paired_deltas": [
          -0.017853814689258285,
          -0.013841291759108976,
          -0.013345140664774324,
          -0.008318601109694068,
          -0.013936607888700658,
          -0.004596696340669393,
          -0.012496845859715222,
          -0.013722269969196121,
          -0.012874946011662614,
          -0.014909435363732015
        ],
        "mean_delta": -0.012589564965651168,
        "delta_population_sd": 0.0034719807598788135,
        "wins": 0,
        "losses": 10,
        "ties": 0
      }
    }
  }
}
