{
  "branch": "C",
  "repeat": false,
  "runtime_seconds": 8.516343000002962,
  "summary": {
    "5": {
      "EXP010": {
        "mean": 0.5524282512915606,
        "population_sd": 0.05953945456097259,
        "paired_deltas": [
          0.0,
          0.0,
          0.0,
          0.0,
          0.0,
          0.0,
          0.0,
          0.0,
          0.0,
          0.0
        ],
        "mean_delta": 0.0,
        "delta_population_sd": 0.0,
        "wins": 0,
        "losses": 0,
        "ties": 10
      },
      "joint_control": {
        "mean": 0.515220403695118,
        "population_sd": 0.07019807676478704,
        "paired_deltas": [
          -0.02615859586005398,
          -0.14769168788248377,
          -0.033449710711877634,
          -0.023770814832263287,
          0.023924320840872926,
          -0.04219942211773775,
          0.00025020433399114417,
          -0.09642518933413524,
          0.02925736949557539,
          -0.05581494989631208
        ],
        "mean_delta": -0.037207847596442425,
        "delta_population_sd": 0.050950121452919904,
        "wins": 3,
        "losses": 7,
        "ties": 0
      },
      "compact_local": {
        "mean": 0.523169434819913,
        "population_sd": 0.06876531232621294,
        "paired_deltas": [
          -0.030015754954853757,
          -0.10111377750602846,
          -0.020670730656488834,
          -0.006644304586828853,
          0.009889850825610447,
          -0.046703747316308,
          -0.0012812392006100737,
          -0.08520865285205259,
          0.01156540736307815,
          -0.022405215831994063
        ],
        "mean_delta": -0.029258816471647603,
        "delta_population_sd": 0.03634905999415925,
        "wins": 2,
        "losses": 8,
        "ties": 0
      }
    },
    "25": {
      "EXP010": {
        "mean": 0.6121741816869667,
        "population_sd": 0.013057264399624555,
        "paired_deltas": [
          0.0,
          0.0,
          0.0,
          0.0,
          0.0,
          0.0,
          0.0,
          0.0,
          0.0,
          0.0
        ],
        "mean_delta": 0.0,
        "delta_population_sd": 0.0,
        "wins": 0,
        "losses": 0,
        "ties": 10
      },
      "joint_control": {
        "mean": 0.6088723853525365,
        "population_sd": 0.014538835622808131,
        "paired_deltas": [
          -0.0014404698335518384,
          0.0009136451576080562,
          -0.0012941994066248963,
          -0.00214808715385828,
          -0.008473390031986106,
          -0.011908873660959718,
          -0.0015221857030230934,
          -0.0020359978190691574,
          -0.005975111383880183,
          0.0008667064910422573
        ],
        "mean_delta": -0.003301796334430296,
        "delta_population_sd": 0.003958729898988974,
        "wins": 2,
        "losses": 8,
        "ties": 0
      },
      "compact_local": {
        "mean": 0.6121741816869667,
        "population_sd": 0.013057264399624555,
        "paired_deltas": [
          0.0,
          0.0,
          0.0,
          0.0,
          0.0,
          0.0,
          0.0,
          0.0,
          0.0,
          0.0
        ],
        "mean_delta": 0.0,
        "delta_population_sd": 0.0,
        "wins": 0,
        "losses": 0,
        "ties": 10
      }
    },
    "50": {
      "EXP010": {
        "mean": 0.6172730111272244,
        "population_sd": 0.007838735449785847,
        "paired_deltas": [
          0.0,
          0.0,
          0.0,
          0.0,
          0.0,
          0.0,
          0.0,
          0.0,
          0.0,
          0.0
        ],
        "mean_delta": 0.0,
        "delta_population_sd": 0.0,
        "wins": 0,
        "losses": 0,
        "ties": 10
      },
      "joint_control": {
        "mean": 0.6135000288627087,
        "population_sd": 0.008331534790214343,
        "paired_deltas": [
          -0.0021130866274754467,
          -0.0024040759918650956,
          -0.00475314090795953,
          -0.0023216056660805284,
          -0.0040548541344122,
          -0.008876626275741262,
          -0.0029004756247771324,
          -0.0009892698348654694,
          -0.0050067485316543925,
          -0.004309939050326728
        ],
        "mean_delta": -0.0037729822645157784,
        "delta_population_sd": 0.002101043106874839,
        "wins": 0,
        "losses": 10,
        "ties": 0
      },
      "compact_local": {
        "mean": 0.6172730111272244,
        "population_sd": 0.007838735449785847,
        "paired_deltas": [
          0.0,
          0.0,
          0.0,
          0.0,
          0.0,
          0.0,
          0.0,
          0.0,
          0.0,
          0.0
        ],
        "mean_delta": 0.0,
        "delta_population_sd": 0.0,
        "wins": 0,
        "losses": 0,
        "ties": 10
      }
    },
    "100": {
      "EXP010": {
        "mean": 0.6195128242719973,
        "population_sd": 0.004769562795261893,
        "paired_deltas": [
          0.0,
          0.0,
          0.0,
          0.0,
          0.0,
          0.0,
          0.0,
          0.0,
          0.0,
          0.0
        ],
        "mean_delta": 0.0,
        "delta_population_sd": 0.0,
        "wins": 0,
        "losses": 0,
        "ties": 10
      },
      "joint_control": {
        "mean": 0.614501523527817,
        "population_sd": 0.004809525518827751,
        "paired_deltas": [
          -0.005282772146486314,
          -0.006850244147611928,
          -0.00704383583780821,
          -0.0035757818719936996,
          -0.003924772631297868,
          -0.006673759417509584,
          -0.0034582761727320888,
          -0.004457886097973707,
          -0.0041824027682122455,
          -0.004663276350177492
        ],
        "mean_delta": -0.0050113007441803135,
        "delta_population_sd": 0.0013083570233954512,
        "wins": 0,
        "losses": 10,
        "ties": 0
      },
      "compact_local": {
        "mean": 0.6195128242719973,
        "population_sd": 0.004769562795261893,
        "paired_deltas": [
          0.0,
          0.0,
          0.0,
          0.0,
          0.0,
          0.0,
          0.0,
          0.0,
          0.0,
          0.0
        ],
        "mean_delta": 0.0,
        "delta_population_sd": 0.0,
        "wins": 0,
        "losses": 0,
        "ties": 10
      }
    },
    "200": {
      "EXP010": {
        "mean": 0.6239824550341563,
        "population_sd": 0.003646326006963635,
        "paired_deltas": [
          0.0,
          0.0,
          0.0,
          0.0,
          0.0,
          0.0,
          0.0,
          0.0,
          0.0,
          0.0
        ],
        "mean_delta": 0.0,
        "delta_population_sd": 0.0,
        "wins": 0,
        "losses": 0,
        "ties": 10
      },
      "joint_control": {
        "mean": 0.6189428028826552,
        "population_sd": 0.0038238603666443612,
        "paired_deltas": [
          -0.005195325897161318,
          -0.00619682424297574,
          -0.0049199579465932786,
          -0.002571890562745538,
          -0.004719288930983279,
          -0.00427994684286348,
          -0.005581857363004539,
          -0.006162355162831812,
          -0.004463090749454168,
          -0.006305983816398464
        ],
        "mean_delta": -0.005039652151501162,
        "delta_population_sd": 0.001078782079658301,
        "wins": 0,
        "losses": 10,
        "ties": 0
      },
      "compact_local": {
        "mean": 0.6239824550341563,
        "population_sd": 0.003646326006963635,
        "paired_deltas": [
          0.0,
          0.0,
          0.0,
          0.0,
          0.0,
          0.0,
          0.0,
          0.0,
          0.0,
          0.0
        ],
        "mean_delta": 0.0,
        "delta_population_sd": 0.0,
        "wins": 0,
        "losses": 0,
        "ties": 10
      }
    }
  }
}
