{
  "branch": "D",
  "repeat": true,
  "runtime_seconds": 3.744590899998002,
  "summary": {
    "5": {
      "EXP010": {
        "mean": 0.5333871278784705,
        "population_sd": 0.04207969393477694,
        "paired_deltas": [
          0.0,
          0.0,
          0.0,
          0.0,
          0.0,
          0.0,
          0.0,
          0.0,
          0.0,
          0.0
        ],
        "mean_delta": 0.0,
        "delta_population_sd": 0.0,
        "wins": 0,
        "losses": 0,
        "ties": 10
      },
      "alpha_0.50": {
        "mean": 0.5177465918029335,
        "population_sd": 0.04837081445083742,
        "paired_deltas": [
          -0.04715873772701029,
          -0.005749583907373346,
          -0.009036369200968064,
          -0.014767160304255234,
          -0.0257499935407719,
          -0.01913991097357448,
          -0.024018757326541684,
          -0.025157212664866146,
          -0.029560593109124733,
          0.04393295799911595
        ],
        "mean_delta": -0.015640536075536993,
        "delta_population_sd": 0.022701505322592547,
        "wins": 1,
        "losses": 9,
        "ties": 0
      }
    },
    "25": {
      "EXP010": {
        "mean": 0.584137954431083,
        "population_sd": 0.05033100559327009,
        "paired_deltas": [
          0.0,
          0.0,
          0.0,
          0.0,
          0.0,
          0.0,
          0.0,
          0.0,
          0.0,
          0.0
        ],
        "mean_delta": 0.0,
        "delta_population_sd": 0.0,
        "wins": 0,
        "losses": 0,
        "ties": 10
      },
      "alpha_0.50": {
        "mean": 0.603008474429313,
        "population_sd": 0.0241348638411736,
        "paired_deltas": [
          0.006012106144665186,
          -0.0009287433831712821,
          0.007262784698792268,
          -0.00020050199796306512,
          -0.00199592682754568,
          0.001106905910793099,
          0.012379436415108414,
          0.14339947651794482,
          0.012989337503741094,
          0.008680324999936206
        ],
        "mean_delta": 0.018870519998230105,
        "delta_population_sd": 0.04182675122959692,
        "wins": 7,
        "losses": 3,
        "ties": 0
      }
    },
    "50": {
      "EXP010": {
        "mean": 0.6142436619958971,
        "population_sd": 0.019323516385284567,
        "paired_deltas": [
          0.0,
          0.0,
          0.0,
          0.0,
          0.0,
          0.0,
          0.0,
          0.0,
          0.0,
          0.0
        ],
        "mean_delta": 0.0,
        "delta_population_sd": 0.0,
        "wins": 0,
        "losses": 0,
        "ties": 10
      },
      "alpha_0.50": {
        "mean": 0.6129434579800737,
        "population_sd": 0.019759471757825987,
        "paired_deltas": [
          0.0026435494635196344,
          -0.0004562604448992147,
          0.008938774827637164,
          -0.002713548273323485,
          -0.0012207766184386681,
          0.0019744728702663084,
          -0.0011145342938774228,
          -0.02451796314666399,
          0.00015453953498645312,
          0.003309705922559858
        ],
        "mean_delta": -0.0013002040158233362,
        "delta_population_sd": 0.00834443431375386,
        "wins": 5,
        "losses": 5,
        "ties": 0
      }
    },
    "100": {
      "EXP010": {
        "mean": 0.6168095280861808,
        "population_sd": 0.019544420070979188,
        "paired_deltas": [
          0.0,
          0.0,
          0.0,
          0.0,
          0.0,
          0.0,
          0.0,
          0.0,
          0.0,
          0.0
        ],
        "mean_delta": 0.0,
        "delta_population_sd": 0.0,
        "wins": 0,
        "losses": 0,
        "ties": 10
      },
      "alpha_0.50": {
        "mean": 0.6136291491372571,
        "population_sd": 0.021308168388809934,
        "paired_deltas": [
          -0.0021759470447835216,
          -0.0033327199257204843,
          0.0028111220440523166,
          -0.0039112497945704705,
          -0.00157377901017286,
          -0.0036006188762752744,
          -0.00437040471202399,
          -0.007384817907626795,
          -0.000139833660708355,
          -0.008125540601407688
        ],
        "mean_delta": -0.0031803789489237124,
        "delta_population_sd": 0.0030498380320607065,
        "wins": 1,
        "losses": 9,
        "ties": 0
      }
    },
    "200": {
      "EXP010": {
        "mean": 0.6177582858440491,
        "population_sd": 0.019581005351072385,
        "paired_deltas": [
          0.0,
          0.0,
          0.0,
          0.0,
          0.0,
          0.0,
          0.0,
          0.0,
          0.0,
          0.0
        ],
        "mean_delta": 0.0,
        "delta_population_sd": 0.0,
        "wins": 0,
        "losses": 0,
        "ties": 10
      },
      "alpha_0.50": {
        "mean": 0.6160609264539698,
        "population_sd": 0.02155837373575924,
        "paired_deltas": [
          -0.0013236632546993476,
          -0.0039110271774377425,
          0.0002316531841565217,
          -0.0034699241735713926,
          0.0013520047327760798,
          -0.003520399663390128,
          0.00038161103015510456,
          -0.0024820456763480214,
          0.000944229517318762,
          -0.005176032419753729
        ],
        "mean_delta": -0.0016973593900793892,
        "delta_population_sd": 0.002203228432746681,
        "wins": 4,
        "losses": 6,
        "ties": 0
      }
    }
  }
}
