{
  "branch": "E",
  "repeat": false,
  "runtime_seconds": 3.655370299999049,
  "summary": {
    "5": {
      "EXP010": {
        "mean": 0.5524282512915606,
        "population_sd": 0.05953945456097259,
        "paired_deltas": [
          0.0,
          0.0,
          0.0,
          0.0,
          0.0,
          0.0,
          0.0,
          0.0,
          0.0,
          0.0
        ],
        "mean_delta": 0.0,
        "delta_population_sd": 0.0,
        "wins": 0,
        "losses": 0,
        "ties": 10
      },
      "temporal3": {
        "mean": 0.5609982792708583,
        "population_sd": 0.061231363138227,
        "paired_deltas": [
          0.005754613148322041,
          0.018456481419733106,
          0.01119902688293073,
          0.010933401063267456,
          0.016457972992911962,
          0.008492169856930909,
          0.00567662647300593,
          -0.0012303348983631057,
          0.002655044279551433,
          0.007305278574687657
        ],
        "mean_delta": 0.008570027979297812,
        "delta_population_sd": 0.005669188092927423,
        "wins": 9,
        "losses": 1,
        "ties": 0
      }
    },
    "25": {
      "EXP010": {
        "mean": 0.6121741816869667,
        "population_sd": 0.013057264399624555,
        "paired_deltas": [
          0.0,
          0.0,
          0.0,
          0.0,
          0.0,
          0.0,
          0.0,
          0.0,
          0.0,
          0.0
        ],
        "mean_delta": 0.0,
        "delta_population_sd": 0.0,
        "wins": 0,
        "losses": 0,
        "ties": 10
      },
      "temporal3": {
        "mean": 0.6134563010484884,
        "population_sd": 0.013229024798276997,
        "paired_deltas": [
          0.003367437224394365,
          -0.00023697622449314615,
          0.0027023201220857107,
          -0.0015982601983858258,
          0.0015074883556811525,
          0.0016674991783953708,
          0.002553742026285888,
          0.0008605104400557506,
          0.0012279743000063181,
          0.0007694583911906916
        ],
        "mean_delta": 0.0012821193615216275,
        "delta_population_sd": 0.0013867082832115843,
        "wins": 8,
        "losses": 2,
        "ties": 0
      }
    },
    "200": {
      "EXP010": {
        "mean": 0.6239824550341563,
        "population_sd": 0.003646326006963635,
        "paired_deltas": [
          0.0,
          0.0,
          0.0,
          0.0,
          0.0,
          0.0,
          0.0,
          0.0,
          0.0,
          0.0
        ],
        "mean_delta": 0.0,
        "delta_population_sd": 0.0,
        "wins": 0,
        "losses": 0,
        "ties": 10
      },
      "temporal3": {
        "mean": 0.6257553700334884,
        "population_sd": 0.003445393857891454,
        "paired_deltas": [
          0.001035630020160827,
          0.0016735625031998325,
          0.0019138496267427918,
          0.002329124344762845,
          0.0019110017053908246,
          0.0024781121693732144,
          0.0013298848323878287,
          0.002040822550819721,
          0.0017403786162393242,
          0.0012767836242431052
        ],
        "mean_delta": 0.0017729149993320314,
        "delta_population_sd": 0.0004375291525956354,
        "wins": 10,
        "losses": 0,
        "ties": 0
      }
    }
  }
}
