{
  "branch": "F",
  "repeat": true,
  "runtime_seconds": 15.230591400002595,
  "summary": {
    "5": {
      "EXP010": {
        "mean": 0.5524282512915606,
        "population_sd": 0.05953945456097259,
        "paired_deltas": [
          0.0,
          0.0,
          0.0,
          0.0,
          0.0,
          0.0,
          0.0,
          0.0,
          0.0,
          0.0
        ],
        "mean_delta": 0.0,
        "delta_population_sd": 0.0,
        "wins": 0,
        "losses": 0,
        "ties": 10
      },
      "euclidean": {
        "mean": 0.523169434819913,
        "population_sd": 0.06876531232621294,
        "paired_deltas": [
          -0.030015754954853757,
          -0.10111377750602846,
          -0.020670730656488834,
          -0.006644304586828853,
          0.009889850825610447,
          -0.046703747316308,
          -0.0012812392006100737,
          -0.08520865285205259,
          0.01156540736307815,
          -0.022405215831994063
        ],
        "mean_delta": -0.029258816471647603,
        "delta_population_sd": 0.03634905999415925,
        "wins": 2,
        "losses": 8,
        "ties": 0
      },
      "diagonal": {
        "mean": 0.538866105470424,
        "population_sd": 0.03333992593716351,
        "paired_deltas": [
          -0.05095333029342153,
          -0.01702152262549994,
          -0.03257508838393408,
          -0.0328881333802038,
          0.04805569723643821,
          -0.04731697898243781,
          0.004185290018903776,
          0.03395680350036395,
          -0.004259599647518764,
          -0.03680459565405525
        ],
        "mean_delta": -0.013562145821136523,
        "delta_population_sd": 0.03206395476547362,
        "wins": 3,
        "losses": 7,
        "ties": 0
      },
      "regularized": {
        "mean": 0.552745164528418,
        "population_sd": 0.0364655502705781,
        "paired_deltas": [
          -0.06724150081730362,
          0.01985809221348156,
          0.011042990916498407,
          -0.013018216698731933,
          0.06456161096556501,
          -0.03856262861305415,
          0.025990898749203017,
          0.06929179756636838,
          0.021719214563652167,
          -0.09047312647710326
        ],
        "mean_delta": 0.0003169132368575578,
        "delta_population_sd": 0.04999544918541459,
        "wins": 6,
        "losses": 4,
        "ties": 0
      }
    },
    "25": {
      "EXP010": {
        "mean": 0.6121741816869667,
        "population_sd": 0.013057264399624555,
        "paired_deltas": [
          0.0,
          0.0,
          0.0,
          0.0,
          0.0,
          0.0,
          0.0,
          0.0,
          0.0,
          0.0
        ],
        "mean_delta": 0.0,
        "delta_population_sd": 0.0,
        "wins": 0,
        "losses": 0,
        "ties": 10
      },
      "euclidean": {
        "mean": 0.6121741816869667,
        "population_sd": 0.013057264399624555,
        "paired_deltas": [
          0.0,
          0.0,
          0.0,
          0.0,
          0.0,
          0.0,
          0.0,
          0.0,
          0.0,
          0.0
        ],
        "mean_delta": 0.0,
        "delta_population_sd": 0.0,
        "wins": 0,
        "losses": 0,
        "ties": 10
      },
      "diagonal": {
        "mean": 0.6176350257749272,
        "population_sd": 0.011268463217004079,
        "paired_deltas": [
          0.0058927948017242215,
          0.004926776079495543,
          0.018283944970689747,
          0.003652241627768116,
          0.0012676447294752702,
          0.0006291590658983326,
          0.006604054499945167,
          0.008418543503773024,
          0.011215536106894408,
          -0.006282254506059903
        ],
        "mean_delta": 0.005460844087960393,
        "delta_population_sd": 0.006246396007930546,
        "wins": 9,
        "losses": 1,
        "ties": 0
      },
      "regularized": {
        "mean": 0.6380096808883864,
        "population_sd": 0.014197329025392124,
        "paired_deltas": [
          0.01955932485404488,
          0.026367917382465467,
          0.03664819783841722,
          0.028201871717378868,
          0.004800057128926838,
          0.024750606249316465,
          0.02046146838309304,
          0.03767457760465187,
          0.04525547897317561,
          0.014635491882725393
        ],
        "mean_delta": 0.025835499201419566,
        "delta_population_sd": 0.011302542117188117,
        "wins": 10,
        "losses": 0,
        "ties": 0
      }
    },
    "50": {
      "EXP010": {
        "mean": 0.6172730111272244,
        "population_sd": 0.007838735449785847,
        "paired_deltas": [
          0.0,
          0.0,
          0.0,
          0.0,
          0.0,
          0.0,
          0.0,
          0.0,
          0.0,
          0.0
        ],
        "mean_delta": 0.0,
        "delta_population_sd": 0.0,
        "wins": 0,
        "losses": 0,
        "ties": 10
      },
      "euclidean": {
        "mean": 0.6172730111272244,
        "population_sd": 0.007838735449785847,
        "paired_deltas": [
          0.0,
          0.0,
          0.0,
          0.0,
          0.0,
          0.0,
          0.0,
          0.0,
          0.0,
          0.0
        ],
        "mean_delta": 0.0,
        "delta_population_sd": 0.0,
        "wins": 0,
        "losses": 0,
        "ties": 10
      },
      "diagonal": {
        "mean": 0.6232673463416787,
        "population_sd": 0.010388613811967613,
        "paired_deltas": [
          0.00602613596978141,
          0.013401613393268064,
          0.011185945662828156,
          0.007727731832621099,
          0.0033748573259021475,
          -0.0012280341663544192,
          0.006067709735093407,
          0.008255359983112887,
          0.0028960271325848552,
          0.0022360052757040005
        ],
        "mean_delta": 0.005994335214454161,
        "delta_population_sd": 0.004155631381569045,
        "wins": 9,
        "losses": 1,
        "ties": 0
      },
      "regularized": {
        "mean": 0.6495378917537951,
        "population_sd": 0.00941672578150858,
        "paired_deltas": [
          0.030237562291365983,
          0.022844170708655742,
          0.037429348980038024,
          0.028816858983727656,
          0.029416847732076645,
          0.02782608841619505,
          0.02472923369530089,
          0.03165692418814581,
          0.04761686783768038,
          0.042074903432519184
        ],
        "mean_delta": 0.032264880626570534,
        "delta_population_sd": 0.007404797051610074,
        "wins": 10,
        "losses": 0,
        "ties": 0
      }
    },
    "100": {
      "EXP010": {
        "mean": 0.6195128242719973,
        "population_sd": 0.004769562795261893,
        "paired_deltas": [
          0.0,
          0.0,
          0.0,
          0.0,
          0.0,
          0.0,
          0.0,
          0.0,
          0.0,
          0.0
        ],
        "mean_delta": 0.0,
        "delta_population_sd": 0.0,
        "wins": 0,
        "losses": 0,
        "ties": 10
      },
      "euclidean": {
        "mean": 0.6195128242719973,
        "population_sd": 0.004769562795261893,
        "paired_deltas": [
          0.0,
          0.0,
          0.0,
          0.0,
          0.0,
          0.0,
          0.0,
          0.0,
          0.0,
          0.0
        ],
        "mean_delta": 0.0,
        "delta_population_sd": 0.0,
        "wins": 0,
        "losses": 0,
        "ties": 10
      },
      "diagonal": {
        "mean": 0.6216121967098267,
        "population_sd": 0.0061663379452819205,
        "paired_deltas": [
          0.0013867978181191232,
          0.010326221020760196,
          -0.0016086369652050792,
          0.004132811342542064,
          0.004383697335109682,
          0.0022093617152925127,
          0.0023044550982835865,
          0.0005396904382275469,
          0.0006654054427184253,
          -0.003346078867552449
        ],
        "mean_delta": 0.0020993724378295608,
        "delta_population_sd": 0.003542416035485693,
        "wins": 8,
        "losses": 2,
        "ties": 0
      },
      "regularized": {
        "mean": 0.653269495575731,
        "population_sd": 0.0058105197012517885,
        "paired_deltas": [
          0.031036841359950773,
          0.03517862505211111,
          0.038713966427375235,
          0.02910344378778351,
          0.0314203983952015,
          0.03300474418153154,
          0.03170596963457384,
          0.026540797527916493,
          0.039505658339803684,
          0.04135626833108885
        ],
        "mean_delta": 0.03375667130373365,
        "delta_population_sd": 0.004568908324178229,
        "wins": 10,
        "losses": 0,
        "ties": 0
      }
    },
    "200": {
      "EXP010": {
        "mean": 0.6239824550341563,
        "population_sd": 0.003646326006963635,
        "paired_deltas": [
          0.0,
          0.0,
          0.0,
          0.0,
          0.0,
          0.0,
          0.0,
          0.0,
          0.0,
          0.0
        ],
        "mean_delta": 0.0,
        "delta_population_sd": 0.0,
        "wins": 0,
        "losses": 0,
        "ties": 10
      },
      "euclidean": {
        "mean": 0.6239824550341563,
        "population_sd": 0.003646326006963635,
        "paired_deltas": [
          0.0,
          0.0,
          0.0,
          0.0,
          0.0,
          0.0,
          0.0,
          0.0,
          0.0,
          0.0
        ],
        "mean_delta": 0.0,
        "delta_population_sd": 0.0,
        "wins": 0,
        "losses": 0,
        "ties": 10
      },
      "diagonal": {
        "mean": 0.6257137071954408,
        "population_sd": 0.0052719568771888705,
        "paired_deltas": [
          0.000477261725942979,
          0.0034312527489867017,
          0.003345748307713392,
          0.004002900346335214,
          0.0074208711281588124,
          0.0031347481298872326,
          -0.0002945969875040033,
          0.0005404042211942794,
          -0.0029772815179932577,
          -0.0017687864898757732
        ],
        "mean_delta": 0.0017312521612845577,
        "delta_population_sd": 0.0029413225898270124,
        "wins": 7,
        "losses": 3,
        "ties": 0
      },
      "regularized": {
        "mean": 0.6586638928486178,
        "population_sd": 0.004417220270085537,
        "paired_deltas": [
          0.028395398183717946,
          0.041693707225663235,
          0.035353152587803915,
          0.03160033088440739,
          0.035189482458327315,
          0.03720205959799727,
          0.03286809356823239,
          0.031062146632625076,
          0.03798956703600187,
          0.03546043996983805
        ],
        "mean_delta": 0.034681437814461445,
        "delta_population_sd": 0.0036493880314409635,
        "wins": 10,
        "losses": 0,
        "ties": 0
      }
    }
  }
}
