{
  "5": {
    "EXP010": {
      "mean": 0.5333871278784705,
      "population_sd": 0.04207969393477694,
      "paired_deltas": [
        0.0,
        0.0,
        0.0,
        0.0,
        0.0,
        0.0,
        0.0,
        0.0,
        0.0,
        0.0
      ],
      "mean_delta": 0.0,
      "delta_population_sd": 0.0,
      "wins": 0,
      "losses": 0,
      "ties": 10
    },
    "euclidean": {
      "mean": 0.4853355852327814,
      "population_sd": 0.06168735972409939,
      "paired_deltas": [
        -0.07817830076844068,
        -0.03719136894535713,
        -0.03667797116475935,
        -0.03583674021054345,
        -0.05671310441770805,
        -0.019229412223150555,
        -0.10364291026018707,
        -0.08206036581360748,
        -0.0738028342346343,
        0.04281758158149701
      ],
      "mean_delta": -0.0480515426456891,
      "delta_population_sd": 0.039213759411468825,
      "wins": 1,
      "losses": 9,
      "ties": 0
    },
    "diagonal": {
      "mean": 0.48212739629616763,
      "population_sd": 0.057800929004082104,
      "paired_deltas": [
        -0.08207405226580583,
        -0.024189945717369765,
        -0.07711485083760428,
        -0.04577375932781513,
        -0.026028540562898828,
        -0.056141038336522175,
        -0.1046888953454187,
        -0.08307560267659309,
        -0.045749506600210266,
        0.03223887584720969
      ],
      "mean_delta": -0.051259731582302834,
      "delta_population_sd": 0.037296949099174144,
      "wins": 1,
      "losses": 9,
      "ties": 0
    },
    "regularized": {
      "mean": 0.5076183339341279,
      "population_sd": 0.051280538558890684,
      "paired_deltas": [
        0.0443538255380469,
        -0.02261140419801544,
        -0.011589180052438919,
        -0.06018686914304727,
        -0.04859145694847622,
        -0.05174153136725024,
        0.0062062325374315774,
        -0.07797125023487628,
        -0.06991824635561877,
        0.03436194078081939
      ],
      "mean_delta": -0.025768793944342526,
      "delta_population_sd": 0.04101298748873032,
      "wins": 3,
      "losses": 7,
      "ties": 0
    }
  },
  "25": {
    "EXP010": {
      "mean": 0.584137954431083,
      "population_sd": 0.05033100559327009,
      "paired_deltas": [
        0.0,
        0.0,
        0.0,
        0.0,
        0.0,
        0.0,
        0.0,
        0.0,
        0.0,
        0.0
      ],
      "mean_delta": 0.0,
      "delta_population_sd": 0.0,
      "wins": 0,
      "losses": 0,
      "ties": 10
    },
    "euclidean": {
      "mean": 0.584137954431083,
      "population_sd": 0.05033100559327009,
      "paired_deltas": [
        0.0,
        0.0,
        0.0,
        0.0,
        0.0,
        0.0,
        0.0,
        0.0,
        0.0,
        0.0
      ],
      "mean_delta": 0.0,
      "delta_population_sd": 0.0,
      "wins": 0,
      "losses": 0,
      "ties": 10
    },
    "diagonal": {
      "mean": 0.5903072193007101,
      "population_sd": 0.04184664319827523,
      "paired_deltas": [
        0.007021639643577826,
        -0.0038876151301787676,
        -0.009520182280814526,
        -0.0037700890679658317,
        0.010884085525387999,
        -0.0062130567098566125,
        0.022420555460799463,
        0.04149207278527728,
        0.005997772778812194,
        -0.0027325343087689635
      ],
      "mean_delta": 0.006169264869627006,
      "delta_population_sd": 0.014877650860458775,
      "wins": 5,
      "losses": 5,
      "ties": 0
    },
    "regularized": {
      "mean": 0.6136387326114808,
      "population_sd": 0.02408950411649714,
      "paired_deltas": [
        0.05766215065635116,
        0.014899877324740074,
        -0.00094720950424243,
        0.036611533633106874,
        -0.0080353007376891,
        0.015319007423283515,
        0.029275928037101218,
        0.10019008454585832,
        0.014864715567804221,
        0.03516699485766506
      ],
      "mean_delta": 0.02950077818039789,
      "delta_population_sd": 0.029727631552616048,
      "wins": 8,
      "losses": 2,
      "ties": 0
    }
  },
  "50": {
    "EXP010": {
      "mean": 0.6142436619958971,
      "population_sd": 0.019323516385284567,
      "paired_deltas": [
        0.0,
        0.0,
        0.0,
        0.0,
        0.0,
        0.0,
        0.0,
        0.0,
        0.0,
        0.0
      ],
      "mean_delta": 0.0,
      "delta_population_sd": 0.0,
      "wins": 0,
      "losses": 0,
      "ties": 10
    },
    "euclidean": {
      "mean": 0.6142436619958971,
      "population_sd": 0.019323516385284567,
      "paired_deltas": [
        0.0,
        0.0,
        0.0,
        0.0,
        0.0,
        0.0,
        0.0,
        0.0,
        0.0,
        0.0
      ],
      "mean_delta": 0.0,
      "delta_population_sd": 0.0,
      "wins": 0,
      "losses": 0,
      "ties": 10
    },
    "diagonal": {
      "mean": 0.6073917457678668,
      "population_sd": 0.023632860881019513,
      "paired_deltas": [
        0.0048430980028912884,
        -0.010978829370647314,
        -0.009394915514533086,
        -0.006158321902697272,
        0.00854072641820558,
        -0.00011049292613563022,
        -0.0033534383939108903,
        -0.04055059846097653,
        -0.00496792695340631,
        -0.006388463179091364
      ],
      "mean_delta": -0.0068519162280301525,
      "delta_population_sd": 0.012628292283146913,
      "wins": 2,
      "losses": 8,
      "ties": 0
    },
    "regularized": {
      "mean": 0.6296339838647277,
      "population_sd": 0.013782739641380473,
      "paired_deltas": [
        0.013294886170965303,
        0.01711059350857691,
        0.017410411026449135,
        0.030954379746523375,
        0.017127234826970206,
        0.021201215549969343,
        -0.005004865357575161,
        0.015320544089695742,
        -0.006297066089425041,
        0.032785885216156996
      ],
      "mean_delta": 0.015390321868830681,
      "delta_population_sd": 0.012162940214694376,
      "wins": 8,
      "losses": 2,
      "ties": 0
    }
  },
  "100": {
    "EXP010": {
      "mean": 0.6168095280861808,
      "population_sd": 0.019544420070979188,
      "paired_deltas": [
        0.0,
        0.0,
        0.0,
        0.0,
        0.0,
        0.0,
        0.0,
        0.0,
        0.0,
        0.0
      ],
      "mean_delta": 0.0,
      "delta_population_sd": 0.0,
      "wins": 0,
      "losses": 0,
      "ties": 10
    },
    "euclidean": {
      "mean": 0.6168095280861808,
      "population_sd": 0.019544420070979188,
      "paired_deltas": [
        0.0,
        0.0,
        0.0,
        0.0,
        0.0,
        0.0,
        0.0,
        0.0,
        0.0,
        0.0
      ],
      "mean_delta": 0.0,
      "delta_population_sd": 0.0,
      "wins": 0,
      "losses": 0,
      "ties": 10
    },
    "diagonal": {
      "mean": 0.616245974761956,
      "population_sd": 0.025921334724100364,
      "paired_deltas": [
        0.007963309769709714,
        -0.010697550282787294,
        -0.000301012422956215,
        -0.0030546318667575845,
        0.019464775396407008,
        -0.00019792435603493974,
        0.002996380216695793,
        -0.016074215238914613,
        -0.002239031116064716,
        -0.0034956333415462337
      ],
      "mean_delta": -0.000563553324224908,
      "delta_population_sd": 0.00920654877464586,
      "wins": 3,
      "losses": 7,
      "ties": 0
    },
    "regularized": {
      "mean": 0.6358704956117165,
      "population_sd": 0.013663952328452127,
      "paired_deltas": [
        0.011661542959534588,
        0.019761702054296726,
        0.013834971487788672,
        0.026567591455047945,
        0.026074563042513543,
        0.0241912286640108,
        -0.003953880196402859,
        0.03874055637103768,
        0.005973822505396242,
        0.027757576912134763
      ],
      "mean_delta": 0.01906096752553581,
      "delta_population_sd": 0.011740046269122631,
      "wins": 9,
      "losses": 1,
      "ties": 0
    }
  },
  "200": {
    "EXP010": {
      "mean": 0.6177582858440491,
      "population_sd": 0.019581005351072385,
      "paired_deltas": [
        0.0,
        0.0,
        0.0,
        0.0,
        0.0,
        0.0,
        0.0,
        0.0,
        0.0,
        0.0
      ],
      "mean_delta": 0.0,
      "delta_population_sd": 0.0,
      "wins": 0,
      "losses": 0,
      "ties": 10
    },
    "euclidean": {
      "mean": 0.6177582858440491,
      "population_sd": 0.019581005351072385,
      "paired_deltas": [
        0.0,
        0.0,
        0.0,
        0.0,
        0.0,
        0.0,
        0.0,
        0.0,
        0.0,
        0.0
      ],
      "mean_delta": 0.0,
      "delta_population_sd": 0.0,
      "wins": 0,
      "losses": 0,
      "ties": 10
    },
    "diagonal": {
      "mean": 0.6178879797102861,
      "population_sd": 0.02460986926531842,
      "paired_deltas": [
        0.00032750652005575365,
        -0.007335088533549361,
        0.0027792547771394727,
        -0.005863198836124406,
        0.007073563993767462,
        -0.004914560483101571,
        0.006992141190503176,
        -0.003148863548343428,
        0.008789863870708903,
        -0.00340368028868554
      ],
      "mean_delta": 0.00012969386623704616,
      "delta_population_sd": 0.005636348780883408,
      "wins": 5,
      "losses": 5,
      "ties": 0
    },
    "regularized": {
      "mean": 0.6369698565904278,
      "population_sd": 0.01374693640137042,
      "paired_deltas": [
        0.007660729547403156,
        0.022842801587621087,
        0.017338100399929557,
        0.02655042419247211,
        0.010894176837006997,
        0.021392674246975774,
        0.004751523419924353,
        0.0327334025135354,
        0.021145204812984986,
        0.026806669905933833
      ],
      "mean_delta": 0.019211570746378727,
      "delta_population_sd": 0.008551432977941038,
      "wins": 10,
      "losses": 0,
      "ties": 0
    }
  }
}
