{
  "low_shot_diagnostic": {
    "per_class_mean": [
      0.6618948083245694,
      0.47491681475297476,
      0.5095284576027561,
      0.5633729244859419
    ],
    "per_class_population_sd": [
      0.03246217617423284,
      0.11820572760052268,
      0.12225520845631409,
      0.020733025608289806
    ],
    "macro_variance_contribution": [
      0.00040353175787885933,
      0.0014586277743055191,
      0.0015126414300267268,
      0.00017014568720701513
    ],
    "variance_fraction": [
      0.11383295653972576,
      0.41146677751693195,
      0.42670358107505424,
      0.04799668486828806
    ],
    "aggregate_confusion": [
      [
        61807,
        10388,
        1858,
        1577
      ],
      [
        37286,
        38676,
        6305,
        5703
      ],
      [
        10924,
        18040,
        28277,
        10159
      ],
      [
        2106,
        4724,
        3733,
        18157
      ]
    ],
    "aggregate_confusion_row_normalized": [
      [
        0.8172286129842655,
        0.13735290228745206,
        0.024566970778791483,
        0.020851513949490943
      ],
      [
        0.4238490394452654,
        0.43964988064112764,
        0.07167216096396499,
        0.06482891894964192
      ],
      [
        0.16207715133531156,
        0.26765578635014836,
        0.419540059347181,
        0.15072700296735905
      ],
      [
        0.07332869080779944,
        0.16448467966573815,
        0.12997910863509748,
        0.6322075208913649
      ]
    ],
    "dominant_directed_count_pair": [
      2,
      1
    ],
    "dominant_bidirectional_count_pair": [
      1,
      2
    ],
    "dominant_normalized_direction": [
      2,
      1
    ],
    "poor_episodes_below_mean_minus_sd": [
      {
        "trial": 4,
        "macro_f1": 0.4631780342690045,
        "class_f1": [
          0.6032470608500926,
          0.28749910246284194,
          0.4297520661157025,
          0.5322139076473809
        ]
      },
      {
        "trial": 7,
        "macro_f1": 0.45910282950308023,
        "class_f1": [
          0.6548321411789276,
          0.4310538416296851,
          0.21411558229910993,
          0.5364097529045982
        ]
      }
    ],
    "transfer_gains": {
      "joint_control": {
        "mean_per_class": [
          0.04226828340793002,
          0.009458028650485922,
          0.06919123459705334,
          0.027913843730300387
        ],
        "episode_deltas": [
          [
            0.030523972923744647,
            0.06724897414274261,
            -0.010842380725809897,
            0.017703817099538832
          ],
          [
            0.02382880775996088,
            0.020888888888888846,
            0.4632143503809637,
            0.08283470450012131
          ],
          [
            0.04954370204199621,
            0.05034144471008478,
            -0.0004986044045207638,
            0.03441230049995048
          ],
          [
            0.11094857456072638,
            0.010521988721291287,
            -0.0367828379483266,
            0.010395533995361972
          ],
          [
            -0.019353411963146216,
            -0.06890293412022425,
            -0.009322910551309849,
            0.0018819732711885528
          ],
          [
            0.06982918348448897,
            -0.013733935515851003,
            0.03338764022033375,
            0.07931480028197879
          ],
          [
            0.012927174391055618,
            0.011046151864380682,
            -0.006931997754211938,
            -0.01804214583718866
          ],
          [
            0.11357087991766635,
            0.03490467708392875,
            0.1955244421393423,
            0.04170075819560354
          ],
          [
            -0.007536796332250906,
            -0.07387722924556311,
            0.0004375763796966581,
            -0.03605302878418415
          ],
          [
            0.03840074729505827,
            0.05614225997518063,
            0.06372706823437602,
            0.0649897240806332
          ]
        ],
        "wins": [
          8,
          7,
          5,
          8
        ],
        "losses": [
          2,
          3,
          5,
          2
        ],
        "ties": [
          0,
          0,
          0,
          0
        ]
      },
      "compact_local": {
        "mean_per_class": [
          0.02752845858481512,
          0.004139288655317352,
          0.08207181337588007,
          0.0032957052705778088
        ],
        "episode_deltas": [
          [
            0.014232733400979969,
            0.050208871807372435,
            0.009241132737632163,
            0.04638028187343035
          ],
          [
            0.023796088829416973,
            0.04803193654804516,
            0.3330764990217677,
            -0.00044941437511647475
          ],
          [
            0.022513551579739444,
            0.038984443914847344,
            -0.010039977408542788,
            0.031224904539911447
          ],
          [
            0.02801695467926224,
            0.01100265481539231,
            -0.02419734484169256,
            0.011754953694353198
          ],
          [
            -0.0138536536002416,
            -0.07104607750192021,
            0.05203021470964053,
            -0.006689886909920784
          ],
          [
            0.06107406144029981,
            -0.0021674439899309617,
            0.0895711143162507,
            0.038337257498612165
          ],
          [
            0.0036612763115476676,
            -0.02627493802834402,
            0.05717534219549447,
            -0.029436723676257492
          ],
          [
            0.1145128616046337,
            0.0372224138179329,
            0.1949462532256275,
            -0.005846917239983651
          ],
          [
            -0.0018421942743424013,
            -0.05040202682975642,
            0.05057621425724462,
            -0.044593622605458516
          ],
          [
            0.023172905876855387,
            0.005833051999534988,
            0.06833868554537825,
            -0.007723780093792154
          ]
        ],
        "wins": [
          8,
          6,
          8,
          4
        ],
        "losses": [
          2,
          4,
          2,
          6
        ],
        "ties": [
          0,
          0,
          0,
          0
        ]
      }
    }
  },
  "spatial_regularized": {
    "5": {
      "mean": 0.5076183339341279,
      "population_sd": 0.051280538558890684,
      "paired_deltas": [
        0.0443538255380469,
        -0.02261140419801544,
        -0.011589180052438919,
        -0.06018686914304727,
        -0.04859145694847622,
        -0.05174153136725024,
        0.0062062325374315774,
        -0.07797125023487628,
        -0.06991824635561877,
        0.03436194078081939
      ],
      "mean_delta": -0.025768793944342526,
      "delta_population_sd": 0.04101298748873032,
      "wins": 3,
      "losses": 7,
      "ties": 0
    },
    "25": {
      "mean": 0.6136387326114808,
      "population_sd": 0.02408950411649714,
      "paired_deltas": [
        0.05766215065635116,
        0.014899877324740074,
        -0.00094720950424243,
        0.036611533633106874,
        -0.0080353007376891,
        0.015319007423283515,
        0.029275928037101218,
        0.10019008454585832,
        0.014864715567804221,
        0.03516699485766506
      ],
      "mean_delta": 0.02950077818039789,
      "delta_population_sd": 0.029727631552616048,
      "wins": 8,
      "losses": 2,
      "ties": 0
    },
    "50": {
      "mean": 0.6296339838647277,
      "population_sd": 0.013782739641380473,
      "paired_deltas": [
        0.013294886170965303,
        0.01711059350857691,
        0.017410411026449135,
        0.030954379746523375,
        0.017127234826970206,
        0.021201215549969343,
        -0.005004865357575161,
        0.015320544089695742,
        -0.006297066089425041,
        0.032785885216156996
      ],
      "mean_delta": 0.015390321868830681,
      "delta_population_sd": 0.012162940214694376,
      "wins": 8,
      "losses": 2,
      "ties": 0
    },
    "100": {
      "mean": 0.6358704956117165,
      "population_sd": 0.013663952328452127,
      "paired_deltas": [
        0.011661542959534588,
        0.019761702054296726,
        0.013834971487788672,
        0.026567591455047945,
        0.026074563042513543,
        0.0241912286640108,
        -0.003953880196402859,
        0.03874055637103768,
        0.005973822505396242,
        0.027757576912134763
      ],
      "mean_delta": 0.01906096752553581,
      "delta_population_sd": 0.011740046269122631,
      "wins": 9,
      "losses": 1,
      "ties": 0
    },
    "200": {
      "mean": 0.6369698565904278,
      "population_sd": 0.01374693640137042,
      "paired_deltas": [
        0.007660729547403156,
        0.022842801587621087,
        0.017338100399929557,
        0.02655042419247211,
        0.010894176837006997,
        0.021392674246975774,
        0.004751523419924353,
        0.0327334025135354,
        0.021145204812984986,
        0.026806669905933833
      ],
      "mean_delta": 0.019211570746378727,
      "delta_population_sd": 0.008551432977941038,
      "wins": 10,
      "losses": 0,
      "ties": 0
    }
  }
}
