spatial 2 0 5 done
spatial 2 0 25 done
spatial 2 0 50 done
spatial 2 0 100 done
spatial 2 0 200 done
spatial 2 1 5 done
spatial 2 1 25 done
spatial 2 1 50 done
spatial 2 1 100 done
spatial 2 1 200 done
spatial 2 2 5 done
spatial 2 2 25 done
spatial 2 2 50 done
spatial 2 2 100 done
spatial 2 2 200 done
spatial 2 3 5 done
spatial 2 3 25 done
spatial 2 3 50 done
spatial 2 3 100 done
spatial 2 3 200 done
spatial 2 4 5 done
spatial 2 4 25 done
spatial 2 4 50 done
spatial 2 4 100 done
spatial 2 4 200 done
spatial 2 5 5 done
spatial 2 5 25 done
spatial 2 5 50 done
spatial 2 5 100 done
spatial 2 5 200 done
spatial 2 6 5 done
spatial 2 6 25 done
spatial 2 6 50 done
spatial 2 6 100 done
spatial 2 6 200 done
spatial 2 7 5 done
spatial 2 7 25 done
spatial 2 7 50 done
spatial 2 7 100 done
spatial 2 7 200 done
spatial 2 8 5 done
spatial 2 8 25 done
spatial 2 8 50 done
spatial 2 8 100 done
spatial 2 8 200 done
spatial 2 9 5 done
spatial 2 9 25 done
spatial 2 9 50 done
spatial 2 9 100 done
spatial 2 9 200 done
{
  "5": {
    "local": {
      "mean": 0.5027415517394134,
      "sd": 0.04206447275780139,
      "delta": -0.03064557613905714,
      "wins": 3,
      "class_f1_mean": [
        0.591812685874206,
        0.4339311960279989,
        0.5187214462660337,
        0.46650087878941504
      ]
    },
    "local_gaussian": {
      "mean": 0.5170923766115691,
      "sd": 0.04667254310428978,
      "delta": -0.016294751266901365,
      "wins": 3,
      "class_f1_mean": [
        0.6100862449065946,
        0.4418709790084092,
        0.532191521561576,
        0.4842207609696967
      ]
    },
    "blend": {
      "mean": 0.6169991142675598,
      "sd": 0.010558028675559307,
      "delta": 0.0836119863890892,
      "wins": 10,
      "class_f1_mean": [
        0.6619964922350158,
        0.6170821321989025,
        0.5615962350522508,
        0.6273215975840697
      ]
    },
    "blend_gaussian": {
      "mean": 0.626381530151742,
      "sd": 0.012834414882635054,
      "delta": 0.09299440227327152,
      "wins": 10,
      "class_f1_mean": [
        0.6840754097393157,
        0.6313358698580215,
        0.5587121803236242,
        0.6314026606860065
      ]
    }
  },
  "25": {
    "local": {
      "mean": 0.6210709293064944,
      "sd": 0.025280753299279077,
      "delta": 0.03693297487541146,
      "wins": 8,
      "class_f1_mean": [
        0.6489221010328289,
        0.5406479514902018,
        0.676728272738101,
        0.6179853919648461
      ]
    },
    "local_gaussian": {
      "mean": 0.6479510987730003,
      "sd": 0.03042940047289154,
      "delta": 0.06381314434191726,
      "wins": 8,
      "class_f1_mean": [
        0.6802673676046389,
        0.5652341080445004,
        0.6978629696744678,
        0.6484399497683941
      ]
    },
    "blend": {
      "mean": 0.6595113764710516,
      "sd": 0.021129330828477594,
      "delta": 0.07537342203996872,
      "wins": 10,
      "class_f1_mean": [
        0.6748224563919306,
        0.6167940052038029,
        0.6966272779448615,
        0.6498017663436119
      ]
    },
    "blend_gaussian": {
      "mean": 0.6800450962407376,
      "sd": 0.023213965146994003,
      "delta": 0.09590714180965458,
      "wins": 10,
      "class_f1_mean": [
        0.7002832754293659,
        0.6437004803797173,
        0.7107890018299289,
        0.6654076273239384
      ]
    }
  },
  "50": {
    "local": {
      "mean": 0.6369397541695431,
      "sd": 0.019419732759378958,
      "delta": 0.022696092173646133,
      "wins": 10,
      "class_f1_mean": [
        0.6721558349715849,
        0.5584431993442219,
        0.681821167239093,
        0.6353388151232724
      ]
    },
    "local_gaussian": {
      "mean": 0.664867459609335,
      "sd": 0.025422418878588874,
      "delta": 0.050623797613438014,
      "wins": 10,
      "class_f1_mean": [
        0.7032636706534365,
        0.5883092367140488,
        0.7009557588626578,
        0.666941172207197
      ]
    },
    "blend": {
      "mean": 0.6573334722420123,
      "sd": 0.019610398906468107,
      "delta": 0.04308981024611541,
      "wins": 10,
      "class_f1_mean": [
        0.6807070419302783,
        0.6000129628469237,
        0.6960029243707455,
        0.652610959820102
      ]
    },
    "blend_gaussian": {
      "mean": 0.682500794728105,
      "sd": 0.022163165770318186,
      "delta": 0.06825713273220813,
      "wins": 10,
      "class_f1_mean": [
        0.7114704606437722,
        0.6342689970392034,
        0.7107328217386037,
        0.6735308994908411
      ]
    }
  },
  "100": {
    "local": {
      "mean": 0.6506932760764966,
      "sd": 0.022373601427970593,
      "delta": 0.0338837479903157,
      "wins": 10,
      "class_f1_mean": [
        0.6815891740700912,
        0.5733614541746974,
        0.6968411706167478,
        0.6509813054444495
      ]
    },
    "local_gaussian": {
      "mean": 0.679821847388961,
      "sd": 0.024696134809208223,
      "delta": 0.06301231930278021,
      "wins": 10,
      "class_f1_mean": [
        0.7125026085197342,
        0.6070055642013784,
        0.7157369495233055,
        0.6840422673114261
      ]
    },
    "blend": {
      "mean": 0.6606364180898546,
      "sd": 0.021981203248792554,
      "delta": 0.043826890003673756,
      "wins": 10,
      "class_f1_mean": [
        0.6860822781508663,
        0.594860980958639,
        0.7032664592455597,
        0.6583359540043535
      ]
    },
    "blend_gaussian": {
      "mean": 0.687690124616505,
      "sd": 0.024764209833888884,
      "delta": 0.07088059653032419,
      "wins": 10,
      "class_f1_mean": [
        0.7172883640426955,
        0.6296508650212048,
        0.7194665489820257,
        0.6843547204200946
      ]
    }
  },
  "200": {
    "local": {
      "mean": 0.6572061098429345,
      "sd": 0.019788859214606134,
      "delta": 0.0394478239988853,
      "wins": 10,
      "class_f1_mean": [
        0.6807717995776585,
        0.591793491833463,
        0.6990304205596546,
        0.6572287274009616
      ]
    },
    "local_gaussian": {
      "mean": 0.686488433460839,
      "sd": 0.02074048116488388,
      "delta": 0.06873014761678993,
      "wins": 10,
      "class_f1_mean": [
        0.7131697934394341,
        0.6274977926551133,
        0.7177483315951247,
        0.687537816153684
      ]
    },
    "blend": {
      "mean": 0.6620380722985901,
      "sd": 0.019627458716559572,
      "delta": 0.04427978645454102,
      "wins": 10,
      "class_f1_mean": [
        0.6835490284717114,
        0.6016822024860448,
        0.7029050391496583,
        0.6600160190869462
      ]
    },
    "blend_gaussian": {
      "mean": 0.6898301561543956,
      "sd": 0.021118955368909693,
      "delta": 0.07207187031034663,
      "wins": 10,
      "class_f1_mean": [
        0.7144098677393527,
        0.6366457789032559,
        0.7194011470235437,
        0.6888638309514306
      ]
    }
  }
}
