audit 2 0 5 done
audit 2 0 25 done
audit 2 0 50 done
audit 2 0 100 done
audit 2 0 200 done
audit 2 1 5 done
audit 2 1 25 done
audit 2 1 50 done
audit 2 1 100 done
audit 2 1 200 done
audit 2 2 5 done
audit 2 2 25 done
audit 2 2 50 done
audit 2 2 100 done
audit 2 2 200 done
audit 2 3 5 done
audit 2 3 25 done
audit 2 3 50 done
audit 2 3 100 done
audit 2 3 200 done
audit 2 4 5 done
audit 2 4 25 done
audit 2 4 50 done
audit 2 4 100 done
audit 2 4 200 done
audit 2 5 5 done
audit 2 5 25 done
audit 2 5 50 done
audit 2 5 100 done
audit 2 5 200 done
audit 2 6 5 done
audit 2 6 25 done
audit 2 6 50 done
audit 2 6 100 done
audit 2 6 200 done
audit 2 7 5 done
audit 2 7 25 done
audit 2 7 50 done
audit 2 7 100 done
audit 2 7 200 done
audit 2 8 5 done
audit 2 8 25 done
audit 2 8 50 done
audit 2 8 100 done
audit 2 8 200 done
audit 2 9 5 done
audit 2 9 25 done
audit 2 9 50 done
audit 2 9 100 done
audit 2 9 200 done
{
  "5": {
    "local": {
      "mean": 0.5369408820385431,
      "sd": 0.03708811370630893,
      "delta": -0.015487369253017507,
      "wins": 3,
      "class_f1_mean": [
        0.6237248905240823,
        0.46951242809167504,
        0.5577361140557233,
        0.4967900954826915
      ]
    },
    "local_gaussian": {
      "mean": 0.5573357324079388,
      "sd": 0.040022956290837026,
      "delta": 0.004907481116378215,
      "wins": 3,
      "class_f1_mean": [
        0.6513089488389884,
        0.48495091328019174,
        0.5741030526975183,
        0.5189800148150565
      ]
    },
    "blend": {
      "mean": 0.6250658121587283,
      "sd": 0.012150977252461564,
      "delta": 0.0726375608671678,
      "wins": 10,
      "class_f1_mean": [
        0.6723542213921041,
        0.6209525112870642,
        0.5875916377698367,
        0.6193648781859082
      ]
    },
    "blend_gaussian": {
      "mean": 0.6349354266527055,
      "sd": 0.012504728639571533,
      "delta": 0.082507175361145,
      "wins": 10,
      "class_f1_mean": [
        0.6946168944818429,
        0.6353109062084685,
        0.5871569589167719,
        0.6226569470037386
      ]
    }
  },
  "25": {
    "local": {
      "mean": 0.645052959241659,
      "sd": 0.009779008782989837,
      "delta": 0.032878777554692276,
      "wins": 10,
      "class_f1_mean": [
        0.6754153682235433,
        0.576256241504559,
        0.6920134932316444,
        0.6365267340068896
      ]
    },
    "local_gaussian": {
      "mean": 0.6751725374686236,
      "sd": 0.008412722247973745,
      "delta": 0.06299835578165687,
      "wins": 10,
      "class_f1_mean": [
        0.7100451482341943,
        0.6093964756989629,
        0.7114376049993922,
        0.6698109209419452
      ]
    },
    "blend": {
      "mean": 0.6675405453364258,
      "sd": 0.009863331526875649,
      "delta": 0.05536636364945896,
      "wins": 10,
      "class_f1_mean": [
        0.6962782975948925,
        0.6300863751051795,
        0.6987546678732744,
        0.6450428407723566
      ]
    },
    "blend_gaussian": {
      "mean": 0.6912809324745047,
      "sd": 0.009377300024203209,
      "delta": 0.07910675078753784,
      "wins": 10,
      "class_f1_mean": [
        0.7269902399741911,
        0.6635423268087681,
        0.7107945276868117,
        0.6637966354282476
      ]
    }
  },
  "50": {
    "local": {
      "mean": 0.6606465077189048,
      "sd": 0.009985591006743644,
      "delta": 0.04337349659168018,
      "wins": 10,
      "class_f1_mean": [
        0.7031934360989889,
        0.5988812332143271,
        0.6936004261349263,
        0.6469109354273765
      ]
    },
    "local_gaussian": {
      "mean": 0.6926800594957506,
      "sd": 0.010244925168330223,
      "delta": 0.0754070483685261,
      "wins": 10,
      "class_f1_mean": [
        0.7379246882279442,
        0.6383674126703911,
        0.7134094449915451,
        0.681018692093122
      ]
    },
    "blend": {
      "mean": 0.6739049778843769,
      "sd": 0.00908290082995107,
      "delta": 0.05663196675715232,
      "wins": 10,
      "class_f1_mean": [
        0.7137130482031939,
        0.6282289919590243,
        0.6993151287063908,
        0.6543627426688986
      ]
    },
    "blend_gaussian": {
      "mean": 0.701988473308459,
      "sd": 0.008717038238066582,
      "delta": 0.08471546218123453,
      "wins": 10,
      "class_f1_mean": [
        0.747490349576472,
        0.665976879338074,
        0.7145929821609533,
        0.6798936821583369
      ]
    }
  },
  "100": {
    "local": {
      "mean": 0.6792430763075967,
      "sd": 0.008257486190821742,
      "delta": 0.05973025203559947,
      "wins": 10,
      "class_f1_mean": [
        0.7228888294234388,
        0.6288560638800791,
        0.7059751565696935,
        0.6592522553571756
      ]
    },
    "local_gaussian": {
      "mean": 0.7115716274153762,
      "sd": 0.008643610659552903,
      "delta": 0.09205880314337896,
      "wins": 10,
      "class_f1_mean": [
        0.7598484707053252,
        0.6698959915561602,
        0.7252669242161038,
        0.6912751231839154
      ]
    },
    "blend": {
      "mean": 0.6850333481687688,
      "sd": 0.0078329333072788,
      "delta": 0.0655205238967716,
      "wins": 10,
      "class_f1_mean": [
        0.7277523391526118,
        0.6431613204779779,
        0.7079130798922855,
        0.6613066531522003
      ]
    },
    "blend_gaussian": {
      "mean": 0.715939054699357,
      "sd": 0.007734859009714815,
      "delta": 0.09642623042735984,
      "wins": 10,
      "class_f1_mean": [
        0.7643210987479927,
        0.6839394185557436,
        0.7262851160551074,
        0.6892105854385846
      ]
    }
  },
  "200": {
    "local": {
      "mean": 0.6927837243230448,
      "sd": 0.004972317056655173,
      "delta": 0.06880126928888838,
      "wins": 10,
      "class_f1_mean": [
        0.7347714141037599,
        0.6559364694835564,
        0.715360782063293,
        0.6650662316415696
      ]
    },
    "local_gaussian": {
      "mean": 0.7288190467634698,
      "sd": 0.00734370049712663,
      "delta": 0.1048365917293135,
      "wins": 10,
      "class_f1_mean": [
        0.7770423502972448,
        0.7011442764302117,
        0.735144909163968,
        0.7019446511624545
      ]
    },
    "blend": {
      "mean": 0.6959874289792354,
      "sd": 0.0046109249693181975,
      "delta": 0.07200497394507904,
      "wins": 10,
      "class_f1_mean": [
        0.7376022922761313,
        0.662993994900811,
        0.716996285941376,
        0.6663571427986231
      ]
    },
    "blend_gaussian": {
      "mean": 0.7300281715042949,
      "sd": 0.007077903317222173,
      "delta": 0.10604571647013858,
      "wins": 10,
      "class_f1_mean": [
        0.7787301085852022,
        0.7062027031359837,
        0.7353187559598009,
        0.699861118336193
      ]
    }
  }
}
