fresh 2 0 5 done
fresh 2 0 25 done
fresh 2 0 50 done
fresh 2 0 100 done
fresh 2 0 200 done
fresh 2 1 5 done
fresh 2 1 25 done
fresh 2 1 50 done
fresh 2 1 100 done
fresh 2 1 200 done
fresh 2 2 5 done
fresh 2 2 25 done
fresh 2 2 50 done
fresh 2 2 100 done
fresh 2 2 200 done
fresh 2 3 5 done
fresh 2 3 25 done
fresh 2 3 50 done
fresh 2 3 100 done
fresh 2 3 200 done
fresh 2 4 5 done
fresh 2 4 25 done
fresh 2 4 50 done
fresh 2 4 100 done
fresh 2 4 200 done
fresh 2 5 5 done
fresh 2 5 25 done
fresh 2 5 50 done
fresh 2 5 100 done
fresh 2 5 200 done
fresh 2 6 5 done
fresh 2 6 25 done
fresh 2 6 50 done
fresh 2 6 100 done
fresh 2 6 200 done
fresh 2 7 5 done
fresh 2 7 25 done
fresh 2 7 50 done
fresh 2 7 100 done
fresh 2 7 200 done
fresh 2 8 5 done
fresh 2 8 25 done
fresh 2 8 50 done
fresh 2 8 100 done
fresh 2 8 200 done
fresh 2 9 5 done
fresh 2 9 25 done
fresh 2 9 50 done
fresh 2 9 100 done
fresh 2 9 200 done
{
  "5": {
    "local": {
      "mean": 0.5537456035188022,
      "sd": 0.03785777332223623,
      "delta": -0.022373634345586712,
      "wins": 3,
      "class_f1_mean": [
        0.5999582243046004,
        0.4789716755667797,
        0.6091314146361385,
        0.5269210995676902
      ]
    },
    "local_gaussian": {
      "mean": 0.5749700680688477,
      "sd": 0.03891324105872408,
      "delta": -0.0011491697955411273,
      "wins": 5,
      "class_f1_mean": [
        0.6281175030599796,
        0.4977808583170031,
        0.6246421568367935,
        0.5493397540616148
      ]
    },
    "blend": {
      "mean": 0.6315578819404426,
      "sd": 0.011457895594196668,
      "delta": 0.0554386440760538,
      "wins": 10,
      "class_f1_mean": [
        0.6619059376357871,
        0.6282919778793701,
        0.6149867763650736,
        0.62104683588154
      ]
    },
    "blend_gaussian": {
      "mean": 0.6415528418606027,
      "sd": 0.011527731648781677,
      "delta": 0.06543360399621378,
      "wins": 10,
      "class_f1_mean": [
        0.6834336043579069,
        0.6433184953391025,
        0.6134193865916264,
        0.626039881153775
      ]
    }
  },
  "25": {
    "local": {
      "mean": 0.6335246461974215,
      "sd": 0.013104241673680591,
      "delta": 0.020592050618595148,
      "wins": 10,
      "class_f1_mean": [
        0.6587095859582208,
        0.5607047528549459,
        0.6959646255491068,
        0.6187196204274128
      ]
    },
    "local_gaussian": {
      "mean": 0.6641117558541396,
      "sd": 0.014460071738892856,
      "delta": 0.05117916027531315,
      "wins": 10,
      "class_f1_mean": [
        0.6970738727935022,
        0.5937370200561493,
        0.7144204056308944,
        0.6512157249360127
      ]
    },
    "blend": {
      "mean": 0.6631501474494754,
      "sd": 0.009530357758318446,
      "delta": 0.0502175518706489,
      "wins": 10,
      "class_f1_mean": [
        0.6878653322583916,
        0.62708205186442,
        0.7032827635748587,
        0.6343704421002311
      ]
    },
    "blend_gaussian": {
      "mean": 0.686297929491894,
      "sd": 0.009171257190724355,
      "delta": 0.07336533391306767,
      "wins": 10,
      "class_f1_mean": [
        0.7200216526428076,
        0.6580813228188018,
        0.7135270950014201,
        0.6535616475045469
      ]
    }
  },
  "50": {
    "local": {
      "mean": 0.6547610774340532,
      "sd": 0.010746234512241905,
      "delta": 0.03137898659180237,
      "wins": 10,
      "class_f1_mean": [
        0.695864345195048,
        0.5983922470866953,
        0.6949955456858131,
        0.6297921717686565
      ]
    },
    "local_gaussian": {
      "mean": 0.6875996702049105,
      "sd": 0.01195840341725372,
      "delta": 0.06421757936265962,
      "wins": 10,
      "class_f1_mean": [
        0.7349851982770554,
        0.6385225386633713,
        0.7134566558712779,
        0.6634342880079371
      ]
    },
    "blend": {
      "mean": 0.6696130267704505,
      "sd": 0.009377775077896269,
      "delta": 0.04623093592819973,
      "wins": 10,
      "class_f1_mean": [
        0.7088281621631345,
        0.6317077164791325,
        0.7004360703448322,
        0.6374801580947034
      ]
    },
    "blend_gaussian": {
      "mean": 0.6982732623966955,
      "sd": 0.008950597257987207,
      "delta": 0.07489117155444466,
      "wins": 10,
      "class_f1_mean": [
        0.7454204821135253,
        0.6697766278088616,
        0.7145064269133475,
        0.6633895127510478
      ]
    }
  },
  "100": {
    "local": {
      "mean": 0.6767949509071168,
      "sd": 0.008235556534426149,
      "delta": 0.051080248403416365,
      "wins": 10,
      "class_f1_mean": [
        0.7211876730720141,
        0.6300674990647197,
        0.7078463337836608,
        0.6480782977080721
      ]
    },
    "local_gaussian": {
      "mean": 0.7114149985248209,
      "sd": 0.010518790240518836,
      "delta": 0.08570029602112064,
      "wins": 10,
      "class_f1_mean": [
        0.7612957910290012,
        0.67320302611804,
        0.7253393599807654,
        0.6858218169714776
      ]
    },
    "blend": {
      "mean": 0.6830911557019761,
      "sd": 0.008256809729351054,
      "delta": 0.057376453198275765,
      "wins": 10,
      "class_f1_mean": [
        0.7265096151947981,
        0.644935930892464,
        0.710377759803307,
        0.6505413169173355
      ]
    },
    "blend_gaussian": {
      "mean": 0.7153427406589669,
      "sd": 0.00986194964209754,
      "delta": 0.0896280381552665,
      "wins": 10,
      "class_f1_mean": [
        0.7650517568301888,
        0.6869998819262454,
        0.7264186594852128,
        0.6829006643942204
      ]
    }
  },
  "200": {
    "local": {
      "mean": 0.6910268434999501,
      "sd": 0.007050724983593457,
      "delta": 0.06646309815733031,
      "wins": 10,
      "class_f1_mean": [
        0.7364232511877935,
        0.6588457062523063,
        0.7173200938265958,
        0.6515183227331052
      ]
    },
    "local_gaussian": {
      "mean": 0.7279383537853639,
      "sd": 0.008039485049256105,
      "delta": 0.10337460844274404,
      "wins": 10,
      "class_f1_mean": [
        0.7782013884473992,
        0.7055139287928349,
        0.7371320611076746,
        0.6909060367935471
      ]
    },
    "blend": {
      "mean": 0.6939355907287799,
      "sd": 0.007000630840965324,
      "delta": 0.06937184538615995,
      "wins": 10,
      "class_f1_mean": [
        0.7388167719364975,
        0.6647964192445889,
        0.719083655388907,
        0.6530455163451263
      ]
    },
    "blend_gaussian": {
      "mean": 0.7296657184850202,
      "sd": 0.007462160096861958,
      "delta": 0.10510197314240022,
      "wins": 10,
      "class_f1_mean": [
        0.7800434292959095,
        0.7104806457087502,
        0.7378561170372891,
        0.6902826818981312
      ]
    }
  }
}
