fitting independently CORAL-aligned source RF
audit 0 5 LR 0.573
audit 0 25 LR done
audit 0 50 LR done
audit 0 100 LR done
audit 0 200 LR done
audit 1 5 LR done
audit 1 25 LR done
audit 1 50 LR done
audit 1 100 LR done
audit 1 200 LR done
audit 2 5 LR done
audit 2 25 LR done
audit 2 50 LR done
audit 2 100 LR done
audit 2 200 LR done
audit 3 5 LR done
audit 3 25 LR done
audit 3 50 LR done
audit 3 100 LR done
audit 3 200 LR done
audit 4 5 LR done
audit 4 25 LR done
audit 4 50 LR done
audit 4 100 LR done
audit 4 200 LR done
audit 5 5 LR done
audit 5 25 LR done
audit 5 50 LR done
audit 5 100 LR done
audit 5 200 LR done
audit 6 5 LR done
audit 6 25 LR done
audit 6 50 LR done
audit 6 100 LR done
audit 6 200 LR done
audit 7 5 LR done
audit 7 25 LR done
audit 7 50 LR done
audit 7 100 LR done
audit 7 200 LR done
audit 8 5 LR done
audit 8 25 LR done
audit 8 50 LR done
audit 8 100 LR done
audit 8 200 LR done
audit 9 5 LR done
audit 9 25 LR done
audit 9 50 LR done
audit 9 100 LR done
audit 9 200 LR done
{
  "5": {
    "EXP010": {
      "mean": 0.5524282512915606,
      "sd": 0.05953945456097259,
      "delta": 0.0,
      "wins": 0,
      "class_f1_mean": [
        0.6618948083245694,
        0.47491681475297476,
        0.5095284576027561,
        0.5633729244859419
      ]
    },
    "EXPF": {
      "mean": 0.552745164528418,
      "sd": 0.0364655502705781,
      "delta": 0.0003169132368575578,
      "wins": 6,
      "class_f1_mean": [
        0.6159740666277944,
        0.4829940876196483,
        0.5661546017703153,
        0.5458579020959141
      ]
    },
    "H_k": {
      "mean": 0.53582450072864,
      "sd": 0.0519077174421931,
      "delta": -0.0166037505629206,
      "wins": 5,
      "class_f1_mean": [
        0.6131088655321358,
        0.4898182705668478,
        0.47775722727165154,
        0.5626136395439248
      ]
    },
    "H_mean": {
      "mean": 0.5652739813598718,
      "sd": 0.04343059338590209,
      "delta": 0.01284573006831124,
      "wins": 7,
      "class_f1_mean": [
        0.6331072729513493,
        0.5108794253394763,
        0.5446757542653702,
        0.5724334728832916
      ]
    },
    "H_4k": {
      "mean": 0.5163813512378488,
      "sd": 0.07157213247220826,
      "delta": -0.036046900053711854,
      "wins": 3,
      "class_f1_mean": [
        0.6034580496816613,
        0.48665381123500406,
        0.41083314373192453,
        0.5645804003028048
      ]
    },
    "H_half": {
      "mean": 0.5426974688578831,
      "sd": 0.04502271403408382,
      "delta": -0.009730782433677365,
      "wins": 5,
      "class_f1_mean": [
        0.6160218903982604,
        0.4905961001962358,
        0.502617134230273,
        0.5615547506067636
      ]
    },
    "pool_metric": {
      "mean": 0.4999014801526469,
      "sd": 0.06767969810692691,
      "delta": -0.052526771138913596,
      "wins": 0,
      "class_f1_mean": [
        0.571739597765075,
        0.4599758961779967,
        0.3922717928994991,
        0.5756186337680169
      ]
    },
    "pool_F": {
      "mean": 0.5323908522367942,
      "sd": 0.041409205629225475,
      "delta": -0.020037399054766238,
      "wins": 4,
      "class_f1_mean": [
        0.5924658891322061,
        0.46971708205151363,
        0.5268059833500234,
        0.540574454413434
      ]
    },
    "pool_H": {
      "mean": 0.50940220900252,
      "sd": 0.0585251034316249,
      "delta": -0.04302604228904057,
      "wins": 0,
      "class_f1_mean": [
        0.5867043853160815,
        0.47503538249967214,
        0.4193842347976009,
        0.5564848333967254
      ]
    },
    "LR60": {
      "mean": 0.546774279954254,
      "sd": 0.031061638972229355,
      "delta": -0.005653971337306452,
      "wins": 4,
      "class_f1_mean": [
        0.6105455857450542,
        0.4700751321420015,
        0.604515964922385,
        0.5019604370075756
      ]
    },
    "LR60_smooth": {
      "mean": 0.5636364150327634,
      "sd": 0.03601506708320061,
      "delta": 0.011208163741202936,
      "wins": 6,
      "class_f1_mean": [
        0.6420542358842704,
        0.4870043936113557,
        0.611462124857302,
        0.5140249057781259
      ]
    },
    "RF60": {
      "mean": 0.5369406246559877,
      "sd": 0.03708823331776506,
      "delta": -0.015487626635572843,
      "wins": 3,
      "class_f1_mean": [
        0.6237248905240823,
        0.46951242809167504,
        0.5577397588584777,
        0.49678542114971574
      ]
    },
    "RF60_smooth": {
      "mean": 0.5548264230214242,
      "sd": 0.0400981856548064,
      "delta": 0.0023981717298636627,
      "wins": 3,
      "class_f1_mean": [
        0.6610821613426349,
        0.490312234475879,
        0.563634752777465,
        0.5042765434897177
      ]
    },
    "pool_RF60": {
      "mean": 0.511426860607185,
      "sd": 0.03127486021605067,
      "delta": -0.041001390684375465,
      "wins": 2,
      "class_f1_mean": [
        0.5751261927617256,
        0.43260501476507096,
        0.5292892900354034,
        0.5086869448665403
      ]
    },
    "pool_RF60_smooth": {
      "mean": 0.5398300598317296,
      "sd": 0.03995974509198207,
      "delta": -0.012598191459830915,
      "wins": 3,
      "class_f1_mean": [
        0.6192385001108753,
        0.45882818058349495,
        0.5452261857856168,
        0.5360273728469314
      ]
    },
    "blend_0.00": {
      "mean": 0.5369406246559877,
      "sd": 0.03708823331776506,
      "delta": -0.015487626635572843,
      "wins": 3,
      "class_f1_mean": [
        0.6237248905240823,
        0.46951242809167504,
        0.5577397588584777,
        0.49678542114971574
      ]
    },
    "pool_blend_0.00": {
      "mean": 0.511426860607185,
      "sd": 0.03127486021605067,
      "delta": -0.041001390684375465,
      "wins": 2,
      "class_f1_mean": [
        0.5751261927617256,
        0.43260501476507096,
        0.5292892900354034,
        0.5086869448665403
      ]
    },
    "blend_0.25": {
      "mean": 0.5761189873680295,
      "sd": 0.03348901831621735,
      "delta": 0.02369073607646886,
      "wins": 6,
      "class_f1_mean": [
        0.6284826513528048,
        0.5089662617087336,
        0.6076284228376567,
        0.5593986135729223
      ]
    },
    "pool_blend_0.25": {
      "mean": 0.5742509907629817,
      "sd": 0.027887847712299588,
      "delta": 0.021822739471421142,
      "wins": 7,
      "class_f1_mean": [
        0.5955881682006774,
        0.4859838768830936,
        0.6069358558636178,
        0.6084960621045378
      ]
    },
    "blend_0.50": {
      "mean": 0.6007830315422847,
      "sd": 0.02391432257602247,
      "delta": 0.04835478025072421,
      "wins": 8,
      "class_f1_mean": [
        0.6191816054116096,
        0.5467054138217864,
        0.6424493444852886,
        0.5947957624504543
      ]
    },
    "pool_blend_0.50": {
      "mean": 0.5922233486816821,
      "sd": 0.018026309613625374,
      "delta": 0.03979509739012145,
      "wins": 6,
      "class_f1_mean": [
        0.5878703321056628,
        0.5354328550909114,
        0.6328074171891306,
        0.6127827903410232
      ]
    },
    "blend_0.75": {
      "mean": 0.5871549969823903,
      "sd": 0.01588362440982541,
      "delta": 0.03472674569082969,
      "wins": 5,
      "class_f1_mean": [
        0.5709497781080586,
        0.5646287510252916,
        0.6264503316882026,
        0.5865911271080082
      ]
    },
    "pool_blend_0.75": {
      "mean": 0.5688575126723523,
      "sd": 0.00838188862719111,
      "delta": 0.016429261380791788,
      "wins": 5,
      "class_f1_mean": [
        0.5303925459366678,
        0.5470192947857677,
        0.6086262664122118,
        0.5893919435547618
      ]
    },
    "blend_1.00": {
      "mean": 0.529592329048082,
      "sd": 7.423586774415969e-05,
      "delta": -0.022835922243478596,
      "wins": 4,
      "class_f1_mean": [
        0.4580423190090249,
        0.5180386579863098,
        0.5738130874148053,
        0.5684752517821877
      ]
    },
    "pool_blend_1.00": {
      "mean": 0.529592329048082,
      "sd": 7.423586774415969e-05,
      "delta": -0.022835922243478596,
      "wins": 4,
      "class_f1_mean": [
        0.4580423190090249,
        0.5180386579863098,
        0.5738130874148053,
        0.5684752517821877
      ]
    }
  },
  "25": {
    "EXP010": {
      "mean": 0.6121741816869667,
      "sd": 0.013057264399624555,
      "delta": 0.0,
      "wins": 0,
      "class_f1_mean": [
        0.6561641133383795,
        0.5813022898952441,
        0.6326011854842875,
        0.578629138029956
      ]
    },
    "EXPF": {
      "mean": 0.6380096808883864,
      "sd": 0.014197329025392124,
      "delta": 0.025835499201419566,
      "wins": 10,
      "class_f1_mean": [
        0.6593114656972531,
        0.5910372130693016,
        0.6698470497077605,
        0.6318429950792301
      ]
    },
    "H_k": {
      "mean": 0.6326834814807001,
      "sd": 0.013910829250932882,
      "delta": 0.020509299793733293,
      "wins": 10,
      "class_f1_mean": [
        0.6500597648560338,
        0.5930380881958277,
        0.6601005842900471,
        0.6275354885808916
      ]
    },
    "H_mean": {
      "mean": 0.6382252227102334,
      "sd": 0.01452363888321306,
      "delta": 0.026051041023266573,
      "wins": 10,
      "class_f1_mean": [
        0.6602219267044067,
        0.5990133874205698,
        0.6641666150685641,
        0.6294989616473926
      ]
    },
    "H_4k": {
      "mean": 0.6204902912657795,
      "sd": 0.013698416695338427,
      "delta": 0.00831610957881267,
      "wins": 7,
      "class_f1_mean": [
        0.6388284590766251,
        0.5882775272766715,
        0.6384976185010888,
        0.6163575602087327
      ]
    },
    "H_half": {
      "mean": 0.6261566581357354,
      "sd": 0.013794750479252557,
      "delta": 0.01398247644876861,
      "wins": 9,
      "class_f1_mean": [
        0.6437605577037933,
        0.5903842840191725,
        0.6489688373832779,
        0.6215129534366981
      ]
    },
    "pool_metric": {
      "mean": 0.6163912334286638,
      "sd": 0.020928663820679157,
      "delta": 0.004217051741696909,
      "wins": 7,
      "class_f1_mean": [
        0.6145105766298175,
        0.579825873813362,
        0.6477517798206497,
        0.6234767034508255
      ]
    },
    "pool_F": {
      "mean": 0.6376286425392108,
      "sd": 0.01345131735809727,
      "delta": 0.02545446085224401,
      "wins": 10,
      "class_f1_mean": [
        0.6572964690585451,
        0.5884354624570707,
        0.6622044065699552,
        0.6425782320712722
      ]
    },
    "pool_H": {
      "mean": 0.6339312460655158,
      "sd": 0.013750466004962623,
      "delta": 0.021757064378548862,
      "wins": 10,
      "class_f1_mean": [
        0.6522817817042844,
        0.5928185055774496,
        0.6510073837695252,
        0.6396173132108035
      ]
    },
    "LR60": {
      "mean": 0.6296320502611359,
      "sd": 0.016244882976425186,
      "delta": 0.017457868574169,
      "wins": 8,
      "class_f1_mean": [
        0.6790205615965996,
        0.5763504987137316,
        0.6671149792216798,
        0.5960421615125319
      ]
    },
    "LR60_smooth": {
      "mean": 0.6534189097847128,
      "sd": 0.015269252229607493,
      "delta": 0.041244728097746,
      "wins": 10,
      "class_f1_mean": [
        0.7276079019377597,
        0.6106957134376859,
        0.6669919427287431,
        0.6083800810346627
      ]
    },
    "RF60": {
      "mean": 0.6389018915202891,
      "sd": 0.016987843097234633,
      "delta": 0.026727709833322365,
      "wins": 9,
      "class_f1_mean": [
        0.6761758557318536,
        0.578799936060865,
        0.6843691975856334,
        0.6162625767028047
      ]
    },
    "RF60_smooth": {
      "mean": 0.664676011058363,
      "sd": 0.015333130731401096,
      "delta": 0.05250182937139627,
      "wins": 10,
      "class_f1_mean": [
        0.7279564948713169,
        0.6198685594197084,
        0.6848109005464431,
        0.6260680893959835
      ]
    },
    "pool_RF60": {
      "mean": 0.6360282547202611,
      "sd": 0.012913243166479484,
      "delta": 0.023854073033294433,
      "wins": 9,
      "class_f1_mean": [
        0.6712345391084433,
        0.5631423762229746,
        0.6805860177006354,
        0.6291500858489916
      ]
    },
    "pool_RF60_smooth": {
      "mean": 0.6679640075053587,
      "sd": 0.012806277777793295,
      "delta": 0.05578982581839187,
      "wins": 10,
      "class_f1_mean": [
        0.7229613174678348,
        0.6108030212842659,
        0.6890462316520265,
        0.6490454596173074
      ]
    },
    "blend_0.00": {
      "mean": 0.6389018915202891,
      "sd": 0.016987843097234633,
      "delta": 0.026727709833322365,
      "wins": 9,
      "class_f1_mean": [
        0.6761758557318536,
        0.578799936060865,
        0.6843691975856334,
        0.6162625767028047
      ]
    },
    "pool_blend_0.00": {
      "mean": 0.6360282547202611,
      "sd": 0.012913243166479484,
      "delta": 0.023854073033294433,
      "wins": 9,
      "class_f1_mean": [
        0.6712345391084433,
        0.5631423762229746,
        0.6805860177006354,
        0.6291500858489916
      ]
    },
    "blend_0.25": {
      "mean": 0.6463452404078686,
      "sd": 0.0152636771930591,
      "delta": 0.03417105872090172,
      "wins": 10,
      "class_f1_mean": [
        0.6736089996059391,
        0.5951672971606555,
        0.6927401667899906,
        0.6238644980748884
      ]
    },
    "pool_blend_0.25": {
      "mean": 0.6504581336311491,
      "sd": 0.012523431323244233,
      "delta": 0.03828395194418234,
      "wins": 10,
      "class_f1_mean": [
        0.6735490074810933,
        0.5921372385409371,
        0.6939914987899585,
        0.6421547897126076
      ]
    },
    "blend_0.50": {
      "mean": 0.6457917746171985,
      "sd": 0.012485662056789219,
      "delta": 0.033617592930231685,
      "wins": 10,
      "class_f1_mean": [
        0.6614847601526953,
        0.608881966561161,
        0.6932969516944973,
        0.6195034200604402
      ]
    },
    "pool_blend_0.50": {
      "mean": 0.6449472595782377,
      "sd": 0.011824065312814401,
      "delta": 0.03277307789127093,
      "wins": 10,
      "class_f1_mean": [
        0.6513205438428586,
        0.6088022919247829,
        0.6896718047618473,
        0.629994397783462
      ]
    },
    "blend_0.75": {
      "mean": 0.6172311581779034,
      "sd": 0.008795827214525547,
      "delta": 0.00505697649093666,
      "wins": 6,
      "class_f1_mean": [
        0.6060616559703449,
        0.5966804152069651,
        0.6668497224340217,
        0.599332839100282
      ]
    },
    "pool_blend_0.75": {
      "mean": 0.6028063947532143,
      "sd": 0.008957902775025641,
      "delta": -0.009367786933752464,
      "wins": 3,
      "class_f1_mean": [
        0.5735361198537469,
        0.5836750087214972,
        0.6528910430445727,
        0.6011234073930404
      ]
    },
    "blend_1.00": {
      "mean": 0.5294160581907936,
      "sd": 0.00019510374264940754,
      "delta": -0.08275812349617317,
      "wins": 0,
      "class_f1_mean": [
        0.45795615349644725,
        0.5181981867292131,
        0.5739662781135749,
        0.5675436144239393
      ]
    },
    "pool_blend_1.00": {
      "mean": 0.5294160581907936,
      "sd": 0.00019510374264940754,
      "delta": -0.08275812349617317,
      "wins": 0,
      "class_f1_mean": [
        0.45795615349644725,
        0.5181981867292131,
        0.5739662781135749,
        0.5675436144239393
      ]
    }
  },
  "50": {
    "EXP010": {
      "mean": 0.6172730111272244,
      "sd": 0.007838735449785847,
      "delta": 0.0,
      "wins": 0,
      "class_f1_mean": [
        0.6629618741507723,
        0.5703254616861808,
        0.6421188358164815,
        0.5936858728554635
      ]
    },
    "EXPF": {
      "mean": 0.6495378917537951,
      "sd": 0.00941672578150858,
      "delta": 0.032264880626570534,
      "wins": 10,
      "class_f1_mean": [
        0.6705311539285009,
        0.5952339983724589,
        0.6821840482022263,
        0.6502023665119937
      ]
    },
    "H_k": {
      "mean": 0.6484386177453629,
      "sd": 0.010072826650087475,
      "delta": 0.031165606618138365,
      "wins": 10,
      "class_f1_mean": [
        0.6661400227762762,
        0.5985168135309349,
        0.679991951872956,
        0.6491056828012846
      ]
    },
    "H_mean": {
      "mean": 0.650895660163399,
      "sd": 0.009698439696404625,
      "delta": 0.033622649036174415,
      "wins": 10,
      "class_f1_mean": [
        0.6717174525401022,
        0.6015656890443406,
        0.6809550958871622,
        0.6493444031819908
      ]
    },
    "H_4k": {
      "mean": 0.642423073909772,
      "sd": 0.010270578868125319,
      "delta": 0.025150062782547465,
      "wins": 10,
      "class_f1_mean": [
        0.6581229867598546,
        0.5986449775520596,
        0.6710987522391221,
        0.6418255790880517
      ]
    },
    "H_half": {
      "mean": 0.6415200268985985,
      "sd": 0.010472291187858552,
      "delta": 0.024247015771374204,
      "wins": 10,
      "class_f1_mean": [
        0.6572776732747718,
        0.5983280473692679,
        0.6696439404620629,
        0.6408304464882921
      ]
    },
    "pool_metric": {
      "mean": 0.6423137020662854,
      "sd": 0.009807880906179916,
      "delta": 0.025040690939060705,
      "wins": 10,
      "class_f1_mean": [
        0.657943908440709,
        0.5915334580656941,
        0.6733640875139523,
        0.6464133542447853
      ]
    },
    "pool_F": {
      "mean": 0.6541456845366709,
      "sd": 0.009098825916769224,
      "delta": 0.03687267340944626,
      "wins": 10,
      "class_f1_mean": [
        0.6759287659482079,
        0.599163702006614,
        0.6796472453162018,
        0.6618430248756596
      ]
    },
    "pool_H": {
      "mean": 0.6533672064751028,
      "sd": 0.010417144586891395,
      "delta": 0.036094195347878257,
      "wins": 10,
      "class_f1_mean": [
        0.6727947119259203,
        0.6029969282932317,
        0.6767460900480267,
        0.6609310956332327
      ]
    },
    "LR60": {
      "mean": 0.651204146440564,
      "sd": 0.010910639983486915,
      "delta": 0.033931135313339446,
      "wins": 10,
      "class_f1_mean": [
        0.6971933195073471,
        0.5985511687304077,
        0.6780482592017248,
        0.6310238383227762
      ]
    },
    "LR60_smooth": {
      "mean": 0.6703803940205266,
      "sd": 0.013170124890562901,
      "delta": 0.05310738289330217,
      "wins": 10,
      "class_f1_mean": [
        0.7344889589111216,
        0.6267104335534956,
        0.6768612245136231,
        0.6434609591038665
      ]
    },
    "RF60": {
      "mean": 0.6542319876824856,
      "sd": 0.01086119327490589,
      "delta": 0.036958976555260994,
      "wins": 10,
      "class_f1_mean": [
        0.6957519630252532,
        0.5970795737592022,
        0.6958862802658422,
        0.6282101336796444
      ]
    },
    "RF60_smooth": {
      "mean": 0.6823248077564034,
      "sd": 0.012702441108581965,
      "delta": 0.06505179662917882,
      "wins": 10,
      "class_f1_mean": [
        0.7449314806225029,
        0.6426080156413252,
        0.6971521442417783,
        0.6446075905200072
      ]
    },
    "pool_RF60": {
      "mean": 0.6530350474674218,
      "sd": 0.006069491367631568,
      "delta": 0.035762036340197347,
      "wins": 10,
      "class_f1_mean": [
        0.6934331835191598,
        0.5885150044611256,
        0.6931539908076614,
        0.6370380110817411
      ]
    },
    "pool_RF60_smooth": {
      "mean": 0.683541426538136,
      "sd": 0.008668099127821292,
      "delta": 0.06626841541091147,
      "wins": 10,
      "class_f1_mean": [
        0.7461572701352244,
        0.6384316846591005,
        0.6958965856668129,
        0.6536801656914066
      ]
    },
    "blend_0.00": {
      "mean": 0.6542319876824856,
      "sd": 0.01086119327490589,
      "delta": 0.036958976555260994,
      "wins": 10,
      "class_f1_mean": [
        0.6957519630252532,
        0.5970795737592022,
        0.6958862802658422,
        0.6282101336796444
      ]
    },
    "pool_blend_0.00": {
      "mean": 0.6530350474674218,
      "sd": 0.006069491367631568,
      "delta": 0.035762036340197347,
      "wins": 10,
      "class_f1_mean": [
        0.6934331835191598,
        0.5885150044611256,
        0.6931539908076614,
        0.6370380110817411
      ]
    },
    "blend_0.25": {
      "mean": 0.6593251127294227,
      "sd": 0.009841175015753224,
      "delta": 0.04205210160219815,
      "wins": 10,
      "class_f1_mean": [
        0.6925495813904167,
        0.6115089657599058,
        0.7011035751836888,
        0.6321383285836794
      ]
    },
    "pool_blend_0.25": {
      "mean": 0.6631651598052773,
      "sd": 0.005805430665931977,
      "delta": 0.04589214867805267,
      "wins": 10,
      "class_f1_mean": [
        0.6938425926959442,
        0.6120626286050153,
        0.7025679695206195,
        0.64418744839953
      ]
    },
    "blend_0.50": {
      "mean": 0.6557107000211108,
      "sd": 0.007797722145995158,
      "delta": 0.038437688893886233,
      "wins": 10,
      "class_f1_mean": [
        0.6764477976670662,
        0.6203883588915682,
        0.6985084931458532,
        0.6274981503799556
      ]
    },
    "pool_blend_0.50": {
      "mean": 0.6550666115304369,
      "sd": 0.00623855187418962,
      "delta": 0.037793600403212294,
      "wins": 10,
      "class_f1_mean": [
        0.6683173685514603,
        0.6205655384950195,
        0.697673867991351,
        0.6337096710839167
      ]
    },
    "blend_0.75": {
      "mean": 0.6232479608457834,
      "sd": 0.005227339713646366,
      "delta": 0.005974949718558886,
      "wins": 7,
      "class_f1_mean": [
        0.6162373489488562,
        0.6014698013625035,
        0.6713022137109077,
        0.6039824793608661
      ]
    },
    "pool_blend_0.75": {
      "mean": 0.6113267189875428,
      "sd": 0.005504521410908935,
      "delta": -0.005946292139681686,
      "wins": 3,
      "class_f1_mean": [
        0.5898472902029924,
        0.591674125909066,
        0.6602377964157579,
        0.6035476634223552
      ]
    },
    "blend_1.00": {
      "mean": 0.529186736425362,
      "sd": 0.00040553743255472845,
      "delta": -0.08808627470186267,
      "wins": 0,
      "class_f1_mean": [
        0.4578282614020483,
        0.5183061529165963,
        0.5739667652311737,
        0.5666457661516291
      ]
    },
    "pool_blend_1.00": {
      "mean": 0.529186736425362,
      "sd": 0.00040553743255472845,
      "delta": -0.08808627470186267,
      "wins": 0,
      "class_f1_mean": [
        0.4578282614020483,
        0.5183061529165963,
        0.5739667652311737,
        0.5666457661516291
      ]
    }
  },
  "100": {
    "EXP010": {
      "mean": 0.6195128242719973,
      "sd": 0.004769562795261893,
      "delta": 0.0,
      "wins": 0,
      "class_f1_mean": [
        0.667904586754077,
        0.5725304356628194,
        0.6462306836579984,
        0.5913855910130944
      ]
    },
    "EXPF": {
      "mean": 0.653269495575731,
      "sd": 0.0058105197012517885,
      "delta": 0.03375667130373365,
      "wins": 10,
      "class_f1_mean": [
        0.6757946368105319,
        0.5953163004728645,
        0.6884098554983588,
        0.6535571895211684
      ]
    },
    "H_k": {
      "mean": 0.6525498188141496,
      "sd": 0.006095881201201091,
      "delta": 0.03303699454215232,
      "wins": 10,
      "class_f1_mean": [
        0.6735699782738352,
        0.5971657772199528,
        0.6878249764763309,
        0.6516385432864793
      ]
    },
    "H_mean": {
      "mean": 0.6540121628305597,
      "sd": 0.005918320189920532,
      "delta": 0.03449933855856243,
      "wins": 10,
      "class_f1_mean": [
        0.676623905578989,
        0.5993562952090971,
        0.6881623966947854,
        0.6519060538393674
      ]
    },
    "H_4k": {
      "mean": 0.6492159793391108,
      "sd": 0.006650498957289903,
      "delta": 0.029703155067113508,
      "wins": 10,
      "class_f1_mean": [
        0.6681222993409733,
        0.5990546474756826,
        0.6835542202229915,
        0.6461327503167957
      ]
    },
    "H_half": {
      "mean": 0.6444214406805304,
      "sd": 0.007079033758595087,
      "delta": 0.024908616408533125,
      "wins": 10,
      "class_f1_mean": [
        0.6632162461619673,
        0.5982647012336086,
        0.6765669436821162,
        0.6396378716444296
      ]
    },
    "pool_metric": {
      "mean": 0.6501517660138261,
      "sd": 0.006778632217027137,
      "delta": 0.03063894174182885,
      "wins": 10,
      "class_f1_mean": [
        0.6701588220502082,
        0.595194079048359,
        0.6868856750144017,
        0.6483684879423356
      ]
    },
    "pool_F": {
      "mean": 0.6619010882484377,
      "sd": 0.006922320699593483,
      "delta": 0.042388263976440445,
      "wins": 10,
      "class_f1_mean": [
        0.6831143702142451,
        0.604556809782116,
        0.6888520699797016,
        0.6710811030176881
      ]
    },
    "pool_H": {
      "mean": 0.6616688895044438,
      "sd": 0.0076134446282678635,
      "delta": 0.04215606523244653,
      "wins": 10,
      "class_f1_mean": [
        0.681989398173342,
        0.6064119836042622,
        0.6883973295461561,
        0.669876846694015
      ]
    },
    "LR60": {
      "mean": 0.6692955997649882,
      "sd": 0.007104207138216962,
      "delta": 0.049782775492991,
      "wins": 10,
      "class_f1_mean": [
        0.7115228859715612,
        0.615005372828632,
        0.6973300043302101,
        0.6533241359295499
      ]
    },
    "LR60_smooth": {
      "mean": 0.6834409363576284,
      "sd": 0.008129967433770332,
      "delta": 0.06392811208563114,
      "wins": 10,
      "class_f1_mean": [
        0.7487272423127344,
        0.6426015655732286,
        0.688422159689055,
        0.6540127778554957
      ]
    },
    "RF60": {
      "mean": 0.6734230501073231,
      "sd": 0.006460030257336748,
      "delta": 0.053910225835325745,
      "wins": 10,
      "class_f1_mean": [
        0.713538680173499,
        0.6237761025524872,
        0.7091131945887152,
        0.6472642231145905
      ]
    },
    "RF60_smooth": {
      "mean": 0.7018778568187909,
      "sd": 0.007380947480194265,
      "delta": 0.08236503254679359,
      "wins": 10,
      "class_f1_mean": [
        0.7647043981080468,
        0.6724199669752629,
        0.7099028542200726,
        0.6604842079717812
      ]
    },
    "pool_RF60": {
      "mean": 0.6801688428074346,
      "sd": 0.0049024149258543905,
      "delta": 0.060656018535437374,
      "wins": 10,
      "class_f1_mean": [
        0.717961967055671,
        0.6274593760898012,
        0.7147638768615365,
        0.66049015122273
      ]
    },
    "pool_RF60_smooth": {
      "mean": 0.7072888307859858,
      "sd": 0.005938976776890836,
      "delta": 0.08777600651398856,
      "wins": 10,
      "class_f1_mean": [
        0.7710820964939743,
        0.6782399182574836,
        0.7123718896496866,
        0.6674614187427989
      ]
    },
    "blend_0.00": {
      "mean": 0.6734230501073231,
      "sd": 0.006460030257336748,
      "delta": 0.053910225835325745,
      "wins": 10,
      "class_f1_mean": [
        0.713538680173499,
        0.6237761025524872,
        0.7091131945887152,
        0.6472642231145905
      ]
    },
    "pool_blend_0.00": {
      "mean": 0.6801688428074346,
      "sd": 0.0049024149258543905,
      "delta": 0.060656018535437374,
      "wins": 10,
      "class_f1_mean": [
        0.717961967055671,
        0.6274593760898012,
        0.7147638768615365,
        0.66049015122273
      ]
    },
    "blend_0.25": {
      "mean": 0.6747221281879764,
      "sd": 0.006256845604284032,
      "delta": 0.055209303915979155,
      "wins": 10,
      "class_f1_mean": [
        0.7088414193393817,
        0.6341404415234042,
        0.7120067253626983,
        0.6438999265264218
      ]
    },
    "pool_blend_0.25": {
      "mean": 0.6828408998163883,
      "sd": 0.004846903285705889,
      "delta": 0.0633280755443911,
      "wins": 10,
      "class_f1_mean": [
        0.7139782201262037,
        0.642022073823684,
        0.7174546710667254,
        0.6579086342489402
      ]
    },
    "blend_0.50": {
      "mean": 0.6661057521297701,
      "sd": 0.007204642708821029,
      "delta": 0.04659292785777264,
      "wins": 10,
      "class_f1_mean": [
        0.6892902274401098,
        0.6355973093921888,
        0.7067036196959962,
        0.6328318519907847
      ]
    },
    "pool_blend_0.50": {
      "mean": 0.6694402805451023,
      "sd": 0.005967960343950552,
      "delta": 0.04992745627310489,
      "wins": 10,
      "class_f1_mean": [
        0.6862781849633344,
        0.6411084940858457,
        0.7092504571556918,
        0.6411239859755371
      ]
    },
    "blend_0.75": {
      "mean": 0.6282859208223848,
      "sd": 0.005183965520624615,
      "delta": 0.008773096550387405,
      "wins": 9,
      "class_f1_mean": [
        0.6251343652262372,
        0.6079291371532031,
        0.6754043304615955,
        0.6046758504485028
      ]
    },
    "pool_blend_0.75": {
      "mean": 0.6213786616096033,
      "sd": 0.004883188286721007,
      "delta": 0.0018658373376061466,
      "wins": 7,
      "class_f1_mean": [
        0.6061547450601766,
        0.602860727709873,
        0.6694426017816469,
        0.6070565718867171
      ]
    },
    "blend_1.00": {
      "mean": 0.5286756163511137,
      "sd": 0.0005109003032926276,
      "delta": -0.0908372079208834,
      "wins": 0,
      "class_f1_mean": [
        0.45768208515950226,
        0.5185211269632353,
        0.5739696419472301,
        0.5645296113344876
      ]
    },
    "pool_blend_1.00": {
      "mean": 0.5286756163511137,
      "sd": 0.0005109003032926276,
      "delta": -0.0908372079208834,
      "wins": 0,
      "class_f1_mean": [
        0.45768208515950226,
        0.5185211269632353,
        0.5739696419472301,
        0.5645296113344876
      ]
    }
  },
  "200": {
    "EXP010": {
      "mean": 0.6239824550341563,
      "sd": 0.003646326006963635,
      "delta": 0.0,
      "wins": 0,
      "class_f1_mean": [
        0.6702286186970035,
        0.581466475420454,
        0.6528488326801554,
        0.5913858933390126
      ]
    },
    "EXPF": {
      "mean": 0.6586638928486178,
      "sd": 0.004417220270085537,
      "delta": 0.034681437814461445,
      "wins": 10,
      "class_f1_mean": [
        0.6794965546817258,
        0.6034253640805899,
        0.6952994807105293,
        0.6564341719216262
      ]
    },
    "H_k": {
      "mean": 0.6582452245455478,
      "sd": 0.004046819393992734,
      "delta": 0.034262769511391525,
      "wins": 10,
      "class_f1_mean": [
        0.6784314947425398,
        0.6046362718231255,
        0.6949178880398066,
        0.6549952435767197
      ]
    },
    "H_mean": {
      "mean": 0.6590916462258982,
      "sd": 0.004085558180307973,
      "delta": 0.03510919119174181,
      "wins": 10,
      "class_f1_mean": [
        0.6803337553488839,
        0.6062140380370401,
        0.6951355075158566,
        0.6546832840018119
      ]
    },
    "H_4k": {
      "mean": 0.6563420633924667,
      "sd": 0.0038758284080931907,
      "delta": 0.032359608358310366,
      "wins": 10,
      "class_f1_mean": [
        0.6749439857340995,
        0.6057894696578379,
        0.6934424331876079,
        0.6511923649903214
      ]
    },
    "H_half": {
      "mean": 0.6490871951025553,
      "sd": 0.003713949023743004,
      "delta": 0.025104740068398988,
      "wins": 10,
      "class_f1_mean": [
        0.6666121243189769,
        0.604796688658223,
        0.6844371814151369,
        0.6405027860178845
      ]
    },
    "pool_metric": {
      "mean": 0.6565633049557289,
      "sd": 0.004417462021109709,
      "delta": 0.032580849921572605,
      "wins": 10,
      "class_f1_mean": [
        0.6738896768303548,
        0.6053168071561175,
        0.6956216460755597,
        0.6514250897608835
      ]
    },
    "pool_F": {
      "mean": 0.6697696131141904,
      "sd": 0.004339347140325607,
      "delta": 0.04578715808003386,
      "wins": 10,
      "class_f1_mean": [
        0.687978331213093,
        0.6171526457150877,
        0.6988517504462426,
        0.6750957250823374
      ]
    },
    "pool_H": {
      "mean": 0.669441359631774,
      "sd": 0.004447588960844739,
      "delta": 0.045458904597617665,
      "wins": 10,
      "class_f1_mean": [
        0.687081734129986,
        0.6178216995557246,
        0.6984526330534852,
        0.6744093717879003
      ]
    },
    "LR60": {
      "mean": 0.6832754015658893,
      "sd": 0.006498761018422902,
      "delta": 0.059292946531733025,
      "wins": 10,
      "class_f1_mean": [
        0.725692867136069,
        0.6328207861959326,
        0.7078262618561327,
        0.666761691075423
      ]
    },
    "LR60_smooth": {
      "mean": 0.6957633844226272,
      "sd": 0.007895541269670478,
      "delta": 0.07178092938847087,
      "wins": 10,
      "class_f1_mean": [
        0.7615661731854868,
        0.6610046100511024,
        0.6951430520092658,
        0.6653397024446539
      ]
    },
    "RF60": {
      "mean": 0.6897290842071313,
      "sd": 0.004702825756916714,
      "delta": 0.06574662917297497,
      "wins": 10,
      "class_f1_mean": [
        0.7312141489153913,
        0.6499917482923098,
        0.7211103047707811,
        0.6566001348500432
      ]
    },
    "RF60_smooth": {
      "mean": 0.7191926670186808,
      "sd": 0.006286531768048763,
      "delta": 0.09521021198452445,
      "wins": 10,
      "class_f1_mean": [
        0.7808634047277137,
        0.7006369555831438,
        0.7202746658459931,
        0.6749956419178726
      ]
    },
    "pool_RF60": {
      "mean": 0.6949226001150491,
      "sd": 0.00413739817598706,
      "delta": 0.07094014508089277,
      "wins": 10,
      "class_f1_mean": [
        0.7324676416847558,
        0.6537030431003805,
        0.7241005233146767,
        0.6694191923603835
      ]
    },
    "pool_RF60_smooth": {
      "mean": 0.7226156106805931,
      "sd": 0.007058324259328295,
      "delta": 0.09863315564643674,
      "wins": 10,
      "class_f1_mean": [
        0.7850754355733345,
        0.703871702697721,
        0.7219879848144061,
        0.6795273196369107
      ]
    },
    "blend_0.00": {
      "mean": 0.6897290842071313,
      "sd": 0.004702825756916714,
      "delta": 0.06574662917297497,
      "wins": 10,
      "class_f1_mean": [
        0.7312141489153913,
        0.6499917482923098,
        0.7211103047707811,
        0.6566001348500432
      ]
    },
    "pool_blend_0.00": {
      "mean": 0.6949226001150491,
      "sd": 0.00413739817598706,
      "delta": 0.07094014508089277,
      "wins": 10,
      "class_f1_mean": [
        0.7324676416847558,
        0.6537030431003805,
        0.7241005233146767,
        0.6694191923603835
      ]
    },
    "blend_0.25": {
      "mean": 0.6889268086319001,
      "sd": 0.004388196053434311,
      "delta": 0.06494435359774368,
      "wins": 10,
      "class_f1_mean": [
        0.7255519387549402,
        0.656406472662493,
        0.7215397727742255,
        0.6522090503359415
      ]
    },
    "pool_blend_0.25": {
      "mean": 0.6951446761127656,
      "sd": 0.003147501322908588,
      "delta": 0.07116222107860934,
      "wins": 10,
      "class_f1_mean": [
        0.7278848752909796,
        0.6638690987812375,
        0.7249226396529249,
        0.6639020907259209
      ]
    },
    "blend_0.50": {
      "mean": 0.677062021089697,
      "sd": 0.004138615242136892,
      "delta": 0.053079566055540685,
      "wins": 10,
      "class_f1_mean": [
        0.7026777520075604,
        0.653874802758718,
        0.7142880569643197,
        0.6374074726281902
      ]
    },
    "pool_blend_0.50": {
      "mean": 0.6776152062225032,
      "sd": 0.0035409864746043223,
      "delta": 0.05363275118834684,
      "wins": 10,
      "class_f1_mean": [
        0.6980704286771477,
        0.6561501509201273,
        0.7134675906886678,
        0.6427726546040698
      ]
    },
    "blend_0.75": {
      "mean": 0.6360276454546421,
      "sd": 0.0034710291252325266,
      "delta": 0.012045190420485751,
      "wins": 10,
      "class_f1_mean": [
        0.6355843795332538,
        0.6208388395373349,
        0.6815486846276573,
        0.6061386781203225
      ]
    },
    "pool_blend_0.75": {
      "mean": 0.6284056895347432,
      "sd": 0.0035877948280709213,
      "delta": 0.004423234500586926,
      "wins": 8,
      "class_f1_mean": [
        0.6181375005661803,
        0.6139488900567558,
        0.6748612669388946,
        0.6066751005771425
      ]
    },
    "blend_1.00": {
      "mean": 0.527667027033351,
      "sd": 0.0005816045677102266,
      "delta": -0.09631542800080525,
      "wins": 0,
      "class_f1_mean": [
        0.4574992048011139,
        0.5190911156411067,
        0.573782734265193,
        0.5602950534259906
      ]
    },
    "pool_blend_1.00": {
      "mean": 0.527667027033351,
      "sd": 0.0005816045677102266,
      "delta": -0.09631542800080525,
      "wins": 0,
      "class_f1_mean": [
        0.4574992048011139,
        0.5190911156411067,
        0.573782734265193,
        0.5602950534259906
      ]
    }
  }
}
