audit 1 0 5
audit 1 0 25
audit 1 0 50
audit 1 0 100
audit 1 0 200
audit 1 1 5
audit 1 1 25
audit 1 1 50
audit 1 1 100
audit 1 1 200
audit 1 2 5
audit 1 2 25
audit 1 2 50
audit 1 2 100
audit 1 2 200
audit 1 3 5
audit 1 3 25
audit 1 3 50
audit 1 3 100
audit 1 3 200
audit 1 4 5
audit 1 4 25
audit 1 4 50
audit 1 4 100
audit 1 4 200
audit 1 5 5
audit 1 5 25
audit 1 5 50
audit 1 5 100
audit 1 5 200
audit 1 6 5
audit 1 6 25
audit 1 6 50
audit 1 6 100
audit 1 6 200
audit 1 7 5
audit 1 7 25
audit 1 7 50
audit 1 7 100
audit 1 7 200
audit 1 8 5
audit 1 8 25
audit 1 8 50
audit 1 8 100
audit 1 8 200
audit 1 9 5
audit 1 9 25
audit 1 9 50
audit 1 9 100
audit 1 9 200
{
  "5": {
    "mean": 0.6510440838173619,
    "sd": 0.012631841475831298,
    "delta": 0.09861583252580138,
    "wins": 10,
    "class_f1_mean": [
      0.7025093951343528,
      0.6046804310392997,
      0.6776487716848354,
      0.6193377374109595
    ]
  },
  "25": {
    "mean": 0.6889369448793962,
    "sd": 0.011229725115923534,
    "delta": 0.07676276319242945,
    "wins": 10,
    "class_f1_mean": [
      0.7341449647489389,
      0.6472017323288336,
      0.7164404174784992,
      0.657960664961313
    ]
  },
  "50": {
    "mean": 0.7002893292775829,
    "sd": 0.00868922068432667,
    "delta": 0.08301631815035834,
    "wins": 10,
    "class_f1_mean": [
      0.7491000185159371,
      0.6589319236772623,
      0.7170635296431958,
      0.6760618452739366
    ]
  },
  "100": {
    "mean": 0.7169969373660733,
    "sd": 0.006024695548261882,
    "delta": 0.09748411309407606,
    "wins": 10,
    "class_f1_mean": [
      0.7674443580132527,
      0.6831277590633055,
      0.7280682708540951,
      0.6893473615336398
    ]
  },
  "200": {
    "mean": 0.7337313728555273,
    "sd": 0.006284508875080902,
    "delta": 0.10974891782137094,
    "wins": 10,
    "class_f1_mean": [
      0.7818585703129545,
      0.709039367649612,
      0.7384420177066827,
      0.7055855357528602
    ]
  }
}
