spatial 1 0 5
spatial 1 0 25
spatial 1 0 50
spatial 1 0 100
spatial 1 0 200
spatial 1 1 5
spatial 1 1 25
spatial 1 1 50
spatial 1 1 100
spatial 1 1 200
spatial 1 2 5
spatial 1 2 25
spatial 1 2 50
spatial 1 2 100
spatial 1 2 200
spatial 1 3 5
spatial 1 3 25
spatial 1 3 50
spatial 1 3 100
spatial 1 3 200
spatial 1 4 5
spatial 1 4 25
spatial 1 4 50
spatial 1 4 100
spatial 1 4 200
spatial 1 5 5
spatial 1 5 25
spatial 1 5 50
spatial 1 5 100
spatial 1 5 200
spatial 1 6 5
spatial 1 6 25
spatial 1 6 50
spatial 1 6 100
spatial 1 6 200
spatial 1 7 5
spatial 1 7 25
spatial 1 7 50
spatial 1 7 100
spatial 1 7 200
spatial 1 8 5
spatial 1 8 25
spatial 1 8 50
spatial 1 8 100
spatial 1 8 200
spatial 1 9 5
spatial 1 9 25
spatial 1 9 50
spatial 1 9 100
spatial 1 9 200
{
  "5": {
    "mean": 0.6441861901384032,
    "sd": 0.02064263026844414,
    "delta": 0.1107990622599327,
    "wins": 10,
    "class_f1_mean": [
      0.6837743491725248,
      0.5927847282170029,
      0.6746255978163744,
      0.6255600853477106
    ]
  },
  "25": {
    "mean": 0.6723972451795065,
    "sd": 0.02483524797762719,
    "delta": 0.08825929074842351,
    "wins": 10,
    "class_f1_mean": [
      0.7037931976292164,
      0.6166883301558613,
      0.713163843648447,
      0.6559436092845015
    ]
  },
  "50": {
    "mean": 0.6781304059374179,
    "sd": 0.023271981472958527,
    "delta": 0.06388674394152088,
    "wins": 10,
    "class_f1_mean": [
      0.7123982882581025,
      0.6196632872463275,
      0.710502828703278,
      0.6699572195419633
    ]
  },
  "100": {
    "mean": 0.6847283249748124,
    "sd": 0.024120161233245802,
    "delta": 0.06791879688863152,
    "wins": 10,
    "class_f1_mean": [
      0.7191754695354629,
      0.6218784782053329,
      0.7169695473825254,
      0.6808898047759284
    ]
  },
  "200": {
    "mean": 0.6896720110463443,
    "sd": 0.02054876367817714,
    "delta": 0.07191372520229539,
    "wins": 10,
    "class_f1_mean": [
      0.7166053703358305,
      0.6347636537873362,
      0.7185999226432824,
      0.6887190974189288
    ]
  }
}
