audit 2 0 5
audit 2 0 25
audit 2 0 50
audit 2 0 100
audit 2 0 200
audit 2 1 5
audit 2 1 25
audit 2 1 50
audit 2 1 100
audit 2 1 200
audit 2 2 5
audit 2 2 25
audit 2 2 50
audit 2 2 100
audit 2 2 200
audit 2 3 5
audit 2 3 25
audit 2 3 50
audit 2 3 100
audit 2 3 200
audit 2 4 5
audit 2 4 25
audit 2 4 50
audit 2 4 100
audit 2 4 200
audit 2 5 5
audit 2 5 25
audit 2 5 50
audit 2 5 100
audit 2 5 200
audit 2 6 5
audit 2 6 25
audit 2 6 50
audit 2 6 100
audit 2 6 200
audit 2 7 5
audit 2 7 25
audit 2 7 50
audit 2 7 100
audit 2 7 200
audit 2 8 5
audit 2 8 25
audit 2 8 50
audit 2 8 100
audit 2 8 200
audit 2 9 5
audit 2 9 25
audit 2 9 50
audit 2 9 100
audit 2 9 200
{
  "5": {
    "mean": 0.6507305509153491,
    "sd": 0.012699464616753467,
    "delta": 0.09830229962378864,
    "wins": 10,
    "class_f1_mean": [
      0.7011765343305588,
      0.6048548146181302,
      0.6770396348956057,
      0.619851219817102
    ]
  },
  "25": {
    "mean": 0.6879218813638068,
    "sd": 0.00989732641497951,
    "delta": 0.07574769967684003,
    "wins": 10,
    "class_f1_mean": [
      0.7327945901891377,
      0.6467334702304017,
      0.7163247200544921,
      0.6558347449811955
    ]
  },
  "50": {
    "mean": 0.6985202785197129,
    "sd": 0.009379911349051157,
    "delta": 0.08124726739248836,
    "wins": 10,
    "class_f1_mean": [
      0.748278761573724,
      0.6552720113354844,
      0.7176682098377793,
      0.6728621313318637
    ]
  },
  "100": {
    "mean": 0.7137969336686923,
    "sd": 0.00793844994670348,
    "delta": 0.09428410939669504,
    "wins": 10,
    "class_f1_mean": [
      0.7645922502091385,
      0.6785016042360834,
      0.7260745865542335,
      0.686019293675314
    ]
  },
  "200": {
    "mean": 0.7293237092920164,
    "sd": 0.00721657522210571,
    "delta": 0.10534125425786009,
    "wins": 10,
    "class_f1_mean": [
      0.7791616831117931,
      0.7045323409117045,
      0.7353235996239875,
      0.6982772135205806
    ]
  }
}
