fresh 1 0 5
fresh 1 0 25
fresh 1 0 50
fresh 1 0 100
fresh 1 0 200
fresh 1 1 5
fresh 1 1 25
fresh 1 1 50
fresh 1 1 100
fresh 1 1 200
fresh 1 2 5
fresh 1 2 25
fresh 1 2 50
fresh 1 2 100
fresh 1 2 200
fresh 1 3 5
fresh 1 3 25
fresh 1 3 50
fresh 1 3 100
fresh 1 3 200
fresh 1 4 5
fresh 1 4 25
fresh 1 4 50
fresh 1 4 100
fresh 1 4 200
fresh 1 5 5
fresh 1 5 25
fresh 1 5 50
fresh 1 5 100
fresh 1 5 200
fresh 1 6 5
fresh 1 6 25
fresh 1 6 50
fresh 1 6 100
fresh 1 6 200
fresh 1 7 5
fresh 1 7 25
fresh 1 7 50
fresh 1 7 100
fresh 1 7 200
fresh 1 8 5
fresh 1 8 25
fresh 1 8 50
fresh 1 8 100
fresh 1 8 200
fresh 1 9 5
fresh 1 9 25
fresh 1 9 50
fresh 1 9 100
fresh 1 9 200
{
  "5": {
    "mean": 0.6533695536054085,
    "sd": 0.007355545294851891,
    "delta": 0.07725031574101968,
    "wins": 10,
    "class_f1_mean": [
      0.7014887315025129,
      0.617657055421172,
      0.681223393058042,
      0.6131090344399077
    ]
  },
  "25": {
    "mean": 0.6801955281424965,
    "sd": 0.010043592743418175,
    "delta": 0.06726293256366993,
    "wins": 10,
    "class_f1_mean": [
      0.7257368976815258,
      0.6341647169529934,
      0.7171328853563017,
      0.6437476125791647
    ]
  },
  "50": {
    "mean": 0.6958866742939855,
    "sd": 0.010031182337367068,
    "delta": 0.07250458345173463,
    "wins": 10,
    "class_f1_mean": [
      0.7486163135026468,
      0.6597326895238382,
      0.7162215303648618,
      0.6589761637845954
    ]
  },
  "100": {
    "mean": 0.7150321180379609,
    "sd": 0.010942897349117697,
    "delta": 0.08931741553426054,
    "wins": 10,
    "class_f1_mean": [
      0.7659046752507004,
      0.6843630146771661,
      0.7276929224771089,
      0.6821678597468684
    ]
  },
  "200": {
    "mean": 0.7309831382545424,
    "sd": 0.007792177391583543,
    "delta": 0.10641939291192248,
    "wins": 10,
    "class_f1_mean": [
      0.7831492571166241,
      0.7099822610674213,
      0.737893483881558,
      0.692907550952566
    ]
  }
}
