audit 0 5 done
audit 0 25 done
audit 0 50 done
audit 0 100 done
audit 0 200 done
audit 1 5 done
audit 1 25 done
audit 1 50 done
audit 1 100 done
audit 1 200 done
audit 2 5 done
audit 2 25 done
audit 2 50 done
audit 2 100 done
audit 2 200 done
audit 3 5 done
audit 3 25 done
audit 3 50 done
audit 3 100 done
audit 3 200 done
audit 4 5 done
audit 4 25 done
audit 4 50 done
audit 4 100 done
audit 4 200 done
audit 5 5 done
audit 5 25 done
audit 5 50 done
audit 5 100 done
audit 5 200 done
audit 6 5 done
audit 6 25 done
audit 6 50 done
audit 6 100 done
audit 6 200 done
audit 7 5 done
audit 7 25 done
audit 7 50 done
audit 7 100 done
audit 7 200 done
audit 8 5 done
audit 8 25 done
audit 8 50 done
audit 8 100 done
audit 8 200 done
audit 9 5 done
audit 9 25 done
audit 9 50 done
audit 9 100 done
audit 9 200 done
{
  "5": {
    "context_raw": {
      "mean": 0.5602627293288058,
      "sd": 0.03177438625000894,
      "delta": 0.00783447803724529,
      "wins": 4,
      "class_f1_mean": [
        0.6267457237187458,
        0.4849786875860391,
        0.5957001358998155,
        0.5336263701106227
      ]
    },
    "context_raw_grid": {
      "mean": 0.5674795806744448,
      "sd": 0.032483166102052055,
      "delta": 0.015051329382884221,
      "wins": 7,
      "class_f1_mean": [
        0.6360182661658285,
        0.4898100224764409,
        0.6019192743871151,
        0.5421707596683946
      ]
    },
    "context_raw_cc1": {
      "mean": 0.6147711645565613,
      "sd": 0.013996775794326137,
      "delta": 0.062342913265000834,
      "wins": 10,
      "class_f1_mean": [
        0.6514994254242519,
        0.6114086135571111,
        0.5845146674907159,
        0.6116619517541666
      ]
    },
    "context_raw_cc1_grid": {
      "mean": 0.629923937817354,
      "sd": 0.015814027372109147,
      "delta": 0.07749568652579332,
      "wins": 10,
      "class_f1_mean": [
        0.6827556411910052,
        0.6305727663280095,
        0.5888705647564734,
        0.6174967789939274
      ]
    },
    "context_pool": {
      "mean": 0.5044937805162094,
      "sd": 0.04595031959948982,
      "delta": -0.04793447077535094,
      "wins": 1,
      "class_f1_mean": [
        0.5736327650161754,
        0.42096210127563366,
        0.49090474578072446,
        0.5324755099923049
      ]
    },
    "context_pool_grid": {
      "mean": 0.5193735694826085,
      "sd": 0.05075273996467238,
      "delta": -0.033054681808952005,
      "wins": 1,
      "class_f1_mean": [
        0.5942712674931172,
        0.42667504774780846,
        0.502265432711959,
        0.5542825299775493
      ]
    },
    "context_pool_cc1": {
      "mean": 0.5895791544721968,
      "sd": 0.012988703575780745,
      "delta": 0.037150903180636255,
      "wins": 6,
      "class_f1_mean": [
        0.6318087199969009,
        0.5935403973514034,
        0.5195853514685961,
        0.6133821490718867
      ]
    },
    "context_pool_cc1_grid": {
      "mean": 0.606258395018112,
      "sd": 0.014633192860026002,
      "delta": 0.053830143726551406,
      "wins": 8,
      "class_f1_mean": [
        0.667446266302387,
        0.6154571381763175,
        0.5195824875691022,
        0.6225476880246409
      ]
    }
  },
  "25": {
    "context_raw": {
      "mean": 0.6558591185440659,
      "sd": 0.014266297323665534,
      "delta": 0.043684936857099066,
      "wins": 10,
      "class_f1_mean": [
        0.7009215926618979,
        0.6003938461869621,
        0.6910290310916819,
        0.6310920042357213
      ]
    },
    "context_raw_grid": {
      "mean": 0.6628343626715714,
      "sd": 0.012848271636238069,
      "delta": 0.05066018098460455,
      "wins": 10,
      "class_f1_mean": [
        0.7137707324853283,
        0.6110593423666705,
        0.6920565054600418,
        0.6344508703742445
      ]
    },
    "context_raw_cc1": {
      "mean": 0.6646278268377024,
      "sd": 0.011565094483687952,
      "delta": 0.05245364515073545,
      "wins": 10,
      "class_f1_mean": [
        0.7030263025413687,
        0.6288945241136258,
        0.695167895946957,
        0.6314225847488573
      ]
    },
    "context_raw_cc1_grid": {
      "mean": 0.6718545050935334,
      "sd": 0.010530379741988631,
      "delta": 0.059680323406566614,
      "wins": 10,
      "class_f1_mean": [
        0.7181107438358837,
        0.6406096979301135,
        0.694356144757418,
        0.6343414338507182
      ]
    },
    "context_pool": {
      "mean": 0.6419528832634075,
      "sd": 0.010553056132555591,
      "delta": 0.029778701576440747,
      "wins": 10,
      "class_f1_mean": [
        0.6848040967048342,
        0.5748604564848814,
        0.6777032772580467,
        0.6304437026058678
      ]
    },
    "context_pool_grid": {
      "mean": 0.6582871471867827,
      "sd": 0.010841436254290706,
      "delta": 0.04611296549981592,
      "wins": 10,
      "class_f1_mean": [
        0.7052255321979498,
        0.5933345178851865,
        0.68929963322075,
        0.6452889054432445
      ]
    },
    "context_pool_cc1": {
      "mean": 0.665578473217374,
      "sd": 0.010881176334807823,
      "delta": 0.053404291530407114,
      "wins": 10,
      "class_f1_mean": [
        0.699527336228982,
        0.6356602650435359,
        0.686434081300281,
        0.6406922102966968
      ]
    },
    "context_pool_cc1_grid": {
      "mean": 0.6784073742829547,
      "sd": 0.009969022150818298,
      "delta": 0.06623319259598794,
      "wins": 10,
      "class_f1_mean": [
        0.7197830238240692,
        0.6526446348168696,
        0.6929211470333836,
        0.6482806914574963
      ]
    }
  },
  "50": {
    "context_raw": {
      "mean": 0.6728294294936872,
      "sd": 0.010402933999252123,
      "delta": 0.055556418366462634,
      "wins": 10,
      "class_f1_mean": [
        0.7202404368368994,
        0.6220439725501568,
        0.7037659546064073,
        0.6452673539812852
      ]
    },
    "context_raw_grid": {
      "mean": 0.6805842440575216,
      "sd": 0.010230578472700801,
      "delta": 0.06331123293029711,
      "wins": 10,
      "class_f1_mean": [
        0.7317833256786168,
        0.6318175224385131,
        0.7059582224721792,
        0.6527779056407775
      ]
    },
    "context_raw_cc1": {
      "mean": 0.6773060408333309,
      "sd": 0.009914885134625821,
      "delta": 0.0600330297061064,
      "wins": 10,
      "class_f1_mean": [
        0.7221837536600282,
        0.6363306387137027,
        0.7046690420273856,
        0.6460407289322073
      ]
    },
    "context_raw_cc1_grid": {
      "mean": 0.6852810466164024,
      "sd": 0.009692085563009122,
      "delta": 0.06800803548917794,
      "wins": 10,
      "class_f1_mean": [
        0.7340729589682985,
        0.6472700259158404,
        0.7068272083905429,
        0.6529539931909281
      ]
    },
    "context_pool": {
      "mean": 0.6654266264480645,
      "sd": 0.00835955375448353,
      "delta": 0.04815361532083996,
      "wins": 10,
      "class_f1_mean": [
        0.7144642945275894,
        0.6090784448660178,
        0.6968213038197072,
        0.6413424625789437
      ]
    },
    "context_pool_grid": {
      "mean": 0.6802885904132501,
      "sd": 0.007867524878397465,
      "delta": 0.06301557928602551,
      "wins": 10,
      "class_f1_mean": [
        0.732163820764472,
        0.6269707026752764,
        0.7058044245040775,
        0.6562154137091744
      ]
    },
    "context_pool_cc1": {
      "mean": 0.6772953594510773,
      "sd": 0.007066107639113143,
      "delta": 0.06002234832385285,
      "wins": 10,
      "class_f1_mean": [
        0.7206089089408481,
        0.6374947140107988,
        0.7033196026012534,
        0.6477582122514092
      ]
    },
    "context_pool_cc1_grid": {
      "mean": 0.6902364495649234,
      "sd": 0.006360406244532361,
      "delta": 0.07296343843769888,
      "wins": 10,
      "class_f1_mean": [
        0.7387945752119361,
        0.6548766978947592,
        0.7081753808236081,
        0.6590991443293902
      ]
    }
  },
  "100": {
    "context_raw": {
      "mean": 0.6960371869137278,
      "sd": 0.004330261219661129,
      "delta": 0.07652436264173054,
      "wins": 10,
      "class_f1_mean": [
        0.7419558955727656,
        0.6579239880220457,
        0.7185993900842661,
        0.6656694739758339
      ]
    },
    "context_raw_grid": {
      "mean": 0.7049780652138696,
      "sd": 0.004054424808818476,
      "delta": 0.0854652409418724,
      "wins": 10,
      "class_f1_mean": [
        0.7539881570092979,
        0.6706009521948048,
        0.7212282868251438,
        0.6740948648262324
      ]
    },
    "context_raw_cc1": {
      "mean": 0.6972398828037025,
      "sd": 0.004998282009089413,
      "delta": 0.07772705853170515,
      "wins": 10,
      "class_f1_mean": [
        0.742049589503734,
        0.6631009723255484,
        0.7191550297009693,
        0.664653939684558
      ]
    },
    "context_raw_cc1_grid": {
      "mean": 0.7064457685810749,
      "sd": 0.00443047915347265,
      "delta": 0.08693294430907758,
      "wins": 10,
      "class_f1_mean": [
        0.7548959805374652,
        0.6765574844015743,
        0.7212064561075914,
        0.6731231532776685
      ]
    },
    "context_pool": {
      "mean": 0.6879739264001549,
      "sd": 0.004687407281360095,
      "delta": 0.06846110212815755,
      "wins": 10,
      "class_f1_mean": [
        0.7357059422577228,
        0.644166434786369,
        0.7128465206307093,
        0.6591768079258182
      ]
    },
    "context_pool_grid": {
      "mean": 0.7037452340614894,
      "sd": 0.004854361830307328,
      "delta": 0.08423240978949212,
      "wins": 10,
      "class_f1_mean": [
        0.7548606439009596,
        0.663768935221247,
        0.721906228114362,
        0.6744451290093891
      ]
    },
    "context_pool_cc1": {
      "mean": 0.6927977866327892,
      "sd": 0.004638328990106153,
      "delta": 0.0732849623607919,
      "wins": 10,
      "class_f1_mean": [
        0.7386615707101568,
        0.6564746175505665,
        0.7149174320463696,
        0.6611375262240639
      ]
    },
    "context_pool_cc1_grid": {
      "mean": 0.7074304240126604,
      "sd": 0.00483011241713408,
      "delta": 0.08791759974066313,
      "wins": 10,
      "class_f1_mean": [
        0.7576471252067076,
        0.6750474124650911,
        0.7225913213197276,
        0.6744358370591154
      ]
    }
  },
  "200": {
    "context_raw": {
      "mean": 0.7110431409470809,
      "sd": 0.004459063857060835,
      "delta": 0.0870606859129246,
      "wins": 10,
      "class_f1_mean": [
        0.7562197878314314,
        0.6804722025412684,
        0.7304133319562969,
        0.6770672414593271
      ]
    },
    "context_raw_grid": {
      "mean": 0.7203533092850167,
      "sd": 0.005230236817109234,
      "delta": 0.09637085425086046,
      "wins": 10,
      "class_f1_mean": [
        0.7690836458617492,
        0.6948850871725172,
        0.7316690014722196,
        0.6857755026335812
      ]
    },
    "context_raw_cc1": {
      "mean": 0.7112097986615339,
      "sd": 0.004719073271332989,
      "delta": 0.08722734362737769,
      "wins": 10,
      "class_f1_mean": [
        0.7564242396956153,
        0.6827027686307929,
        0.730166203281307,
        0.675545983038421
      ]
    },
    "context_raw_cc1_grid": {
      "mean": 0.7203064836559194,
      "sd": 0.00529848639085775,
      "delta": 0.09632402862176305,
      "wins": 10,
      "class_f1_mean": [
        0.7687905507857453,
        0.6963917124886148,
        0.7313728836643467,
        0.6846707876849706
      ]
    },
    "context_pool": {
      "mean": 0.7073527434821756,
      "sd": 0.006916996446170618,
      "delta": 0.08337028844801922,
      "wins": 10,
      "class_f1_mean": [
        0.7530633324582455,
        0.6757307866112852,
        0.7261582608623486,
        0.6744585939968231
      ]
    },
    "context_pool_grid": {
      "mean": 0.7221747108284035,
      "sd": 0.007450262414667408,
      "delta": 0.0981922557942472,
      "wins": 10,
      "class_f1_mean": [
        0.771754315290872,
        0.6942031506552151,
        0.7344184613736949,
        0.688322915993832
      ]
    },
    "context_pool_cc1": {
      "mean": 0.7092269585887732,
      "sd": 0.00689345196285346,
      "delta": 0.08524450355461684,
      "wins": 10,
      "class_f1_mean": [
        0.7544556343720945,
        0.6808481095703249,
        0.7269830356363818,
        0.6746210547762915
      ]
    },
    "context_pool_cc1_grid": {
      "mean": 0.7235044129409314,
      "sd": 0.0072619920858633035,
      "delta": 0.09952195790677508,
      "wins": 10,
      "class_f1_mean": [
        0.7728659518891949,
        0.6985294170596343,
        0.7347781087275054,
        0.6878441740873908
      ]
    }
  }
}
