yspatial episode 1 / 10
yspatial episode 2 / 10
yspatial episode 3 / 10
yspatial episode 4 / 10
yspatial episode 5 / 10
yspatial episode 6 / 10
yspatial episode 7 / 10
yspatial episode 8 / 10
yspatial episode 9 / 10
yspatial episode 10 / 10
{
  "5": {
    "ASTRA_AGF": {
      "mean": 0.6530840531804365,
      "sd": 0.06254475933917207,
      "delta": 0.07862439821670657,
      "wins": 10,
      "class_f1_mean": [
        0.6774309560045614,
        0.6187897799266123,
        0.6888264992370854,
        0.6272889775534864
      ]
    },
    "EXP010": {
      "mean": 0.5744596549637297,
      "sd": 0.04795024248478483,
      "delta": 0.0,
      "wins": 0,
      "class_f1_mean": [
        0.6476963616289483,
        0.4863774076154984,
        0.5918209397363492,
        0.5719439108741231
      ]
    },
    "EXPF": {
      "mean": 0.5310756203921744,
      "sd": 0.059467207203233105,
      "delta": -0.04338403457155533,
      "wins": 3,
      "class_f1_mean": [
        0.5736135363779982,
        0.47502128251092907,
        0.5734018565000379,
        0.5022658061797326
      ]
    },
    "EXPH": {
      "mean": 0.5765146864048473,
      "sd": 0.048863787843118525,
      "delta": 0.0020550314411174496,
      "wins": 5,
      "class_f1_mean": [
        0.6198583747190798,
        0.5151944436624822,
        0.6131292786300481,
        0.5578766486077786
      ]
    }
  },
  "25": {
    "ASTRA_AGF": {
      "mean": 0.6770156156376488,
      "sd": 0.059959299756292085,
      "delta": 0.07508457965999765,
      "wins": 10,
      "class_f1_mean": [
        0.6982869397991613,
        0.6338743196806573,
        0.7166488783846346,
        0.659252324686142
      ]
    },
    "EXP010": {
      "mean": 0.6019310359776512,
      "sd": 0.05659980864596752,
      "delta": 0.0,
      "wins": 0,
      "class_f1_mean": [
        0.6303808965462581,
        0.5454455187599726,
        0.6360191629573331,
        0.595878565647041
      ]
    },
    "EXPF": {
      "mean": 0.6210317781715406,
      "sd": 0.05574811272663351,
      "delta": 0.019100742193889443,
      "wins": 10,
      "class_f1_mean": [
        0.6346356858527387,
        0.5681459514922251,
        0.6647507498692764,
        0.616594725471922
      ]
    },
    "EXPH": {
      "mean": 0.6277095987524642,
      "sd": 0.06246112591892537,
      "delta": 0.025778562774813073,
      "wins": 10,
      "class_f1_mean": [
        0.6436033432824242,
        0.5828586406134963,
        0.6653941393375253,
        0.6189822717764112
      ]
    }
  },
  "50": {
    "ASTRA_AGF": {
      "mean": 0.6812325447783991,
      "sd": 0.05222334650230808,
      "delta": 0.06679813856372696,
      "wins": 10,
      "class_f1_mean": [
        0.7108791301085302,
        0.6368996737523245,
        0.7141128690437875,
        0.6630385062089542
      ]
    },
    "EXP010": {
      "mean": 0.6144344062146722,
      "sd": 0.05560729166179351,
      "delta": 0.0,
      "wins": 0,
      "class_f1_mean": [
        0.6363325071610767,
        0.5659058341881047,
        0.6530058444463683,
        0.6024934390631389
      ]
    },
    "EXPF": {
      "mean": 0.6341723972857943,
      "sd": 0.05037194487542299,
      "delta": 0.019737991071122195,
      "wins": 10,
      "class_f1_mean": [
        0.6488123838375887,
        0.5761122766803936,
        0.6775423510026968,
        0.6342225776224986
      ]
    },
    "EXPH": {
      "mean": 0.6394219650237465,
      "sd": 0.05644546703516146,
      "delta": 0.024987558809074283,
      "wins": 10,
      "class_f1_mean": [
        0.6548742309777646,
        0.589104943746872,
        0.6792237941831809,
        0.6344848911871683
      ]
    }
  },
  "100": {
    "ASTRA_AGF": {
      "mean": 0.6959962279218033,
      "sd": 0.0472083820096529,
      "delta": 0.08095874765760386,
      "wins": 10,
      "class_f1_mean": [
        0.7208434288966464,
        0.6598897563561026,
        0.726040059801521,
        0.6772116666329431
      ]
    },
    "EXP010": {
      "mean": 0.6150374802641994,
      "sd": 0.058615415251269364,
      "delta": 0.0,
      "wins": 0,
      "class_f1_mean": [
        0.6379370773239227,
        0.5691730671936666,
        0.6526614824635512,
        0.600378294075657
      ]
    },
    "EXPF": {
      "mean": 0.6424903495256984,
      "sd": 0.056866102387161645,
      "delta": 0.02745286926149896,
      "wins": 10,
      "class_f1_mean": [
        0.6524800541307424,
        0.5920275793810792,
        0.6859558424564917,
        0.63949792213448
      ]
    },
    "EXPH": {
      "mean": 0.6445517774509361,
      "sd": 0.05969527841260184,
      "delta": 0.02951429718673664,
      "wins": 10,
      "class_f1_mean": [
        0.6542542681095143,
        0.5970543362617826,
        0.6868232092370147,
        0.6400752961954325
      ]
    }
  },
  "200": {
    "ASTRA_AGF": {
      "mean": 0.7050828175015309,
      "sd": 0.047647425479380875,
      "delta": 0.08698412880017968,
      "wins": 10,
      "class_f1_mean": [
        0.7284250157392258,
        0.6723625782054363,
        0.7278735020690694,
        0.6916701739923922
      ]
    },
    "EXP010": {
      "mean": 0.6180986887013513,
      "sd": 0.060302418446341946,
      "delta": 0.0,
      "wins": 0,
      "class_f1_mean": [
        0.6399342483810269,
        0.5706682990199948,
        0.6554950835032007,
        0.6062971239011826
      ]
    },
    "EXPF": {
      "mean": 0.6469158253809124,
      "sd": 0.05997708035885569,
      "delta": 0.02881713667956116,
      "wins": 10,
      "class_f1_mean": [
        0.6549267718330327,
        0.5970002652041174,
        0.6911824888804896,
        0.6445537756060099
      ]
    },
    "EXPH": {
      "mean": 0.647862838614673,
      "sd": 0.06157461338960827,
      "delta": 0.02976414991332168,
      "wins": 10,
      "class_f1_mean": [
        0.6561044697585191,
        0.5995545691213524,
        0.6916055574472673,
        0.6441867581315529
      ]
    }
  }
}
