100 episode 1 / 100
100 episode 2 / 100
100 episode 3 / 100
100 episode 4 / 100
100 episode 5 / 100
100 episode 6 / 100
100 episode 7 / 100
100 episode 8 / 100
100 episode 9 / 100
100 episode 10 / 100
100 episode 11 / 100
100 episode 12 / 100
100 episode 13 / 100
100 episode 14 / 100
100 episode 15 / 100
100 episode 16 / 100
100 episode 17 / 100
100 episode 18 / 100
100 episode 19 / 100
100 episode 20 / 100
100 episode 21 / 100
100 episode 22 / 100
100 episode 23 / 100
100 episode 24 / 100
100 episode 25 / 100
100 episode 26 / 100
100 episode 27 / 100
100 episode 28 / 100
100 episode 29 / 100
100 episode 30 / 100
100 episode 31 / 100
100 episode 32 / 100
100 episode 33 / 100
100 episode 34 / 100
100 episode 35 / 100
100 episode 36 / 100
100 episode 37 / 100
100 episode 38 / 100
100 episode 39 / 100
100 episode 40 / 100
100 episode 41 / 100
100 episode 42 / 100
100 episode 43 / 100
100 episode 44 / 100
100 episode 45 / 100
100 episode 46 / 100
100 episode 47 / 100
100 episode 48 / 100
100 episode 49 / 100
100 episode 50 / 100
100 episode 51 / 100
100 episode 52 / 100
100 episode 53 / 100
100 episode 54 / 100
100 episode 55 / 100
100 episode 56 / 100
100 episode 57 / 100
100 episode 58 / 100
100 episode 59 / 100
100 episode 60 / 100
100 episode 61 / 100
100 episode 62 / 100
100 episode 63 / 100
100 episode 64 / 100
100 episode 65 / 100
100 episode 66 / 100
100 episode 67 / 100
100 episode 68 / 100
100 episode 69 / 100
100 episode 70 / 100
100 episode 71 / 100
100 episode 72 / 100
100 episode 73 / 100
100 episode 74 / 100
100 episode 75 / 100
100 episode 76 / 100
100 episode 77 / 100
100 episode 78 / 100
100 episode 79 / 100
100 episode 80 / 100
100 episode 81 / 100
100 episode 82 / 100
100 episode 83 / 100
100 episode 84 / 100
100 episode 85 / 100
100 episode 86 / 100
100 episode 87 / 100
100 episode 88 / 100
100 episode 89 / 100
100 episode 90 / 100
100 episode 91 / 100
100 episode 92 / 100
100 episode 93 / 100
100 episode 94 / 100
100 episode 95 / 100
100 episode 96 / 100
100 episode 97 / 100
100 episode 98 / 100
100 episode 99 / 100
100 episode 100 / 100
{
  "5": {
    "ASTRA_AGF": {
      "mean": 0.6529026869458866,
      "sd": 0.011410085382660367,
      "delta": 0.07873135343952647,
      "wins": 100,
      "class_f1_mean": [
        0.7013841242410918,
        0.6118682883230602,
        0.6808636876111579,
        0.617494647608236
      ]
    },
    "EXP010": {
      "mean": 0.5741713335063602,
      "sd": 0.039163854225997614,
      "delta": 0.0,
      "wins": 0,
      "class_f1_mean": [
        0.662039243207563,
        0.48882700004837804,
        0.5786049511365525,
        0.5672141396329473
      ]
    },
    "EXPF": {
      "mean": 0.5586335062816626,
      "sd": 0.04747553027801199,
      "delta": -0.015537827224697421,
      "wins": 35,
      "class_f1_mean": [
        0.6142463924053314,
        0.47763992985994236,
        0.5857951964836107,
        0.5568525063777661
      ]
    },
    "EXPH": {
      "mean": 0.5777340752928705,
      "sd": 0.04250524010671334,
      "delta": 0.003562741786510482,
      "wins": 62,
      "class_f1_mean": [
        0.6316326232603557,
        0.504187118319479,
        0.5974094621610383,
        0.5777070974306094
      ]
    }
  },
  "25": {
    "ASTRA_AGF": {
      "mean": 0.6831534286442804,
      "sd": 0.013056383517837864,
      "delta": 0.07324874528582351,
      "wins": 100,
      "class_f1_mean": [
        0.731315349868187,
        0.6399758766452709,
        0.7137524730093524,
        0.6475700150543117
      ]
    },
    "EXP010": {
      "mean": 0.609904683358457,
      "sd": 0.016720896611996373,
      "delta": 0.0,
      "wins": 0,
      "class_f1_mean": [
        0.6578272467854646,
        0.5588606429326967,
        0.6307255458411645,
        0.5922052978745022
      ]
    },
    "EXPF": {
      "mean": 0.6341564939734414,
      "sd": 0.015235509440401999,
      "delta": 0.024251810614984395,
      "wins": 96,
      "class_f1_mean": [
        0.6626101953598643,
        0.5733876307229334,
        0.6703119233223161,
        0.6303162264886519
      ]
    },
    "EXPH": {
      "mean": 0.6384733747434488,
      "sd": 0.013663515816571149,
      "delta": 0.02856869138499187,
      "wins": 100,
      "class_f1_mean": [
        0.6678263544753226,
        0.5881263826736728,
        0.6692968056109041,
        0.6286439562138962
      ]
    }
  },
  "50": {
    "ASTRA_AGF": {
      "mean": 0.7015596005289088,
      "sd": 0.00979869175286581,
      "delta": 0.08165211800965025,
      "wins": 100,
      "class_f1_mean": [
        0.7520660386205015,
        0.6636554955017168,
        0.7217490228589096,
        0.6687678451345072
      ]
    },
    "EXP010": {
      "mean": 0.6199074825192585,
      "sd": 0.008840905145839451,
      "delta": 0.0,
      "wins": 0,
      "class_f1_mean": [
        0.6640696115258429,
        0.5754116898012507,
        0.6426544698473351,
        0.5974941589026058
      ]
    },
    "EXPF": {
      "mean": 0.6495641603578651,
      "sd": 0.008440114480413343,
      "delta": 0.029656677838606593,
      "wins": 100,
      "class_f1_mean": [
        0.6737364148665964,
        0.5934421481226214,
        0.6853773776427791,
        0.6457007007994635
      ]
    },
    "EXPH": {
      "mean": 0.6509681835671493,
      "sd": 0.008053873398814264,
      "delta": 0.031060701047890778,
      "wins": 100,
      "class_f1_mean": [
        0.6753205721327652,
        0.6008651906329373,
        0.6840550139981922,
        0.6436319575047024
      ]
    }
  },
  "100": {
    "ASTRA_AGF": {
      "mean": 0.7191987353293201,
      "sd": 0.007682112148512209,
      "delta": 0.09618846795738939,
      "wins": 100,
      "class_f1_mean": [
        0.7695607782987473,
        0.6877509464652527,
        0.7313041126773462,
        0.6881791038759338
      ]
    },
    "EXP010": {
      "mean": 0.6230102673719307,
      "sd": 0.004884456797367146,
      "delta": 0.0,
      "wins": 0,
      "class_f1_mean": [
        0.6658037394089679,
        0.5808800016139979,
        0.6467790723989882,
        0.5985782560657686
      ]
    },
    "EXPF": {
      "mean": 0.6552820190637861,
      "sd": 0.006493992331518324,
      "delta": 0.0322717516918554,
      "wins": 100,
      "class_f1_mean": [
        0.6759900410519968,
        0.6001012367269273,
        0.6922491815644455,
        0.6527876169117746
      ]
    },
    "EXPH": {
      "mean": 0.6560445419202149,
      "sd": 0.006320331752066283,
      "delta": 0.03303427454828432,
      "wins": 100,
      "class_f1_mean": [
        0.6767389284733922,
        0.6041779850788822,
        0.6917463256301226,
        0.6515149284984626
      ]
    }
  },
  "200": {
    "ASTRA_AGF": {
      "mean": 0.735239224917979,
      "sd": 0.005406342581275248,
      "delta": 0.11079069370872206,
      "wins": 100,
      "class_f1_mean": [
        0.7843429653841447,
        0.7116065146906062,
        0.7424510516415811,
        0.7025563679555844
      ]
    },
    "EXP010": {
      "mean": 0.6244485312092569,
      "sd": 0.0037703870868148284,
      "delta": 0.0,
      "wins": 0,
      "class_f1_mean": [
        0.6669898618960641,
        0.5856112391741889,
        0.6497572388986125,
        0.5954357848681623
      ]
    },
    "EXPF": {
      "mean": 0.6578443891576364,
      "sd": 0.005024662266832895,
      "delta": 0.03339585794837947,
      "wins": 100,
      "class_f1_mean": [
        0.6778384299336874,
        0.6047445640056097,
        0.6955343841719995,
        0.6532601785192488
      ]
    },
    "EXPH": {
      "mean": 0.6581885536960351,
      "sd": 0.00502264465161614,
      "delta": 0.03374002248677819,
      "wins": 100,
      "class_f1_mean": [
        0.6783320989848213,
        0.6070963057286316,
        0.6952302075806238,
        0.6520956024900635
      ]
    }
  }
}
