fresh 0 5 LR 0.597
fresh 0 25 LR done
fresh 0 50 LR done
fresh 0 100 LR done
fresh 0 200 LR done
fresh 1 5 LR done
fresh 1 25 LR done
fresh 1 50 LR done
fresh 1 100 LR done
fresh 1 200 LR done
fresh 2 5 LR done
fresh 2 25 LR done
fresh 2 50 LR done
fresh 2 100 LR done
fresh 2 200 LR done
fresh 3 5 LR done
fresh 3 25 LR done
fresh 3 50 LR done
fresh 3 100 LR done
fresh 3 200 LR done
fresh 4 5 LR done
fresh 4 25 LR done
fresh 4 50 LR done
fresh 4 100 LR done
fresh 4 200 LR done
fresh 5 5 LR done
fresh 5 25 LR done
fresh 5 50 LR done
fresh 5 100 LR done
fresh 5 200 LR done
fresh 6 5 LR done
fresh 6 25 LR done
fresh 6 50 LR done
fresh 6 100 LR done
fresh 6 200 LR done
fresh 7 5 LR done
fresh 7 25 LR done
fresh 7 50 LR done
fresh 7 100 LR done
fresh 7 200 LR done
fresh 8 5 LR done
fresh 8 25 LR done
fresh 8 50 LR done
fresh 8 100 LR done
fresh 8 200 LR done
fresh 9 5 LR done
fresh 9 25 LR done
fresh 9 50 LR done
fresh 9 100 LR done
fresh 9 200 LR done
{
  "5": {
    "EXP010": {
      "mean": 0.5761192378643889,
      "sd": 0.05166985822228448,
      "delta": 0.0,
      "wins": 0,
      "class_f1_mean": [
        0.6641581987846296,
        0.4818549098514239,
        0.584363939831442,
        0.5740999029900605
      ]
    },
    "EXPF": {
      "mean": 0.5655485744555515,
      "sd": 0.044052836554602,
      "delta": -0.010570663408837356,
      "wins": 3,
      "class_f1_mean": [
        0.6010830136944014,
        0.48693836176988103,
        0.5821969296489066,
        0.5919759927090171
      ]
    },
    "H_k": {
      "mean": 0.5543053430817431,
      "sd": 0.04960622230566264,
      "delta": -0.021813894782646004,
      "wins": 0,
      "class_f1_mean": [
        0.5902060627956486,
        0.46759343834719747,
        0.5677182420134467,
        0.5917036291706789
      ]
    },
    "H_mean": {
      "mean": 0.5769554973325016,
      "sd": 0.04534123246057167,
      "delta": 0.0008362594681126545,
      "wins": 6,
      "class_f1_mean": [
        0.6186179910600849,
        0.4924613014091199,
        0.5966209803122469,
        0.6001217165485546
      ]
    },
    "H_4k": {
      "mean": 0.5406132832368499,
      "sd": 0.04988204169082011,
      "delta": -0.03550595462753911,
      "wins": 0,
      "class_f1_mean": [
        0.5809886502726379,
        0.457982133607293,
        0.5443128691483311,
        0.579169479919137
      ]
    },
    "H_half": {
      "mean": 0.5573564457949501,
      "sd": 0.04872441398653589,
      "delta": -0.01876279206943876,
      "wins": 1,
      "class_f1_mean": [
        0.5927747382245945,
        0.47073623513071083,
        0.572830809716381,
        0.5930840001081144
      ]
    },
    "pool_metric": {
      "mean": 0.5222424509734314,
      "sd": 0.06201166964146855,
      "delta": -0.053876786890957526,
      "wins": 0,
      "class_f1_mean": [
        0.5610317697024795,
        0.44495936209795584,
        0.5115837025835631,
        0.5713949695097271
      ]
    },
    "pool_F": {
      "mean": 0.5433257534479983,
      "sd": 0.046442386220741476,
      "delta": -0.032793484416390656,
      "wins": 1,
      "class_f1_mean": [
        0.5558311786640323,
        0.48353132187203796,
        0.5491581710942222,
        0.5847823421617007
      ]
    },
    "pool_H": {
      "mean": 0.5306086886199264,
      "sd": 0.05039631454279242,
      "delta": -0.04551054924446252,
      "wins": 0,
      "class_f1_mean": [
        0.5617906869954359,
        0.45720189375220865,
        0.5263588943283813,
        0.5770832794036796
      ]
    },
    "LR60": {
      "mean": 0.5668820745619831,
      "sd": 0.0301388808270785,
      "delta": -0.009237163302405704,
      "wins": 3,
      "class_f1_mean": [
        0.5913767178345893,
        0.49966710917780777,
        0.613817162720645,
        0.5626673085148908
      ]
    },
    "LR60_smooth": {
      "mean": 0.5825620726916559,
      "sd": 0.03349627221112781,
      "delta": 0.006442834827267041,
      "wins": 6,
      "class_f1_mean": [
        0.6281532213482482,
        0.5144237043623063,
        0.6183532736324897,
        0.5693180914235796
      ]
    },
    "RF60": {
      "mean": 0.553749111029985,
      "sd": 0.03786335973176316,
      "delta": -0.02237012683440397,
      "wins": 3,
      "class_f1_mean": [
        0.5999622243022668,
        0.47898170561384434,
        0.6091314146361385,
        0.5269210995676902
      ]
    },
    "RF60_smooth": {
      "mean": 0.572743753305362,
      "sd": 0.03930955374942296,
      "delta": -0.0033754845590269976,
      "wins": 5,
      "class_f1_mean": [
        0.6392458235980335,
        0.5040277705821037,
        0.6091755774470872,
        0.5385258415942232
      ]
    },
    "pool_RF60": {
      "mean": 0.5184997074089909,
      "sd": 0.04196590226477174,
      "delta": -0.0576195304553981,
      "wins": 1,
      "class_f1_mean": [
        0.5256688537652483,
        0.44605234762881435,
        0.5793633530865282,
        0.5229142751553724
      ]
    },
    "pool_RF60_smooth": {
      "mean": 0.5489103501521027,
      "sd": 0.043318388113398595,
      "delta": -0.027208887712286335,
      "wins": 4,
      "class_f1_mean": [
        0.5696477680249632,
        0.47372968695570955,
        0.5995032121305972,
        0.5527607334971406
      ]
    },
    "blend_0.00": {
      "mean": 0.553749111029985,
      "sd": 0.03786335973176316,
      "delta": -0.02237012683440397,
      "wins": 3,
      "class_f1_mean": [
        0.5999622243022668,
        0.47898170561384434,
        0.6091314146361385,
        0.5269210995676902
      ]
    },
    "pool_blend_0.00": {
      "mean": 0.5184997074089909,
      "sd": 0.04196590226477174,
      "delta": -0.0576195304553981,
      "wins": 1,
      "class_f1_mean": [
        0.5256688537652483,
        0.44605234762881435,
        0.5793633530865282,
        0.5229142751553724
      ]
    },
    "blend_0.25": {
      "mean": 0.5839736289040309,
      "sd": 0.029045234362977297,
      "delta": 0.007854391039642018,
      "wins": 5,
      "class_f1_mean": [
        0.6055110322799445,
        0.521353996116636,
        0.641781288585681,
        0.5672481986338623
      ]
    },
    "pool_blend_0.25": {
      "mean": 0.5757158566572069,
      "sd": 0.027890314058551465,
      "delta": -0.0004033812071818743,
      "wins": 5,
      "class_f1_mean": [
        0.550506914676,
        0.5066771857672483,
        0.6356551130675597,
        0.6100242131180204
      ]
    },
    "blend_0.50": {
      "mean": 0.5993784378223587,
      "sd": 0.018475905930760695,
      "delta": 0.023259199957969733,
      "wins": 7,
      "class_f1_mean": [
        0.5934293589672468,
        0.5645796430295411,
        0.6552803257038031,
        0.5842244235888433
      ]
    },
    "pool_blend_0.50": {
      "mean": 0.591900175397809,
      "sd": 0.01958838857340718,
      "delta": 0.01578093753342017,
      "wins": 7,
      "class_f1_mean": [
        0.5485478079328338,
        0.5544453191849785,
        0.6492191038022738,
        0.6153884706711503
      ]
    },
    "blend_0.75": {
      "mean": 0.5786000312543133,
      "sd": 0.012688862512868824,
      "delta": 0.0024807933899243517,
      "wins": 3,
      "class_f1_mean": [
        0.5359936918888016,
        0.564235596096826,
        0.6335508531556239,
        0.5806199838760013
      ]
    },
    "pool_blend_0.75": {
      "mean": 0.5661444557085351,
      "sd": 0.011719481770474936,
      "delta": -0.009974782155853823,
      "wins": 3,
      "class_f1_mean": [
        0.5023174839624411,
        0.5496393028653209,
        0.6207143947294715,
        0.5919066412769068
      ]
    },
    "blend_1.00": {
      "mean": 0.529548208987501,
      "sd": 4.036929718165108e-05,
      "delta": -0.04657102887688798,
      "wins": 2,
      "class_f1_mean": [
        0.4580343255736673,
        0.5180084483023925,
        0.5737767651791115,
        0.5683732968948327
      ]
    },
    "pool_blend_1.00": {
      "mean": 0.529548208987501,
      "sd": 4.036929718165108e-05,
      "delta": -0.04657102887688798,
      "wins": 2,
      "class_f1_mean": [
        0.4580343255736673,
        0.5180084483023925,
        0.5737767651791115,
        0.5683732968948327
      ]
    }
  },
  "25": {
    "EXP010": {
      "mean": 0.6129325955788264,
      "sd": 0.012630836656367292,
      "delta": 0.0,
      "wins": 0,
      "class_f1_mean": [
        0.6605113686930042,
        0.5438772731171397,
        0.6433163838259688,
        0.6040253566791934
      ]
    },
    "EXPF": {
      "mean": 0.6396116866247673,
      "sd": 0.017488730336308843,
      "delta": 0.026679091045940816,
      "wins": 10,
      "class_f1_mean": [
        0.663342558146242,
        0.5708860007752636,
        0.6792332939138369,
        0.6449848936637265
      ]
    },
    "H_k": {
      "mean": 0.6375676202189993,
      "sd": 0.013163086840403508,
      "delta": 0.024635024640172754,
      "wins": 10,
      "class_f1_mean": [
        0.6593877885457036,
        0.5753891138989206,
        0.67210392917763,
        0.643389649253743
      ]
    },
    "H_mean": {
      "mean": 0.645958929539419,
      "sd": 0.010486562715591946,
      "delta": 0.0330263339605926,
      "wins": 10,
      "class_f1_mean": [
        0.6721188402113578,
        0.5902413405668427,
        0.6780348840566485,
        0.6434406533228274
      ]
    },
    "H_4k": {
      "mean": 0.6266671870030457,
      "sd": 0.009680766895201849,
      "delta": 0.013734591424219155,
      "wins": 10,
      "class_f1_mean": [
        0.649791976476638,
        0.5704740805870865,
        0.6509209377392218,
        0.6354817532092364
      ]
    },
    "H_half": {
      "mean": 0.6323088077446218,
      "sd": 0.011006250092416953,
      "delta": 0.019376212165795402,
      "wins": 10,
      "class_f1_mean": [
        0.654379828030224,
        0.5736359328538856,
        0.6619387816334075,
        0.6392806884609705
      ]
    },
    "pool_metric": {
      "mean": 0.6308999720244521,
      "sd": 0.01298543803100115,
      "delta": 0.017967376445625637,
      "wins": 10,
      "class_f1_mean": [
        0.6557290416277257,
        0.5692375121589721,
        0.6587003686427986,
        0.6399329656683123
      ]
    },
    "pool_F": {
      "mean": 0.6356400329104102,
      "sd": 0.017216853543100652,
      "delta": 0.022707437331583546,
      "wins": 9,
      "class_f1_mean": [
        0.656178092808433,
        0.5674065623143502,
        0.6678403924476214,
        0.6511350840712354
      ]
    },
    "pool_H": {
      "mean": 0.6360537673202047,
      "sd": 0.015185051730905622,
      "delta": 0.023121171741378142,
      "wins": 10,
      "class_f1_mean": [
        0.6555819427350605,
        0.5736647815533786,
        0.6605356612151545,
        0.6544326837772247
      ]
    },
    "LR60": {
      "mean": 0.6162425800653284,
      "sd": 0.01528987033007967,
      "delta": 0.0033099844865018824,
      "wins": 5,
      "class_f1_mean": [
        0.6651763335665136,
        0.5415939975335275,
        0.6587813742008224,
        0.59941861496045
      ]
    },
    "LR60_smooth": {
      "mean": 0.6356969750849448,
      "sd": 0.0210396454023874,
      "delta": 0.022764379506118336,
      "wins": 9,
      "class_f1_mean": [
        0.7104731310820542,
        0.5681331394024152,
        0.658232502164772,
        0.605949127690538
      ]
    },
    "RF60": {
      "mean": 0.6281110278674144,
      "sd": 0.017790791394307465,
      "delta": 0.015178432288587795,
      "wins": 6,
      "class_f1_mean": [
        0.6661920944181065,
        0.5546156689833823,
        0.6895097047293588,
        0.6021266433388095
      ]
    },
    "RF60_smooth": {
      "mean": 0.6519246447094516,
      "sd": 0.019981478471106776,
      "delta": 0.03899204913062511,
      "wins": 10,
      "class_f1_mean": [
        0.7130159831933833,
        0.5923573159800932,
        0.6882909342482331,
        0.6140343454160966
      ]
    },
    "pool_RF60": {
      "mean": 0.6269561583874548,
      "sd": 0.01267594398979896,
      "delta": 0.01402356280862831,
      "wins": 9,
      "class_f1_mean": [
        0.6594848132754951,
        0.5484538727680499,
        0.6901529628542344,
        0.6097329846520394
      ]
    },
    "pool_RF60_smooth": {
      "mean": 0.656019332960503,
      "sd": 0.014580409728185126,
      "delta": 0.04308673738167649,
      "wins": 10,
      "class_f1_mean": [
        0.7124707331824695,
        0.5911168783754148,
        0.692868255637728,
        0.6276214646463993
      ]
    },
    "blend_0.00": {
      "mean": 0.6281110278674144,
      "sd": 0.017790791394307465,
      "delta": 0.015178432288587795,
      "wins": 6,
      "class_f1_mean": [
        0.6661920944181065,
        0.5546156689833823,
        0.6895097047293588,
        0.6021266433388095
      ]
    },
    "pool_blend_0.00": {
      "mean": 0.6269561583874548,
      "sd": 0.01267594398979896,
      "delta": 0.01402356280862831,
      "wins": 9,
      "class_f1_mean": [
        0.6594848132754951,
        0.5484538727680499,
        0.6901529628542344,
        0.6097329846520394
      ]
    },
    "blend_0.25": {
      "mean": 0.6374833447423794,
      "sd": 0.015145544145821623,
      "delta": 0.02455074916355291,
      "wins": 9,
      "class_f1_mean": [
        0.666828703163496,
        0.5786852117468114,
        0.6955315634906003,
        0.6088879005686099
      ]
    },
    "pool_blend_0.25": {
      "mean": 0.6419228684014704,
      "sd": 0.011397817219908344,
      "delta": 0.028990272822643947,
      "wins": 10,
      "class_f1_mean": [
        0.6601512392306466,
        0.5813363632479674,
        0.7003828861634525,
        0.6258209849638152
      ]
    },
    "blend_0.50": {
      "mean": 0.6410519438688242,
      "sd": 0.012345129455646234,
      "delta": 0.028119348289997747,
      "wins": 10,
      "class_f1_mean": [
        0.6563217748180462,
        0.6021582163241864,
        0.6952045003735917,
        0.6105232839594723
      ]
    },
    "pool_blend_0.50": {
      "mean": 0.6383534254415578,
      "sd": 0.00878318158705672,
      "delta": 0.025420829862731344,
      "wins": 10,
      "class_f1_mean": [
        0.6370084011730762,
        0.6015308087154628,
        0.6936581293417827,
        0.6212163625359095
      ]
    },
    "blend_0.75": {
      "mean": 0.6128488064289714,
      "sd": 0.009864786072148236,
      "delta": -8.378914985506248e-05,
      "wins": 3,
      "class_f1_mean": [
        0.5953309941885851,
        0.5915951479831506,
        0.667774039382695,
        0.5966950441614551
      ]
    },
    "pool_blend_0.75": {
      "mean": 0.5975878887272525,
      "sd": 0.0075802385137906545,
      "delta": -0.015344706851573875,
      "wins": 2,
      "class_f1_mean": [
        0.5602717257861314,
        0.5770093918580558,
        0.6536835141511175,
        0.5993869231137058
      ]
    },
    "blend_1.00": {
      "mean": 0.5293945268171395,
      "sd": 0.00011496706229606423,
      "delta": -0.08353806876168693,
      "wins": 0,
      "class_f1_mean": [
        0.45807723287736063,
        0.5181483144586848,
        0.5736694195756338,
        0.567683140356879
      ]
    },
    "pool_blend_1.00": {
      "mean": 0.5293945268171395,
      "sd": 0.00011496706229606423,
      "delta": -0.08353806876168693,
      "wins": 0,
      "class_f1_mean": [
        0.45807723287736063,
        0.5181483144586848,
        0.5736694195756338,
        0.567683140356879
      ]
    }
  },
  "50": {
    "EXP010": {
      "mean": 0.6233820908422509,
      "sd": 0.007430754999283032,
      "delta": 0.0,
      "wins": 0,
      "class_f1_mean": [
        0.6648714670509321,
        0.5831097914944691,
        0.6483951413039513,
        0.5971519635196513
      ]
    },
    "EXPF": {
      "mean": 0.6508359792014844,
      "sd": 0.010332620434935907,
      "delta": 0.02745388835923359,
      "wins": 10,
      "class_f1_mean": [
        0.6681068641776347,
        0.5983202889659005,
        0.686049622810075,
        0.6508671408523277
      ]
    },
    "H_k": {
      "mean": 0.6498701007345188,
      "sd": 0.00921827745815017,
      "delta": 0.02648800989226794,
      "wins": 10,
      "class_f1_mean": [
        0.6650485902936503,
        0.6021044605424293,
        0.6833089359850106,
        0.6490184161169851
      ]
    },
    "H_mean": {
      "mean": 0.6528396349885985,
      "sd": 0.008787936165575315,
      "delta": 0.02945754414634776,
      "wins": 10,
      "class_f1_mean": [
        0.670218285585721,
        0.6062472940669241,
        0.6855577539621551,
        0.6493352063395943
      ]
    },
    "H_4k": {
      "mean": 0.6431123137632376,
      "sd": 0.008131364621796023,
      "delta": 0.019730222920986785,
      "wins": 10,
      "class_f1_mean": [
        0.6573507011491058,
        0.6009953058285152,
        0.6718941551742652,
        0.6422090929010646
      ]
    },
    "H_half": {
      "mean": 0.6420916571840776,
      "sd": 0.008209262358483942,
      "delta": 0.018709566341826654,
      "wins": 10,
      "class_f1_mean": [
        0.656481401240501,
        0.6004595306640239,
        0.6701002544071818,
        0.6413254424246037
      ]
    },
    "pool_metric": {
      "mean": 0.6444522940529374,
      "sd": 0.0094767280515405,
      "delta": 0.0210702032106864,
      "wins": 10,
      "class_f1_mean": [
        0.6577213920434242,
        0.5971855719443303,
        0.6767265440262338,
        0.646175668197761
      ]
    },
    "pool_F": {
      "mean": 0.653634082294905,
      "sd": 0.012075503026296836,
      "delta": 0.030251991452654104,
      "wins": 10,
      "class_f1_mean": [
        0.6657367257080654,
        0.6036252909437037,
        0.6829561942818214,
        0.6622181182460292
      ]
    },
    "pool_H": {
      "mean": 0.6533454065021516,
      "sd": 0.011341022457645922,
      "delta": 0.029963315659900625,
      "wins": 10,
      "class_f1_mean": [
        0.6644372908026851,
        0.6061041653440387,
        0.6795224798184465,
        0.6633176900434357
      ]
    },
    "LR60": {
      "mean": 0.6446569058248123,
      "sd": 0.012875063760327002,
      "delta": 0.021274814982561376,
      "wins": 9,
      "class_f1_mean": [
        0.6824572166733965,
        0.5900224599872512,
        0.6805290742221872,
        0.6256188724164143
      ]
    },
    "LR60_smooth": {
      "mean": 0.6635559510242584,
      "sd": 0.01675394097086107,
      "delta": 0.04017386018200754,
      "wins": 10,
      "class_f1_mean": [
        0.7262925256733122,
        0.6187829228528796,
        0.6788934788217798,
        0.6302548767490619
      ]
    },
    "RF60": {
      "mean": 0.6523275034778984,
      "sd": 0.009681227886592439,
      "delta": 0.028945412635647427,
      "wins": 10,
      "class_f1_mean": [
        0.6958014216647682,
        0.6010852400311446,
        0.6946025739415214,
        0.6178207782741592
      ]
    },
    "RF60_smooth": {
      "mean": 0.6793209212501334,
      "sd": 0.011849393836350879,
      "delta": 0.05593883040788243,
      "wins": 10,
      "class_f1_mean": [
        0.7447011743327762,
        0.6445522449263344,
        0.6951216508084531,
        0.6329086149329697
      ]
    },
    "pool_RF60": {
      "mean": 0.6534328345825429,
      "sd": 0.011790393544606023,
      "delta": 0.030050743740291975,
      "wins": 10,
      "class_f1_mean": [
        0.6873741205139358,
        0.5959412750057231,
        0.7015829571894205,
        0.6288329856210918
      ]
    },
    "pool_RF60_smooth": {
      "mean": 0.6804168257506914,
      "sd": 0.016079076607630225,
      "delta": 0.057034734908440535,
      "wins": 10,
      "class_f1_mean": [
        0.7390097801874661,
        0.6401459206207728,
        0.7020107837835862,
        0.6405008184109409
      ]
    },
    "blend_0.00": {
      "mean": 0.6523275034778984,
      "sd": 0.009681227886592439,
      "delta": 0.028945412635647427,
      "wins": 10,
      "class_f1_mean": [
        0.6958014216647682,
        0.6010852400311446,
        0.6946025739415214,
        0.6178207782741592
      ]
    },
    "pool_blend_0.00": {
      "mean": 0.6534328345825429,
      "sd": 0.011790393544606023,
      "delta": 0.030050743740291975,
      "wins": 10,
      "class_f1_mean": [
        0.6873741205139358,
        0.5959412750057231,
        0.7015829571894205,
        0.6288329856210918
      ]
    },
    "blend_0.25": {
      "mean": 0.6563522106451931,
      "sd": 0.009013021976305585,
      "delta": 0.03297011980294219,
      "wins": 10,
      "class_f1_mean": [
        0.6914872632743418,
        0.6144716850629783,
        0.6983229664970476,
        0.6211269277464045
      ]
    },
    "pool_blend_0.25": {
      "mean": 0.6619225720742328,
      "sd": 0.01081661943579479,
      "delta": 0.03854048123198186,
      "wins": 10,
      "class_f1_mean": [
        0.684462096648185,
        0.617145624920836,
        0.7091968408866497,
        0.6368857258412602
      ]
    },
    "blend_0.50": {
      "mean": 0.6536203087993908,
      "sd": 0.00757317717161767,
      "delta": 0.03023821795713989,
      "wins": 10,
      "class_f1_mean": [
        0.6745855514669057,
        0.6242432814573513,
        0.6965218262546092,
        0.619130576018697
      ]
    },
    "pool_blend_0.50": {
      "mean": 0.6527210088612583,
      "sd": 0.007781527195084952,
      "delta": 0.02933891801900749,
      "wins": 10,
      "class_f1_mean": [
        0.6598761902724262,
        0.6234747380454635,
        0.7000641757941616,
        0.627468931332982
      ]
    },
    "blend_0.75": {
      "mean": 0.6214045849785863,
      "sd": 0.008159856893023107,
      "delta": -0.001977505863664586,
      "wins": 5,
      "class_f1_mean": [
        0.6114520680396011,
        0.6022971641154975,
        0.6701911395995717,
        0.6016779681596749
      ]
    },
    "pool_blend_0.75": {
      "mean": 0.6097917690273826,
      "sd": 0.00713568080696803,
      "delta": -0.01359032181486819,
      "wins": 1,
      "class_f1_mean": [
        0.5836010525088557,
        0.5907292927012727,
        0.6613221512028499,
        0.6035145796965524
      ]
    },
    "blend_1.00": {
      "mean": 0.5291810739389752,
      "sd": 0.00019895575420223458,
      "delta": -0.09420101690327568,
      "wins": 0,
      "class_f1_mean": [
        0.4582352102385527,
        0.5182245343039777,
        0.5736685962799998,
        0.5665959549333707
      ]
    },
    "pool_blend_1.00": {
      "mean": 0.5291810739389752,
      "sd": 0.00019895575420223458,
      "delta": -0.09420101690327568,
      "wins": 0,
      "class_f1_mean": [
        0.4582352102385527,
        0.5182245343039777,
        0.5736685962799998,
        0.5665959549333707
      ]
    }
  },
  "100": {
    "EXP010": {
      "mean": 0.6257147025037003,
      "sd": 0.0029869691989076416,
      "delta": 0.0,
      "wins": 0,
      "class_f1_mean": [
        0.663638843692112,
        0.585948062179844,
        0.6529655115738275,
        0.6003063925690179
      ]
    },
    "EXPF": {
      "mean": 0.6576486707182169,
      "sd": 0.006406581932163245,
      "delta": 0.03193396821451644,
      "wins": 10,
      "class_f1_mean": [
        0.6773514805611466,
        0.6046408973308433,
        0.6930214244437066,
        0.6555808805371706
      ]
    },
    "H_k": {
      "mean": 0.6568737629027183,
      "sd": 0.005676607386363169,
      "delta": 0.031159060399018012,
      "wins": 10,
      "class_f1_mean": [
        0.674245408461679,
        0.6063646783140555,
        0.6927058548198426,
        0.6541791100152962
      ]
    },
    "H_mean": {
      "mean": 0.6588156572726696,
      "sd": 0.005613084183271955,
      "delta": 0.03310095476896917,
      "wins": 10,
      "class_f1_mean": [
        0.6778776101858794,
        0.6088688215817664,
        0.6938619716405887,
        0.6546542256824434
      ]
    },
    "H_4k": {
      "mean": 0.6535301226567036,
      "sd": 0.004627883611212857,
      "delta": 0.0278154201530032,
      "wins": 10,
      "class_f1_mean": [
        0.6682439440165806,
        0.6067139409412704,
        0.6888966390014788,
        0.6502659666674843
      ]
    },
    "H_half": {
      "mean": 0.6482187557778425,
      "sd": 0.004088504943366975,
      "delta": 0.02250405327414202,
      "wins": 10,
      "class_f1_mean": [
        0.6615821337856567,
        0.6043384517784666,
        0.6818227990212367,
        0.6451316385260096
      ]
    },
    "pool_metric": {
      "mean": 0.6541898073593302,
      "sd": 0.0031124266350485994,
      "delta": 0.028475104855629818,
      "wins": 10,
      "class_f1_mean": [
        0.6663958292472227,
        0.6032535272830174,
        0.6917591954458286,
        0.6553506774612519
      ]
    },
    "pool_F": {
      "mean": 0.6664824646398305,
      "sd": 0.006870993583917478,
      "delta": 0.040767762136130134,
      "wins": 10,
      "class_f1_mean": [
        0.6824972314184885,
        0.6130332298342664,
        0.6970818022110927,
        0.6733175950954744
      ]
    },
    "pool_H": {
      "mean": 0.6663594465918838,
      "sd": 0.00620522528427635,
      "delta": 0.04064474408818357,
      "wins": 10,
      "class_f1_mean": [
        0.6807327208543468,
        0.6147420040997706,
        0.6968238530113089,
        0.6731392084021095
      ]
    },
    "LR60": {
      "mean": 0.669199721767596,
      "sd": 0.010068396157256179,
      "delta": 0.043485019263895655,
      "wins": 10,
      "class_f1_mean": [
        0.7103973059095601,
        0.6182588619539241,
        0.6979751009337711,
        0.6501676182731287
      ]
    },
    "LR60_smooth": {
      "mean": 0.6845159220936219,
      "sd": 0.014887985255134016,
      "delta": 0.05880121958992155,
      "wins": 10,
      "class_f1_mean": [
        0.7507480153871802,
        0.6455836130212355,
        0.68990440421403,
        0.6518276557520418
      ]
    },
    "RF60": {
      "mean": 0.6686694056788209,
      "sd": 0.009582998745522472,
      "delta": 0.04295470317512062,
      "wins": 10,
      "class_f1_mean": [
        0.7135872120981557,
        0.6270711181466757,
        0.7020970637819242,
        0.6319222286885287
      ]
    },
    "RF60_smooth": {
      "mean": 0.6976871228842029,
      "sd": 0.012794636268857735,
      "delta": 0.07197242038050261,
      "wins": 10,
      "class_f1_mean": [
        0.7631334068669602,
        0.6740348561791442,
        0.7038733734312194,
        0.6497068550594884
      ]
    },
    "pool_RF60": {
      "mean": 0.674450124249906,
      "sd": 0.009835656384964434,
      "delta": 0.048735421746205695,
      "wins": 10,
      "class_f1_mean": [
        0.7146701141094638,
        0.6262053709472513,
        0.713372626419031,
        0.6435523855238782
      ]
    },
    "pool_RF60_smooth": {
      "mean": 0.7030670061368663,
      "sd": 0.012144319235067955,
      "delta": 0.07735230363316595,
      "wins": 10,
      "class_f1_mean": [
        0.7663228097778446,
        0.6748381415350548,
        0.7118794859035928,
        0.659227587330973
      ]
    },
    "blend_0.00": {
      "mean": 0.6686694056788209,
      "sd": 0.009582998745522472,
      "delta": 0.04295470317512062,
      "wins": 10,
      "class_f1_mean": [
        0.7135872120981557,
        0.6270711181466757,
        0.7020970637819242,
        0.6319222286885287
      ]
    },
    "pool_blend_0.00": {
      "mean": 0.674450124249906,
      "sd": 0.009835656384964434,
      "delta": 0.048735421746205695,
      "wins": 10,
      "class_f1_mean": [
        0.7146701141094638,
        0.6262053709472513,
        0.713372626419031,
        0.6435523855238782
      ]
    },
    "blend_0.25": {
      "mean": 0.6703183394952595,
      "sd": 0.009080098166738246,
      "delta": 0.04460363699155921,
      "wins": 10,
      "class_f1_mean": [
        0.7078432513751918,
        0.6362482970919651,
        0.7045756006230663,
        0.6326062088908152
      ]
    },
    "pool_blend_0.25": {
      "mean": 0.6784108430963822,
      "sd": 0.00888421614485669,
      "delta": 0.052696140592681774,
      "wins": 10,
      "class_f1_mean": [
        0.7084169748256388,
        0.6408842251743045,
        0.7171501764700154,
        0.64719199591557
      ]
    },
    "blend_0.50": {
      "mean": 0.6640495468465923,
      "sd": 0.008219598533933298,
      "delta": 0.03833484434289194,
      "wins": 10,
      "class_f1_mean": [
        0.6882790347457453,
        0.6390318506338708,
        0.7026874786709101,
        0.626199823335843
      ]
    },
    "pool_blend_0.50": {
      "mean": 0.6665162414241738,
      "sd": 0.006736098175525324,
      "delta": 0.040801538920473356,
      "wins": 10,
      "class_f1_mean": [
        0.6824604195302106,
        0.6406462507488102,
        0.7085519875257409,
        0.6344063078919329
      ]
    },
    "blend_0.75": {
      "mean": 0.6295451664444053,
      "sd": 0.005068307951618357,
      "delta": 0.003830463940704909,
      "wins": 7,
      "class_f1_mean": [
        0.6257098868968622,
        0.6131292227992103,
        0.6755654599604796,
        0.603776096121069
      ]
    },
    "pool_blend_0.75": {
      "mean": 0.6203031594306012,
      "sd": 0.005190955792846323,
      "delta": -0.0054115430730991235,
      "wins": 2,
      "class_f1_mean": [
        0.6033269172749487,
        0.6027407344394481,
        0.6695446977921111,
        0.605600288215897
      ]
    },
    "blend_1.00": {
      "mean": 0.5287259191100392,
      "sd": 0.0002858567671378193,
      "delta": -0.09698878339366115,
      "wins": 0,
      "class_f1_mean": [
        0.45808202208161564,
        0.5184721377505885,
        0.5736137059360263,
        0.5647358106719265
      ]
    },
    "pool_blend_1.00": {
      "mean": 0.5287259191100392,
      "sd": 0.0002858567671378193,
      "delta": -0.09698878339366115,
      "wins": 0,
      "class_f1_mean": [
        0.45808202208161564,
        0.5184721377505885,
        0.5736137059360263,
        0.5647358106719265
      ]
    }
  },
  "200": {
    "EXP010": {
      "mean": 0.6245637453426199,
      "sd": 0.0025575005220133335,
      "delta": 0.0,
      "wins": 0,
      "class_f1_mean": [
        0.6669038019219673,
        0.5864702753800569,
        0.6513712845669433,
        0.593509619501512
      ]
    },
    "EXPF": {
      "mean": 0.6587197519688555,
      "sd": 0.005104898023347573,
      "delta": 0.034156006626235455,
      "wins": 10,
      "class_f1_mean": [
        0.6798476479326031,
        0.6085932332897841,
        0.694620604631279,
        0.651817522021755
      ]
    },
    "H_k": {
      "mean": 0.6583279595744583,
      "sd": 0.0048518828823070625,
      "delta": 0.03376421423183838,
      "wins": 10,
      "class_f1_mean": [
        0.6784883505889556,
        0.6093944641473796,
        0.6946002271490476,
        0.6508287964124504
      ]
    },
    "H_mean": {
      "mean": 0.6593026959503568,
      "sd": 0.004865773436792995,
      "delta": 0.03473895060773684,
      "wins": 10,
      "class_f1_mean": [
        0.680903895607208,
        0.6113078964106436,
        0.6947373748595653,
        0.65026161692401
      ]
    },
    "H_4k": {
      "mean": 0.6560700106396185,
      "sd": 0.004285707510249351,
      "delta": 0.031506265296998646,
      "wins": 10,
      "class_f1_mean": [
        0.6746111812193016,
        0.6098446069775307,
        0.6919230621733863,
        0.6479011921882558
      ]
    },
    "H_half": {
      "mean": 0.6484567062388895,
      "sd": 0.003368291827540679,
      "delta": 0.0238929608962697,
      "wins": 10,
      "class_f1_mean": [
        0.6644716976605092,
        0.6075161088346817,
        0.6820861646609012,
        0.6397528537994661
      ]
    },
    "pool_metric": {
      "mean": 0.6570063036925906,
      "sd": 0.003914085129197659,
      "delta": 0.03244255834997074,
      "wins": 10,
      "class_f1_mean": [
        0.6727737274453862,
        0.6101729206429086,
        0.6951557616042706,
        0.6499228050777974
      ]
    },
    "pool_F": {
      "mean": 0.6709845967982354,
      "sd": 0.005535645220729938,
      "delta": 0.046420851455615586,
      "wins": 10,
      "class_f1_mean": [
        0.6894524896121192,
        0.6224305622079085,
        0.7000183546257845,
        0.6720369807471298
      ]
    },
    "pool_H": {
      "mean": 0.6703716236418966,
      "sd": 0.005577891106492864,
      "delta": 0.045807878299276815,
      "wins": 10,
      "class_f1_mean": [
        0.6879683687961636,
        0.6224781015351135,
        0.6993810721902034,
        0.6716589520461063
      ]
    },
    "LR60": {
      "mean": 0.6853832203281506,
      "sd": 0.008836497233744458,
      "delta": 0.06081947498553064,
      "wins": 10,
      "class_f1_mean": [
        0.7268756995157724,
        0.6445376772215619,
        0.708067358447898,
        0.6620521461273696
      ]
    },
    "LR60_smooth": {
      "mean": 0.6973784683102348,
      "sd": 0.009728110632871803,
      "delta": 0.07281472296761496,
      "wins": 10,
      "class_f1_mean": [
        0.7634478335455432,
        0.6693472273045658,
        0.6961151374011967,
        0.6606036749896337
      ]
    },
    "RF60": {
      "mean": 0.6852594032501742,
      "sd": 0.007846242499054804,
      "delta": 0.06069565790755419,
      "wins": 10,
      "class_f1_mean": [
        0.729577019767543,
        0.6512410240065267,
        0.7181093696790285,
        0.6421101995475983
      ]
    },
    "RF60_smooth": {
      "mean": 0.7164142065109231,
      "sd": 0.009036039322298208,
      "delta": 0.09185046116830323,
      "wins": 10,
      "class_f1_mean": [
        0.7831744065814702,
        0.7040924896569724,
        0.7175101769845819,
        0.6608797528206681
      ]
    },
    "pool_RF60": {
      "mean": 0.6918881066778886,
      "sd": 0.006297169138305567,
      "delta": 0.06732436133526869,
      "wins": 10,
      "class_f1_mean": [
        0.7337111823713586,
        0.6550559751739686,
        0.7272110240170613,
        0.6515742451491658
      ]
    },
    "pool_RF60_smooth": {
      "mean": 0.7207706035696473,
      "sd": 0.007261845145359807,
      "delta": 0.09620685822702747,
      "wins": 10,
      "class_f1_mean": [
        0.7876921047435196,
        0.7063825263817918,
        0.7217786034504788,
        0.667229179702799
      ]
    },
    "blend_0.00": {
      "mean": 0.6852594032501742,
      "sd": 0.007846242499054804,
      "delta": 0.06069565790755419,
      "wins": 10,
      "class_f1_mean": [
        0.729577019767543,
        0.6512410240065267,
        0.7181093696790285,
        0.6421101995475983
      ]
    },
    "pool_blend_0.00": {
      "mean": 0.6918881066778886,
      "sd": 0.006297169138305567,
      "delta": 0.06732436133526869,
      "wins": 10,
      "class_f1_mean": [
        0.7337111823713586,
        0.6550559751739686,
        0.7272110240170613,
        0.6515742451491658
      ]
    },
    "blend_0.25": {
      "mean": 0.6848601036810512,
      "sd": 0.007357803135202862,
      "delta": 0.06029635833843135,
      "wins": 10,
      "class_f1_mean": [
        0.7236177455018055,
        0.6574742671946441,
        0.7187364606768751,
        0.6396119413508803
      ]
    },
    "pool_blend_0.25": {
      "mean": 0.6926536060701218,
      "sd": 0.00549387119090224,
      "delta": 0.06808986072750196,
      "wins": 10,
      "class_f1_mean": [
        0.7277231974101792,
        0.6641083090334894,
        0.7273390054921519,
        0.651443912344667
      ]
    },
    "blend_0.50": {
      "mean": 0.6744167468025648,
      "sd": 0.006034008665545324,
      "delta": 0.04985300145994492,
      "wins": 10,
      "class_f1_mean": [
        0.7013693354662687,
        0.6544965711571764,
        0.7129759854952844,
        0.6288250950915298
      ]
    },
    "pool_blend_0.50": {
      "mean": 0.676928237545635,
      "sd": 0.0050400136729212746,
      "delta": 0.052364492203015124,
      "wins": 10,
      "class_f1_mean": [
        0.6970738011675693,
        0.6568237925002441,
        0.7172000018275426,
        0.6366153546871838
      ]
    },
    "blend_0.75": {
      "mean": 0.6348682276355542,
      "sd": 0.0032769770993486855,
      "delta": 0.010304482292934292,
      "wins": 10,
      "class_f1_mean": [
        0.6328103106595875,
        0.6210077189376602,
        0.6826681984694594,
        0.6029866824755097
      ]
    },
    "pool_blend_0.75": {
      "mean": 0.6267776974097579,
      "sd": 0.0029964226733899856,
      "delta": 0.0022139520671381253,
      "wins": 8,
      "class_f1_mean": [
        0.6145127159651173,
        0.6122663512170954,
        0.6759005880492696,
        0.6044311344075497
      ]
    },
    "blend_1.00": {
      "mean": 0.5277127813515251,
      "sd": 0.0005652719849952465,
      "delta": -0.09685096399109482,
      "wins": 0,
      "class_f1_mean": [
        0.45800217528098697,
        0.5189422295420113,
        0.5737310709060406,
        0.5601756496770616
      ]
    },
    "pool_blend_1.00": {
      "mean": 0.5277127813515251,
      "sd": 0.0005652719849952465,
      "delta": -0.09685096399109482,
      "wins": 0,
      "class_f1_mean": [
        0.45800217528098697,
        0.5189422295420113,
        0.5737310709060406,
        0.5601756496770616
      ]
    }
  }
}
