source rebuilt from scratch
episode 1 / 100
episode 2 / 100
episode 3 / 100
episode 4 / 100
episode 5 / 100
episode 6 / 100
episode 7 / 100
episode 8 / 100
episode 9 / 100
episode 10 / 100
episode 11 / 100
episode 12 / 100
episode 13 / 100
episode 14 / 100
episode 15 / 100
episode 16 / 100
episode 17 / 100
episode 18 / 100
episode 19 / 100
episode 20 / 100
episode 21 / 100
episode 22 / 100
episode 23 / 100
episode 24 / 100
episode 25 / 100
episode 26 / 100
episode 27 / 100
episode 28 / 100
episode 29 / 100
episode 30 / 100
episode 31 / 100
episode 32 / 100
episode 33 / 100
episode 34 / 100
episode 35 / 100
episode 36 / 100
episode 37 / 100
episode 38 / 100
episode 39 / 100
episode 40 / 100
episode 41 / 100
episode 42 / 100
episode 43 / 100
episode 44 / 100
episode 45 / 100
episode 46 / 100
episode 47 / 100
episode 48 / 100
episode 49 / 100
episode 50 / 100
episode 51 / 100
episode 52 / 100
episode 53 / 100
episode 54 / 100
episode 55 / 100
episode 56 / 100
episode 57 / 100
episode 58 / 100
episode 59 / 100
episode 60 / 100
episode 61 / 100
episode 62 / 100
episode 63 / 100
episode 64 / 100
episode 65 / 100
episode 66 / 100
episode 67 / 100
episode 68 / 100
episode 69 / 100
episode 70 / 100
episode 71 / 100
episode 72 / 100
episode 73 / 100
episode 74 / 100
episode 75 / 100
episode 76 / 100
episode 77 / 100
episode 78 / 100
episode 79 / 100
episode 80 / 100
episode 81 / 100
episode 82 / 100
episode 83 / 100
episode 84 / 100
episode 85 / 100
episode 86 / 100
episode 87 / 100
episode 88 / 100
episode 89 / 100
episode 90 / 100
episode 91 / 100
episode 92 / 100
episode 93 / 100
episode 94 / 100
episode 95 / 100
episode 96 / 100
episode 97 / 100
episode 98 / 100
episode 99 / 100
episode 100 / 100
{
  "5": {
    "mean": 0.6529026869458866,
    "sd": 0.011410085382660367
  },
  "25": {
    "mean": 0.6831534286442804,
    "sd": 0.013056383517837864
  },
  "50": {
    "mean": 0.7015596005289088,
    "sd": 0.00979869175286581
  },
  "100": {
    "mean": 0.7191987353293201,
    "sd": 0.007682112148512209
  },
  "200": {
    "mean": 0.735239224917979,
    "sd": 0.005406342581275248
  }
}
