{
  "5": {
    "raw_ctx0_uniform": {
      "mean": 0.6154054095581392,
      "sd": 0.031410991975626176,
      "delta": 0.0820182816796687,
      "wins": 10,
      "class_f1_mean": [
        0.6512683989780993,
        0.5712866664478073,
        0.6427243439038268,
        0.5963422289028233
      ]
    },
    "raw_ctx0_lazy": {
      "mean": 0.6169612450363369,
      "sd": 0.03100755155202793,
      "delta": 0.08357411715786642,
      "wins": 10,
      "class_f1_mean": [
        0.6402704341039975,
        0.562079105338728,
        0.6558730061306888,
        0.6096224345719337
      ]
    },
    "raw_ctx0_gaussian": {
      "mean": 0.6154985746714088,
      "sd": 0.03100648926167732,
      "delta": 0.08211144679293833,
      "wins": 10,
      "class_f1_mean": [
        0.6401779372913771,
        0.5603299715182029,
        0.6554680019395515,
        0.6060183879365041
      ]
    },
    "raw_ctx1_uniform": {
      "mean": 0.6187707572150887,
      "sd": 0.01732922351385978,
      "delta": 0.08538362933661807,
      "wins": 10,
      "class_f1_mean": [
        0.7005000357913997,
        0.6376785817791525,
        0.533060954403596,
        0.6038434568862061
      ]
    },
    "raw_ctx1_lazy": {
      "mean": 0.6254799176590207,
      "sd": 0.014257260411790556,
      "delta": 0.0920927897805501,
      "wins": 10,
      "class_f1_mean": [
        0.6880268074871889,
        0.6335323963962287,
        0.5484261382814983,
        0.6319343284711663
      ]
    },
    "raw_ctx1_gaussian": {
      "mean": 0.626381530151742,
      "sd": 0.012834414882635054,
      "delta": 0.09299440227327152,
      "wins": 10,
      "class_f1_mean": [
        0.6840754097393157,
        0.6313358698580215,
        0.5587121803236242,
        0.6314026606860065
      ]
    },
    "raw_cc1_uniform": {
      "mean": 0.6085042387414479,
      "sd": 0.021993017005368,
      "delta": 0.0751171108629773,
      "wins": 10,
      "class_f1_mean": [
        0.6927616880094318,
        0.6340129890400683,
        0.5085054734843569,
        0.5987368044319342
      ]
    },
    "raw_cc1_lazy": {
      "mean": 0.6108735313532951,
      "sd": 0.018923117192926928,
      "delta": 0.07748640347482458,
      "wins": 10,
      "class_f1_mean": [
        0.6716561802203284,
        0.6227838159982559,
        0.5254056838226158,
        0.6236484453719802
      ]
    },
    "raw_cc1_gaussian": {
      "mean": 0.6145847038106317,
      "sd": 0.018985618344309407,
      "delta": 0.08119757593216129,
      "wins": 10,
      "class_f1_mean": [
        0.6740974703118939,
        0.6244390838626467,
        0.5335796521644183,
        0.6262226089035681
      ]
    },
    "raw_none_uniform": {
      "mean": 0.5106777293645668,
      "sd": 0.0508718315476689,
      "delta": -0.022709398513903738,
      "wins": 3,
      "class_f1_mean": [
        0.6137342135962505,
        0.4386382695826761,
        0.5204333942486569,
        0.46990504003068373
      ]
    },
    "raw_none_lazy": {
      "mean": 0.5156309619462872,
      "sd": 0.04743059296707938,
      "delta": -0.017756165932183217,
      "wins": 3,
      "class_f1_mean": [
        0.6086677965407815,
        0.44091156341797016,
        0.5301748425066484,
        0.48276964531974925
      ]
    },
    "raw_none_gaussian": {
      "mean": 0.5170875739499179,
      "sd": 0.04668380282347186,
      "delta": -0.016299553928552646,
      "wins": 3,
      "class_f1_mean": [
        0.6100721106367029,
        0.4418709790084092,
        0.5321864451848628,
        0.4842207609696967
      ]
    },
    "pool_ctx0_uniform": {
      "mean": 0.6265385208119105,
      "sd": 0.025239753595925733,
      "delta": 0.09315139293344002,
      "wins": 10,
      "class_f1_mean": [
        0.634377017989934,
        0.607797714747262,
        0.6494997385066444,
        0.6144796120038015
      ]
    },
    "pool_ctx0_lazy": {
      "mean": 0.626699029166859,
      "sd": 0.024625786703168322,
      "delta": 0.09331190128838855,
      "wins": 10,
      "class_f1_mean": [
        0.6198466825681183,
        0.5993352690147413,
        0.6571523774671107,
        0.630461787617466
      ]
    },
    "pool_ctx0_gaussian": {
      "mean": 0.6237244467011769,
      "sd": 0.023676720792895015,
      "delta": 0.09033731882270626,
      "wins": 10,
      "class_f1_mean": [
        0.6190398396594696,
        0.5941776198677178,
        0.6555215898740673,
        0.6261587374034523
      ]
    },
    "pool_ctx1_uniform": {
      "mean": 0.6123886216374939,
      "sd": 0.018122170829457124,
      "delta": 0.07900149375902328,
      "wins": 10,
      "class_f1_mean": [
        0.6942548807709212,
        0.6385355650715574,
        0.5106265532360691,
        0.6061374874714273
      ]
    },
    "pool_ctx1_lazy": {
      "mean": 0.6173985198726111,
      "sd": 0.015201325305270465,
      "delta": 0.08401139199414065,
      "wins": 10,
      "class_f1_mean": [
        0.6784542975396703,
        0.6338823011298212,
        0.5234628622149304,
        0.6337946186060226
      ]
    },
    "pool_ctx1_gaussian": {
      "mean": 0.6180361532532348,
      "sd": 0.013364433851547973,
      "delta": 0.08464902537476438,
      "wins": 10,
      "class_f1_mean": [
        0.674841968026816,
        0.6305160737005507,
        0.5331899846262559,
        0.6335965866593167
      ]
    },
    "pool_cc1_uniform": {
      "mean": 0.5977441752867498,
      "sd": 0.020685161060943945,
      "delta": 0.06435704740827927,
      "wins": 10,
      "class_f1_mean": [
        0.6755752074105171,
        0.6331579150100055,
        0.48180494098745685,
        0.6004386377390196
      ]
    },
    "pool_cc1_lazy": {
      "mean": 0.5989888827404851,
      "sd": 0.01746420266461353,
      "delta": 0.06560175486201456,
      "wins": 10,
      "class_f1_mean": [
        0.6527986920619651,
        0.6217365695038477,
        0.4951928899483494,
        0.6262273794477776
      ]
    },
    "pool_cc1_gaussian": {
      "mean": 0.6048087628496321,
      "sd": 0.015958976353377525,
      "delta": 0.07142163497116169,
      "wins": 10,
      "class_f1_mean": [
        0.6586879912632844,
        0.6256656980024469,
        0.5045091862731284,
        0.6303721758596692
      ]
    },
    "pool_none_uniform": {
      "mean": 0.485405825882515,
      "sd": 0.037943076653089935,
      "delta": -0.04798130199595545,
      "wins": 2,
      "class_f1_mean": [
        0.5705842199378086,
        0.45934279345348844,
        0.5214450417204114,
        0.39025124841835174
      ]
    },
    "pool_none_lazy": {
      "mean": 0.4802822807650773,
      "sd": 0.03196897605300114,
      "delta": -0.05310484711339321,
      "wins": 2,
      "class_f1_mean": [
        0.5548732039845188,
        0.45292030707696707,
        0.5154920096434323,
        0.397843602355391
      ]
    },
    "pool_none_gaussian": {
      "mean": 0.48328687451217095,
      "sd": 0.03281511192978299,
      "delta": -0.05010025336629953,
      "wins": 2,
      "class_f1_mean": [
        0.5575158179972637,
        0.4522843155633094,
        0.5198802918589174,
        0.4034670726291935
      ]
    }
  },
  "25": {
    "raw_ctx0_uniform": {
      "mean": 0.6444394690665176,
      "sd": 0.02742227893234104,
      "delta": 0.06030151463543452,
      "wins": 9,
      "class_f1_mean": [
        0.6820332732390544,
        0.582414592657969,
        0.6834527768885784,
        0.6298572334804682
      ]
    },
    "raw_ctx0_lazy": {
      "mean": 0.6515355829119115,
      "sd": 0.025297314757366046,
      "delta": 0.06739762848082849,
      "wins": 10,
      "class_f1_mean": [
        0.6740287507489466,
        0.5853842518565828,
        0.7007832855009107,
        0.6459460435412057
      ]
    },
    "raw_ctx0_gaussian": {
      "mean": 0.6507297574444488,
      "sd": 0.025777686443945624,
      "delta": 0.06659180301336584,
      "wins": 10,
      "class_f1_mean": [
        0.6725931315605835,
        0.5831673213527909,
        0.7019306334015786,
        0.6452279434628423
      ]
    },
    "raw_ctx1_uniform": {
      "mean": 0.6577244727121736,
      "sd": 0.020601147818536083,
      "delta": 0.07358651828109046,
      "wins": 10,
      "class_f1_mean": [
        0.6944820988122616,
        0.6293465014601993,
        0.682997666627589,
        0.6240716239486441
      ]
    },
    "raw_ctx1_lazy": {
      "mean": 0.665433910676616,
      "sd": 0.020380176887966263,
      "delta": 0.08129595624553294,
      "wins": 10,
      "class_f1_mean": [
        0.6868195394830481,
        0.6277181407688412,
        0.7013947155249973,
        0.6458032469295774
      ]
    },
    "raw_ctx1_gaussian": {
      "mean": 0.6649887054800107,
      "sd": 0.021268978963466717,
      "delta": 0.08085075104892758,
      "wins": 10,
      "class_f1_mean": [
        0.6844270523724864,
        0.6253645723800287,
        0.703595222051814,
        0.6465679751157133
      ]
    },
    "raw_cc1_uniform": {
      "mean": 0.6558063236434184,
      "sd": 0.021445977968889224,
      "delta": 0.0716683692123353,
      "wins": 10,
      "class_f1_mean": [
        0.6903815148430144,
        0.6247829673368226,
        0.6843719793329619,
        0.6236888330608746
      ]
    },
    "raw_cc1_lazy": {
      "mean": 0.6621488648327116,
      "sd": 0.02104528190392884,
      "delta": 0.07801091040162865,
      "wins": 10,
      "class_f1_mean": [
        0.6822463018099248,
        0.6230782989824298,
        0.7007712159146285,
        0.6424996426238633
      ]
    },
    "raw_cc1_gaussian": {
      "mean": 0.6628791247033805,
      "sd": 0.02220371357674747,
      "delta": 0.0787411702722976,
      "wins": 10,
      "class_f1_mean": [
        0.681631879512393,
        0.6214686456664996,
        0.7041903636764216,
        0.6442256099582082
      ]
    },
    "raw_none_uniform": {
      "mean": 0.6342835176310814,
      "sd": 0.028034806534914015,
      "delta": 0.050145563199998286,
      "wins": 9,
      "class_f1_mean": [
        0.6772732002390225,
        0.5603874232598816,
        0.6790231386613513,
        0.6204503083640703
      ]
    },
    "raw_none_lazy": {
      "mean": 0.6399611848097908,
      "sd": 0.026100078333171968,
      "delta": 0.055823230378707775,
      "wins": 9,
      "class_f1_mean": [
        0.6697229098520718,
        0.5618541664473012,
        0.6942263819993313,
        0.6340412809404589
      ]
    },
    "raw_none_gaussian": {
      "mean": 0.6396458401492865,
      "sd": 0.02696934582696069,
      "delta": 0.05550788571820355,
      "wins": 9,
      "class_f1_mean": [
        0.6686955782377766,
        0.5597133633533432,
        0.6958628758324773,
        0.6343115431735491
      ]
    },
    "pool_ctx0_uniform": {
      "mean": 0.6455190215993474,
      "sd": 0.026224362299861657,
      "delta": 0.06138106716826429,
      "wins": 10,
      "class_f1_mean": [
        0.6702062913179846,
        0.5806141346378968,
        0.6876237210207218,
        0.643631939420786
      ]
    },
    "pool_ctx0_lazy": {
      "mean": 0.6528676155908801,
      "sd": 0.023334253556631827,
      "delta": 0.06872966115979709,
      "wins": 10,
      "class_f1_mean": [
        0.6624157392785979,
        0.5809196643762655,
        0.7029849615833218,
        0.6651500971253352
      ]
    },
    "pool_ctx0_gaussian": {
      "mean": 0.6519825542673747,
      "sd": 0.02436421557025534,
      "delta": 0.06784459983629162,
      "wins": 10,
      "class_f1_mean": [
        0.6621596497988016,
        0.5778709217974733,
        0.7037153036723337,
        0.6641843418008899
      ]
    },
    "pool_ctx1_uniform": {
      "mean": 0.6651138705730444,
      "sd": 0.019144683959236054,
      "delta": 0.0809759161419614,
      "wins": 10,
      "class_f1_mean": [
        0.6958503071525262,
        0.6379174349087758,
        0.6873811569487975,
        0.6393065832820779
      ]
    },
    "pool_ctx1_lazy": {
      "mean": 0.6718697377286402,
      "sd": 0.019349982846014906,
      "delta": 0.08773178329755732,
      "wins": 10,
      "class_f1_mean": [
        0.6869724998000326,
        0.6354231151804884,
        0.7030432362179414,
        0.6620400997160991
      ]
    },
    "pool_ctx1_gaussian": {
      "mean": 0.6710048917720073,
      "sd": 0.019864530852456635,
      "delta": 0.08686693734092422,
      "wins": 10,
      "class_f1_mean": [
        0.6842934470384009,
        0.6326877708663952,
        0.7046983184795688,
        0.6623400307036642
      ]
    },
    "pool_cc1_uniform": {
      "mean": 0.6606384708742904,
      "sd": 0.021396787408136518,
      "delta": 0.07650051644320725,
      "wins": 10,
      "class_f1_mean": [
        0.6872624538785581,
        0.6312232542715177,
        0.6871825630616515,
        0.6368856122854339
      ]
    },
    "pool_cc1_lazy": {
      "mean": 0.6664275097227708,
      "sd": 0.021050064805205222,
      "delta": 0.08228955529168772,
      "wins": 10,
      "class_f1_mean": [
        0.6771689123736455,
        0.6284023051847183,
        0.7024234412725777,
        0.6577153800601414
      ]
    },
    "pool_cc1_gaussian": {
      "mean": 0.6686286120083926,
      "sd": 0.022341356929778566,
      "delta": 0.08449065757730954,
      "wins": 10,
      "class_f1_mean": [
        0.6785644196039952,
        0.6283507418181171,
        0.7059016183582786,
        0.6616976682531792
      ]
    },
    "pool_none_uniform": {
      "mean": 0.6309061455116357,
      "sd": 0.03109459974747535,
      "delta": 0.046768191080552746,
      "wins": 8,
      "class_f1_mean": [
        0.667015640628071,
        0.5553398984633101,
        0.6786968089211094,
        0.6225722340340524
      ]
    },
    "pool_none_lazy": {
      "mean": 0.6346633731804283,
      "sd": 0.026682125824384072,
      "delta": 0.05052541874934532,
      "wins": 8,
      "class_f1_mean": [
        0.6569498807264498,
        0.5522806659532904,
        0.6887838051691717,
        0.6406391408728014
      ]
    },
    "pool_none_gaussian": {
      "mean": 0.6354069439197535,
      "sd": 0.027018719127321553,
      "delta": 0.0512689894886705,
      "wins": 8,
      "class_f1_mean": [
        0.6571226929769204,
        0.5516342142583077,
        0.6910631392170481,
        0.6418077292267377
      ]
    }
  },
  "50": {
    "raw_ctx0_uniform": {
      "mean": 0.6477456015118545,
      "sd": 0.032877835617842015,
      "delta": 0.03350193951595746,
      "wins": 9,
      "class_f1_mean": [
        0.6939939048574983,
        0.5752519790430162,
        0.6812462255142707,
        0.6404902966326325
      ]
    },
    "raw_ctx0_lazy": {
      "mean": 0.6551141187997686,
      "sd": 0.028198758130062517,
      "delta": 0.04087045680387156,
      "wins": 9,
      "class_f1_mean": [
        0.6877416936920577,
        0.578619326891163,
        0.6984603087714102,
        0.6556351458444432
      ]
    },
    "raw_ctx0_gaussian": {
      "mean": 0.6542056181869543,
      "sd": 0.029184423378286063,
      "delta": 0.03996195619105728,
      "wins": 9,
      "class_f1_mean": [
        0.6871936630320651,
        0.5758551064737978,
        0.6996065937289787,
        0.6541671095129755
      ]
    },
    "raw_ctx1_uniform": {
      "mean": 0.6565567757677955,
      "sd": 0.027517941095725678,
      "delta": 0.0423131137718985,
      "wins": 9,
      "class_f1_mean": [
        0.7010243832012772,
        0.6052127068305388,
        0.6831921818975453,
        0.6367978311418205
      ]
    },
    "raw_ctx1_lazy": {
      "mean": 0.6637531354085334,
      "sd": 0.0242489065017249,
      "delta": 0.04950947341263644,
      "wins": 10,
      "class_f1_mean": [
        0.6940905951459481,
        0.6053513514584055,
        0.7010534812796241,
        0.654517113750156
      ]
    },
    "raw_ctx1_gaussian": {
      "mean": 0.6626115569890088,
      "sd": 0.02417800122160184,
      "delta": 0.0483678949931118,
      "wins": 10,
      "class_f1_mean": [
        0.6921745525626086,
        0.6030599661753213,
        0.7009593785204015,
        0.6542523306977036
      ]
    },
    "raw_cc1_uniform": {
      "mean": 0.6551635877190727,
      "sd": 0.028536641965078862,
      "delta": 0.040919925723175585,
      "wins": 9,
      "class_f1_mean": [
        0.6992188506769155,
        0.6009987969945773,
        0.6837765626302565,
        0.636660140574541
      ]
    },
    "raw_cc1_lazy": {
      "mean": 0.6621386845464521,
      "sd": 0.025211773805572022,
      "delta": 0.047895022550555014,
      "wins": 10,
      "class_f1_mean": [
        0.692856784899817,
        0.6019197274602228,
        0.7005609000432911,
        0.6532173257824768
      ]
    },
    "raw_cc1_gaussian": {
      "mean": 0.6612931629965759,
      "sd": 0.025106324638617533,
      "delta": 0.047049501000678916,
      "wins": 10,
      "class_f1_mean": [
        0.6916177820470085,
        0.5998411616648154,
        0.7007089898429201,
        0.6530047184315595
      ]
    },
    "raw_none_uniform": {
      "mean": 0.6428656295839217,
      "sd": 0.034811993258177645,
      "delta": 0.028621967588024756,
      "wins": 9,
      "class_f1_mean": [
        0.6909938910739644,
        0.5629440994275093,
        0.6804802016933034,
        0.6370443261409099
      ]
    },
    "raw_none_lazy": {
      "mean": 0.6509642016875079,
      "sd": 0.03037705714720618,
      "delta": 0.036720539691610835,
      "wins": 9,
      "class_f1_mean": [
        0.6862716962154108,
        0.5680622656945439,
        0.6969364603290968,
        0.6525863845109797
      ]
    },
    "raw_none_gaussian": {
      "mean": 0.6499377529877395,
      "sd": 0.030918267782343134,
      "delta": 0.035694090991842495,
      "wins": 9,
      "class_f1_mean": [
        0.6847498792975539,
        0.5644053807487195,
        0.6975750211856155,
        0.6530207307190687
      ]
    },
    "pool_ctx0_uniform": {
      "mean": 0.6558907956019077,
      "sd": 0.023153445314811588,
      "delta": 0.041647133606010744,
      "wins": 10,
      "class_f1_mean": [
        0.6922489766184531,
        0.5868241719281941,
        0.6914661269351116,
        0.653023906925872
      ]
    },
    "pool_ctx0_lazy": {
      "mean": 0.6641714528157452,
      "sd": 0.02135546556980472,
      "delta": 0.04992779081984818,
      "wins": 10,
      "class_f1_mean": [
        0.6854170801724379,
        0.588870166476944,
        0.7087790739913841,
        0.6736194906222144
      ]
    },
    "pool_ctx0_gaussian": {
      "mean": 0.6641652799848756,
      "sd": 0.022025554139857097,
      "delta": 0.04992161798897865,
      "wins": 10,
      "class_f1_mean": [
        0.6836135147232233,
        0.587586154835823,
        0.7109892877694896,
        0.6744721626109668
      ]
    },
    "pool_ctx1_uniform": {
      "mean": 0.6678631194532332,
      "sd": 0.01920091606237793,
      "delta": 0.053619457457336275,
      "wins": 10,
      "class_f1_mean": [
        0.7022142615154208,
        0.6225947426661206,
        0.6960668674062273,
        0.6505766062251643
      ]
    },
    "pool_ctx1_lazy": {
      "mean": 0.6765145015003515,
      "sd": 0.01983456524530326,
      "delta": 0.06227083950445463,
      "wins": 10,
      "class_f1_mean": [
        0.6960024393218531,
        0.6232827223585369,
        0.7138081094812896,
        0.6729647348397269
      ]
    },
    "pool_ctx1_gaussian": {
      "mean": 0.6759216178532315,
      "sd": 0.020485091549277717,
      "delta": 0.06167795585733447,
      "wins": 10,
      "class_f1_mean": [
        0.692452355833469,
        0.6214341392885492,
        0.7164946994846233,
        0.673305276806284
      ]
    },
    "pool_cc1_uniform": {
      "mean": 0.6658415515591056,
      "sd": 0.019878097400153956,
      "delta": 0.051597889563208765,
      "wins": 10,
      "class_f1_mean": [
        0.6978183667392847,
        0.6180738404462374,
        0.6961387924155961,
        0.6513352066353048
      ]
    },
    "pool_cc1_lazy": {
      "mean": 0.6730711231286861,
      "sd": 0.02025852217545942,
      "delta": 0.05882746113278906,
      "wins": 10,
      "class_f1_mean": [
        0.690337060277356,
        0.617181053242794,
        0.7133758569116695,
        0.6713905220829247
      ]
    },
    "pool_cc1_gaussian": {
      "mean": 0.6742309001787674,
      "sd": 0.020907129010971505,
      "delta": 0.0599872381828704,
      "wins": 10,
      "class_f1_mean": [
        0.6900277349530473,
        0.6169099078526471,
        0.7166416822544723,
        0.6733442756549028
      ]
    },
    "pool_none_uniform": {
      "mean": 0.6514968241604852,
      "sd": 0.025761543694025564,
      "delta": 0.03725316216458817,
      "wins": 10,
      "class_f1_mean": [
        0.6901371586533582,
        0.5752072334227412,
        0.6900034427487872,
        0.6506394618170538
      ]
    },
    "pool_none_lazy": {
      "mean": 0.6574261595664852,
      "sd": 0.02420906545863814,
      "delta": 0.0431824975705881,
      "wins": 10,
      "class_f1_mean": [
        0.6841989167248795,
        0.5752234018931618,
        0.7042802379795192,
        0.6660020816683795
      ]
    },
    "pool_none_gaussian": {
      "mean": 0.6569680098842932,
      "sd": 0.024254384821719727,
      "delta": 0.04272434788839628,
      "wins": 10,
      "class_f1_mean": [
        0.6816079498256894,
        0.5725021907409655,
        0.7061763185621313,
        0.6675855804083868
      ]
    }
  },
  "100": {
    "raw_ctx0_uniform": {
      "mean": 0.660819601741841,
      "sd": 0.022556461534551854,
      "delta": 0.04401007365566005,
      "wins": 10,
      "class_f1_mean": [
        0.6994251275961445,
        0.6059026130107099,
        0.6922739131038045,
        0.6456767532567046
      ]
    },
    "raw_ctx0_lazy": {
      "mean": 0.6671793941009776,
      "sd": 0.017922564041798168,
      "delta": 0.05036986601479669,
      "wins": 10,
      "class_f1_mean": [
        0.6940662060021624,
        0.6081974606292547,
        0.7100137812420696,
        0.6564401285304236
      ]
    },
    "raw_ctx0_gaussian": {
      "mean": 0.6659976974925566,
      "sd": 0.018933349052300597,
      "delta": 0.04918816940637568,
      "wins": 10,
      "class_f1_mean": [
        0.6922953690932101,
        0.6050418096675988,
        0.7107338981511806,
        0.6559197130582366
      ]
    },
    "raw_ctx1_uniform": {
      "mean": 0.6657115829318718,
      "sd": 0.020635236771947608,
      "delta": 0.04890205484569095,
      "wins": 10,
      "class_f1_mean": [
        0.7030345399641804,
        0.6205206468291734,
        0.6946290504424694,
        0.6446620944916639
      ]
    },
    "raw_ctx1_lazy": {
      "mean": 0.6712364704830837,
      "sd": 0.016612237690405766,
      "delta": 0.05442694239690279,
      "wins": 10,
      "class_f1_mean": [
        0.6979857832449053,
        0.6202906841427298,
        0.7112065885774496,
        0.6554628259672499
      ]
    },
    "raw_ctx1_gaussian": {
      "mean": 0.6696532348629571,
      "sd": 0.01719663521443113,
      "delta": 0.052843706776776245,
      "wins": 10,
      "class_f1_mean": [
        0.6949568407508997,
        0.6164060673352637,
        0.712274444856645,
        0.6549755865090201
      ]
    },
    "raw_cc1_uniform": {
      "mean": 0.6650100389639345,
      "sd": 0.02098189702690393,
      "delta": 0.04820051087775355,
      "wins": 10,
      "class_f1_mean": [
        0.7018654963440999,
        0.6187597758327462,
        0.6945815250981254,
        0.6448333585807662
      ]
    },
    "raw_cc1_lazy": {
      "mean": 0.6701918853321785,
      "sd": 0.01719134180694321,
      "delta": 0.05338235724599762,
      "wins": 10,
      "class_f1_mean": [
        0.6969029112363688,
        0.6183635334123875,
        0.7108932096841695,
        0.6546078869957882
      ]
    },
    "raw_cc1_gaussian": {
      "mean": 0.6690355096866659,
      "sd": 0.01758225240030184,
      "delta": 0.05222598160048499,
      "wins": 10,
      "class_f1_mean": [
        0.6943839422957545,
        0.6146344408419113,
        0.7120231940966836,
        0.6551004615123143
      ]
    },
    "raw_none_uniform": {
      "mean": 0.6587092851448922,
      "sd": 0.023710170043301268,
      "delta": 0.041899757058711275,
      "wins": 10,
      "class_f1_mean": [
        0.6978416239520665,
        0.6003199941939609,
        0.6912339723962995,
        0.6454415500372417
      ]
    },
    "raw_none_lazy": {
      "mean": 0.6654705062688023,
      "sd": 0.018582553439488347,
      "delta": 0.04866097818262148,
      "wins": 10,
      "class_f1_mean": [
        0.6930964696300729,
        0.6036772142104152,
        0.7093717831164421,
        0.655736558118279
      ]
    },
    "raw_none_gaussian": {
      "mean": 0.6644347074682485,
      "sd": 0.01968466324547741,
      "delta": 0.04762517938206765,
      "wins": 10,
      "class_f1_mean": [
        0.6915236049232084,
        0.6002287793975987,
        0.7103504851906799,
        0.6556359603615068
      ]
    },
    "pool_ctx0_uniform": {
      "mean": 0.6651511302241111,
      "sd": 0.02026303477847106,
      "delta": 0.04834160213793024,
      "wins": 10,
      "class_f1_mean": [
        0.6995790235700393,
        0.6038456479634987,
        0.6999844183306351,
        0.6571954310322713
      ]
    },
    "pool_ctx0_lazy": {
      "mean": 0.6741731458685032,
      "sd": 0.017814965625006687,
      "delta": 0.05736361778232228,
      "wins": 10,
      "class_f1_mean": [
        0.6934039202027603,
        0.6065395502519606,
        0.7200371970275006,
        0.6767119159917911
      ]
    },
    "pool_ctx0_gaussian": {
      "mean": 0.672692632959871,
      "sd": 0.01894121805384431,
      "delta": 0.05588310487369015,
      "wins": 10,
      "class_f1_mean": [
        0.6904350112518818,
        0.6035995374577664,
        0.7214631867126743,
        0.6752727964171616
      ]
    },
    "pool_ctx1_uniform": {
      "mean": 0.6707673837714313,
      "sd": 0.01831637174686821,
      "delta": 0.053957855685250355,
      "wins": 10,
      "class_f1_mean": [
        0.7042983663692683,
        0.6218709868705437,
        0.7015332054299432,
        0.6553669764159694
      ]
    },
    "pool_ctx1_lazy": {
      "mean": 0.6795651578775764,
      "sd": 0.017374091293599448,
      "delta": 0.06275562979139562,
      "wins": 10,
      "class_f1_mean": [
        0.6978527557614858,
        0.6222099243905095,
        0.7218563713731769,
        0.6763415799851337
      ]
    },
    "pool_ctx1_gaussian": {
      "mean": 0.6783818919427027,
      "sd": 0.018677556645252457,
      "delta": 0.06157236385652178,
      "wins": 10,
      "class_f1_mean": [
        0.6949122246854735,
        0.6204782057431832,
        0.7240417613340222,
        0.6740953760081317
      ]
    },
    "pool_cc1_uniform": {
      "mean": 0.6697952029603853,
      "sd": 0.018833594635313266,
      "delta": 0.05298567487420439,
      "wins": 10,
      "class_f1_mean": [
        0.7024032779639349,
        0.6194499257926208,
        0.7016854248766354,
        0.6556421832083498
      ]
    },
    "pool_cc1_lazy": {
      "mean": 0.6780199662983819,
      "sd": 0.01773150415247162,
      "delta": 0.061210438212200936,
      "wins": 10,
      "class_f1_mean": [
        0.6961607639395363,
        0.6195742750692088,
        0.7214269097795898,
        0.6749179164051918
      ]
    },
    "pool_cc1_gaussian": {
      "mean": 0.6775118565180123,
      "sd": 0.01891525151176333,
      "delta": 0.06070232843183139,
      "wins": 10,
      "class_f1_mean": [
        0.6935886820772277,
        0.6177528296686506,
        0.7240108616484193,
        0.6746950526777513
      ]
    },
    "pool_none_uniform": {
      "mean": 0.6633026311659802,
      "sd": 0.02122973698272808,
      "delta": 0.04649310307979933,
      "wins": 10,
      "class_f1_mean": [
        0.6988699421863263,
        0.5992093844954545,
        0.6998951269106395,
        0.6552360710715003
      ]
    },
    "pool_none_lazy": {
      "mean": 0.671721367083426,
      "sd": 0.018695965582271105,
      "delta": 0.054911838997245235,
      "wins": 10,
      "class_f1_mean": [
        0.6923104455123477,
        0.5998111045891493,
        0.7194606800383941,
        0.6753032381938131
      ]
    },
    "pool_none_gaussian": {
      "mean": 0.6708339011971531,
      "sd": 0.020075656001499548,
      "delta": 0.05402437311097229,
      "wins": 10,
      "class_f1_mean": [
        0.689915119915477,
        0.5977510974842323,
        0.7210348837024971,
        0.6746345036864061
      ]
    }
  },
  "200": {
    "raw_ctx0_uniform": {
      "mean": 0.6646940162021836,
      "sd": 0.007938861501262991,
      "delta": 0.046935730358134566,
      "wins": 10,
      "class_f1_mean": [
        0.6991208133624569,
        0.6172763023928736,
        0.6955448845228394,
        0.6468340645305649
      ]
    },
    "raw_ctx0_lazy": {
      "mean": 0.6713396796524338,
      "sd": 0.005806715673017599,
      "delta": 0.053581393808384635,
      "wins": 10,
      "class_f1_mean": [
        0.6949954606554355,
        0.6195920231274656,
        0.7128645465805158,
        0.657906688246318
      ]
    },
    "raw_ctx0_gaussian": {
      "mean": 0.6705682159733474,
      "sd": 0.006074776677784583,
      "delta": 0.052809930129298376,
      "wins": 10,
      "class_f1_mean": [
        0.6929031107688692,
        0.6168995447198674,
        0.7150321261402207,
        0.6574380822644325
      ]
    },
    "raw_ctx1_uniform": {
      "mean": 0.6663275689760269,
      "sd": 0.007327148897860108,
      "delta": 0.0485692831319776,
      "wins": 10,
      "class_f1_mean": [
        0.7009232656809605,
        0.6228637752229905,
        0.6960401918071545,
        0.6454830431930016
      ]
    },
    "raw_ctx1_lazy": {
      "mean": 0.6731142382221845,
      "sd": 0.005238732073817655,
      "delta": 0.0553559523781354,
      "wins": 10,
      "class_f1_mean": [
        0.6965517383071064,
        0.6246845344507649,
        0.7132994910467005,
        0.6579211890841662
      ]
    },
    "raw_ctx1_gaussian": {
      "mean": 0.6720584804549803,
      "sd": 0.006008728805075654,
      "delta": 0.05430019461093124,
      "wins": 10,
      "class_f1_mean": [
        0.6938119521385084,
        0.6217065410693434,
        0.7150419488887929,
        0.6576734797232764
      ]
    },
    "raw_cc1_uniform": {
      "mean": 0.66608719597085,
      "sd": 0.007453911977237389,
      "delta": 0.048328910126800795,
      "wins": 10,
      "class_f1_mean": [
        0.7003872836947128,
        0.6220495056009797,
        0.6962617964251916,
        0.6456501981625156
      ]
    },
    "raw_cc1_lazy": {
      "mean": 0.6724845271947112,
      "sd": 0.005568691375094383,
      "delta": 0.05472624135066203,
      "wins": 10,
      "class_f1_mean": [
        0.6958973635563308,
        0.6238507001559491,
        0.7129193210194614,
        0.6572707240471032
      ]
    },
    "raw_cc1_gaussian": {
      "mean": 0.6718136731514596,
      "sd": 0.006081422421656976,
      "delta": 0.05405538730741054,
      "wins": 10,
      "class_f1_mean": [
        0.6935193535630654,
        0.62113199071623,
        0.714994233121262,
        0.6576091152052812
      ]
    },
    "raw_none_uniform": {
      "mean": 0.6636197049382615,
      "sd": 0.008367422795723539,
      "delta": 0.04586141909421239,
      "wins": 10,
      "class_f1_mean": [
        0.6985388950473767,
        0.6154197686529204,
        0.6947867961176699,
        0.6457333599350792
      ]
    },
    "raw_none_lazy": {
      "mean": 0.6703611845999295,
      "sd": 0.00585912877390604,
      "delta": 0.05260289875588037,
      "wins": 10,
      "class_f1_mean": [
        0.6946626038955338,
        0.6176471622302182,
        0.712503838859225,
        0.656631133414741
      ]
    },
    "raw_none_gaussian": {
      "mean": 0.6698252034522847,
      "sd": 0.006376553886781484,
      "delta": 0.052066917608235584,
      "wins": 10,
      "class_f1_mean": [
        0.6927014924051067,
        0.6148916443652457,
        0.7145743756306533,
        0.6571333014081332
      ]
    },
    "pool_ctx0_uniform": {
      "mean": 0.6722816386016601,
      "sd": 0.012028818415588168,
      "delta": 0.05452335275761094,
      "wins": 10,
      "class_f1_mean": [
        0.6991217512893095,
        0.6233573455807633,
        0.7034668085007845,
        0.663180649035783
      ]
    },
    "pool_ctx0_lazy": {
      "mean": 0.6831407861587943,
      "sd": 0.012196268121596304,
      "delta": 0.0653825003147452,
      "wins": 10,
      "class_f1_mean": [
        0.6941848549493063,
        0.6280303579209897,
        0.725151422546426,
        0.6851965092184552
      ]
    },
    "pool_ctx0_gaussian": {
      "mean": 0.6828055777399229,
      "sd": 0.012524447350184237,
      "delta": 0.06504729189587379,
      "wins": 10,
      "class_f1_mean": [
        0.6930455065372382,
        0.625123218730373,
        0.7268206340700482,
        0.6862329516220322
      ]
    },
    "pool_ctx1_uniform": {
      "mean": 0.6745228698785557,
      "sd": 0.011805663320404216,
      "delta": 0.05676458403450665,
      "wins": 10,
      "class_f1_mean": [
        0.7010467609690154,
        0.6303320898595638,
        0.7041735160683343,
        0.6625391126173096
      ]
    },
    "pool_ctx1_lazy": {
      "mean": 0.6856049280654247,
      "sd": 0.011690920838717872,
      "delta": 0.06784664222137553,
      "wins": 10,
      "class_f1_mean": [
        0.6960121601852204,
        0.63449832052593,
        0.72610524539843,
        0.6858039861521184
      ]
    },
    "pool_ctx1_gaussian": {
      "mean": 0.6849844691588817,
      "sd": 0.012646878902144311,
      "delta": 0.06722618331483253,
      "wins": 10,
      "class_f1_mean": [
        0.6944212973338045,
        0.6317268778109142,
        0.7283380670385821,
        0.6854516344522259
      ]
    },
    "pool_cc1_uniform": {
      "mean": 0.674052799730246,
      "sd": 0.01189545659710935,
      "delta": 0.05629451388619694,
      "wins": 10,
      "class_f1_mean": [
        0.7002526103291463,
        0.6291808246959316,
        0.7040119528935876,
        0.6627658110023186
      ]
    },
    "pool_cc1_lazy": {
      "mean": 0.6848096937606952,
      "sd": 0.011690340024768266,
      "delta": 0.06705140791664611,
      "wins": 10,
      "class_f1_mean": [
        0.6950599440779419,
        0.6334002024354854,
        0.7257756685505117,
        0.6850029599788419
      ]
    },
    "pool_cc1_gaussian": {
      "mean": 0.6846357548820947,
      "sd": 0.012885513164194758,
      "delta": 0.06687746903804567,
      "wins": 10,
      "class_f1_mean": [
        0.6942720954088825,
        0.6309450349967601,
        0.728221077457192,
        0.6851048116655445
      ]
    },
    "pool_none_uniform": {
      "mean": 0.6714506876294133,
      "sd": 0.012732092900513031,
      "delta": 0.05369240178536426,
      "wins": 10,
      "class_f1_mean": [
        0.698868337618514,
        0.6215649417564781,
        0.702895989462075,
        0.6624734816805863
      ]
    },
    "pool_none_lazy": {
      "mean": 0.6819552785361462,
      "sd": 0.012672540059320832,
      "delta": 0.06419699269209714,
      "wins": 10,
      "class_f1_mean": [
        0.6938339311816419,
        0.6258256278328164,
        0.7242344253043074,
        0.683927129825819
      ]
    },
    "pool_none_gaussian": {
      "mean": 0.682065096794759,
      "sd": 0.013113519469068658,
      "delta": 0.06430681095071002,
      "wins": 10,
      "class_f1_mean": [
        0.6929254929853721,
        0.62305000397535,
        0.7266795178800283,
        0.685605372338286
      ]
    }
  }
}
