{
  "5": {
    "raw_ctx0_uniform": {
      "mean": 0.6283748967863196,
      "sd": 0.02482104642347034,
      "delta": 0.07594664549475909,
      "wins": 10,
      "class_f1_mean": [
        0.6715340415704727,
        0.5899777594845295,
        0.649309680583874,
        0.6026781055064023
      ]
    },
    "raw_ctx0_lazy": {
      "mean": 0.6302455533272378,
      "sd": 0.024954764298008685,
      "delta": 0.07781730203567717,
      "wins": 10,
      "class_f1_mean": [
        0.6575511224787891,
        0.5819786472494928,
        0.6629527630941079,
        0.618499680486561
      ]
    },
    "raw_ctx0_gaussian": {
      "mean": 0.6289415143947904,
      "sd": 0.023666043304980403,
      "delta": 0.07651326310322988,
      "wins": 10,
      "class_f1_mean": [
        0.6551792692364526,
        0.578069187362549,
        0.6644614512390611,
        0.618056149741099
      ]
    },
    "raw_ctx1_uniform": {
      "mean": 0.6303476847646091,
      "sd": 0.012410047905162348,
      "delta": 0.07791943347304851,
      "wins": 10,
      "class_f1_mean": [
        0.7138099216818017,
        0.643240932184691,
        0.5681019044831344,
        0.5962379807088088
      ]
    },
    "raw_ctx1_lazy": {
      "mean": 0.6347435515821269,
      "sd": 0.012217978350472829,
      "delta": 0.0823153002905665,
      "wins": 10,
      "class_f1_mean": [
        0.6992000193754384,
        0.638195208155896,
        0.5808354559372211,
        0.6207435228599525
      ]
    },
    "raw_ctx1_gaussian": {
      "mean": 0.6349354266527055,
      "sd": 0.012504728639571533,
      "delta": 0.082507175361145,
      "wins": 10,
      "class_f1_mean": [
        0.6946168944818429,
        0.6353109062084685,
        0.5871569589167719,
        0.6226569470037386
      ]
    },
    "raw_cc1_uniform": {
      "mean": 0.6218755155680833,
      "sd": 0.013504067575362117,
      "delta": 0.06944726427652277,
      "wins": 10,
      "class_f1_mean": [
        0.7048468308019741,
        0.6409692206163804,
        0.5515231379730214,
        0.5901628728809573
      ]
    },
    "raw_cc1_lazy": {
      "mean": 0.6229252370950527,
      "sd": 0.013865465778297848,
      "delta": 0.07049698580349219,
      "wins": 10,
      "class_f1_mean": [
        0.6846508562317909,
        0.630598935206914,
        0.5640759201066987,
        0.6123752368348071
      ]
    },
    "raw_cc1_gaussian": {
      "mean": 0.6272255265521495,
      "sd": 0.01468292524567801,
      "delta": 0.07479727526058899,
      "wins": 10,
      "class_f1_mean": [
        0.6867472981568161,
        0.6320875652093711,
        0.572733590203737,
        0.6173336526386737
      ]
    },
    "raw_none_uniform": {
      "mean": 0.5548264230214242,
      "sd": 0.0400981856548064,
      "delta": 0.0023981717298636627,
      "wins": 3,
      "class_f1_mean": [
        0.6610821613426349,
        0.490312234475879,
        0.563634752777465,
        0.5042765434897177
      ]
    },
    "raw_none_lazy": {
      "mean": 0.5559185868473133,
      "sd": 0.03977494727861844,
      "delta": 0.003490335555752788,
      "wins": 3,
      "class_f1_mean": [
        0.6511101428105717,
        0.48538424717177586,
        0.5712000077405583,
        0.5159799496663476
      ]
    },
    "raw_none_gaussian": {
      "mean": 0.5573357324079388,
      "sd": 0.040022956290837026,
      "delta": 0.004907481116378215,
      "wins": 3,
      "class_f1_mean": [
        0.6513089488389884,
        0.48495091328019174,
        0.5741030526975183,
        0.5189800148150565
      ]
    },
    "pool_ctx0_uniform": {
      "mean": 0.6291182308444226,
      "sd": 0.021508310114702615,
      "delta": 0.07668997955286208,
      "wins": 10,
      "class_f1_mean": [
        0.650631903579656,
        0.5897372437348283,
        0.6527524146085149,
        0.6233513614546914
      ]
    },
    "pool_ctx0_lazy": {
      "mean": 0.6289435910393524,
      "sd": 0.021273435759842762,
      "delta": 0.07651533974779193,
      "wins": 10,
      "class_f1_mean": [
        0.6361502398108615,
        0.5798607868819097,
        0.6619832071924574,
        0.6377801302721814
      ]
    },
    "pool_ctx0_gaussian": {
      "mean": 0.6270033967175719,
      "sd": 0.020076981992568,
      "delta": 0.07457514542601137,
      "wins": 10,
      "class_f1_mean": [
        0.634582420142355,
        0.5761990387031005,
        0.6613347177832183,
        0.6358974102416137
      ]
    },
    "pool_ctx1_uniform": {
      "mean": 0.618755450173551,
      "sd": 0.008838165700855044,
      "delta": 0.06632719888199044,
      "wins": 10,
      "class_f1_mean": [
        0.7069731555934805,
        0.6332690666835443,
        0.5346864541927692,
        0.60009312422441
      ]
    },
    "pool_ctx1_lazy": {
      "mean": 0.6224605723324418,
      "sd": 0.009090830170989564,
      "delta": 0.07003232104088128,
      "wins": 10,
      "class_f1_mean": [
        0.689010291084983,
        0.6273634574023406,
        0.5465326239661363,
        0.6269359168763076
      ]
    },
    "pool_ctx1_gaussian": {
      "mean": 0.6234385637998723,
      "sd": 0.00849206353746475,
      "delta": 0.07101031250831175,
      "wins": 10,
      "class_f1_mean": [
        0.6863280636074132,
        0.6250005464185051,
        0.5532158784945798,
        0.6292097666789912
      ]
    },
    "pool_cc1_uniform": {
      "mean": 0.6056541234134387,
      "sd": 0.009207029777830127,
      "delta": 0.05322587212187826,
      "wins": 6,
      "class_f1_mean": [
        0.6914348480175656,
        0.6286850592690606,
        0.507935918116102,
        0.5945606682510269
      ]
    },
    "pool_cc1_lazy": {
      "mean": 0.606467215797469,
      "sd": 0.009357236789466527,
      "delta": 0.05403896450590849,
      "wins": 6,
      "class_f1_mean": [
        0.6674403039108271,
        0.6167135288877973,
        0.5206773930297955,
        0.6210376373614561
      ]
    },
    "pool_cc1_gaussian": {
      "mean": 0.6118442170548353,
      "sd": 0.010087774748694562,
      "delta": 0.0594159657632747,
      "wins": 10,
      "class_f1_mean": [
        0.6725236365757553,
        0.619170589851629,
        0.5280396346355403,
        0.6276430071564165
      ]
    },
    "pool_none_uniform": {
      "mean": 0.5398300598317296,
      "sd": 0.03995974509198207,
      "delta": -0.012598191459830915,
      "wins": 3,
      "class_f1_mean": [
        0.6192385001108753,
        0.45882818058349495,
        0.5452261857856168,
        0.5360273728469314
      ]
    },
    "pool_none_lazy": {
      "mean": 0.5353836582173168,
      "sd": 0.03674751167319307,
      "delta": -0.017044593074243674,
      "wins": 2,
      "class_f1_mean": [
        0.6034340589583086,
        0.45076044596748854,
        0.5465389422368594,
        0.540801185706611
      ]
    },
    "pool_none_gaussian": {
      "mean": 0.5380784240328897,
      "sd": 0.03622168578781942,
      "delta": -0.014349827258670794,
      "wins": 2,
      "class_f1_mean": [
        0.6063703171079418,
        0.44983410922758466,
        0.5519064942693258,
        0.5442027755267067
      ]
    }
  },
  "25": {
    "raw_ctx0_uniform": {
      "mean": 0.6694529092074889,
      "sd": 0.014495405450951722,
      "delta": 0.057278727520522085,
      "wins": 10,
      "class_f1_mean": [
        0.7279315663179162,
        0.6312993917187523,
        0.687647487555626,
        0.6309331912376612
      ]
    },
    "raw_ctx0_lazy": {
      "mean": 0.6720395086390016,
      "sd": 0.015372425083474538,
      "delta": 0.059865326952034906,
      "wins": 10,
      "class_f1_mean": [
        0.7118979216873836,
        0.6246443574639787,
        0.7044853392510588,
        0.6471304161535855
      ]
    },
    "raw_ctx0_gaussian": {
      "mean": 0.6721793385398052,
      "sd": 0.0158617937601645,
      "delta": 0.06000515685283846,
      "wins": 10,
      "class_f1_mean": [
        0.7106766750424403,
        0.623731690303838,
        0.7062669372744309,
        0.6480420515385118
      ]
    },
    "raw_ctx1_uniform": {
      "mean": 0.6755405730810096,
      "sd": 0.011075561035581235,
      "delta": 0.0633663913940428,
      "wins": 10,
      "class_f1_mean": [
        0.7367956826793725,
        0.6585511443475017,
        0.6843888486994563,
        0.6224266165977077
      ]
    },
    "raw_ctx1_lazy": {
      "mean": 0.6790889322166366,
      "sd": 0.01267006782084497,
      "delta": 0.0669147505296698,
      "wins": 10,
      "class_f1_mean": [
        0.7201936663225151,
        0.6508345856841978,
        0.7022076762103907,
        0.6431198006494427
      ]
    },
    "raw_ctx1_gaussian": {
      "mean": 0.6789307749312552,
      "sd": 0.012867175113284744,
      "delta": 0.06675659324428843,
      "wins": 10,
      "class_f1_mean": [
        0.7184937418217394,
        0.6495466761220335,
        0.703391085321377,
        0.6442915964598709
      ]
    },
    "raw_cc1_uniform": {
      "mean": 0.6742602013642127,
      "sd": 0.011392812009725415,
      "delta": 0.06208601967724588,
      "wins": 10,
      "class_f1_mean": [
        0.7347232629237249,
        0.6560178964338208,
        0.6843390050545067,
        0.6219606410447984
      ]
    },
    "raw_cc1_lazy": {
      "mean": 0.6764482021091152,
      "sd": 0.012851744177805722,
      "delta": 0.06427402042214844,
      "wins": 10,
      "class_f1_mean": [
        0.7178814075853504,
        0.6474164661750923,
        0.701074203178246,
        0.6394207314977722
      ]
    },
    "raw_cc1_gaussian": {
      "mean": 0.6781348006452237,
      "sd": 0.012986633596458297,
      "delta": 0.06596061895825701,
      "wins": 10,
      "class_f1_mean": [
        0.7173311561304448,
        0.6474357750991852,
        0.7046249668111455,
        0.6431473045401195
      ]
    },
    "raw_none_uniform": {
      "mean": 0.664676011058363,
      "sd": 0.015333130731401096,
      "delta": 0.05250182937139627,
      "wins": 10,
      "class_f1_mean": [
        0.7279564948713169,
        0.6198685594197084,
        0.6848109005464431,
        0.6260680893959835
      ]
    },
    "raw_none_lazy": {
      "mean": 0.6657360216086663,
      "sd": 0.01681723671254445,
      "delta": 0.053561839921699585,
      "wins": 10,
      "class_f1_mean": [
        0.7116025514079765,
        0.6110193072621712,
        0.6997256628290424,
        0.6405965649354755
      ]
    },
    "raw_none_gaussian": {
      "mean": 0.6669440039009104,
      "sd": 0.01677473878909301,
      "delta": 0.05476982221394353,
      "wins": 10,
      "class_f1_mean": [
        0.7113192053215704,
        0.6111702997070708,
        0.7019913403623146,
        0.6432951702126856
      ]
    },
    "pool_ctx0_uniform": {
      "mean": 0.6756680187615104,
      "sd": 0.01190060293528531,
      "delta": 0.06349383707454367,
      "wins": 10,
      "class_f1_mean": [
        0.7283363242692674,
        0.6322899440090027,
        0.6923467772993339,
        0.6496990294684378
      ]
    },
    "pool_ctx0_lazy": {
      "mean": 0.6779428495571731,
      "sd": 0.012603902071234551,
      "delta": 0.06576866787020638,
      "wins": 10,
      "class_f1_mean": [
        0.7120357073032657,
        0.6225982757271272,
        0.7085837438437371,
        0.6685536713545627
      ]
    },
    "pool_ctx0_gaussian": {
      "mean": 0.6778289067864784,
      "sd": 0.01279509858681469,
      "delta": 0.06565472509951172,
      "wins": 10,
      "class_f1_mean": [
        0.7108705187868571,
        0.620556411895962,
        0.7098285601389421,
        0.6700601363241528
      ]
    },
    "pool_ctx1_uniform": {
      "mean": 0.6852376461325455,
      "sd": 0.009472515510625364,
      "delta": 0.07306346444557874,
      "wins": 10,
      "class_f1_mean": [
        0.7443121557186854,
        0.6712408427868004,
        0.6851133536011844,
        0.6402842324235118
      ]
    },
    "pool_ctx1_lazy": {
      "mean": 0.689883403590312,
      "sd": 0.011525533140390376,
      "delta": 0.07770922190334524,
      "wins": 10,
      "class_f1_mean": [
        0.7293820983663103,
        0.6630856684023423,
        0.7030952350532833,
        0.663970612539312
      ]
    },
    "pool_ctx1_gaussian": {
      "mean": 0.6891932177126788,
      "sd": 0.011057496300904577,
      "delta": 0.07701903602571208,
      "wins": 10,
      "class_f1_mean": [
        0.7268982655377247,
        0.6606781207913561,
        0.70467540595733,
        0.6645210785643044
      ]
    },
    "pool_cc1_uniform": {
      "mean": 0.683623400353712,
      "sd": 0.010157410875168414,
      "delta": 0.07144921866674518,
      "wins": 10,
      "class_f1_mean": [
        0.739450410798833,
        0.6674175542885232,
        0.6863752673378452,
        0.6412503689896466
      ]
    },
    "pool_cc1_lazy": {
      "mean": 0.686525017241997,
      "sd": 0.011839583966828902,
      "delta": 0.07435083555503035,
      "wins": 10,
      "class_f1_mean": [
        0.7218459621643354,
        0.6574345613961523,
        0.7045368998468176,
        0.662282645560683
      ]
    },
    "pool_cc1_gaussian": {
      "mean": 0.6870379798875128,
      "sd": 0.011249460109329725,
      "delta": 0.07486379820054595,
      "wins": 10,
      "class_f1_mean": [
        0.7212296459758589,
        0.6557089205234389,
        0.7063534389481493,
        0.6648599141026039
      ]
    },
    "pool_none_uniform": {
      "mean": 0.6679640075053587,
      "sd": 0.012806277777793295,
      "delta": 0.05578982581839187,
      "wins": 10,
      "class_f1_mean": [
        0.7229613174678348,
        0.6108030212842659,
        0.6890462316520265,
        0.6490454596173074
      ]
    },
    "pool_none_lazy": {
      "mean": 0.6681517206515741,
      "sd": 0.013627189376427672,
      "delta": 0.055977538964607255,
      "wins": 10,
      "class_f1_mean": [
        0.707544968948549,
        0.5996815071742251,
        0.7024955644598472,
        0.6628848420236749
      ]
    },
    "pool_none_gaussian": {
      "mean": 0.6683172087856251,
      "sd": 0.013065837886742475,
      "delta": 0.05614302709865824,
      "wins": 10,
      "class_f1_mean": [
        0.7061789301499035,
        0.5982168205495517,
        0.7034478505741847,
        0.66542523386886
      ]
    }
  },
  "50": {
    "raw_ctx0_uniform": {
      "mean": 0.684457844283091,
      "sd": 0.011968601845245307,
      "delta": 0.06718483315586647,
      "wins": 10,
      "class_f1_mean": [
        0.7456632893714812,
        0.6484474867597241,
        0.697826156359076,
        0.6458944446420829
      ]
    },
    "raw_ctx0_lazy": {
      "mean": 0.6855721531272391,
      "sd": 0.012804689573013043,
      "delta": 0.06829914200001451,
      "wins": 10,
      "class_f1_mean": [
        0.731163061068675,
        0.6392358460628894,
        0.7145213437685014,
        0.6573683616088903
      ]
    },
    "raw_ctx0_gaussian": {
      "mean": 0.6854781059940033,
      "sd": 0.012391849957256536,
      "delta": 0.06820509486677882,
      "wins": 10,
      "class_f1_mean": [
        0.7304257167140349,
        0.6379493539720519,
        0.7153911026890906,
        0.6581462506008362
      ]
    },
    "raw_ctx1_uniform": {
      "mean": 0.6874664554022047,
      "sd": 0.009602211333910197,
      "delta": 0.07019344427498013,
      "wins": 10,
      "class_f1_mean": [
        0.7501317930727525,
        0.6629522610913477,
        0.6952491568320114,
        0.641532610612707
      ]
    },
    "raw_ctx1_lazy": {
      "mean": 0.6897520646157427,
      "sd": 0.010989115076210731,
      "delta": 0.07247905348851812,
      "wins": 10,
      "class_f1_mean": [
        0.7363056675691777,
        0.6535315296869553,
        0.7125511348344836,
        0.656619926372354
      ]
    },
    "raw_ctx1_gaussian": {
      "mean": 0.6894588516996734,
      "sd": 0.010712418368721869,
      "delta": 0.07218584057244883,
      "wins": 10,
      "class_f1_mean": [
        0.7343715686212888,
        0.6515666036831902,
        0.7137464661787335,
        0.6581507683154808
      ]
    },
    "raw_cc1_uniform": {
      "mean": 0.6871285287886916,
      "sd": 0.01036896717528749,
      "delta": 0.06985551766146698,
      "wins": 10,
      "class_f1_mean": [
        0.7496295143492787,
        0.6620700195417589,
        0.6952625917768428,
        0.641551989486886
      ]
    },
    "raw_cc1_lazy": {
      "mean": 0.6883947532625719,
      "sd": 0.011142563878801649,
      "delta": 0.07112174213534742,
      "wins": 10,
      "class_f1_mean": [
        0.7345549258247126,
        0.6515179130019895,
        0.7123713738061972,
        0.6551348004173885
      ]
    },
    "raw_cc1_gaussian": {
      "mean": 0.6888292523409804,
      "sd": 0.010921930663612071,
      "delta": 0.07155624121375587,
      "wins": 10,
      "class_f1_mean": [
        0.7341010748449943,
        0.6499599784920159,
        0.713772008333638,
        0.6574839476932736
      ]
    },
    "raw_none_uniform": {
      "mean": 0.6823248077564034,
      "sd": 0.012702441108581965,
      "delta": 0.06505179662917882,
      "wins": 10,
      "class_f1_mean": [
        0.7449314806225029,
        0.6426080156413252,
        0.6971521442417783,
        0.6446075905200072
      ]
    },
    "raw_none_lazy": {
      "mean": 0.6829275407248832,
      "sd": 0.012861277971185366,
      "delta": 0.06565452959765848,
      "wins": 10,
      "class_f1_mean": [
        0.7307561951152308,
        0.6331204607788967,
        0.7128674411799052,
        0.6549660658254992
      ]
    },
    "raw_none_gaussian": {
      "mean": 0.6832241253612772,
      "sd": 0.012155504989418588,
      "delta": 0.06595111423405257,
      "wins": 10,
      "class_f1_mean": [
        0.730207165437019,
        0.6314732467688844,
        0.7139645258194265,
        0.6572515634197785
      ]
    },
    "pool_ctx0_uniform": {
      "mean": 0.6865420292457846,
      "sd": 0.008571722048273991,
      "delta": 0.0692690181185601,
      "wins": 10,
      "class_f1_mean": [
        0.7488602709669039,
        0.6468465190942527,
        0.6969856896847894,
        0.6534756372371926
      ]
    },
    "pool_ctx0_lazy": {
      "mean": 0.6895579996606387,
      "sd": 0.0075667651135654405,
      "delta": 0.07228498853341417,
      "wins": 10,
      "class_f1_mean": [
        0.7329550708620619,
        0.6379225470832899,
        0.714758102414993,
        0.6725962782822099
      ]
    },
    "pool_ctx0_gaussian": {
      "mean": 0.6900674063978943,
      "sd": 0.006988255572114031,
      "delta": 0.07279439527066986,
      "wins": 10,
      "class_f1_mean": [
        0.7323531938714409,
        0.6370216595238676,
        0.7160601585547879,
        0.6748346136414811
      ]
    },
    "pool_ctx1_uniform": {
      "mean": 0.6927786806779168,
      "sd": 0.00804867301765308,
      "delta": 0.07550566955069224,
      "wins": 10,
      "class_f1_mean": [
        0.755211407237469,
        0.668061396322519,
        0.6961311297856113,
        0.6517107893660675
      ]
    },
    "pool_ctx1_lazy": {
      "mean": 0.6966222644252577,
      "sd": 0.007332425383738953,
      "delta": 0.0793492532980332,
      "wins": 10,
      "class_f1_mean": [
        0.7406803319368707,
        0.6588263527600935,
        0.7148249681352236,
        0.672157404868843
      ]
    },
    "pool_ctx1_gaussian": {
      "mean": 0.6962842960947494,
      "sd": 0.0060998976302196264,
      "delta": 0.07901128496752485,
      "wins": 10,
      "class_f1_mean": [
        0.7387150128202169,
        0.6573956999956405,
        0.7159274595259769,
        0.6730990120371632
      ]
    },
    "pool_cc1_uniform": {
      "mean": 0.6920763109375365,
      "sd": 0.00823884259821475,
      "delta": 0.07480329981031204,
      "wins": 10,
      "class_f1_mean": [
        0.7530889013089792,
        0.665836268396471,
        0.6966250739377053,
        0.6527550001069906
      ]
    },
    "pool_cc1_lazy": {
      "mean": 0.6945856840523387,
      "sd": 0.007533273025589102,
      "delta": 0.07731267292511414,
      "wins": 10,
      "class_f1_mean": [
        0.7369626918411278,
        0.655939399141559,
        0.7147630858430315,
        0.6706775593836365
      ]
    },
    "pool_cc1_gaussian": {
      "mean": 0.6954879229616581,
      "sd": 0.006576501600385667,
      "delta": 0.07821491183443358,
      "wins": 10,
      "class_f1_mean": [
        0.7361603171800036,
        0.6551753789296619,
        0.7168652667508606,
        0.6737507289861061
      ]
    },
    "pool_none_uniform": {
      "mean": 0.683541426538136,
      "sd": 0.008668099127821292,
      "delta": 0.06626841541091147,
      "wins": 10,
      "class_f1_mean": [
        0.7461572701352244,
        0.6384316846591005,
        0.6958965856668129,
        0.6536801656914066
      ]
    },
    "pool_none_lazy": {
      "mean": 0.6854320292306344,
      "sd": 0.007844717614241305,
      "delta": 0.0681590181034099,
      "wins": 10,
      "class_f1_mean": [
        0.7306430664000232,
        0.6281087194359302,
        0.7120262836391638,
        0.6709500474474208
      ]
    },
    "pool_none_gaussian": {
      "mean": 0.6861686674271825,
      "sd": 0.007357512276912741,
      "delta": 0.06889565629995796,
      "wins": 10,
      "class_f1_mean": [
        0.7302217228496813,
        0.6276786382634361,
        0.7132320252063973,
        0.6735422833892153
      ]
    }
  },
  "100": {
    "raw_ctx0_uniform": {
      "mean": 0.7021556983084543,
      "sd": 0.007296325976892105,
      "delta": 0.08264287403645701,
      "wins": 10,
      "class_f1_mean": [
        0.7646894490227509,
        0.6745719397150632,
        0.7096107633033834,
        0.6597506411926194
      ]
    },
    "raw_ctx0_lazy": {
      "mean": 0.7043386305119537,
      "sd": 0.006582442478495679,
      "delta": 0.08482580623995628,
      "wins": 10,
      "class_f1_mean": [
        0.750527964172438,
        0.6660022739628758,
        0.727546479296233,
        0.6732778046162675
      ]
    },
    "raw_ctx0_gaussian": {
      "mean": 0.7044206477899599,
      "sd": 0.007054577858362207,
      "delta": 0.08490782351796258,
      "wins": 10,
      "class_f1_mean": [
        0.7496403770939599,
        0.6647019132312006,
        0.7284132081897756,
        0.6749270926449032
      ]
    },
    "raw_ctx1_uniform": {
      "mean": 0.7037124074715067,
      "sd": 0.0061930550134135474,
      "delta": 0.08419958319950939,
      "wins": 10,
      "class_f1_mean": [
        0.7664952843235724,
        0.6817421835107459,
        0.7090647299682072,
        0.6575474320835012
      ]
    },
    "raw_ctx1_lazy": {
      "mean": 0.7058771343857944,
      "sd": 0.00630792721359295,
      "delta": 0.086364310113797,
      "wins": 10,
      "class_f1_mean": [
        0.752350011367979,
        0.671682078183127,
        0.7268587459835286,
        0.6726177020085424
      ]
    },
    "raw_ctx1_gaussian": {
      "mean": 0.7060488408485666,
      "sd": 0.006368728448737833,
      "delta": 0.08653601657656917,
      "wins": 10,
      "class_f1_mean": [
        0.7512033928198825,
        0.6709341732029188,
        0.7280327237891908,
        0.6740250735822736
      ]
    },
    "raw_cc1_uniform": {
      "mean": 0.7035781816895728,
      "sd": 0.006111300566215135,
      "delta": 0.08406535741757551,
      "wins": 10,
      "class_f1_mean": [
        0.766532937477707,
        0.6814098765315362,
        0.7087869252361441,
        0.6575829875129038
      ]
    },
    "raw_cc1_lazy": {
      "mean": 0.7053600677047535,
      "sd": 0.006035873596710148,
      "delta": 0.08584724343275622,
      "wins": 10,
      "class_f1_mean": [
        0.7517321740799546,
        0.6711294508641362,
        0.7270060878134896,
        0.6715725580614333
      ]
    },
    "raw_cc1_gaussian": {
      "mean": 0.7061904505306076,
      "sd": 0.006670057688904775,
      "delta": 0.08667762625861035,
      "wins": 10,
      "class_f1_mean": [
        0.7512146927768457,
        0.6707192056131374,
        0.7284700697978695,
        0.6743578339345778
      ]
    },
    "raw_none_uniform": {
      "mean": 0.7018778568187909,
      "sd": 0.007380947480194265,
      "delta": 0.08236503254679359,
      "wins": 10,
      "class_f1_mean": [
        0.7647043981080468,
        0.6724199669752629,
        0.7099028542200726,
        0.6604842079717812
      ]
    },
    "raw_none_lazy": {
      "mean": 0.7039448399105922,
      "sd": 0.006768055740344534,
      "delta": 0.08443201563859488,
      "wins": 10,
      "class_f1_mean": [
        0.7507592136964975,
        0.6638713283087296,
        0.7272859998115078,
        0.6738628178256336
      ]
    },
    "raw_none_gaussian": {
      "mean": 0.7043241295504449,
      "sd": 0.007139347566763751,
      "delta": 0.08481130527844753,
      "wins": 10,
      "class_f1_mean": [
        0.7503825710001506,
        0.6628859811842636,
        0.728108901160431,
        0.6759190648569341
      ]
    },
    "pool_ctx0_uniform": {
      "mean": 0.7082549071606098,
      "sd": 0.005762444330890473,
      "delta": 0.0887420828886125,
      "wins": 10,
      "class_f1_mean": [
        0.771881445681802,
        0.6814912678801796,
        0.7125605444815338,
        0.6670863705989236
      ]
    },
    "pool_ctx0_lazy": {
      "mean": 0.7123973832591265,
      "sd": 0.005248100889886727,
      "delta": 0.09288455898712925,
      "wins": 10,
      "class_f1_mean": [
        0.757990610858748,
        0.6723163624790336,
        0.7307639281065692,
        0.688518631592155
      ]
    },
    "pool_ctx0_gaussian": {
      "mean": 0.713105325942019,
      "sd": 0.004447368675386707,
      "delta": 0.09359250167002174,
      "wins": 10,
      "class_f1_mean": [
        0.756715442023254,
        0.6725258747179094,
        0.7323089802694398,
        0.690871006757473
      ]
    },
    "pool_ctx1_uniform": {
      "mean": 0.7113130549620371,
      "sd": 0.004783139458024786,
      "delta": 0.0918002306900398,
      "wins": 10,
      "class_f1_mean": [
        0.774992302079683,
        0.6911041980255568,
        0.7130796629885595,
        0.666076056754349
      ]
    },
    "pool_ctx1_lazy": {
      "mean": 0.7154360090160021,
      "sd": 0.004660944791200374,
      "delta": 0.0959231847440048,
      "wins": 10,
      "class_f1_mean": [
        0.761076048489589,
        0.6818403442623647,
        0.7309537245169292,
        0.6878739187951255
      ]
    },
    "pool_ctx1_gaussian": {
      "mean": 0.7158555496507618,
      "sd": 0.003920669906052209,
      "delta": 0.09634272537876447,
      "wins": 10,
      "class_f1_mean": [
        0.7596046671588864,
        0.6810139803896625,
        0.7326706156742836,
        0.6901329353802146
      ]
    },
    "pool_cc1_uniform": {
      "mean": 0.7110644672707841,
      "sd": 0.004546531243492258,
      "delta": 0.0915516429987868,
      "wins": 10,
      "class_f1_mean": [
        0.7736580932161254,
        0.6901669562058015,
        0.7134069881745713,
        0.667025831486638
      ]
    },
    "pool_cc1_lazy": {
      "mean": 0.7143574078101043,
      "sd": 0.004782439604667846,
      "delta": 0.09484458353810696,
      "wins": 10,
      "class_f1_mean": [
        0.75923023109556,
        0.6800527705505042,
        0.730660071131189,
        0.6874865584631638
      ]
    },
    "pool_cc1_gaussian": {
      "mean": 0.7154529689741917,
      "sd": 0.004024156262882011,
      "delta": 0.09594014470219457,
      "wins": 10,
      "class_f1_mean": [
        0.758395671168423,
        0.679820743574496,
        0.7332138565608639,
        0.6903816045929846
      ]
    },
    "pool_none_uniform": {
      "mean": 0.7072888307859858,
      "sd": 0.005938976776890836,
      "delta": 0.08777600651398856,
      "wins": 10,
      "class_f1_mean": [
        0.7710820964939743,
        0.6782399182574836,
        0.7123718896496866,
        0.6674614187427989
      ]
    },
    "pool_none_lazy": {
      "mean": 0.7113139723924656,
      "sd": 0.005747786921225697,
      "delta": 0.09180114812046841,
      "wins": 10,
      "class_f1_mean": [
        0.7572942077844825,
        0.6689450857061934,
        0.7300733140107251,
        0.6889432820684618
      ]
    },
    "pool_none_gaussian": {
      "mean": 0.7119039225043187,
      "sd": 0.004685851685951921,
      "delta": 0.09239109823232135,
      "wins": 10,
      "class_f1_mean": [
        0.7560181535839909,
        0.6687285000873455,
        0.7315795952043731,
        0.6912894411415651
      ]
    }
  },
  "200": {
    "raw_ctx0_uniform": {
      "mean": 0.7192501166561154,
      "sd": 0.006448977004865036,
      "delta": 0.09526766162195908,
      "wins": 10,
      "class_f1_mean": [
        0.7808522016596767,
        0.701432015449839,
        0.7201831320614105,
        0.6745331174535354
      ]
    },
    "raw_ctx0_lazy": {
      "mean": 0.7209667573476708,
      "sd": 0.005157769213998653,
      "delta": 0.09698430231351433,
      "wins": 10,
      "class_f1_mean": [
        0.767573464354475,
        0.6924870774777462,
        0.737595221825047,
        0.6862112657334146
      ]
    },
    "raw_ctx0_gaussian": {
      "mean": 0.7210190273353685,
      "sd": 0.005571543680681878,
      "delta": 0.09703657230121221,
      "wins": 10,
      "class_f1_mean": [
        0.7666400423539486,
        0.6914843361135576,
        0.738445686636463,
        0.6875060442375052
      ]
    },
    "raw_ctx1_uniform": {
      "mean": 0.7200016183611821,
      "sd": 0.006270218251795735,
      "delta": 0.09601916332702579,
      "wins": 10,
      "class_f1_mean": [
        0.7818900456116836,
        0.7038969265626214,
        0.7200622210491797,
        0.6741572802212439
      ]
    },
    "raw_ctx1_lazy": {
      "mean": 0.7217638122752691,
      "sd": 0.005116584569763095,
      "delta": 0.09778135724111271,
      "wins": 10,
      "class_f1_mean": [
        0.7683593565683366,
        0.6948123919829134,
        0.7376052062273764,
        0.6862782943224499
      ]
    },
    "raw_ctx1_gaussian": {
      "mean": 0.7214928890263683,
      "sd": 0.005528668155054274,
      "delta": 0.09751043399221201,
      "wins": 10,
      "class_f1_mean": [
        0.7670275351919592,
        0.6935280369543703,
        0.7381708436437642,
        0.6872451403153799
      ]
    },
    "raw_cc1_uniform": {
      "mean": 0.7199608783378043,
      "sd": 0.006373984034952691,
      "delta": 0.09597842330364807,
      "wins": 10,
      "class_f1_mean": [
        0.781828381949994,
        0.7038975522975042,
        0.7201408329749899,
        0.6739767461287294
      ]
    },
    "raw_cc1_lazy": {
      "mean": 0.7215690123021131,
      "sd": 0.005168022369052495,
      "delta": 0.09758655726795684,
      "wins": 10,
      "class_f1_mean": [
        0.7680834551821222,
        0.694613393868375,
        0.7375545442935645,
        0.6860246558643912
      ]
    },
    "raw_cc1_gaussian": {
      "mean": 0.721510286023775,
      "sd": 0.005401528281175515,
      "delta": 0.09752783098961854,
      "wins": 10,
      "class_f1_mean": [
        0.7670917146623812,
        0.6932759463245323,
        0.7383460821740798,
        0.687327400934106
      ]
    },
    "raw_none_uniform": {
      "mean": 0.7191926670186808,
      "sd": 0.006286531768048763,
      "delta": 0.09521021198452445,
      "wins": 10,
      "class_f1_mean": [
        0.7808634047277137,
        0.7006369555831438,
        0.7202746658459931,
        0.6749956419178726
      ]
    },
    "raw_none_lazy": {
      "mean": 0.720889009536955,
      "sd": 0.005227489505655077,
      "delta": 0.09690655450279863,
      "wins": 10,
      "class_f1_mean": [
        0.7678570126755639,
        0.691570697743613,
        0.7375409377766118,
        0.6865873899520307
      ]
    },
    "raw_none_gaussian": {
      "mean": 0.7209748659785796,
      "sd": 0.005642415550198153,
      "delta": 0.09699241094442332,
      "wins": 10,
      "class_f1_mean": [
        0.7667575035369631,
        0.6905660628824817,
        0.7385108483573177,
        0.688065049137556
      ]
    },
    "pool_ctx0_uniform": {
      "mean": 0.7226451980606944,
      "sd": 0.006606943750248135,
      "delta": 0.09866274302653807,
      "wins": 10,
      "class_f1_mean": [
        0.7855922062253553,
        0.7048248818315823,
        0.7216344247816042,
        0.6785292794042358
      ]
    },
    "pool_ctx0_lazy": {
      "mean": 0.7268078811050988,
      "sd": 0.006306534982831206,
      "delta": 0.10282542607094244,
      "wins": 10,
      "class_f1_mean": [
        0.7714078044093869,
        0.6975942187616582,
        0.7401620509250886,
        0.6980674503242617
      ]
    },
    "pool_ctx0_gaussian": {
      "mean": 0.728327827156107,
      "sd": 0.006603065145458152,
      "delta": 0.10434537212195057,
      "wins": 10,
      "class_f1_mean": [
        0.7710996160181585,
        0.6972818762877429,
        0.7421691284049058,
        0.7027606879136206
      ]
    },
    "pool_ctx1_uniform": {
      "mean": 0.7240869794426518,
      "sd": 0.006577791319138045,
      "delta": 0.10010452440849538,
      "wins": 10,
      "class_f1_mean": [
        0.7873404879286146,
        0.7089998811318655,
        0.721321928653851,
        0.6786856200562758
      ]
    },
    "pool_ctx1_lazy": {
      "mean": 0.7282271739526653,
      "sd": 0.006064888035978525,
      "delta": 0.10424471891850887,
      "wins": 10,
      "class_f1_mean": [
        0.7728717980154215,
        0.7019570733192395,
        0.7404333916178825,
        0.6976464328581174
      ]
    },
    "pool_ctx1_gaussian": {
      "mean": 0.7295201828360265,
      "sd": 0.0061474587185121315,
      "delta": 0.10553772780187005,
      "wins": 10,
      "class_f1_mean": [
        0.7722949724596478,
        0.7011929752767638,
        0.7425299988862362,
        0.7020627847214577
      ]
    },
    "pool_cc1_uniform": {
      "mean": 0.7238455676643898,
      "sd": 0.006445239552562862,
      "delta": 0.09986311263023341,
      "wins": 10,
      "class_f1_mean": [
        0.7865604236275372,
        0.7082963574885903,
        0.7215324190429833,
        0.6789930704984484
      ]
    },
    "pool_cc1_lazy": {
      "mean": 0.7280163432272638,
      "sd": 0.005950820926544163,
      "delta": 0.10403388819310747,
      "wins": 10,
      "class_f1_mean": [
        0.7722661520796905,
        0.7013172851759158,
        0.7405532084397389,
        0.6979287272137098
      ]
    },
    "pool_cc1_gaussian": {
      "mean": 0.7295259923133159,
      "sd": 0.006357957448550274,
      "delta": 0.10554353727915973,
      "wins": 10,
      "class_f1_mean": [
        0.7720506899084902,
        0.7009878746209537,
        0.7425431447310756,
        0.7025222599927445
      ]
    },
    "pool_none_uniform": {
      "mean": 0.7226156106805931,
      "sd": 0.007058324259328295,
      "delta": 0.09863315564643674,
      "wins": 10,
      "class_f1_mean": [
        0.7850754355733345,
        0.703871702697721,
        0.7219879848144061,
        0.6795273196369107
      ]
    },
    "pool_none_lazy": {
      "mean": 0.7266213279288717,
      "sd": 0.006407664238373678,
      "delta": 0.10263887289471545,
      "wins": 10,
      "class_f1_mean": [
        0.7711727636843714,
        0.6963466386269044,
        0.7400805105368237,
        0.6988853988673878
      ]
    },
    "pool_none_gaussian": {
      "mean": 0.728223519000399,
      "sd": 0.006775218273940448,
      "delta": 0.1042410639662427,
      "wins": 10,
      "class_f1_mean": [
        0.7709064614656113,
        0.6961594169522318,
        0.7423165480641731,
        0.7035116495195799
      ]
    }
  }
}
