{
  "5": {
    "raw_ctx0_uniform": {
      "mean": 0.6256951991343823,
      "sd": 0.01777784729269038,
      "delta": 0.04957596126999338,
      "wins": 9,
      "class_f1_mean": [
        0.6487430680813588,
        0.6065127737551729,
        0.6558622204191542,
        0.5916627342818432
      ]
    },
    "raw_ctx0_lazy": {
      "mean": 0.6291155815236782,
      "sd": 0.017611280618305414,
      "delta": 0.052996343659289305,
      "wins": 9,
      "class_f1_mean": [
        0.6352064215256709,
        0.6032049344510015,
        0.6720635329731974,
        0.6059874371448429
      ]
    },
    "raw_ctx0_gaussian": {
      "mean": 0.6263643063474815,
      "sd": 0.017703649289714934,
      "delta": 0.05024506848309261,
      "wins": 9,
      "class_f1_mean": [
        0.632664807399492,
        0.5983342208141347,
        0.6718612044064458,
        0.6025969927698533
      ]
    },
    "raw_ctx1_uniform": {
      "mean": 0.6365870424020048,
      "sd": 0.012572378971896003,
      "delta": 0.06046780453761595,
      "wins": 10,
      "class_f1_mean": [
        0.7050087185148856,
        0.6510307665116286,
        0.5918444784064615,
        0.5984642061750439
      ]
    },
    "raw_ctx1_lazy": {
      "mean": 0.6420211341823145,
      "sd": 0.01255629332984407,
      "delta": 0.0659018963179256,
      "wins": 10,
      "class_f1_mean": [
        0.6868349944223839,
        0.6463929283874709,
        0.6084198070969438,
        0.6264368068224595
      ]
    },
    "raw_ctx1_gaussian": {
      "mean": 0.6415528418606027,
      "sd": 0.011527731648781677,
      "delta": 0.06543360399621378,
      "wins": 10,
      "class_f1_mean": [
        0.6834336043579069,
        0.6433184953391025,
        0.6134193865916264,
        0.626039881153775
      ]
    },
    "raw_cc1_uniform": {
      "mean": 0.6292887851714819,
      "sd": 0.01443723434345937,
      "delta": 0.053169547307093036,
      "wins": 10,
      "class_f1_mean": [
        0.6899222455604435,
        0.6502189192459271,
        0.5822561163743789,
        0.5947578595051781
      ]
    },
    "raw_cc1_lazy": {
      "mean": 0.6311873231684205,
      "sd": 0.01476661906984963,
      "delta": 0.05506808530403153,
      "wins": 10,
      "class_f1_mean": [
        0.6669315146211249,
        0.6401106119265325,
        0.5991343171403747,
        0.6185728489856496
      ]
    },
    "raw_cc1_gaussian": {
      "mean": 0.6357900903286164,
      "sd": 0.014553731047791675,
      "delta": 0.059670852464227486,
      "wins": 10,
      "class_f1_mean": [
        0.6707834697468102,
        0.6435335664036952,
        0.6057937586946538,
        0.6230495664693063
      ]
    },
    "raw_none_uniform": {
      "mean": 0.572743753305362,
      "sd": 0.03930955374942296,
      "delta": -0.0033754845590269976,
      "wins": 5,
      "class_f1_mean": [
        0.6392458235980335,
        0.5040277705821037,
        0.6091755774470872,
        0.5385258415942232
      ]
    },
    "raw_none_lazy": {
      "mean": 0.5745340273978077,
      "sd": 0.03973462204931554,
      "delta": -0.001585210466581366,
      "wins": 5,
      "class_f1_mean": [
        0.6280398292227157,
        0.4998008702626143,
        0.6221599906984918,
        0.5481354194074083
      ]
    },
    "raw_none_gaussian": {
      "mean": 0.5749700680688477,
      "sd": 0.03891324105872408,
      "delta": -0.0011491697955411273,
      "wins": 5,
      "class_f1_mean": [
        0.6281175030599796,
        0.4977808583170031,
        0.6246421568367935,
        0.5493397540616148
      ]
    },
    "pool_ctx0_uniform": {
      "mean": 0.6247637587365803,
      "sd": 0.01995912041773183,
      "delta": 0.048644520872191364,
      "wins": 9,
      "class_f1_mean": [
        0.6128278352096166,
        0.6003653704948138,
        0.6618102642163656,
        0.6240515650255252
      ]
    },
    "pool_ctx0_lazy": {
      "mean": 0.6269607679820274,
      "sd": 0.019571798937767976,
      "delta": 0.05084153011763851,
      "wins": 9,
      "class_f1_mean": [
        0.5984827326221215,
        0.5952063450919897,
        0.6747307514892141,
        0.6394232427247843
      ]
    },
    "pool_ctx0_gaussian": {
      "mean": 0.6246598340035898,
      "sd": 0.0181332852096401,
      "delta": 0.04854059613920099,
      "wins": 9,
      "class_f1_mean": [
        0.5986200749966092,
        0.5914975848269871,
        0.6734330858579911,
        0.6350885903327722
      ]
    },
    "pool_ctx1_uniform": {
      "mean": 0.6247938940800492,
      "sd": 0.011455011233514207,
      "delta": 0.04867465621566012,
      "wins": 10,
      "class_f1_mean": [
        0.6974490815743941,
        0.6407489960655482,
        0.5574578363227204,
        0.6035196623575334
      ]
    },
    "pool_ctx1_lazy": {
      "mean": 0.6292227229802207,
      "sd": 0.010733971368216322,
      "delta": 0.053103485115831794,
      "wins": 10,
      "class_f1_mean": [
        0.6787244108607995,
        0.6351340728241613,
        0.5714172861885197,
        0.6316151220474023
      ]
    },
    "pool_ctx1_gaussian": {
      "mean": 0.630119235960484,
      "sd": 0.010209098457508106,
      "delta": 0.05399999809609509,
      "wins": 10,
      "class_f1_mean": [
        0.6757630817745686,
        0.6330444606147954,
        0.5793853257193351,
        0.6322840757332369
      ]
    },
    "pool_cc1_uniform": {
      "mean": 0.6118156613513623,
      "sd": 0.013826538762321603,
      "delta": 0.03569642348697342,
      "wins": 7,
      "class_f1_mean": [
        0.6731773059566775,
        0.63567448284451,
        0.5390470655386093,
        0.5993637910656526
      ]
    },
    "pool_cc1_lazy": {
      "mean": 0.6133485980372724,
      "sd": 0.0129657567316608,
      "delta": 0.03722936017288343,
      "wins": 9,
      "class_f1_mean": [
        0.6510503514467987,
        0.625032661536639,
        0.551523532825841,
        0.6257878463398108
      ]
    },
    "pool_cc1_gaussian": {
      "mean": 0.6184610776782173,
      "sd": 0.013613954388317284,
      "delta": 0.04234183981382854,
      "wins": 9,
      "class_f1_mean": [
        0.6539592303748831,
        0.627882290365982,
        0.5602173751758117,
        0.6317854147961928
      ]
    },
    "pool_none_uniform": {
      "mean": 0.5489103501521027,
      "sd": 0.043318388113398595,
      "delta": -0.027208887712286335,
      "wins": 4,
      "class_f1_mean": [
        0.5696477680249632,
        0.47372968695570955,
        0.5995032121305972,
        0.5527607334971406
      ]
    },
    "pool_none_lazy": {
      "mean": 0.5455409537151068,
      "sd": 0.04368004169556757,
      "delta": -0.030578284149282015,
      "wins": 4,
      "class_f1_mean": [
        0.5543446567994751,
        0.46823729240530493,
        0.6016877989255474,
        0.5578940667301002
      ]
    },
    "pool_none_gaussian": {
      "mean": 0.5479236330210735,
      "sd": 0.04387691634417451,
      "delta": -0.028195604843315403,
      "wins": 4,
      "class_f1_mean": [
        0.5561332782667987,
        0.46657122462627765,
        0.6040813870561743,
        0.5649086421350435
      ]
    }
  },
  "25": {
    "raw_ctx0_uniform": {
      "mean": 0.6586692548163502,
      "sd": 0.017602592245755184,
      "delta": 0.04573665923752385,
      "wins": 10,
      "class_f1_mean": [
        0.7164770160591531,
        0.6101793137759071,
        0.6901011385546859,
        0.6179195508756553
      ]
    },
    "raw_ctx0_lazy": {
      "mean": 0.6600533774382512,
      "sd": 0.016819143283568407,
      "delta": 0.04712078185942471,
      "wins": 10,
      "class_f1_mean": [
        0.7015388504928735,
        0.6037146000730236,
        0.7063841956539386,
        0.6285758635331689
      ]
    },
    "raw_ctx0_gaussian": {
      "mean": 0.6598511081945128,
      "sd": 0.01678528063267461,
      "delta": 0.046918512615686206,
      "wins": 10,
      "class_f1_mean": [
        0.7014044925982945,
        0.6022197745996379,
        0.707531949062495,
        0.6282482165176233
      ]
    },
    "raw_ctx1_uniform": {
      "mean": 0.6723421033706105,
      "sd": 0.012093175335224256,
      "delta": 0.059409507791784055,
      "wins": 10,
      "class_f1_mean": [
        0.7320571844456507,
        0.6515354633996767,
        0.6889668376936936,
        0.616808927943421
      ]
    },
    "raw_ctx1_lazy": {
      "mean": 0.6748970968264629,
      "sd": 0.012142084193351577,
      "delta": 0.06196450124763636,
      "wins": 10,
      "class_f1_mean": [
        0.7169328415164895,
        0.6429971863925319,
        0.7077116304055726,
        0.6319467289912573
      ]
    },
    "raw_ctx1_gaussian": {
      "mean": 0.6740080851168841,
      "sd": 0.011623215363825516,
      "delta": 0.061075489538057616,
      "wins": 10,
      "class_f1_mean": [
        0.7148344550774849,
        0.640976027333841,
        0.7088650073506992,
        0.6313568507055114
      ]
    },
    "raw_cc1_uniform": {
      "mean": 0.6702252993988923,
      "sd": 0.0135216428640337,
      "delta": 0.057292703820065835,
      "wins": 10,
      "class_f1_mean": [
        0.7285175198556938,
        0.647578900724087,
        0.6892456555642792,
        0.6155591214515096
      ]
    },
    "raw_cc1_lazy": {
      "mean": 0.6717191559858666,
      "sd": 0.012913097501889848,
      "delta": 0.05878656040704024,
      "wins": 10,
      "class_f1_mean": [
        0.7125326533987469,
        0.6386476978512942,
        0.7069872035558932,
        0.6287090691375326
      ]
    },
    "raw_cc1_gaussian": {
      "mean": 0.6723410562903314,
      "sd": 0.012944647040432447,
      "delta": 0.059408460711505004,
      "wins": 10,
      "class_f1_mean": [
        0.7124397019368317,
        0.6374153046950121,
        0.7094037061225532,
        0.6301055124069291
      ]
    },
    "raw_none_uniform": {
      "mean": 0.6519246447094516,
      "sd": 0.019981478471106776,
      "delta": 0.03899204913062511,
      "wins": 10,
      "class_f1_mean": [
        0.7130159831933833,
        0.5923573159800932,
        0.6882909342482331,
        0.6140343454160966
      ]
    },
    "raw_none_lazy": {
      "mean": 0.652581885738698,
      "sd": 0.018734610626826152,
      "delta": 0.03964929015987158,
      "wins": 10,
      "class_f1_mean": [
        0.6989822790511535,
        0.5856130380824957,
        0.7027242323185947,
        0.6230079935025483
      ]
    },
    "raw_none_gaussian": {
      "mean": 0.652851707825003,
      "sd": 0.019122787003922743,
      "delta": 0.03991911224617656,
      "wins": 10,
      "class_f1_mean": [
        0.6990268570203084,
        0.5840437363999857,
        0.7039749526599562,
        0.6243612852197616
      ]
    },
    "pool_ctx0_uniform": {
      "mean": 0.6638493645463565,
      "sd": 0.012509512571023437,
      "delta": 0.05091676896753007,
      "wins": 10,
      "class_f1_mean": [
        0.7158338850225294,
        0.6146755744214202,
        0.6952240099287793,
        0.6296639888126973
      ]
    },
    "pool_ctx0_lazy": {
      "mean": 0.6690897682606091,
      "sd": 0.01359924756176421,
      "delta": 0.05615717268178261,
      "wins": 10,
      "class_f1_mean": [
        0.7025176551685217,
        0.6101481396275336,
        0.7141637238546847,
        0.6495295543916966
      ]
    },
    "pool_ctx0_gaussian": {
      "mean": 0.6680977754310613,
      "sd": 0.012217741751396513,
      "delta": 0.05516517985223475,
      "wins": 10,
      "class_f1_mean": [
        0.7008510186367647,
        0.607815057734675,
        0.7153870820948173,
        0.6483379432579877
      ]
    },
    "pool_ctx1_uniform": {
      "mean": 0.6819656009191896,
      "sd": 0.010091606424663079,
      "delta": 0.06903300534036313,
      "wins": 10,
      "class_f1_mean": [
        0.7392717046231868,
        0.6656320027643164,
        0.6930107437584729,
        0.6299479525307825
      ]
    },
    "pool_ctx1_lazy": {
      "mean": 0.6860202772906577,
      "sd": 0.011557995658759283,
      "delta": 0.07308768171183125,
      "wins": 10,
      "class_f1_mean": [
        0.7247749904337096,
        0.658602408497403,
        0.7108217485672561,
        0.649881961664262
      ]
    },
    "pool_ctx1_gaussian": {
      "mean": 0.6852665224245537,
      "sd": 0.010019087430328493,
      "delta": 0.07233392684572729,
      "wins": 10,
      "class_f1_mean": [
        0.7230245506157584,
        0.6571775374137039,
        0.7117751381181413,
        0.6490888635506116
      ]
    },
    "pool_cc1_uniform": {
      "mean": 0.6792028484903121,
      "sd": 0.009968149864369493,
      "delta": 0.06627025291148567,
      "wins": 10,
      "class_f1_mean": [
        0.7304701654853569,
        0.660390691139484,
        0.6947036056265918,
        0.6312469317098158
      ]
    },
    "pool_cc1_lazy": {
      "mean": 0.6815499177602664,
      "sd": 0.011660571675610248,
      "delta": 0.06861732218143987,
      "wins": 10,
      "class_f1_mean": [
        0.7150078606687624,
        0.6519852808408239,
        0.7115424140446143,
        0.647664115486865
      ]
    },
    "pool_cc1_gaussian": {
      "mean": 0.6825363646550575,
      "sd": 0.010761151189346434,
      "delta": 0.0696037690762311,
      "wins": 10,
      "class_f1_mean": [
        0.7156372355885894,
        0.6513934459424522,
        0.7139095034176763,
        0.6492052736715126
      ]
    },
    "pool_none_uniform": {
      "mean": 0.656019332960503,
      "sd": 0.014580409728185126,
      "delta": 0.04308673738167649,
      "wins": 10,
      "class_f1_mean": [
        0.7124707331824695,
        0.5911168783754148,
        0.692868255637728,
        0.6276214646463993
      ]
    },
    "pool_none_lazy": {
      "mean": 0.6585102234740365,
      "sd": 0.014747319187543404,
      "delta": 0.0455776278952101,
      "wins": 10,
      "class_f1_mean": [
        0.698168775241745,
        0.5850500841120956,
        0.7091543588559859,
        0.6416676756863201
      ]
    },
    "pool_none_gaussian": {
      "mean": 0.6581845218994844,
      "sd": 0.01404422700524843,
      "delta": 0.045251926320658,
      "wins": 10,
      "class_f1_mean": [
        0.6977344865059423,
        0.5831187595953012,
        0.7099077604548063,
        0.6419770810418882
      ]
    }
  },
  "50": {
    "raw_ctx0_uniform": {
      "mean": 0.681432696815682,
      "sd": 0.01112503785677374,
      "delta": 0.058050605973431105,
      "wins": 10,
      "class_f1_mean": [
        0.7453666795983559,
        0.6503940331676334,
        0.6960738910779528,
        0.6338961834187857
      ]
    },
    "raw_ctx0_lazy": {
      "mean": 0.6824164637997306,
      "sd": 0.010982697294533198,
      "delta": 0.05903437295747975,
      "wins": 10,
      "class_f1_mean": [
        0.7312611250014067,
        0.6419218789038745,
        0.7117613449130664,
        0.6447215063805748
      ]
    },
    "raw_ctx0_gaussian": {
      "mean": 0.6820596480539369,
      "sd": 0.011486273030070177,
      "delta": 0.058677557211686035,
      "wins": 10,
      "class_f1_mean": [
        0.7300144667841756,
        0.640269321615385,
        0.7123384616685098,
        0.6456163421476774
      ]
    },
    "raw_ctx1_uniform": {
      "mean": 0.6848576079897111,
      "sd": 0.00898918197967277,
      "delta": 0.061475517147460135,
      "wins": 10,
      "class_f1_mean": [
        0.7490506322548874,
        0.6648669284879805,
        0.69430313972018,
        0.6312097314957963
      ]
    },
    "raw_ctx1_lazy": {
      "mean": 0.6868505666909146,
      "sd": 0.008627917504650051,
      "delta": 0.06346847584866369,
      "wins": 10,
      "class_f1_mean": [
        0.7354288246789156,
        0.6565826673910122,
        0.7111278061373034,
        0.6442629685564271
      ]
    },
    "raw_ctx1_gaussian": {
      "mean": 0.6860885037321519,
      "sd": 0.009118870210577012,
      "delta": 0.06270641288990096,
      "wins": 10,
      "class_f1_mean": [
        0.7340385924980957,
        0.6549360368675237,
        0.7113464430490807,
        0.644032942513907
      ]
    },
    "raw_cc1_uniform": {
      "mean": 0.6839563391975793,
      "sd": 0.00959136878642312,
      "delta": 0.06057424835532825,
      "wins": 10,
      "class_f1_mean": [
        0.7479475526074222,
        0.6630324050861662,
        0.6944761563338997,
        0.6303692427628284
      ]
    },
    "raw_cc1_lazy": {
      "mean": 0.6854966492448795,
      "sd": 0.008827518502116206,
      "delta": 0.062114558402628625,
      "wins": 10,
      "class_f1_mean": [
        0.7337643415037695,
        0.6543713189072805,
        0.7107029828454494,
        0.6431479537230188
      ]
    },
    "raw_cc1_gaussian": {
      "mean": 0.6850873881709965,
      "sd": 0.00935961693146517,
      "delta": 0.061705297328745634,
      "wins": 10,
      "class_f1_mean": [
        0.7328282377405863,
        0.6529034888459194,
        0.7112171720665816,
        0.6434006540308989
      ]
    },
    "raw_none_uniform": {
      "mean": 0.6793209212501334,
      "sd": 0.011849393836350879,
      "delta": 0.05593883040788243,
      "wins": 10,
      "class_f1_mean": [
        0.7447011743327762,
        0.6445522449263344,
        0.6951216508084531,
        0.6329086149329697
      ]
    },
    "raw_none_lazy": {
      "mean": 0.6799808870314605,
      "sd": 0.011234053519599585,
      "delta": 0.05659879618920949,
      "wins": 10,
      "class_f1_mean": [
        0.7312365917440327,
        0.636011386196183,
        0.7099605275036089,
        0.642715042682017
      ]
    },
    "raw_none_gaussian": {
      "mean": 0.6803568052251301,
      "sd": 0.012180662590014458,
      "delta": 0.056974714382879196,
      "wins": 10,
      "class_f1_mean": [
        0.7305916715523475,
        0.6347704714270301,
        0.7110050051552641,
        0.6450600727658787
      ]
    },
    "pool_ctx0_uniform": {
      "mean": 0.6824070586528903,
      "sd": 0.015620130998184411,
      "delta": 0.05902496781063955,
      "wins": 10,
      "class_f1_mean": [
        0.7398377198460896,
        0.648028372320108,
        0.7019993068325726,
        0.6397628356127915
      ]
    },
    "pool_ctx0_lazy": {
      "mean": 0.6870985981512218,
      "sd": 0.014388650060618971,
      "delta": 0.06371650730897084,
      "wins": 10,
      "class_f1_mean": [
        0.7256400993222555,
        0.6418046850556561,
        0.7210838545864607,
        0.6598657536405147
      ]
    },
    "pool_ctx0_gaussian": {
      "mean": 0.6868542035942291,
      "sd": 0.013650766790633276,
      "delta": 0.06347211275197813,
      "wins": 10,
      "class_f1_mean": [
        0.7250899731507044,
        0.6408584741865508,
        0.7214637766073834,
        0.6600045904322775
      ]
    },
    "pool_ctx1_uniform": {
      "mean": 0.6891281375122993,
      "sd": 0.012401397193508067,
      "delta": 0.06574604667004832,
      "wins": 10,
      "class_f1_mean": [
        0.7484152482024671,
        0.6695665329366989,
        0.6998229103145073,
        0.6387078585955237
      ]
    },
    "pool_ctx1_lazy": {
      "mean": 0.6944976830816316,
      "sd": 0.011361320227086613,
      "delta": 0.07111559223938059,
      "wins": 10,
      "class_f1_mean": [
        0.7356338557456052,
        0.664032673296748,
        0.7194920703208664,
        0.6588321329633063
      ]
    },
    "pool_ctx1_gaussian": {
      "mean": 0.6942522859459304,
      "sd": 0.011056191586113331,
      "delta": 0.07087019510367945,
      "wins": 10,
      "class_f1_mean": [
        0.7342235085669155,
        0.6622264527856505,
        0.7203138180873573,
        0.660245364343798
      ]
    },
    "pool_cc1_uniform": {
      "mean": 0.6882482885003801,
      "sd": 0.012694766170831703,
      "delta": 0.06486619765812927,
      "wins": 10,
      "class_f1_mean": [
        0.7447786696316034,
        0.6670181828414472,
        0.7010059235671463,
        0.6401903779613237
      ]
    },
    "pool_cc1_lazy": {
      "mean": 0.692502011062593,
      "sd": 0.011309267860235932,
      "delta": 0.06911992022034205,
      "wins": 10,
      "class_f1_mean": [
        0.7310796223347749,
        0.6601941608037769,
        0.7202217513053004,
        0.6585125098065194
      ]
    },
    "pool_cc1_gaussian": {
      "mean": 0.6930410355876065,
      "sd": 0.01121365687500422,
      "delta": 0.06965894474535564,
      "wins": 10,
      "class_f1_mean": [
        0.7309049045977043,
        0.6593800711000205,
        0.721142896687077,
        0.6607362699656243
      ]
    },
    "pool_none_uniform": {
      "mean": 0.6804168257506914,
      "sd": 0.016079076607630225,
      "delta": 0.057034734908440535,
      "wins": 10,
      "class_f1_mean": [
        0.7390097801874661,
        0.6401459206207728,
        0.7020107837835862,
        0.6405008184109409
      ]
    },
    "pool_none_lazy": {
      "mean": 0.6833980205044684,
      "sd": 0.01465353625772079,
      "delta": 0.06001592966221747,
      "wins": 10,
      "class_f1_mean": [
        0.724816475231129,
        0.6324708512296008,
        0.718675519409533,
        0.6576292361476107
      ]
    },
    "pool_none_gaussian": {
      "mean": 0.6837311116718883,
      "sd": 0.014249146554547848,
      "delta": 0.06034902082963728,
      "wins": 10,
      "class_f1_mean": [
        0.7241815544738242,
        0.6314974345425013,
        0.7198471488472442,
        0.6593983088239829
      ]
    }
  },
  "100": {
    "raw_ctx0_uniform": {
      "mean": 0.6976690950162332,
      "sd": 0.012680992808279131,
      "delta": 0.07195439251253283,
      "wins": 10,
      "class_f1_mean": [
        0.7627349565646682,
        0.6752390523416101,
        0.7036946998566226,
        0.6490076713020321
      ]
    },
    "raw_ctx0_lazy": {
      "mean": 0.6987452157271679,
      "sd": 0.01129446308492309,
      "delta": 0.07303051322346751,
      "wins": 10,
      "class_f1_mean": [
        0.74967388057088,
        0.6666129118596105,
        0.7192522578389735,
        0.6594418126392076
      ]
    },
    "raw_ctx0_gaussian": {
      "mean": 0.698662621172041,
      "sd": 0.012068126607342824,
      "delta": 0.07294791866834063,
      "wins": 10,
      "class_f1_mean": [
        0.748570799200403,
        0.6653308570762579,
        0.7203202741865329,
        0.6604285542249699
      ]
    },
    "raw_ctx1_uniform": {
      "mean": 0.6995637443133773,
      "sd": 0.011944416259114311,
      "delta": 0.07384904180967698,
      "wins": 10,
      "class_f1_mean": [
        0.764637666163486,
        0.6822059776180699,
        0.7031311334324591,
        0.6482802000394944
      ]
    },
    "raw_ctx1_lazy": {
      "mean": 0.7003231375715022,
      "sd": 0.010639049826392466,
      "delta": 0.07460843506780175,
      "wins": 10,
      "class_f1_mean": [
        0.750958539231139,
        0.672678168310074,
        0.7190987547368743,
        0.6585570880079211
      ]
    },
    "raw_ctx1_gaussian": {
      "mean": 0.7006114491406423,
      "sd": 0.011332306044992902,
      "delta": 0.0748967466369421,
      "wins": 10,
      "class_f1_mean": [
        0.7503578661950858,
        0.6712952604685686,
        0.7202458256707003,
        0.6605468442282152
      ]
    },
    "raw_cc1_uniform": {
      "mean": 0.6992360692276959,
      "sd": 0.01211023182932711,
      "delta": 0.0735213667239956,
      "wins": 10,
      "class_f1_mean": [
        0.7642071785127135,
        0.6812952660821635,
        0.7030461730872328,
        0.6483956592286744
      ]
    },
    "raw_cc1_lazy": {
      "mean": 0.6996968114307889,
      "sd": 0.01063573668456022,
      "delta": 0.07398210892708855,
      "wins": 10,
      "class_f1_mean": [
        0.7502686713606855,
        0.6715703210605957,
        0.7190522963652171,
        0.6578959569366571
      ]
    },
    "raw_cc1_gaussian": {
      "mean": 0.7001984467110949,
      "sd": 0.011457165647311248,
      "delta": 0.07448374420739454,
      "wins": 10,
      "class_f1_mean": [
        0.7501149689922981,
        0.6708984813912442,
        0.7202305814516563,
        0.6595497550091809
      ]
    },
    "raw_none_uniform": {
      "mean": 0.6976871228842029,
      "sd": 0.012794636268857735,
      "delta": 0.07197242038050261,
      "wins": 10,
      "class_f1_mean": [
        0.7631334068669602,
        0.6740348561791442,
        0.7038733734312194,
        0.6497068550594884
      ]
    },
    "raw_none_lazy": {
      "mean": 0.6984366032059475,
      "sd": 0.01135473269833508,
      "delta": 0.07272190070224713,
      "wins": 10,
      "class_f1_mean": [
        0.750177267988507,
        0.6649861631625356,
        0.7191015286801576,
        0.6594814529925896
      ]
    },
    "raw_none_gaussian": {
      "mean": 0.6982683750864274,
      "sd": 0.01209586243660588,
      "delta": 0.07255367258272695,
      "wins": 10,
      "class_f1_mean": [
        0.7489206844314039,
        0.6633533385602133,
        0.7199523287823634,
        0.6608471485717289
      ]
    },
    "pool_ctx0_uniform": {
      "mean": 0.7033746772046188,
      "sd": 0.012412440948782444,
      "delta": 0.07765997470091836,
      "wins": 10,
      "class_f1_mean": [
        0.7666952564275934,
        0.6771555713684915,
        0.7113173666679498,
        0.6583305143544405
      ]
    },
    "pool_ctx0_lazy": {
      "mean": 0.7077224586336769,
      "sd": 0.011359578182407683,
      "delta": 0.08200775612997636,
      "wins": 10,
      "class_f1_mean": [
        0.7539968286246744,
        0.670568019505093,
        0.7304649922561323,
        0.675859994148807
      ]
    },
    "pool_ctx0_gaussian": {
      "mean": 0.7076890071549629,
      "sd": 0.011708779897020084,
      "delta": 0.08197430465126253,
      "wins": 10,
      "class_f1_mean": [
        0.7521132854370296,
        0.6696943540838561,
        0.7315476828583083,
        0.6774007062406574
      ]
    },
    "pool_ctx1_uniform": {
      "mean": 0.7066590085111807,
      "sd": 0.011081304019996591,
      "delta": 0.08094430600748045,
      "wins": 10,
      "class_f1_mean": [
        0.7700294118598008,
        0.6868257160421021,
        0.7119564623242006,
        0.6578244438186199
      ]
    },
    "pool_ctx1_lazy": {
      "mean": 0.7106635894154955,
      "sd": 0.010574260188140458,
      "delta": 0.0849488869117951,
      "wins": 10,
      "class_f1_mean": [
        0.7568931295703589,
        0.6803741866292505,
        0.730264184148749,
        0.6751228573136234
      ]
    },
    "pool_ctx1_gaussian": {
      "mean": 0.710886482210694,
      "sd": 0.010930786090080807,
      "delta": 0.08517177970699362,
      "wins": 10,
      "class_f1_mean": [
        0.7554582985315023,
        0.6793165593570863,
        0.7319448536473739,
        0.6768262173068137
      ]
    },
    "pool_cc1_uniform": {
      "mean": 0.7063164870989477,
      "sd": 0.01117019279386566,
      "delta": 0.08060178459524728,
      "wins": 10,
      "class_f1_mean": [
        0.7689554089098326,
        0.6860713706754993,
        0.7122636026052392,
        0.6579755662052196
      ]
    },
    "pool_cc1_lazy": {
      "mean": 0.7098280608452231,
      "sd": 0.010676970075056295,
      "delta": 0.08411335834152274,
      "wins": 10,
      "class_f1_mean": [
        0.7551380412499709,
        0.6786493484857895,
        0.7305180571990609,
        0.6750067964460713
      ]
    },
    "pool_cc1_gaussian": {
      "mean": 0.7104229230887569,
      "sd": 0.010846225010586965,
      "delta": 0.08470822058505648,
      "wins": 10,
      "class_f1_mean": [
        0.7540294102503852,
        0.6778352353840262,
        0.7321945329141039,
        0.6776325138065121
      ]
    },
    "pool_none_uniform": {
      "mean": 0.7030670061368663,
      "sd": 0.012144319235067955,
      "delta": 0.07735230363316595,
      "wins": 10,
      "class_f1_mean": [
        0.7663228097778446,
        0.6748381415350548,
        0.7118794859035928,
        0.659227587330973
      ]
    },
    "pool_none_lazy": {
      "mean": 0.7067234219613316,
      "sd": 0.011343428877747225,
      "delta": 0.08100871945763136,
      "wins": 10,
      "class_f1_mean": [
        0.7531581593100691,
        0.6673574418126861,
        0.7302091905056453,
        0.6761688962169264
      ]
    },
    "pool_none_gaussian": {
      "mean": 0.7069121675651263,
      "sd": 0.011636829090515798,
      "delta": 0.081197465061426,
      "wins": 10,
      "class_f1_mean": [
        0.7519720264744809,
        0.6665698919238622,
        0.7311788782558143,
        0.6779278736063481
      ]
    }
  },
  "200": {
    "raw_ctx0_uniform": {
      "mean": 0.7166090483563099,
      "sd": 0.008954547966581254,
      "delta": 0.09204530301369002,
      "wins": 10,
      "class_f1_mean": [
        0.7829777772392366,
        0.7047259518118592,
        0.7177770479043815,
        0.6609554164697625
      ]
    },
    "raw_ctx0_lazy": {
      "mean": 0.71678148221011,
      "sd": 0.008475074158923216,
      "delta": 0.09221773686749007,
      "wins": 10,
      "class_f1_mean": [
        0.7678888659583782,
        0.6943074619227587,
        0.7352450977090441,
        0.6696845032502587
      ]
    },
    "raw_ctx0_gaussian": {
      "mean": 0.7173360951627179,
      "sd": 0.008775068280507819,
      "delta": 0.092772349820098,
      "wins": 10,
      "class_f1_mean": [
        0.7677425000134352,
        0.6937793953491128,
        0.7355785437284317,
        0.6722439415598919
      ]
    },
    "raw_ctx1_uniform": {
      "mean": 0.7170709389509237,
      "sd": 0.008658530743310026,
      "delta": 0.09250719360830388,
      "wins": 10,
      "class_f1_mean": [
        0.7835275496904355,
        0.7070267038070512,
        0.7174320216760862,
        0.6602974806301223
      ]
    },
    "raw_ctx1_lazy": {
      "mean": 0.7174575250619291,
      "sd": 0.008398086095664711,
      "delta": 0.09289377971930926,
      "wins": 10,
      "class_f1_mean": [
        0.768707467608514,
        0.6969180998740384,
        0.7349214520154564,
        0.6692830807497077
      ]
    },
    "raw_ctx1_gaussian": {
      "mean": 0.7178783551333796,
      "sd": 0.008819747386569913,
      "delta": 0.09331460979075967,
      "wins": 10,
      "class_f1_mean": [
        0.7683727984521387,
        0.6959993325707675,
        0.7352359519208413,
        0.6719053375897708
      ]
    },
    "raw_cc1_uniform": {
      "mean": 0.7169747153280033,
      "sd": 0.008695685445117575,
      "delta": 0.09241096998538331,
      "wins": 10,
      "class_f1_mean": [
        0.7832652946987485,
        0.7067268148136034,
        0.7174585585329101,
        0.6604481932667509
      ]
    },
    "raw_cc1_lazy": {
      "mean": 0.7170469354910733,
      "sd": 0.008491445345145503,
      "delta": 0.09248319014845334,
      "wins": 10,
      "class_f1_mean": [
        0.7681947020914586,
        0.6962197731348505,
        0.7347384951015223,
        0.6690347716364613
      ]
    },
    "raw_cc1_gaussian": {
      "mean": 0.7177844713368777,
      "sd": 0.008951280374201684,
      "delta": 0.09322072599425785,
      "wins": 10,
      "class_f1_mean": [
        0.7682428257121822,
        0.6957094412312045,
        0.7351966142399127,
        0.6719890041642116
      ]
    },
    "raw_none_uniform": {
      "mean": 0.7164142065109231,
      "sd": 0.009036039322298208,
      "delta": 0.09185046116830323,
      "wins": 10,
      "class_f1_mean": [
        0.7831744065814702,
        0.7040924896569724,
        0.7175101769845819,
        0.6608797528206681
      ]
    },
    "raw_none_lazy": {
      "mean": 0.7166606574039057,
      "sd": 0.008496976599164152,
      "delta": 0.09209691206128585,
      "wins": 10,
      "class_f1_mean": [
        0.7681058075214825,
        0.6936417912382711,
        0.7350165022716989,
        0.6698785285841706
      ]
    },
    "raw_none_gaussian": {
      "mean": 0.7173284675156659,
      "sd": 0.008951279766178445,
      "delta": 0.09276472217304606,
      "wins": 10,
      "class_f1_mean": [
        0.7681768340066342,
        0.6931385879671599,
        0.7356110220691802,
        0.6723874260196896
      ]
    },
    "pool_ctx0_uniform": {
      "mean": 0.721087836015943,
      "sd": 0.007247162911189205,
      "delta": 0.09652409067332299,
      "wins": 10,
      "class_f1_mean": [
        0.787955523974356,
        0.7072265384962476,
        0.722132709269977,
        0.667036572323191
      ]
    },
    "pool_ctx0_lazy": {
      "mean": 0.7248869534060297,
      "sd": 0.006966388878525839,
      "delta": 0.1003232080634098,
      "wins": 10,
      "class_f1_mean": [
        0.773610882603362,
        0.7004694535055542,
        0.7420559030677385,
        0.683411574447464
      ]
    },
    "pool_ctx0_gaussian": {
      "mean": 0.7264526531411114,
      "sd": 0.0076828197475606675,
      "delta": 0.10188890779849151,
      "wins": 10,
      "class_f1_mean": [
        0.7737677264119739,
        0.7007298743534773,
        0.7440346910415487,
        0.6872783207574458
      ]
    },
    "pool_ctx1_uniform": {
      "mean": 0.7219443272485291,
      "sd": 0.006991994616561443,
      "delta": 0.09738058190590912,
      "wins": 10,
      "class_f1_mean": [
        0.7888163240811638,
        0.7106006194518794,
        0.7219150252859301,
        0.6664453401751428
      ]
    },
    "pool_ctx1_lazy": {
      "mean": 0.7260690763258959,
      "sd": 0.007164815816593127,
      "delta": 0.10150533098327612,
      "wins": 10,
      "class_f1_mean": [
        0.7745268879837068,
        0.703685721490263,
        0.7423194153472755,
        0.6837442804823389
      ]
    },
    "pool_ctx1_gaussian": {
      "mean": 0.7276058906390332,
      "sd": 0.007709939174763542,
      "delta": 0.10304214529641331,
      "wins": 10,
      "class_f1_mean": [
        0.7749273503335163,
        0.7039524938842752,
        0.744238998717963,
        0.6873047196203781
      ]
    },
    "pool_cc1_uniform": {
      "mean": 0.7216429274221527,
      "sd": 0.006852958009060951,
      "delta": 0.09707918207953278,
      "wins": 10,
      "class_f1_mean": [
        0.7880904483334624,
        0.7098400769325556,
        0.7219305578170456,
        0.6667106266055469
      ]
    },
    "pool_cc1_lazy": {
      "mean": 0.7256486094393333,
      "sd": 0.007076262972501449,
      "delta": 0.10108486409671333,
      "wins": 10,
      "class_f1_mean": [
        0.7737841222926629,
        0.7029992560778348,
        0.7422047523907297,
        0.6836063069961054
      ]
    },
    "pool_cc1_gaussian": {
      "mean": 0.7274231703906117,
      "sd": 0.007772044252728362,
      "delta": 0.10285942504799177,
      "wins": 10,
      "class_f1_mean": [
        0.7742283200735918,
        0.7034035160980822,
        0.7444898147210217,
        0.6875710306697511
      ]
    },
    "pool_none_uniform": {
      "mean": 0.7207706035696473,
      "sd": 0.007261845145359807,
      "delta": 0.09620685822702747,
      "wins": 10,
      "class_f1_mean": [
        0.7876921047435196,
        0.7063825263817918,
        0.7217786034504788,
        0.667229179702799
      ]
    },
    "pool_none_lazy": {
      "mean": 0.7247181757651433,
      "sd": 0.00704050795848399,
      "delta": 0.10015443042252344,
      "wins": 10,
      "class_f1_mean": [
        0.7732628593050535,
        0.6992844098156066,
        0.7420900222473039,
        0.6842354116926093
      ]
    },
    "pool_none_gaussian": {
      "mean": 0.7260401384865051,
      "sd": 0.007663669621403498,
      "delta": 0.10147639314388521,
      "wins": 10,
      "class_f1_mean": [
        0.7733277383388755,
        0.6991911545535543,
        0.7442367528430798,
        0.6874049082105107
      ]
    }
  }
}
