physical source 0 done
physical source 1 done
{
  "5": {
    "physical0": {
      "mean": 0.6084220309536514,
      "sd": 0.02284763637542239,
      "delta": 0.055993779662090806,
      "wins": 9,
      "class_f1_mean": [
        0.6314993632123382,
        0.5471407133530808,
        0.6511439411245467,
        0.6039041061246399
      ]
    },
    "physical0_gaussian": {
      "mean": 0.6262507877996364,
      "sd": 0.02374193318454104,
      "delta": 0.07382253650807587,
      "wins": 10,
      "class_f1_mean": [
        0.6547849602825105,
        0.5710637102612892,
        0.6616570314913683,
        0.6174974491633773
      ]
    },
    "physical1": {
      "mean": 0.6394464984008825,
      "sd": 0.012130475082366286,
      "delta": 0.08701824710932202,
      "wins": 10,
      "class_f1_mean": [
        0.6825350712531695,
        0.586469596711465,
        0.6729880630772802,
        0.6157932625616154
      ]
    },
    "physical1_gaussian": {
      "mean": 0.6507305509153491,
      "sd": 0.012699464616753467,
      "delta": 0.09830229962378864,
      "wins": 10,
      "class_f1_mean": [
        0.7011765343305588,
        0.6048548146181302,
        0.6770396348956057,
        0.619851219817102
      ]
    }
  },
  "25": {
    "physical0": {
      "mean": 0.6553995549002434,
      "sd": 0.009529665978334543,
      "delta": 0.04322537321327663,
      "wins": 10,
      "class_f1_mean": [
        0.6803382718080534,
        0.5939880934137103,
        0.7006591775011726,
        0.6466126768780374
      ]
    },
    "physical0_gaussian": {
      "mean": 0.6825013236470319,
      "sd": 0.009565161520290643,
      "delta": 0.07032714196006508,
      "wins": 10,
      "class_f1_mean": [
        0.7137425880987103,
        0.6289336360784105,
        0.7154354180531668,
        0.6718936523578399
      ]
    },
    "physical1": {
      "mean": 0.6652810071107564,
      "sd": 0.010222799139480076,
      "delta": 0.05310682542378968,
      "wins": 10,
      "class_f1_mean": [
        0.7015389896099247,
        0.6140360680933389,
        0.7054824842456817,
        0.6400664864940806
      ]
    },
    "physical1_gaussian": {
      "mean": 0.6879218813638068,
      "sd": 0.00989732641497951,
      "delta": 0.07574769967684003,
      "wins": 10,
      "class_f1_mean": [
        0.7327945901891377,
        0.6467334702304017,
        0.7163247200544921,
        0.6558347449811955
      ]
    }
  },
  "50": {
    "physical0": {
      "mean": 0.6657697958207404,
      "sd": 0.009483311771996825,
      "delta": 0.048496784693515906,
      "wins": 10,
      "class_f1_mean": [
        0.7055799258672771,
        0.6076309072270718,
        0.6985579220441873,
        0.6513104281444255
      ]
    },
    "physical0_gaussian": {
      "mean": 0.6966349188577181,
      "sd": 0.009756255277076265,
      "delta": 0.07936190773049356,
      "wins": 10,
      "class_f1_mean": [
        0.7408421938036015,
        0.6478136276186843,
        0.7161443553781274,
        0.6817394986304592
      ]
    },
    "physical1": {
      "mean": 0.6714465894733596,
      "sd": 0.009117169049184913,
      "delta": 0.0541735783461351,
      "wins": 10,
      "class_f1_mean": [
        0.7156693955164624,
        0.6178327733358616,
        0.7027148759067984,
        0.6495693131343162
      ]
    },
    "physical1_gaussian": {
      "mean": 0.6985202785197129,
      "sd": 0.009379911349051157,
      "delta": 0.08124726739248836,
      "wins": 10,
      "class_f1_mean": [
        0.748278761573724,
        0.6552720113354844,
        0.7176682098377793,
        0.6728621313318637
      ]
    }
  },
  "100": {
    "physical0": {
      "mean": 0.6815292233821701,
      "sd": 0.00773353235330242,
      "delta": 0.06201639911017289,
      "wins": 10,
      "class_f1_mean": [
        0.7244005096913673,
        0.6329099178055072,
        0.7080311294817886,
        0.6607753365500179
      ]
    },
    "physical0_gaussian": {
      "mean": 0.7129160217665534,
      "sd": 0.0085559740241098,
      "delta": 0.09340319749455608,
      "wins": 10,
      "class_f1_mean": [
        0.7611248867074867,
        0.6736084070050083,
        0.7260597709172102,
        0.6908710224365081
      ]
    },
    "physical1": {
      "mean": 0.68389071415148,
      "sd": 0.007427135510522818,
      "delta": 0.0643778898794827,
      "wins": 10,
      "class_f1_mean": [
        0.7285960880316216,
        0.6379687470691752,
        0.7098476083714395,
        0.6591504131336838
      ]
    },
    "physical1_gaussian": {
      "mean": 0.7137969336686923,
      "sd": 0.00793844994670348,
      "delta": 0.09428410939669504,
      "wins": 10,
      "class_f1_mean": [
        0.7645922502091385,
        0.6785016042360834,
        0.7260745865542335,
        0.686019293675314
      ]
    }
  },
  "200": {
    "physical0": {
      "mean": 0.6938703800653487,
      "sd": 0.004785432313738745,
      "delta": 0.06988792503119243,
      "wins": 10,
      "class_f1_mean": [
        0.7355745217043961,
        0.6577343730095454,
        0.7163365442345906,
        0.6658360813128631
      ]
    },
    "physical0_gaussian": {
      "mean": 0.7292379077503698,
      "sd": 0.007276130819176786,
      "delta": 0.10525545271621355,
      "wins": 10,
      "class_f1_mean": [
        0.777600822558996,
        0.7027689473802052,
        0.7352530286151279,
        0.7013288324471503
      ]
    },
    "physical1": {
      "mean": 0.6951187344588342,
      "sd": 0.00468962682302142,
      "delta": 0.07113627942467776,
      "wins": 10,
      "class_f1_mean": [
        0.7382371245269026,
        0.6607578135802983,
        0.716905747726965,
        0.6645742520011704
      ]
    },
    "physical1_gaussian": {
      "mean": 0.7293237092920164,
      "sd": 0.00721657522210571,
      "delta": 0.10534125425786009,
      "wins": 10,
      "class_f1_mean": [
        0.7791616831117931,
        0.7045323409117045,
        0.7353235996239875,
        0.6982772135205806
      ]
    }
  }
}
