{
  "5": {
    "physical0": {
      "mean": 0.5968445414306552,
      "sd": 0.02569779012042786,
      "delta": 0.06345741355218479,
      "wins": 9,
      "class_f1_mean": [
        0.6185008440132191,
        0.5284491581158061,
        0.6432992408112688,
        0.5971289227823273
      ]
    },
    "physical0_gaussian": {
      "mean": 0.6139647101532371,
      "sd": 0.030555794603418472,
      "delta": 0.08057758227476666,
      "wins": 10,
      "class_f1_mean": [
        0.639810494106301,
        0.553035231815654,
        0.655376442530599,
        0.6076366721603946
      ]
    },
    "physical1": {
      "mean": 0.634841320625662,
      "sd": 0.01793387836637462,
      "delta": 0.10145419274719136,
      "wins": 10,
      "class_f1_mean": [
        0.6689932359336437,
        0.5785742480048066,
        0.6704223311823923,
        0.6213754673818049
      ]
    },
    "physical1_gaussian": {
      "mean": 0.6451857847497872,
      "sd": 0.019287633216143248,
      "delta": 0.11179865687131665,
      "wins": 10,
      "class_f1_mean": [
        0.6852730545010137,
        0.5950003277827876,
        0.6743025856065986,
        0.6261671711087486
      ]
    }
  },
  "25": {
    "physical0": {
      "mean": 0.6398339982479418,
      "sd": 0.02250264406731147,
      "delta": 0.0556960438168589,
      "wins": 10,
      "class_f1_mean": [
        0.6551030795123538,
        0.5651908762076303,
        0.6925849080535234,
        0.6464571292182602
      ]
    },
    "physical0_gaussian": {
      "mean": 0.6622064266840456,
      "sd": 0.025082352501374434,
      "delta": 0.07806847225296258,
      "wins": 10,
      "class_f1_mean": [
        0.6837095321174586,
        0.5915843045245766,
        0.7075005462892545,
        0.6660313238048927
      ]
    },
    "physical1": {
      "mean": 0.6545694287515498,
      "sd": 0.021653097038365,
      "delta": 0.07043147432046679,
      "wins": 10,
      "class_f1_mean": [
        0.6803991278668775,
        0.5923340247133329,
        0.7007509989625245,
        0.6447935634634645
      ]
    },
    "physical1_gaussian": {
      "mean": 0.6731542404886459,
      "sd": 0.024850182646070047,
      "delta": 0.08901628605756298,
      "wins": 10,
      "class_f1_mean": [
        0.704658295502198,
        0.616387000707819,
        0.7123725730818979,
        0.659199092662669
      ]
    }
  },
  "50": {
    "physical0": {
      "mean": 0.6462705789839245,
      "sd": 0.019224333954776445,
      "delta": 0.032026916988027655,
      "wins": 10,
      "class_f1_mean": [
        0.6737993960415317,
        0.5701797010830096,
        0.6907865945807597,
        0.6503166242303973
      ]
    },
    "physical0_gaussian": {
      "mean": 0.6719020352490136,
      "sd": 0.023501432857215985,
      "delta": 0.057658373253116645,
      "wins": 10,
      "class_f1_mean": [
        0.7053616300016943,
        0.6024243617151448,
        0.7051338779617524,
        0.674688271317463
      ]
    },
    "physical1": {
      "mean": 0.6549372070767399,
      "sd": 0.019278925482001243,
      "delta": 0.040693545080842865,
      "wins": 10,
      "class_f1_mean": [
        0.6829462278198961,
        0.5869610734781128,
        0.6985227806280456,
        0.6513187463809049
      ]
    },
    "physical1_gaussian": {
      "mean": 0.6781000457082283,
      "sd": 0.022694456761568633,
      "delta": 0.06385638371233142,
      "wins": 10,
      "class_f1_mean": [
        0.7129925500726868,
        0.6182057528997381,
        0.7108235267424736,
        0.6703783531180152
      ]
    }
  },
  "100": {
    "physical0": {
      "mean": 0.6550676819385942,
      "sd": 0.02164000022706988,
      "delta": 0.038258153852413414,
      "wins": 10,
      "class_f1_mean": [
        0.682797174286982,
        0.5796877630160071,
        0.7006032040117389,
        0.657182586439649
      ]
    },
    "physical0_gaussian": {
      "mean": 0.6825966919665665,
      "sd": 0.02471786500689642,
      "delta": 0.06578716388038569,
      "wins": 10,
      "class_f1_mean": [
        0.7137461206016329,
        0.6127877117558402,
        0.7176220250093873,
        0.686230910499406
      ]
    },
    "physical1": {
      "mean": 0.6592587622665105,
      "sd": 0.021749015197801553,
      "delta": 0.04244923418032966,
      "wins": 10,
      "class_f1_mean": [
        0.6877353012041489,
        0.5877690713725784,
        0.7042799881664216,
        0.6572506883228931
      ]
    },
    "physical1_gaussian": {
      "mean": 0.6855918740976772,
      "sd": 0.024942498802578178,
      "delta": 0.06878234601149634,
      "wins": 10,
      "class_f1_mean": [
        0.7181061369850742,
        0.6214709353872632,
        0.7189622723747657,
        0.6838281516436056
      ]
    }
  },
  "200": {
    "physical0": {
      "mean": 0.6587635019089585,
      "sd": 0.019658918481115808,
      "delta": 0.041005216064909436,
      "wins": 10,
      "class_f1_mean": [
        0.6812987645138612,
        0.5941146710759617,
        0.7004590345063495,
        0.6591815375396619
      ]
    },
    "physical0_gaussian": {
      "mean": 0.6872021635502257,
      "sd": 0.02057300935833233,
      "delta": 0.06944387770617656,
      "wins": 10,
      "class_f1_mean": [
        0.7130262383224897,
        0.6293069372473996,
        0.7179826867966277,
        0.6884927918343856
      ]
    },
    "physical1": {
      "mean": 0.6611894885710023,
      "sd": 0.019904589099917974,
      "delta": 0.0434312027269533,
      "wins": 10,
      "class_f1_mean": [
        0.6844001323456644,
        0.5980456404536498,
        0.7030831588137565,
        0.659229022670939
      ]
    },
    "physical1_gaussian": {
      "mean": 0.6884470719341778,
      "sd": 0.021407606821363844,
      "delta": 0.07068878609012878,
      "wins": 10,
      "class_f1_mean": [
        0.7152915042384635,
        0.6328797144833578,
        0.7187577122901984,
        0.6868593567246919
      ]
    }
  }
}
