fresh 0 5 done
fresh 0 25 done
fresh 0 50 done
fresh 0 100 done
fresh 0 200 done
fresh 1 5 done
fresh 1 25 done
fresh 1 50 done
fresh 1 100 done
fresh 1 200 done
fresh 2 5 done
fresh 2 25 done
fresh 2 50 done
fresh 2 100 done
fresh 2 200 done
fresh 3 5 done
fresh 3 25 done
fresh 3 50 done
fresh 3 100 done
fresh 3 200 done
fresh 4 5 done
fresh 4 25 done
fresh 4 50 done
fresh 4 100 done
fresh 4 200 done
fresh 5 5 done
fresh 5 25 done
fresh 5 50 done
fresh 5 100 done
fresh 5 200 done
fresh 6 5 done
fresh 6 25 done
fresh 6 50 done
fresh 6 100 done
fresh 6 200 done
fresh 7 5 done
fresh 7 25 done
fresh 7 50 done
fresh 7 100 done
fresh 7 200 done
fresh 8 5 done
fresh 8 25 done
fresh 8 50 done
fresh 8 100 done
fresh 8 200 done
fresh 9 5 done
fresh 9 25 done
fresh 9 50 done
fresh 9 100 done
fresh 9 200 done
{
  "5": {
    "raw_ctx0": {
      "mean": 0.6081500225135549,
      "sd": 0.017484627693563612,
      "delta": 0.03203078464916603,
      "wins": 9,
      "class_f1_mean": [
        0.6087690908199366,
        0.5716539999278768,
        0.6623590972692659,
        0.5898179020371405
      ]
    },
    "raw_ctx0_grid": {
      "mean": 0.6210039194625444,
      "sd": 0.017266079969062986,
      "delta": 0.04488468159815547,
      "wins": 9,
      "class_f1_mean": [
        0.6289722414592652,
        0.5914540026513234,
        0.666372300351831,
        0.5972171333877581
      ]
    },
    "raw_ctx0_knn": {
      "mean": 0.6256951991343823,
      "sd": 0.01777784729269038,
      "delta": 0.04957596126999338,
      "wins": 9,
      "class_f1_mean": [
        0.6487430680813588,
        0.6065127737551729,
        0.6558622204191542,
        0.5916627342818432
      ]
    },
    "raw_ctx1": {
      "mean": 0.6315578819404426,
      "sd": 0.011457895594196668,
      "delta": 0.0554386440760538,
      "wins": 10,
      "class_f1_mean": [
        0.6619059376357871,
        0.6282919778793701,
        0.6149867763650736,
        0.62104683588154
      ]
    },
    "raw_ctx1_grid": {
      "mean": 0.6379695860573666,
      "sd": 0.011245584445020376,
      "delta": 0.061850348192977765,
      "wins": 10,
      "class_f1_mean": [
        0.6780525481726623,
        0.6377557581309721,
        0.6131392738350068,
        0.6229307640908257
      ]
    },
    "raw_ctx1_knn": {
      "mean": 0.6365870424020048,
      "sd": 0.012572378971896003,
      "delta": 0.06046780453761595,
      "wins": 10,
      "class_f1_mean": [
        0.7050087185148856,
        0.6510307665116286,
        0.5918444784064615,
        0.5984642061750439
      ]
    },
    "pool_ctx0": {
      "mean": 0.6051070898855933,
      "sd": 0.01768421545713869,
      "delta": 0.028987852021204363,
      "wins": 7,
      "class_f1_mean": [
        0.574110691091016,
        0.5635369384521294,
        0.659267632077065,
        0.6235130979221629
      ]
    },
    "pool_ctx0_grid": {
      "mean": 0.6195614890421598,
      "sd": 0.01736165733189662,
      "delta": 0.04344225117777093,
      "wins": 9,
      "class_f1_mean": [
        0.5944815404932009,
        0.5843605360372437,
        0.6684343070935366,
        0.6309695725446585
      ]
    },
    "pool_ctx0_knn": {
      "mean": 0.6247637587365803,
      "sd": 0.01995912041773183,
      "delta": 0.048644520872191364,
      "wins": 9,
      "class_f1_mean": [
        0.6128278352096166,
        0.6003653704948138,
        0.6618102642163656,
        0.6240515650255252
      ]
    },
    "pool_ctx1": {
      "mean": 0.6203371869786158,
      "sd": 0.009862790242267171,
      "delta": 0.044217949114226815,
      "wins": 9,
      "class_f1_mean": [
        0.654581402404393,
        0.6192483213852775,
        0.5785732646145487,
        0.6289457595102438
      ]
    },
    "pool_ctx1_grid": {
      "mean": 0.6272794857595844,
      "sd": 0.010180805990315086,
      "delta": 0.051160247895195445,
      "wins": 10,
      "class_f1_mean": [
        0.6711416537329028,
        0.6286162300982229,
        0.5799298251704116,
        0.6294302340368002
      ]
    },
    "pool_ctx1_knn": {
      "mean": 0.6247938940800492,
      "sd": 0.011455011233514207,
      "delta": 0.04867465621566012,
      "wins": 10,
      "class_f1_mean": [
        0.6974490815743941,
        0.6407489960655482,
        0.5574578363227204,
        0.6035196623575334
      ]
    }
  },
  "25": {
    "raw_ctx0": {
      "mean": 0.6355819732213351,
      "sd": 0.015871410943906945,
      "delta": 0.022649377642508593,
      "wins": 9,
      "class_f1_mean": [
        0.6688449697423235,
        0.5712945888197176,
        0.6944747918862484,
        0.6077135424370509
      ]
    },
    "raw_ctx0_grid": {
      "mean": 0.6545945170231154,
      "sd": 0.016262327055026476,
      "delta": 0.04166192144428891,
      "wins": 10,
      "class_f1_mean": [
        0.6971611521164942,
        0.5953424791924792,
        0.7034886904092145,
        0.6223857463742737
      ]
    },
    "raw_ctx0_knn": {
      "mean": 0.6586692548163502,
      "sd": 0.017602592245755184,
      "delta": 0.04573665923752385,
      "wins": 10,
      "class_f1_mean": [
        0.7164770160591531,
        0.6101793137759071,
        0.6901011385546859,
        0.6179195508756553
      ]
    },
    "raw_ctx1": {
      "mean": 0.6509602823423164,
      "sd": 0.012698492863482234,
      "delta": 0.03802768676348993,
      "wins": 10,
      "class_f1_mean": [
        0.6847434041083039,
        0.60901740781365,
        0.697532588048238,
        0.612547729399074
      ]
    },
    "raw_ctx1_grid": {
      "mean": 0.6690241206187435,
      "sd": 0.011757194677011189,
      "delta": 0.056091525039917024,
      "wins": 10,
      "class_f1_mean": [
        0.7101625418004176,
        0.6345253957752631,
        0.7042977220007585,
        0.6271108228985347
      ]
    },
    "raw_ctx1_knn": {
      "mean": 0.6723421033706105,
      "sd": 0.012093175335224256,
      "delta": 0.059409507791784055,
      "wins": 10,
      "class_f1_mean": [
        0.7320571844456507,
        0.6515354633996767,
        0.6889668376936936,
        0.616808927943421
      ]
    },
    "pool_ctx0": {
      "mean": 0.6406946618307113,
      "sd": 0.012345531949983477,
      "delta": 0.02776206625188493,
      "wins": 9,
      "class_f1_mean": [
        0.6659006852969324,
        0.572897682104977,
        0.7000348044484833,
        0.6239454754724527
      ]
    },
    "pool_ctx0_grid": {
      "mean": 0.6620853905365661,
      "sd": 0.011560337539699159,
      "delta": 0.04915279495773965,
      "wins": 10,
      "class_f1_mean": [
        0.6954357262115205,
        0.6005264468154214,
        0.7108249336857484,
        0.6415544554335741
      ]
    },
    "pool_ctx0_knn": {
      "mean": 0.6638493645463565,
      "sd": 0.012509512571023437,
      "delta": 0.05091676896753007,
      "wins": 10,
      "class_f1_mean": [
        0.7158338850225294,
        0.6146755744214202,
        0.6952240099287793,
        0.6296639888126973
      ]
    },
    "pool_ctx1": {
      "mean": 0.6615121204002097,
      "sd": 0.011483855010871449,
      "delta": 0.048579524821383266,
      "wins": 10,
      "class_f1_mean": [
        0.6901304646297872,
        0.623568814588886,
        0.7009529725391228,
        0.6313962298430427
      ]
    },
    "pool_ctx1_grid": {
      "mean": 0.6792569512562925,
      "sd": 0.010088597551563737,
      "delta": 0.06632435567746608,
      "wins": 10,
      "class_f1_mean": [
        0.7172819023256164,
        0.6491464816498107,
        0.7075534652223961,
        0.643045955827347
      ]
    },
    "pool_ctx1_knn": {
      "mean": 0.6819656009191896,
      "sd": 0.010091606424663079,
      "delta": 0.06903300534036313,
      "wins": 10,
      "class_f1_mean": [
        0.7392717046231868,
        0.6656320027643164,
        0.6930107437584729,
        0.6299479525307825
      ]
    }
  },
  "50": {
    "raw_ctx0": {
      "mean": 0.6547679088726065,
      "sd": 0.009596118306902233,
      "delta": 0.0313858180303556,
      "wins": 10,
      "class_f1_mean": [
        0.6960102026150676,
        0.6070112116730435,
        0.6967385081018206,
        0.6193117131004944
      ]
    },
    "raw_ctx0_grid": {
      "mean": 0.67670955435419,
      "sd": 0.011038904572124938,
      "delta": 0.053327463511939066,
      "wins": 10,
      "class_f1_mean": [
        0.7258711990600076,
        0.6335872275535542,
        0.7070720743556052,
        0.6403077164475929
      ]
    },
    "raw_ctx0_knn": {
      "mean": 0.681432696815682,
      "sd": 0.01112503785677374,
      "delta": 0.058050605973431105,
      "wins": 10,
      "class_f1_mean": [
        0.7453666795983559,
        0.6503940331676334,
        0.6960738910779528,
        0.6338961834187857
      ]
    },
    "raw_ctx1": {
      "mean": 0.6598822857941954,
      "sd": 0.008110866054771832,
      "delta": 0.03650019495194455,
      "wins": 10,
      "class_f1_mean": [
        0.7009990124679012,
        0.6211787625981903,
        0.6972799111719612,
        0.6200714569387292
      ]
    },
    "raw_ctx1_grid": {
      "mean": 0.6811417232297137,
      "sd": 0.008651919277376824,
      "delta": 0.05775963238746266,
      "wins": 10,
      "class_f1_mean": [
        0.729196517543954,
        0.6483332503778062,
        0.7068247705680587,
        0.6402123544290353
      ]
    },
    "raw_ctx1_knn": {
      "mean": 0.6848576079897111,
      "sd": 0.00898918197967277,
      "delta": 0.061475517147460135,
      "wins": 10,
      "class_f1_mean": [
        0.7490506322548874,
        0.6648669284879805,
        0.69430313972018,
        0.6312097314957963
      ]
    },
    "pool_ctx0": {
      "mean": 0.6588931661103926,
      "sd": 0.011504869119922745,
      "delta": 0.03551107526814166,
      "wins": 10,
      "class_f1_mean": [
        0.6890676811567019,
        0.6052547027219599,
        0.7070467854327891,
        0.6342034951301191
      ]
    },
    "pool_ctx0_grid": {
      "mean": 0.6812009251455513,
      "sd": 0.013419772338752719,
      "delta": 0.057818834303300405,
      "wins": 10,
      "class_f1_mean": [
        0.7198593881094805,
        0.6340812269835998,
        0.7174525771627047,
        0.6534105083264203
      ]
    },
    "pool_ctx0_knn": {
      "mean": 0.6824070586528903,
      "sd": 0.015620130998184411,
      "delta": 0.05902496781063955,
      "wins": 10,
      "class_f1_mean": [
        0.7398377198460896,
        0.648028372320108,
        0.7019993068325726,
        0.6397628356127915
      ]
    },
    "pool_ctx1": {
      "mean": 0.6668442430818216,
      "sd": 0.01000291441910513,
      "delta": 0.04346215223957071,
      "wins": 10,
      "class_f1_mean": [
        0.6988743597802606,
        0.6263696160814185,
        0.7066669077018004,
        0.6354660887638068
      ]
    },
    "pool_ctx1_grid": {
      "mean": 0.6881876022378004,
      "sd": 0.011191934965748442,
      "delta": 0.06480551139554945,
      "wins": 10,
      "class_f1_mean": [
        0.7286981895545153,
        0.6551746283184023,
        0.7160191404314791,
        0.6528584506468045
      ]
    },
    "pool_ctx1_knn": {
      "mean": 0.6891281375122993,
      "sd": 0.012401397193508067,
      "delta": 0.06574604667004832,
      "wins": 10,
      "class_f1_mean": [
        0.7484152482024671,
        0.6695665329366989,
        0.6998229103145073,
        0.6387078585955237
      ]
    }
  },
  "100": {
    "raw_ctx0": {
      "mean": 0.6695870427172006,
      "sd": 0.009269694629373874,
      "delta": 0.04387234021350024,
      "wins": 10,
      "class_f1_mean": [
        0.7133882374870305,
        0.6291136797284618,
        0.7029429697180494,
        0.6329032839352606
      ]
    },
    "raw_ctx0_grid": {
      "mean": 0.6929815824821539,
      "sd": 0.011796636501920565,
      "delta": 0.06726687997845346,
      "wins": 10,
      "class_f1_mean": [
        0.7434006047596644,
        0.6585273939058844,
        0.7152178813414997,
        0.6547804499215668
      ]
    },
    "raw_ctx0_knn": {
      "mean": 0.6976690950162332,
      "sd": 0.012680992808279131,
      "delta": 0.07195439251253283,
      "wins": 10,
      "class_f1_mean": [
        0.7627349565646682,
        0.6752390523416101,
        0.7036946998566226,
        0.6490076713020321
      ]
    },
    "raw_ctx1": {
      "mean": 0.6716396317447468,
      "sd": 0.009243916504429671,
      "delta": 0.04592492924104652,
      "wins": 10,
      "class_f1_mean": [
        0.7155113718625603,
        0.635035675502621,
        0.7031288108003675,
        0.6328826688134388
      ]
    },
    "raw_ctx1_grid": {
      "mean": 0.6949155277886103,
      "sd": 0.010969978976230626,
      "delta": 0.06920082528490998,
      "wins": 10,
      "class_f1_mean": [
        0.7451096625465025,
        0.6645360813814541,
        0.7151150258370796,
        0.6549013413894051
      ]
    },
    "raw_ctx1_knn": {
      "mean": 0.6995637443133773,
      "sd": 0.011944416259114311,
      "delta": 0.07384904180967698,
      "wins": 10,
      "class_f1_mean": [
        0.764637666163486,
        0.6822059776180699,
        0.7031311334324591,
        0.6482802000394944
      ]
    },
    "pool_ctx0": {
      "mean": 0.6762447069226868,
      "sd": 0.009891552201106251,
      "delta": 0.050530004418986495,
      "wins": 10,
      "class_f1_mean": [
        0.7147944600792828,
        0.6295506080997517,
        0.7149490015423892,
        0.6456847579693237
      ]
    },
    "pool_ctx0_grid": {
      "mean": 0.7021397111001313,
      "sd": 0.01128149189631119,
      "delta": 0.07642500859643098,
      "wins": 10,
      "class_f1_mean": [
        0.7478519792817744,
        0.6630532208362424,
        0.7271170461019614,
        0.6705365981805473
      ]
    },
    "pool_ctx0_knn": {
      "mean": 0.7033746772046188,
      "sd": 0.012412440948782444,
      "delta": 0.07765997470091836,
      "wins": 10,
      "class_f1_mean": [
        0.7666952564275934,
        0.6771555713684915,
        0.7113173666679498,
        0.6583305143544405
      ]
    },
    "pool_ctx1": {
      "mean": 0.680380865390004,
      "sd": 0.009715293292439413,
      "delta": 0.05466616288630359,
      "wins": 10,
      "class_f1_mean": [
        0.7182123511393935,
        0.6392969761571219,
        0.7166822476064283,
        0.647331886657072
      ]
    },
    "pool_ctx1_grid": {
      "mean": 0.7050968259841899,
      "sd": 0.010505454284418696,
      "delta": 0.07938212348048952,
      "wins": 10,
      "class_f1_mean": [
        0.7507619754880912,
        0.672434413413437,
        0.7273485496774283,
        0.669842365357803
      ]
    },
    "pool_ctx1_knn": {
      "mean": 0.7066590085111807,
      "sd": 0.011081304019996591,
      "delta": 0.08094430600748045,
      "wins": 10,
      "class_f1_mean": [
        0.7700294118598008,
        0.6868257160421021,
        0.7119564623242006,
        0.6578244438186199
      ]
    }
  },
  "200": {
    "raw_ctx0": {
      "mean": 0.6854053852346075,
      "sd": 0.007991846208693445,
      "delta": 0.06084163989198762,
      "wins": 10,
      "class_f1_mean": [
        0.7294624124499964,
        0.6519105040556104,
        0.7182157333088663,
        0.6420328911239569
      ]
    },
    "raw_ctx0_grid": {
      "mean": 0.7111121739433295,
      "sd": 0.008379282211593437,
      "delta": 0.08654842860070953,
      "wins": 10,
      "class_f1_mean": [
        0.7621958768811202,
        0.6854310953698239,
        0.7297918839476223,
        0.6670298395747511
      ]
    },
    "raw_ctx0_knn": {
      "mean": 0.7166090483563099,
      "sd": 0.008954547966581254,
      "delta": 0.09204530301369002,
      "wins": 10,
      "class_f1_mean": [
        0.7829777772392366,
        0.7047259518118592,
        0.7177770479043815,
        0.6609554164697625
      ]
    },
    "raw_ctx1": {
      "mean": 0.6864352563172936,
      "sd": 0.007837305344910781,
      "delta": 0.06187151097467377,
      "wins": 10,
      "class_f1_mean": [
        0.7304166660801662,
        0.6546995289778003,
        0.718257058463774,
        0.6423677717474343
      ]
    },
    "raw_ctx1_grid": {
      "mean": 0.7116987263604566,
      "sd": 0.008454970345651484,
      "delta": 0.08713498101783676,
      "wins": 10,
      "class_f1_mean": [
        0.7623990914987535,
        0.6875568581173317,
        0.7295550772074425,
        0.6672838786182986
      ]
    },
    "raw_ctx1_knn": {
      "mean": 0.7170709389509237,
      "sd": 0.008658530743310026,
      "delta": 0.09250719360830388,
      "wins": 10,
      "class_f1_mean": [
        0.7835275496904355,
        0.7070267038070512,
        0.7174320216760862,
        0.6602974806301223
      ]
    },
    "pool_ctx0": {
      "mean": 0.6926611952812015,
      "sd": 0.006331287777978484,
      "delta": 0.06809744993858172,
      "wins": 10,
      "class_f1_mean": [
        0.7337569050980305,
        0.6563813430865036,
        0.7278154106087793,
        0.6526911223314927
      ]
    },
    "pool_ctx0_grid": {
      "mean": 0.7208490661113658,
      "sd": 0.007416161256675975,
      "delta": 0.0962853207687458,
      "wins": 10,
      "class_f1_mean": [
        0.7682715161509222,
        0.692771424741354,
        0.7398034995268677,
        0.6825498240263189
      ]
    },
    "pool_ctx0_knn": {
      "mean": 0.721087836015943,
      "sd": 0.007247162911189205,
      "delta": 0.09652409067332299,
      "wins": 10,
      "class_f1_mean": [
        0.787955523974356,
        0.7072265384962476,
        0.722132709269977,
        0.667036572323191
      ]
    },
    "pool_ctx1": {
      "mean": 0.6939496626798014,
      "sd": 0.006463723604670346,
      "delta": 0.06938591733718147,
      "wins": 10,
      "class_f1_mean": [
        0.7347233640028956,
        0.6597681310560316,
        0.7279490295752309,
        0.6533581260850475
      ]
    },
    "pool_ctx1_grid": {
      "mean": 0.7216904432677348,
      "sd": 0.00737061815650204,
      "delta": 0.09712669792511489,
      "wins": 10,
      "class_f1_mean": [
        0.7696166987786027,
        0.6962006131407106,
        0.7396310370992178,
        0.6813134240524079
      ]
    },
    "pool_ctx1_knn": {
      "mean": 0.7219443272485291,
      "sd": 0.006991994616561443,
      "delta": 0.09738058190590912,
      "wins": 10,
      "class_f1_mean": [
        0.7888163240811638,
        0.7106006194518794,
        0.7219150252859301,
        0.6664453401751428
      ]
    }
  }
}
