source context 0 done
source context 1 done
audit 0 5 done
audit 0 25 done
audit 0 50 done
audit 0 100 done
audit 0 200 done
audit 1 5 done
audit 1 25 done
audit 1 50 done
audit 1 100 done
audit 1 200 done
audit 2 5 done
audit 2 25 done
audit 2 50 done
audit 2 100 done
audit 2 200 done
audit 3 5 done
audit 3 25 done
audit 3 50 done
audit 3 100 done
audit 3 200 done
audit 4 5 done
audit 4 25 done
audit 4 50 done
audit 4 100 done
audit 4 200 done
audit 5 5 done
audit 5 25 done
audit 5 50 done
audit 5 100 done
audit 5 200 done
audit 6 5 done
audit 6 25 done
audit 6 50 done
audit 6 100 done
audit 6 200 done
audit 7 5 done
audit 7 25 done
audit 7 50 done
audit 7 100 done
audit 7 200 done
audit 8 5 done
audit 8 25 done
audit 8 50 done
audit 8 100 done
audit 8 200 done
audit 9 5 done
audit 9 25 done
audit 9 50 done
audit 9 100 done
audit 9 200 done
{
  "5": {
    "raw_ctx0": {
      "mean": 0.6093911349740735,
      "sd": 0.022496479450485874,
      "delta": 0.056962883682513024,
      "wins": 10,
      "class_f1_mean": [
        0.6304449550001475,
        0.5523280556970664,
        0.65177778889411,
        0.6030137403049703
      ]
    },
    "raw_ctx0_grid": {
      "mean": 0.6238116977553333,
      "sd": 0.02365171062556056,
      "delta": 0.07138344646377279,
      "wins": 10,
      "class_f1_mean": [
        0.6510112543692941,
        0.5720587961605019,
        0.6597664613922243,
        0.612410279099313
      ]
    },
    "raw_ctx0_knn": {
      "mean": 0.6283748967863196,
      "sd": 0.02482104642347034,
      "delta": 0.07594664549475909,
      "wins": 10,
      "class_f1_mean": [
        0.6715340415704727,
        0.5899777594845295,
        0.649309680583874,
        0.6026781055064023
      ]
    },
    "raw_ctx1": {
      "mean": 0.6250658121587283,
      "sd": 0.012150977252461564,
      "delta": 0.0726375608671678,
      "wins": 10,
      "class_f1_mean": [
        0.6723542213921041,
        0.6209525112870642,
        0.5875916377698367,
        0.6193648781859082
      ]
    },
    "raw_ctx1_grid": {
      "mean": 0.6318556898470986,
      "sd": 0.011764697499872313,
      "delta": 0.07942743855553805,
      "wins": 10,
      "class_f1_mean": [
        0.6894539913501878,
        0.6309156017372471,
        0.5870354518008528,
        0.6200177145001065
      ]
    },
    "raw_ctx1_knn": {
      "mean": 0.6303476847646091,
      "sd": 0.012410047905162348,
      "delta": 0.07791943347304851,
      "wins": 10,
      "class_f1_mean": [
        0.7138099216818017,
        0.643240932184691,
        0.5681019044831344,
        0.5962379807088088
      ]
    },
    "pool_ctx0": {
      "mean": 0.6056432960598017,
      "sd": 0.018069068521303574,
      "delta": 0.053215044768241127,
      "wins": 9,
      "class_f1_mean": [
        0.6073579777098871,
        0.5458325806292039,
        0.6461669932386346,
        0.6232156326614812
      ]
    },
    "pool_ctx0_grid": {
      "mean": 0.6219005448707626,
      "sd": 0.01963285514520776,
      "delta": 0.06947229357920222,
      "wins": 10,
      "class_f1_mean": [
        0.6306876633985314,
        0.5695191561846148,
        0.6561862085981218,
        0.631209151301783
      ]
    },
    "pool_ctx0_knn": {
      "mean": 0.6291182308444226,
      "sd": 0.021508310114702615,
      "delta": 0.07668997955286208,
      "wins": 10,
      "class_f1_mean": [
        0.650631903579656,
        0.5897372437348283,
        0.6527524146085149,
        0.6233513614546914
      ]
    },
    "pool_ctx1": {
      "mean": 0.614020117036725,
      "sd": 0.008575635547240003,
      "delta": 0.06159186574516455,
      "wins": 10,
      "class_f1_mean": [
        0.6634814771953887,
        0.6124812055284877,
        0.5544995473825475,
        0.6256182380404767
      ]
    },
    "pool_ctx1_grid": {
      "mean": 0.6207660436202236,
      "sd": 0.008081539641149257,
      "delta": 0.06833779232866301,
      "wins": 10,
      "class_f1_mean": [
        0.6817183681446621,
        0.6208124012746049,
        0.5552529452120035,
        0.6252804598496238
      ]
    },
    "pool_ctx1_knn": {
      "mean": 0.618755450173551,
      "sd": 0.008838165700855044,
      "delta": 0.06632719888199044,
      "wins": 10,
      "class_f1_mean": [
        0.7069731555934805,
        0.6332690666835443,
        0.5346864541927692,
        0.60009312422441
      ]
    }
  },
  "25": {
    "raw_ctx0": {
      "mean": 0.6452970529793518,
      "sd": 0.01539339152302787,
      "delta": 0.033122871292385,
      "wins": 10,
      "class_f1_mean": [
        0.6761211291228211,
        0.590200820952076,
        0.6907230044744479,
        0.6241432573680619
      ]
    },
    "raw_ctx0_grid": {
      "mean": 0.666819799154135,
      "sd": 0.015417683667259173,
      "delta": 0.05464561746716823,
      "wins": 10,
      "class_f1_mean": [
        0.7058141061783119,
        0.6172196922562537,
        0.701656157477297,
        0.6425892407046774
      ]
    },
    "raw_ctx0_knn": {
      "mean": 0.6694529092074889,
      "sd": 0.014495405450951722,
      "delta": 0.057278727520522085,
      "wins": 10,
      "class_f1_mean": [
        0.7279315663179162,
        0.6312993917187523,
        0.687647487555626,
        0.6309331912376612
      ]
    },
    "raw_ctx1": {
      "mean": 0.6554435358070092,
      "sd": 0.013127426934525194,
      "delta": 0.04326935412004236,
      "wins": 10,
      "class_f1_mean": [
        0.6870809951399148,
        0.6183738726647843,
        0.6910741646727616,
        0.6252451107505758
      ]
    },
    "raw_ctx1_grid": {
      "mean": 0.6738988069876157,
      "sd": 0.012065620822362963,
      "delta": 0.06172462530064905,
      "wins": 10,
      "class_f1_mean": [
        0.7125950379912543,
        0.6429225386675854,
        0.6998620620903748,
        0.6402155892012485
      ]
    },
    "raw_ctx1_knn": {
      "mean": 0.6755405730810096,
      "sd": 0.011075561035581235,
      "delta": 0.0633663913940428,
      "wins": 10,
      "class_f1_mean": [
        0.7367956826793725,
        0.6585511443475017,
        0.6843888486994563,
        0.6224266165977077
      ]
    },
    "pool_ctx0": {
      "mean": 0.6498686078805002,
      "sd": 0.012345123411344637,
      "delta": 0.03769442619353338,
      "wins": 10,
      "class_f1_mean": [
        0.6777496889154684,
        0.5850571605241476,
        0.6935282982892572,
        0.6431392837931276
      ]
    },
    "pool_ctx0_grid": {
      "mean": 0.6723247601835813,
      "sd": 0.012943387710053059,
      "delta": 0.06015057849661466,
      "wins": 10,
      "class_f1_mean": [
        0.7055108174212894,
        0.6144698112436676,
        0.7052857788565963,
        0.664032633212772
      ]
    },
    "pool_ctx0_knn": {
      "mean": 0.6756680187615104,
      "sd": 0.01190060293528531,
      "delta": 0.06349383707454367,
      "wins": 10,
      "class_f1_mean": [
        0.7283363242692674,
        0.6322899440090027,
        0.6923467772993339,
        0.6496990294684378
      ]
    },
    "pool_ctx1": {
      "mean": 0.6643109883612349,
      "sd": 0.011906548492240786,
      "delta": 0.05213680667426814,
      "wins": 10,
      "class_f1_mean": [
        0.6954383471279046,
        0.6257624866678193,
        0.6911180181912445,
        0.6449251014579713
      ]
    },
    "pool_ctx1_grid": {
      "mean": 0.6830364765614382,
      "sd": 0.010292800624907814,
      "delta": 0.07086229487447138,
      "wins": 10,
      "class_f1_mean": [
        0.7208181699306213,
        0.6533153415232041,
        0.7000894226668166,
        0.6579229721251105
      ]
    },
    "pool_ctx1_knn": {
      "mean": 0.6852376461325455,
      "sd": 0.009472515510625364,
      "delta": 0.07306346444557874,
      "wins": 10,
      "class_f1_mean": [
        0.7443121557186854,
        0.6712408427868004,
        0.6851133536011844,
        0.6402842324235118
      ]
    }
  },
  "50": {
    "raw_ctx0": {
      "mean": 0.6572611347890269,
      "sd": 0.010858994352381246,
      "delta": 0.03998812366180242,
      "wins": 10,
      "class_f1_mean": [
        0.6960806235331919,
        0.6031051299436355,
        0.6991527895666991,
        0.6307059961125814
      ]
    },
    "raw_ctx0_grid": {
      "mean": 0.6791606997828544,
      "sd": 0.012467971082878487,
      "delta": 0.061887688655629915,
      "wins": 10,
      "class_f1_mean": [
        0.7246807200380816,
        0.6301341350012071,
        0.7100041612841259,
        0.6518237828080032
      ]
    },
    "raw_ctx0_knn": {
      "mean": 0.684457844283091,
      "sd": 0.011968601845245307,
      "delta": 0.06718483315586647,
      "wins": 10,
      "class_f1_mean": [
        0.7456632893714812,
        0.6484474867597241,
        0.697826156359076,
        0.6458944446420829
      ]
    },
    "raw_ctx1": {
      "mean": 0.6621686091732687,
      "sd": 0.010327180413144932,
      "delta": 0.044895598046044184,
      "wins": 10,
      "class_f1_mean": [
        0.7013763157051138,
        0.616620021301283,
        0.6982469559035155,
        0.6324311437831628
      ]
    },
    "raw_ctx1_grid": {
      "mean": 0.6833243059929888,
      "sd": 0.010930047228523688,
      "delta": 0.0660512948657642,
      "wins": 10,
      "class_f1_mean": [
        0.7284711655320593,
        0.6437954487901729,
        0.7085761941772144,
        0.6524544154725085
      ]
    },
    "raw_ctx1_knn": {
      "mean": 0.6874664554022047,
      "sd": 0.009602211333910197,
      "delta": 0.07019344427498013,
      "wins": 10,
      "class_f1_mean": [
        0.7501317930727525,
        0.6629522610913477,
        0.6952491568320114,
        0.641532610612707
      ]
    },
    "pool_ctx0": {
      "mean": 0.6587771353875927,
      "sd": 0.005897308305862764,
      "delta": 0.04150412426036826,
      "wins": 10,
      "class_f1_mean": [
        0.6960191553547015,
        0.5980474275403003,
        0.6982773656324903,
        0.6427645930228791
      ]
    },
    "pool_ctx0_grid": {
      "mean": 0.6838856547022492,
      "sd": 0.006160421261179417,
      "delta": 0.06661264357502458,
      "wins": 10,
      "class_f1_mean": [
        0.7268642584524535,
        0.6293269960753818,
        0.7112221442261379,
        0.6681292200550234
      ]
    },
    "pool_ctx0_knn": {
      "mean": 0.6865420292457846,
      "sd": 0.008571722048273991,
      "delta": 0.0692690181185601,
      "wins": 10,
      "class_f1_mean": [
        0.7488602709669039,
        0.6468465190942527,
        0.6969856896847894,
        0.6534756372371926
      ]
    },
    "pool_ctx1": {
      "mean": 0.666901098529594,
      "sd": 0.006092196350357997,
      "delta": 0.04962808740236947,
      "wins": 10,
      "class_f1_mean": [
        0.7040302822527552,
        0.6187264377799603,
        0.6991613899225578,
        0.6456862841631026
      ]
    },
    "pool_ctx1_grid": {
      "mean": 0.6899050196380289,
      "sd": 0.0065562276037895145,
      "delta": 0.07263200851080444,
      "wins": 10,
      "class_f1_mean": [
        0.7329124739666326,
        0.6497835205480226,
        0.7106860647714475,
        0.6662380192660133
      ]
    },
    "pool_ctx1_knn": {
      "mean": 0.6927786806779168,
      "sd": 0.00804867301765308,
      "delta": 0.07550566955069224,
      "wins": 10,
      "class_f1_mean": [
        0.755211407237469,
        0.668061396322519,
        0.6961311297856113,
        0.6517107893660675
      ]
    }
  },
  "100": {
    "raw_ctx0": {
      "mean": 0.6742314489836864,
      "sd": 0.006185313262494394,
      "delta": 0.054718624711689076,
      "wins": 10,
      "class_f1_mean": [
        0.7132272612812708,
        0.6260805083569617,
        0.71017974624609,
        0.6474382800504228
      ]
    },
    "raw_ctx0_grid": {
      "mean": 0.6985927018169503,
      "sd": 0.007406110997975846,
      "delta": 0.079079877544953,
      "wins": 10,
      "class_f1_mean": [
        0.7440595120122617,
        0.6574208217406579,
        0.7231810025256431,
        0.6697094709892383
      ]
    },
    "raw_ctx0_knn": {
      "mean": 0.7021556983084543,
      "sd": 0.007296325976892105,
      "delta": 0.08264287403645701,
      "wins": 10,
      "class_f1_mean": [
        0.7646894490227509,
        0.6745719397150632,
        0.7096107633033834,
        0.6597506411926194
      ]
    },
    "raw_ctx1": {
      "mean": 0.6764973243122574,
      "sd": 0.0057477102623560185,
      "delta": 0.05698450004026011,
      "wins": 10,
      "class_f1_mean": [
        0.715674625926322,
        0.6329554193005739,
        0.7101292771888177,
        0.6472299748333159
      ]
    },
    "raw_ctx1_grid": {
      "mean": 0.7003913760119989,
      "sd": 0.006861027387659963,
      "delta": 0.08087855174000158,
      "wins": 10,
      "class_f1_mean": [
        0.7457038298982371,
        0.6640214954035853,
        0.7227365480538573,
        0.6691036306923156
      ]
    },
    "raw_ctx1_knn": {
      "mean": 0.7037124074715067,
      "sd": 0.0061930550134135474,
      "delta": 0.08419958319950939,
      "wins": 10,
      "class_f1_mean": [
        0.7664952843235724,
        0.6817421835107459,
        0.7090647299682072,
        0.6575474320835012
      ]
    },
    "pool_ctx0": {
      "mean": 0.6815122059818168,
      "sd": 0.004445287662692945,
      "delta": 0.06199938170981972,
      "wins": 10,
      "class_f1_mean": [
        0.7184699531563691,
        0.6306262580083928,
        0.716031919936177,
        0.660920692826329
      ]
    },
    "pool_ctx0_grid": {
      "mean": 0.707256377273124,
      "sd": 0.004614434496644008,
      "delta": 0.08774355300112675,
      "wins": 10,
      "class_f1_mean": [
        0.7508870710618796,
        0.6652583367154031,
        0.7277656452102468,
        0.6851144561049667
      ]
    },
    "pool_ctx0_knn": {
      "mean": 0.7082549071606098,
      "sd": 0.005762444330890473,
      "delta": 0.0887420828886125,
      "wins": 10,
      "class_f1_mean": [
        0.771881445681802,
        0.6814912678801796,
        0.7125605444815338,
        0.6670863705989236
      ]
    },
    "pool_ctx1": {
      "mean": 0.6848469260602503,
      "sd": 0.004623028871750886,
      "delta": 0.06533410178825307,
      "wins": 10,
      "class_f1_mean": [
        0.7216561634886248,
        0.6394269850078033,
        0.7166118381725404,
        0.661692717572033
      ]
    },
    "pool_ctx1_grid": {
      "mean": 0.7101307101853475,
      "sd": 0.003902223000472712,
      "delta": 0.09061788591335022,
      "wins": 10,
      "class_f1_mean": [
        0.7534520184780029,
        0.6741475571591329,
        0.7283486998691114,
        0.6845745652351428
      ]
    },
    "pool_ctx1_knn": {
      "mean": 0.7113130549620371,
      "sd": 0.004783139458024786,
      "delta": 0.0918002306900398,
      "wins": 10,
      "class_f1_mean": [
        0.774992302079683,
        0.6911041980255568,
        0.7130796629885595,
        0.666076056754349
      ]
    }
  },
  "200": {
    "raw_ctx0": {
      "mean": 0.6898631091392047,
      "sd": 0.004830043974954519,
      "delta": 0.06588065410504843,
      "wins": 10,
      "class_f1_mean": [
        0.7309984923387003,
        0.650643568869034,
        0.7213084072492245,
        0.6565019680998601
      ]
    },
    "raw_ctx0_grid": {
      "mean": 0.7150577014044373,
      "sd": 0.005133629293249706,
      "delta": 0.09107524637028089,
      "wins": 10,
      "class_f1_mean": [
        0.7611006542796968,
        0.6840533708064334,
        0.7335076301623457,
        0.6815691503692731
      ]
    },
    "raw_ctx0_knn": {
      "mean": 0.7192501166561154,
      "sd": 0.006448977004865036,
      "delta": 0.09526766162195908,
      "wins": 10,
      "class_f1_mean": [
        0.7808522016596767,
        0.701432015449839,
        0.7201831320614105,
        0.6745331174535354
      ]
    },
    "raw_ctx1": {
      "mean": 0.6909325561331795,
      "sd": 0.004848334879522533,
      "delta": 0.06695010109902313,
      "wins": 10,
      "class_f1_mean": [
        0.7320591949304671,
        0.6533671927767479,
        0.7212804693281158,
        0.6570233674973869
      ]
    },
    "raw_ctx1_grid": {
      "mean": 0.715875166067048,
      "sd": 0.005181037608776555,
      "delta": 0.09189271103289177,
      "wins": 10,
      "class_f1_mean": [
        0.7618709197578368,
        0.6867530270274056,
        0.7332664421989057,
        0.6816102752840443
      ]
    },
    "raw_ctx1_knn": {
      "mean": 0.7200016183611821,
      "sd": 0.006270218251795735,
      "delta": 0.09601916332702579,
      "wins": 10,
      "class_f1_mean": [
        0.7818900456116836,
        0.7038969265626214,
        0.7200622210491797,
        0.6741572802212439
      ]
    },
    "pool_ctx0": {
      "mean": 0.6959436275134212,
      "sd": 0.004029225380478818,
      "delta": 0.0719611724792648,
      "wins": 10,
      "class_f1_mean": [
        0.7331507669054834,
        0.6558443164931999,
        0.7250997245698365,
        0.6696797020851648
      ]
    },
    "pool_ctx0_grid": {
      "mean": 0.7223833204522496,
      "sd": 0.005983785849900088,
      "delta": 0.09840086541809326,
      "wins": 10,
      "class_f1_mean": [
        0.7664535230231582,
        0.689504959277011,
        0.7380641783904373,
        0.6955106211183919
      ]
    },
    "pool_ctx0_knn": {
      "mean": 0.7226451980606944,
      "sd": 0.006606943750248135,
      "delta": 0.09866274302653807,
      "wins": 10,
      "class_f1_mean": [
        0.7855922062253553,
        0.7048248818315823,
        0.7216344247816042,
        0.6785292794042358
      ]
    },
    "pool_ctx1": {
      "mean": 0.6974563398743322,
      "sd": 0.003898005126774006,
      "delta": 0.07347388484017589,
      "wins": 10,
      "class_f1_mean": [
        0.7344388063275687,
        0.6600710132661167,
        0.7253725943592021,
        0.6699429455444412
      ]
    },
    "pool_ctx1_grid": {
      "mean": 0.7234766274894009,
      "sd": 0.005982870362274774,
      "delta": 0.09949417245524467,
      "wins": 10,
      "class_f1_mean": [
        0.7677668948710877,
        0.6931725452579972,
        0.7381417559497273,
        0.6948253138787919
      ]
    },
    "pool_ctx1_knn": {
      "mean": 0.7240869794426518,
      "sd": 0.006577791319138045,
      "delta": 0.10010452440849538,
      "wins": 10,
      "class_f1_mean": [
        0.7873404879286146,
        0.7089998811318655,
        0.721321928653851,
        0.6786856200562758
      ]
    }
  }
}
