spatial 0 5 done
spatial 0 25 done
spatial 0 50 done
spatial 0 100 done
spatial 0 200 done
spatial 1 5 done
spatial 1 25 done
spatial 1 50 done
spatial 1 100 done
spatial 1 200 done
spatial 2 5 done
spatial 2 25 done
spatial 2 50 done
spatial 2 100 done
spatial 2 200 done
spatial 3 5 done
spatial 3 25 done
spatial 3 50 done
spatial 3 100 done
spatial 3 200 done
spatial 4 5 done
spatial 4 25 done
spatial 4 50 done
spatial 4 100 done
spatial 4 200 done
spatial 5 5 done
spatial 5 25 done
spatial 5 50 done
spatial 5 100 done
spatial 5 200 done
spatial 6 5 done
spatial 6 25 done
spatial 6 50 done
spatial 6 100 done
spatial 6 200 done
spatial 7 5 done
spatial 7 25 done
spatial 7 50 done
spatial 7 100 done
spatial 7 200 done
spatial 8 5 done
spatial 8 25 done
spatial 8 50 done
spatial 8 100 done
spatial 8 200 done
spatial 9 5 done
spatial 9 25 done
spatial 9 50 done
spatial 9 100 done
spatial 9 200 done
{
  "5": {
    "raw_ctx0": {
      "mean": 0.5972764634798294,
      "sd": 0.027287467815967106,
      "delta": 0.06388933560135887,
      "wins": 9,
      "class_f1_mean": [
        0.616281030364705,
        0.5329226399800826,
        0.6439603464769401,
        0.5959418370975899
      ]
    },
    "raw_ctx0_grid": {
      "mean": 0.6106894806375868,
      "sd": 0.029763367088484715,
      "delta": 0.07730235275911623,
      "wins": 10,
      "class_f1_mean": [
        0.6365155224090064,
        0.5550678191248202,
        0.6500813569562033,
        0.601093224060317
      ]
    },
    "raw_ctx0_knn": {
      "mean": 0.6154054095581392,
      "sd": 0.031410991975626176,
      "delta": 0.0820182816796687,
      "wins": 10,
      "class_f1_mean": [
        0.6512683989780993,
        0.5712866664478073,
        0.6427243439038268,
        0.5963422289028233
      ]
    },
    "raw_ctx1": {
      "mean": 0.6169991142675598,
      "sd": 0.010558028675559307,
      "delta": 0.0836119863890892,
      "wins": 10,
      "class_f1_mean": [
        0.6619964922350158,
        0.6170821321989025,
        0.5615962350522508,
        0.6273215975840697
      ]
    },
    "raw_ctx1_grid": {
      "mean": 0.623239236380631,
      "sd": 0.011066270608365476,
      "delta": 0.08985210850216045,
      "wins": 10,
      "class_f1_mean": [
        0.6776113436958264,
        0.6266495079106724,
        0.5604255878346299,
        0.6282705060813949
      ]
    },
    "raw_ctx1_knn": {
      "mean": 0.6187707572150887,
      "sd": 0.01732922351385978,
      "delta": 0.08538362933661807,
      "wins": 10,
      "class_f1_mean": [
        0.7005000357913997,
        0.6376785817791525,
        0.533060954403596,
        0.6038434568862061
      ]
    },
    "pool_ctx0": {
      "mean": 0.6026818582508428,
      "sd": 0.021015769621153046,
      "delta": 0.06929473037237228,
      "wins": 9,
      "class_f1_mean": [
        0.5902291647798342,
        0.5650055410767574,
        0.6398486234213957,
        0.6156441037253839
      ]
    },
    "pool_ctx0_grid": {
      "mean": 0.6180546874973897,
      "sd": 0.022035981624013472,
      "delta": 0.08466755961891914,
      "wins": 10,
      "class_f1_mean": [
        0.6141611962614948,
        0.5870272639876364,
        0.649705995361683,
        0.6213242943787445
      ]
    },
    "pool_ctx0_knn": {
      "mean": 0.6265385208119105,
      "sd": 0.025239753595925733,
      "delta": 0.09315139293344002,
      "wins": 10,
      "class_f1_mean": [
        0.634377017989934,
        0.607797714747262,
        0.6494997385066444,
        0.6144796120038015
      ]
    },
    "pool_ctx1": {
      "mean": 0.609984198926053,
      "sd": 0.009959867165081075,
      "delta": 0.07659707104758254,
      "wins": 10,
      "class_f1_mean": [
        0.651834269032888,
        0.6176486664496659,
        0.5374020885363755,
        0.6330517716852829
      ]
    },
    "pool_ctx1_grid": {
      "mean": 0.615644871243048,
      "sd": 0.012118212942565055,
      "delta": 0.0822577433645775,
      "wins": 10,
      "class_f1_mean": [
        0.6693831921615547,
        0.6261857446744797,
        0.5358881838586107,
        0.6311223642775465
      ]
    },
    "pool_ctx1_knn": {
      "mean": 0.6123886216374939,
      "sd": 0.018122170829457124,
      "delta": 0.07900149375902328,
      "wins": 10,
      "class_f1_mean": [
        0.6942548807709212,
        0.6385355650715574,
        0.5106265532360691,
        0.6061374874714273
      ]
    }
  },
  "25": {
    "raw_ctx0": {
      "mean": 0.6304723482979508,
      "sd": 0.021079428602592133,
      "delta": 0.04633439386686779,
      "wins": 9,
      "class_f1_mean": [
        0.6476617186396165,
        0.561299144080188,
        0.6892122503411977,
        0.6237162801308009
      ]
    },
    "raw_ctx0_grid": {
      "mean": 0.6459656228914233,
      "sd": 0.02505005670151083,
      "delta": 0.0618276684603404,
      "wins": 10,
      "class_f1_mean": [
        0.6676853617985075,
        0.5770693795977277,
        0.6978213864403677,
        0.6412863637290909
      ]
    },
    "raw_ctx0_knn": {
      "mean": 0.6444394690665176,
      "sd": 0.02742227893234104,
      "delta": 0.06030151463543452,
      "wins": 9,
      "class_f1_mean": [
        0.6820332732390544,
        0.582414592657969,
        0.6834527768885784,
        0.6298572334804682
      ]
    },
    "raw_ctx1": {
      "mean": 0.6459024434762154,
      "sd": 0.018186870932278953,
      "delta": 0.06176448904513228,
      "wins": 10,
      "class_f1_mean": [
        0.6616355616953128,
        0.6023919130927264,
        0.6914178357251013,
        0.6281644633917205
      ]
    },
    "raw_ctx1_grid": {
      "mean": 0.6589666578415827,
      "sd": 0.021508401442512298,
      "delta": 0.07482870341049971,
      "wins": 10,
      "class_f1_mean": [
        0.6782689785556923,
        0.617850492925502,
        0.6981686041318638,
        0.6415785557532732
      ]
    },
    "raw_ctx1_knn": {
      "mean": 0.6577244727121736,
      "sd": 0.020601147818536083,
      "delta": 0.07358651828109046,
      "wins": 10,
      "class_f1_mean": [
        0.6944820988122616,
        0.6293465014601993,
        0.682997666627589,
        0.6240716239486441
      ]
    },
    "pool_ctx0": {
      "mean": 0.6271105225835487,
      "sd": 0.02106031198228899,
      "delta": 0.04297256815246566,
      "wins": 9,
      "class_f1_mean": [
        0.6315705747040508,
        0.5520875702539313,
        0.6864130438906206,
        0.6383709014855922
      ]
    },
    "pool_ctx0_grid": {
      "mean": 0.6468568830718715,
      "sd": 0.024101490757464174,
      "delta": 0.06271892864078858,
      "wins": 9,
      "class_f1_mean": [
        0.6587355105703709,
        0.571755872067774,
        0.6999447450540492,
        0.6569914045952923
      ]
    },
    "pool_ctx0_knn": {
      "mean": 0.6455190215993474,
      "sd": 0.026224362299861657,
      "delta": 0.06138106716826429,
      "wins": 10,
      "class_f1_mean": [
        0.6702062913179846,
        0.5806141346378968,
        0.6876237210207218,
        0.643631939420786
      ]
    },
    "pool_ctx1": {
      "mean": 0.6489743735088093,
      "sd": 0.017999932127060265,
      "delta": 0.06483641907772612,
      "wins": 10,
      "class_f1_mean": [
        0.6574657391903836,
        0.6042793707347276,
        0.6895430803893206,
        0.6446093037208047
      ]
    },
    "pool_ctx1_grid": {
      "mean": 0.6659487310575016,
      "sd": 0.020974224502846518,
      "delta": 0.08181077662641857,
      "wins": 10,
      "class_f1_mean": [
        0.6797653785769944,
        0.6258485019938445,
        0.7010975066872953,
        0.6570835369718724
      ]
    },
    "pool_ctx1_knn": {
      "mean": 0.6651138705730444,
      "sd": 0.019144683959236054,
      "delta": 0.0809759161419614,
      "wins": 10,
      "class_f1_mean": [
        0.6958503071525262,
        0.6379174349087758,
        0.6873811569487975,
        0.6393065832820779
      ]
    }
  },
  "50": {
    "raw_ctx0": {
      "mean": 0.6338773869904186,
      "sd": 0.02338204942226921,
      "delta": 0.019633724994521585,
      "wins": 7,
      "class_f1_mean": [
        0.6623680208803996,
        0.5563031663026192,
        0.685910503476516,
        0.6309278573021395
      ]
    },
    "raw_ctx0_grid": {
      "mean": 0.6495803197753071,
      "sd": 0.02968425505084224,
      "delta": 0.035336657779410086,
      "wins": 9,
      "class_f1_mean": [
        0.6826293573971814,
        0.5693067810545264,
        0.695885942032419,
        0.6504991986171011
      ]
    },
    "raw_ctx0_knn": {
      "mean": 0.6477456015118545,
      "sd": 0.032877835617842015,
      "delta": 0.03350193951595746,
      "wins": 9,
      "class_f1_mean": [
        0.6939939048574983,
        0.5752519790430162,
        0.6812462255142707,
        0.6404902966326325
      ]
    },
    "raw_ctx1": {
      "mean": 0.6416630144626383,
      "sd": 0.02115572816683173,
      "delta": 0.02741935246674131,
      "wins": 8,
      "class_f1_mean": [
        0.6670505525771684,
        0.5786851957790773,
        0.6885962046658551,
        0.632320104828452
      ]
    },
    "raw_ctx1_grid": {
      "mean": 0.6579741833606253,
      "sd": 0.024182825389831884,
      "delta": 0.0437305213647284,
      "wins": 10,
      "class_f1_mean": [
        0.6874103653665216,
        0.5968157174428315,
        0.6970485210900991,
        0.6506221295430492
      ]
    },
    "raw_ctx1_knn": {
      "mean": 0.6565567757677955,
      "sd": 0.027517941095725678,
      "delta": 0.0423131137718985,
      "wins": 9,
      "class_f1_mean": [
        0.7010243832012772,
        0.6052127068305388,
        0.6831921818975453,
        0.6367978311418205
      ]
    },
    "pool_ctx0": {
      "mean": 0.6386163517510932,
      "sd": 0.0171086512653701,
      "delta": 0.024372689755196332,
      "wins": 9,
      "class_f1_mean": [
        0.6552844098994324,
        0.5579545853265401,
        0.6947720778031696,
        0.6464543339752311
      ]
    },
    "pool_ctx0_grid": {
      "mean": 0.6587521580134177,
      "sd": 0.021545334971952983,
      "delta": 0.04450849601752076,
      "wins": 10,
      "class_f1_mean": [
        0.6801911926663763,
        0.5809764907668196,
        0.7059556304589127,
        0.6678853181615625
      ]
    },
    "pool_ctx0_knn": {
      "mean": 0.6558907956019077,
      "sd": 0.023153445314811588,
      "delta": 0.041647133606010744,
      "wins": 10,
      "class_f1_mean": [
        0.6922489766184531,
        0.5868241719281941,
        0.6914661269351116,
        0.653023906925872
      ]
    },
    "pool_ctx1": {
      "mean": 0.6510921365856915,
      "sd": 0.017095598682642054,
      "delta": 0.03684847458979458,
      "wins": 10,
      "class_f1_mean": [
        0.6644366907918176,
        0.5895494996934195,
        0.700004764294605,
        0.6503775915629242
      ]
    },
    "pool_ctx1_grid": {
      "mean": 0.6705980206446353,
      "sd": 0.01937244622469593,
      "delta": 0.05635435864873832,
      "wins": 10,
      "class_f1_mean": [
        0.688760440393082,
        0.6148580730141286,
        0.7107944765491958,
        0.6679790926221346
      ]
    },
    "pool_ctx1_knn": {
      "mean": 0.6678631194532332,
      "sd": 0.01920091606237793,
      "delta": 0.053619457457336275,
      "wins": 10,
      "class_f1_mean": [
        0.7022142615154208,
        0.6225947426661206,
        0.6960668674062273,
        0.6505766062251643
      ]
    }
  },
  "100": {
    "raw_ctx0": {
      "mean": 0.6426050370395382,
      "sd": 0.015963945329389415,
      "delta": 0.025795508953357305,
      "wins": 9,
      "class_f1_mean": [
        0.6657097624632945,
        0.5783372708382158,
        0.6953339970253996,
        0.6310391178312427
      ]
    },
    "raw_ctx0_grid": {
      "mean": 0.6602436231799723,
      "sd": 0.018929028370806525,
      "delta": 0.04343409509379135,
      "wins": 10,
      "class_f1_mean": [
        0.687387041144922,
        0.5979449766695063,
        0.7053757954447224,
        0.6502666794607382
      ]
    },
    "raw_ctx0_knn": {
      "mean": 0.660819601741841,
      "sd": 0.022556461534551854,
      "delta": 0.04401007365566005,
      "wins": 10,
      "class_f1_mean": [
        0.6994251275961445,
        0.6059026130107099,
        0.6922739131038045,
        0.6456767532567046
      ]
    },
    "raw_ctx1": {
      "mean": 0.6459205368130286,
      "sd": 0.015699501316102253,
      "delta": 0.029111008726847763,
      "wins": 10,
      "class_f1_mean": [
        0.66770824100845,
        0.5873754850189807,
        0.6964755974096786,
        0.6321228238150051
      ]
    },
    "raw_ctx1_grid": {
      "mean": 0.6642774247818806,
      "sd": 0.01825305531070563,
      "delta": 0.04746789669569965,
      "wins": 10,
      "class_f1_mean": [
        0.6903289320228501,
        0.6097096740786688,
        0.7068316563016753,
        0.6502394367243276
      ]
    },
    "raw_ctx1_knn": {
      "mean": 0.6657115829318718,
      "sd": 0.020635236771947608,
      "delta": 0.04890205484569095,
      "wins": 10,
      "class_f1_mean": [
        0.7030345399641804,
        0.6205206468291734,
        0.6946290504424694,
        0.6446620944916639
      ]
    },
    "pool_ctx0": {
      "mean": 0.6483321704845999,
      "sd": 0.01666123630676068,
      "delta": 0.03152264239841899,
      "wins": 10,
      "class_f1_mean": [
        0.662732980925119,
        0.5744958867204903,
        0.7079696666033836,
        0.6481301476894068
      ]
    },
    "pool_ctx0_grid": {
      "mean": 0.6668777391200794,
      "sd": 0.01881389111351197,
      "delta": 0.0500682110338985,
      "wins": 10,
      "class_f1_mean": [
        0.6857577916281242,
        0.5966865479017256,
        0.7163196905829277,
        0.66874692636754
      ]
    },
    "pool_ctx0_knn": {
      "mean": 0.6651511302241111,
      "sd": 0.02026303477847106,
      "delta": 0.04834160213793024,
      "wins": 10,
      "class_f1_mean": [
        0.6995790235700393,
        0.6038456479634987,
        0.6999844183306351,
        0.6571954310322713
      ]
    },
    "pool_ctx1": {
      "mean": 0.6539025213412003,
      "sd": 0.01639198875800334,
      "delta": 0.037092993255019455,
      "wins": 10,
      "class_f1_mean": [
        0.6660076225237984,
        0.589328269277881,
        0.7107312345917323,
        0.6495429589713898
      ]
    },
    "pool_ctx1_grid": {
      "mean": 0.6732178472197876,
      "sd": 0.01876799694463276,
      "delta": 0.056408319133606846,
      "wins": 10,
      "class_f1_mean": [
        0.6906171874531456,
        0.6140227381269819,
        0.7196246340365055,
        0.6686068292625179
      ]
    },
    "pool_ctx1_knn": {
      "mean": 0.6707673837714313,
      "sd": 0.01831637174686821,
      "delta": 0.053957855685250355,
      "wins": 10,
      "class_f1_mean": [
        0.7042983663692683,
        0.6218709868705437,
        0.7015332054299432,
        0.6553669764159694
      ]
    }
  },
  "200": {
    "raw_ctx0": {
      "mean": 0.646205283485703,
      "sd": 0.0062009807591497795,
      "delta": 0.028446997641654002,
      "wins": 8,
      "class_f1_mean": [
        0.6636454265981631,
        0.590893143456668,
        0.6983790656725011,
        0.6319034982154804
      ]
    },
    "raw_ctx0_grid": {
      "mean": 0.6641472437697088,
      "sd": 0.006035850346800435,
      "delta": 0.04638895792565965,
      "wins": 10,
      "class_f1_mean": [
        0.6882185557074628,
        0.6098644374447696,
        0.7082680518552895,
        0.650237930071313
      ]
    },
    "raw_ctx0_knn": {
      "mean": 0.6646940162021836,
      "sd": 0.007938861501262991,
      "delta": 0.046935730358134566,
      "wins": 10,
      "class_f1_mean": [
        0.6991208133624569,
        0.6172763023928736,
        0.6955448845228394,
        0.6468340645305649
      ]
    },
    "raw_ctx1": {
      "mean": 0.6476552613987681,
      "sd": 0.006035006948301699,
      "delta": 0.029896975554718874,
      "wins": 10,
      "class_f1_mean": [
        0.6648684155354667,
        0.5949327349275069,
        0.6990548865009233,
        0.631765008631175
      ]
    },
    "raw_ctx1_grid": {
      "mean": 0.6658575649795784,
      "sd": 0.005659149275267111,
      "delta": 0.04809927913552929,
      "wins": 10,
      "class_f1_mean": [
        0.6895421002716283,
        0.6148043260401643,
        0.7088761779027519,
        0.6502076557037693
      ]
    },
    "raw_ctx1_knn": {
      "mean": 0.6663275689760269,
      "sd": 0.007327148897860108,
      "delta": 0.0485692831319776,
      "wins": 10,
      "class_f1_mean": [
        0.7009232656809605,
        0.6228637752229905,
        0.6960401918071545,
        0.6454830431930016
      ]
    },
    "pool_ctx0": {
      "mean": 0.6576479955689288,
      "sd": 0.01128051055293473,
      "delta": 0.03988970972487972,
      "wins": 10,
      "class_f1_mean": [
        0.6628605860357937,
        0.5977684412326917,
        0.7128721332870257,
        0.6570908217202043
      ]
    },
    "pool_ctx0_grid": {
      "mean": 0.6771286034873196,
      "sd": 0.012748769557240905,
      "delta": 0.05937031764327046,
      "wins": 10,
      "class_f1_mean": [
        0.6881006712574281,
        0.6188388084605223,
        0.7218945948403396,
        0.6796803393909883
      ]
    },
    "pool_ctx0_knn": {
      "mean": 0.6722816386016601,
      "sd": 0.012028818415588168,
      "delta": 0.05452335275761094,
      "wins": 10,
      "class_f1_mean": [
        0.6991217512893095,
        0.6233573455807633,
        0.7034668085007845,
        0.663180649035783
      ]
    },
    "pool_ctx1": {
      "mean": 0.6601141079474848,
      "sd": 0.011388890170539021,
      "delta": 0.04235582210343579,
      "wins": 10,
      "class_f1_mean": [
        0.6647021076109125,
        0.6037772733952063,
        0.7142915997686651,
        0.6576854510151556
      ]
    },
    "pool_ctx1_grid": {
      "mean": 0.6792585117606583,
      "sd": 0.012769704040373366,
      "delta": 0.06150022591660911,
      "wins": 10,
      "class_f1_mean": [
        0.6899961275707459,
        0.6250819318652976,
        0.7226789770114407,
        0.6792770105951484
      ]
    },
    "pool_ctx1_knn": {
      "mean": 0.6745228698785557,
      "sd": 0.011805663320404216,
      "delta": 0.05676458403450665,
      "wins": 10,
      "class_f1_mean": [
        0.7010467609690154,
        0.6303320898595638,
        0.7041735160683343,
        0.6625391126173096
      ]
    }
  }
}
