{
  "5": {
    "physical0": {
      "mean": 0.607356264730701,
      "sd": 0.017984755480568586,
      "delta": 0.03123702686631219,
      "wins": 9,
      "class_f1_mean": [
        0.6090941613576362,
        0.5665265115151643,
        0.6608004168874191,
        0.5930039691625848
      ]
    },
    "physical0_gaussian": {
      "mean": 0.6259713900752508,
      "sd": 0.017182339842291366,
      "delta": 0.0498521522108619,
      "wins": 9,
      "class_f1_mean": [
        0.634813045024353,
        0.5945691437888269,
        0.669638797246754,
        0.6048645742410695
      ]
    },
    "physical1": {
      "mean": 0.6413970006189922,
      "sd": 0.005863284336579606,
      "delta": 0.06527776275460326,
      "wins": 10,
      "class_f1_mean": [
        0.6805826456454959,
        0.5977429809466741,
        0.6786385436358233,
        0.608623832247975
      ]
    },
    "physical1_gaussian": {
      "mean": 0.6522909974071622,
      "sd": 0.006332063889531855,
      "delta": 0.0761717595427734,
      "wins": 10,
      "class_f1_mean": [
        0.7003692705043452,
        0.6150820377634212,
        0.6811443365150626,
        0.6125683448458205
      ]
    }
  },
  "25": {
    "physical0": {
      "mean": 0.6454996703237195,
      "sd": 0.012266286105864384,
      "delta": 0.03256707474489292,
      "wins": 10,
      "class_f1_mean": [
        0.6649388656800505,
        0.5818056781774267,
        0.704481062923372,
        0.6307730745140285
      ]
    },
    "physical0_gaussian": {
      "mean": 0.6720897700478041,
      "sd": 0.013310389646884064,
      "delta": 0.05915717446897765,
      "wins": 10,
      "class_f1_mean": [
        0.7002936493099485,
        0.615241374932636,
        0.717193434149831,
        0.655630621798801
      ]
    },
    "physical1": {
      "mean": 0.657947196612398,
      "sd": 0.010610439383084112,
      "delta": 0.04501460103357148,
      "wins": 10,
      "class_f1_mean": [
        0.6932573851851996,
        0.6036809700583844,
        0.7070365275397409,
        0.6278139036662671
      ]
    },
    "physical1_gaussian": {
      "mean": 0.6797924989769186,
      "sd": 0.01118531014513883,
      "delta": 0.06685990339809215,
      "wins": 10,
      "class_f1_mean": [
        0.7249143279541894,
        0.6341396968209627,
        0.7168010655353939,
        0.6433149055971283
      ]
    }
  },
  "50": {
    "physical0": {
      "mean": 0.6604558690391211,
      "sd": 0.010610331772815519,
      "delta": 0.037073778196870154,
      "wins": 10,
      "class_f1_mean": [
        0.6986347711224238,
        0.6081417112533268,
        0.6993871951006032,
        0.6356597986801305
      ]
    },
    "physical0_gaussian": {
      "mean": 0.6915395047460431,
      "sd": 0.011374705788387377,
      "delta": 0.06815741390379212,
      "wins": 10,
      "class_f1_mean": [
        0.7367907884449132,
        0.6483879866897105,
        0.7159755072173496,
        0.6650037366321988
      ]
    },
    "physical1": {
      "mean": 0.6670916592758737,
      "sd": 0.009594100653531588,
      "delta": 0.04370956843362274,
      "wins": 10,
      "class_f1_mean": [
        0.7113836504954901,
        0.6209293228681647,
        0.7028213301740489,
        0.6332323335657908
      ]
    },
    "physical1_gaussian": {
      "mean": 0.6947606239276215,
      "sd": 0.009852756507809679,
      "delta": 0.07137853308537065,
      "wins": 10,
      "class_f1_mean": [
        0.7469569694678275,
        0.6580999630711726,
        0.7168149496013776,
        0.6571706135701085
      ]
    }
  },
  "100": {
    "physical0": {
      "mean": 0.6789797709642954,
      "sd": 0.008388783536886591,
      "delta": 0.053265068460595144,
      "wins": 10,
      "class_f1_mean": [
        0.7225096603655145,
        0.6336957464429531,
        0.7096500233922265,
        0.6500636536564881
      ]
    },
    "physical0_gaussian": {
      "mean": 0.712571177599131,
      "sd": 0.0103638392182337,
      "delta": 0.08685647509543071,
      "wins": 10,
      "class_f1_mean": [
        0.7619952660059325,
        0.677187578172479,
        0.7258437004179397,
        0.6852581658001732
      ]
    },
    "physical1": {
      "mean": 0.6813779888007253,
      "sd": 0.008345003040715292,
      "delta": 0.05566328629702495,
      "wins": 10,
      "class_f1_mean": [
        0.7272165450398129,
        0.639150852797885,
        0.7110331198006079,
        0.6481114375645953
      ]
    },
    "physical1_gaussian": {
      "mean": 0.7129428049067185,
      "sd": 0.010030805739804265,
      "delta": 0.08722810240301815,
      "wins": 10,
      "class_f1_mean": [
        0.7654885006119952,
        0.6811676044458526,
        0.7263296766246572,
        0.6787854379443689
      ]
    }
  },
  "200": {
    "physical0": {
      "mean": 0.6920481704300071,
      "sd": 0.007030310263659765,
      "delta": 0.06748442508738721,
      "wins": 10,
      "class_f1_mean": [
        0.737121063031831,
        0.6603908079705858,
        0.7181452763659272,
        0.6525355343516844
      ]
    },
    "physical0_gaussian": {
      "mean": 0.7284591630727348,
      "sd": 0.007745891935503019,
      "delta": 0.10389541773011494,
      "wins": 10,
      "class_f1_mean": [
        0.7788424848051549,
        0.7069059001898006,
        0.7372209179361036,
        0.6908673493598806
      ]
    },
    "physical1": {
      "mean": 0.6929968873327743,
      "sd": 0.006740089331538061,
      "delta": 0.06843314199015446,
      "wins": 10,
      "class_f1_mean": [
        0.7393754950755321,
        0.6625823191338516,
        0.7187921468094209,
        0.6512375883122928
      ]
    },
    "physical1_gaussian": {
      "mean": 0.7286065463430258,
      "sd": 0.007612368393232764,
      "delta": 0.10404280100040583,
      "wins": 10,
      "class_f1_mean": [
        0.7804953099601762,
        0.7084455835885968,
        0.7376622386188435,
        0.6878230532044863
      ]
    }
  }
}
