spatial 0 5 LR 0.561
spatial 0 25 LR done
spatial 0 50 LR done
spatial 0 100 LR done
spatial 0 200 LR done
spatial 1 5 LR done
spatial 1 25 LR done
spatial 1 50 LR done
spatial 1 100 LR done
spatial 1 200 LR done
spatial 2 5 LR done
spatial 2 25 LR done
spatial 2 50 LR done
spatial 2 100 LR done
spatial 2 200 LR done
spatial 3 5 LR done
spatial 3 25 LR done
spatial 3 50 LR done
spatial 3 100 LR done
spatial 3 200 LR done
spatial 4 5 LR done
spatial 4 25 LR done
spatial 4 50 LR done
spatial 4 100 LR done
spatial 4 200 LR done
spatial 5 5 LR done
spatial 5 25 LR done
spatial 5 50 LR done
spatial 5 100 LR done
spatial 5 200 LR done
spatial 6 5 LR done
spatial 6 25 LR done
spatial 6 50 LR done
spatial 6 100 LR done
spatial 6 200 LR done
spatial 7 5 LR done
spatial 7 25 LR done
spatial 7 50 LR done
spatial 7 100 LR done
spatial 7 200 LR done
spatial 8 5 LR done
spatial 8 25 LR done
spatial 8 50 LR done
spatial 8 100 LR done
spatial 8 200 LR done
spatial 9 5 LR done
spatial 9 25 LR done
spatial 9 50 LR done
spatial 9 100 LR done
spatial 9 200 LR done
{
  "5": {
    "EXP010": {
      "mean": 0.5333871278784705,
      "sd": 0.04207969393477694,
      "delta": 0.0,
      "wins": 0,
      "class_f1_mean": [
        0.6388141895547558,
        0.39173183984539345,
        0.5410111124409538,
        0.5619913696727789
      ]
    },
    "EXPF": {
      "mean": 0.5076183339341279,
      "sd": 0.051280538558890684,
      "delta": -0.025768793944342526,
      "wins": 3,
      "class_f1_mean": [
        0.5668663605557087,
        0.45629105225362776,
        0.4976883512842111,
        0.5096275716429642
      ]
    },
    "H_k": {
      "mean": 0.5031364131281252,
      "sd": 0.04068975706931944,
      "delta": -0.030250714750345388,
      "wins": 2,
      "class_f1_mean": [
        0.579139614497981,
        0.44023087079857975,
        0.5003742751447261,
        0.4928008920712136
      ]
    },
    "H_mean": {
      "mean": 0.5503379010362638,
      "sd": 0.036736145507636736,
      "delta": 0.01695077315779328,
      "wins": 7,
      "class_f1_mean": [
        0.6141138516771727,
        0.4965701360812715,
        0.5444847548762202,
        0.5461828615103907
      ]
    },
    "H_4k": {
      "mean": 0.49322222749388944,
      "sd": 0.05022187642285773,
      "delta": -0.040164900384580995,
      "wins": 1,
      "class_f1_mean": [
        0.5818798774508693,
        0.41605534000883343,
        0.49546054330565903,
        0.4794931492101961
      ]
    },
    "H_half": {
      "mean": 0.5052196897960988,
      "sd": 0.039477944506460035,
      "delta": -0.02816743808237172,
      "wins": 2,
      "class_f1_mean": [
        0.5781201658925721,
        0.44590821768212613,
        0.5004713236996745,
        0.49637905191002246
      ]
    },
    "pool_metric": {
      "mean": 0.4644519537494462,
      "sd": 0.062126648104244495,
      "delta": -0.06893517412902424,
      "wins": 1,
      "class_f1_mean": [
        0.5591349237221263,
        0.36420784940562917,
        0.5003915172103562,
        0.43407352465967336
      ]
    },
    "pool_F": {
      "mean": 0.4803912620810893,
      "sd": 0.05003462507145545,
      "delta": -0.05299586579738123,
      "wins": 2,
      "class_f1_mean": [
        0.5403990863661425,
        0.44167930678657896,
        0.47645979418165557,
        0.4630268609899799
      ]
    },
    "pool_H": {
      "mean": 0.4823113132367471,
      "sd": 0.031930464952303415,
      "delta": -0.051075814641723435,
      "wins": 1,
      "class_f1_mean": [
        0.5515698362898529,
        0.44065345250284,
        0.482826408653586,
        0.4541955555007089
      ]
    },
    "LR60": {
      "mean": 0.5182041074647594,
      "sd": 0.0478386029605242,
      "delta": -0.015183020413711047,
      "wins": 3,
      "class_f1_mean": [
        0.5798409299835945,
        0.4801527109713855,
        0.5334245844280364,
        0.47939820447602133
      ]
    },
    "LR60_smooth": {
      "mean": 0.53061595874851,
      "sd": 0.05351477222765947,
      "delta": -0.0027711691299605323,
      "wins": 4,
      "class_f1_mean": [
        0.6090201757026901,
        0.49844619761427855,
        0.5377391680017499,
        0.47725829367532135
      ]
    },
    "RF60": {
      "mean": 0.5027366350704255,
      "sd": 0.04207575909143649,
      "delta": -0.030650492808044928,
      "wins": 3,
      "class_f1_mean": [
        0.5917979049030487,
        0.4339311960279989,
        0.5187165605612398,
        0.46650087878941504
      ]
    },
    "RF60_smooth": {
      "mean": 0.5106777293645668,
      "sd": 0.0508718315476689,
      "delta": -0.022709398513903738,
      "wins": 3,
      "class_f1_mean": [
        0.6137342135962505,
        0.4386382695826761,
        0.5204333942486569,
        0.46990504003068373
      ]
    },
    "pool_RF60": {
      "mean": 0.46141732877889263,
      "sd": 0.03041719962586465,
      "delta": -0.0719697990995779,
      "wins": 1,
      "class_f1_mean": [
        0.5254377818691118,
        0.4373787392528922,
        0.497964569375503,
        0.38488822461806327
      ]
    },
    "pool_RF60_smooth": {
      "mean": 0.485405825882515,
      "sd": 0.037943076653089935,
      "delta": -0.04798130199595545,
      "wins": 2,
      "class_f1_mean": [
        0.5705842199378086,
        0.45934279345348844,
        0.5214450417204114,
        0.39025124841835174
      ]
    },
    "blend_0.00": {
      "mean": 0.5027366350704255,
      "sd": 0.04207575909143649,
      "delta": -0.030650492808044928,
      "wins": 3,
      "class_f1_mean": [
        0.5917979049030487,
        0.4339311960279989,
        0.5187165605612398,
        0.46650087878941504
      ]
    },
    "pool_blend_0.00": {
      "mean": 0.46141732877889263,
      "sd": 0.03041719962586465,
      "delta": -0.0719697990995779,
      "wins": 1,
      "class_f1_mean": [
        0.5254377818691118,
        0.4373787392528922,
        0.497964569375503,
        0.38488822461806327
      ]
    },
    "blend_0.25": {
      "mean": 0.5538105766808947,
      "sd": 0.03659895411451057,
      "delta": 0.0204234488024242,
      "wins": 5,
      "class_f1_mean": [
        0.6021045747160676,
        0.47636703850473056,
        0.5937422422311848,
        0.5430284512715959
      ]
    },
    "pool_blend_0.25": {
      "mean": 0.5541250538582838,
      "sd": 0.02715304595150033,
      "delta": 0.02073792597981336,
      "wins": 6,
      "class_f1_mean": [
        0.5570105777313128,
        0.4965711261950342,
        0.5936795403548785,
        0.5692389711519099
      ]
    },
    "blend_0.50": {
      "mean": 0.5875975400254712,
      "sd": 0.02951509520687369,
      "delta": 0.05421041214700071,
      "wins": 9,
      "class_f1_mean": [
        0.6032952044035191,
        0.5240067396563355,
        0.6341232110198796,
        0.5889650050221504
      ]
    },
    "pool_blend_0.50": {
      "mean": 0.5886704055549415,
      "sd": 0.02387159678983513,
      "delta": 0.05528327767647114,
      "wins": 8,
      "class_f1_mean": [
        0.5658302874623284,
        0.5538454939121593,
        0.627290437562231,
        0.6077154032830479
      ]
    },
    "blend_0.75": {
      "mean": 0.5792480147857342,
      "sd": 0.015858594504958745,
      "delta": 0.045860886907263726,
      "wins": 8,
      "class_f1_mean": [
        0.558938902184551,
        0.5560915186391122,
        0.6148700923977912,
        0.5870915459214824
      ]
    },
    "pool_blend_0.75": {
      "mean": 0.5660140033144733,
      "sd": 0.010044397404552227,
      "delta": 0.03262687543600273,
      "wins": 6,
      "class_f1_mean": [
        0.5121759688237147,
        0.5564510234059834,
        0.6048422525729583,
        0.5905867684552364
      ]
    },
    "blend_1.00": {
      "mean": 0.5306716572431732,
      "sd": 0.002425236235375716,
      "delta": -0.0027154706352972733,
      "wins": 6,
      "class_f1_mean": [
        0.45111087305375863,
        0.5233711420983951,
        0.5732662433910395,
        0.5749383704294997
      ]
    },
    "pool_blend_1.00": {
      "mean": 0.5306716572431732,
      "sd": 0.002425236235375716,
      "delta": -0.0027154706352972733,
      "wins": 6,
      "class_f1_mean": [
        0.45111087305375863,
        0.5233711420983951,
        0.5732662433910395,
        0.5749383704294997
      ]
    }
  },
  "25": {
    "EXP010": {
      "mean": 0.584137954431083,
      "sd": 0.05033100559327009,
      "delta": 0.0,
      "wins": 0,
      "class_f1_mean": [
        0.5970690893721823,
        0.5164887126905853,
        0.6324672280904126,
        0.5905267875711518
      ]
    },
    "EXPF": {
      "mean": 0.6136387326114808,
      "sd": 0.02408950411649714,
      "delta": 0.02950077818039789,
      "wins": 8,
      "class_f1_mean": [
        0.630375456585776,
        0.5469284333900704,
        0.6662833578986569,
        0.6109676825714203
      ]
    },
    "H_k": {
      "mean": 0.6100111741995607,
      "sd": 0.032759641813477944,
      "delta": 0.025873219768477663,
      "wins": 9,
      "class_f1_mean": [
        0.6147577656638508,
        0.5552223035222392,
        0.6633236085488777,
        0.606741019063275
      ]
    },
    "H_mean": {
      "mean": 0.6199723592981891,
      "sd": 0.028155344603575275,
      "delta": 0.035834404867106005,
      "wins": 10,
      "class_f1_mean": [
        0.6316920803132812,
        0.5665536643122827,
        0.6687981290395302,
        0.6128455635276618
      ]
    },
    "H_4k": {
      "mean": 0.5996840216754056,
      "sd": 0.03849693664430347,
      "delta": 0.015546067244322514,
      "wins": 6,
      "class_f1_mean": [
        0.5961451142364338,
        0.5564715938284811,
        0.6500351361994986,
        0.5960842424372086
      ]
    },
    "H_half": {
      "mean": 0.6046145031551877,
      "sd": 0.03640134976805781,
      "delta": 0.020476548724104725,
      "wins": 8,
      "class_f1_mean": [
        0.6041771349050498,
        0.556690087942617,
        0.6569246451770318,
        0.6006661445960524
      ]
    },
    "pool_metric": {
      "mean": 0.5823661003550219,
      "sd": 0.04017350910238248,
      "delta": -0.0017718540760609635,
      "wins": 5,
      "class_f1_mean": [
        0.5896023563180286,
        0.5172632723012133,
        0.6531449195727741,
        0.5694538532280724
      ]
    },
    "pool_F": {
      "mean": 0.6037629243077905,
      "sd": 0.0253736768301679,
      "delta": 0.01962496987670751,
      "wins": 7,
      "class_f1_mean": [
        0.6205258912445815,
        0.5351509351814215,
        0.6518624646886726,
        0.6075124061164866
      ]
    },
    "pool_H": {
      "mean": 0.600664084068843,
      "sd": 0.03321121466471348,
      "delta": 0.016526129637760022,
      "wins": 5,
      "class_f1_mean": [
        0.6102973654098958,
        0.5450113111229451,
        0.6497241905158151,
        0.5976234692267164
      ]
    },
    "LR60": {
      "mean": 0.5831085979587382,
      "sd": 0.024912204700948723,
      "delta": -0.0010293564723448667,
      "wins": 3,
      "class_f1_mean": [
        0.6352117183387073,
        0.4931426000521868,
        0.6336052496653186,
        0.5704748237787396
      ]
    },
    "LR60_smooth": {
      "mean": 0.5945813266456833,
      "sd": 0.0292621036491732,
      "delta": 0.01044337221460021,
      "wins": 7,
      "class_f1_mean": [
        0.6711796255083204,
        0.49910342283487585,
        0.635435253824089,
        0.5726070044154478
      ]
    },
    "RF60": {
      "mean": 0.6196644216165721,
      "sd": 0.021766249586633597,
      "delta": 0.03552646718548904,
      "wins": 8,
      "class_f1_mean": [
        0.6452349027681428,
        0.5416901431644824,
        0.681434299140663,
        0.6102983413930004
      ]
    },
    "RF60_smooth": {
      "mean": 0.6342835176310814,
      "sd": 0.028034806534914015,
      "delta": 0.050145563199998286,
      "wins": 9,
      "class_f1_mean": [
        0.6772732002390225,
        0.5603874232598816,
        0.6790231386613513,
        0.6204503083640703
      ]
    },
    "pool_RF60": {
      "mean": 0.6067307977504388,
      "sd": 0.023458113344129037,
      "delta": 0.022592843319355783,
      "wins": 7,
      "class_f1_mean": [
        0.6260335516715771,
        0.5253495776512442,
        0.6699784145450611,
        0.6055616471338726
      ]
    },
    "pool_RF60_smooth": {
      "mean": 0.6309061455116357,
      "sd": 0.03109459974747535,
      "delta": 0.046768191080552746,
      "wins": 8,
      "class_f1_mean": [
        0.667015640628071,
        0.5553398984633101,
        0.6786968089211094,
        0.6225722340340524
      ]
    },
    "blend_0.00": {
      "mean": 0.6196644216165721,
      "sd": 0.021766249586633597,
      "delta": 0.03552646718548904,
      "wins": 8,
      "class_f1_mean": [
        0.6452349027681428,
        0.5416901431644824,
        0.681434299140663,
        0.6102983413930004
      ]
    },
    "pool_blend_0.00": {
      "mean": 0.6067307977504388,
      "sd": 0.023458113344129037,
      "delta": 0.022592843319355783,
      "wins": 7,
      "class_f1_mean": [
        0.6260335516715771,
        0.5253495776512442,
        0.6699784145450611,
        0.6055616471338726
      ]
    },
    "blend_0.25": {
      "mean": 0.6323606372877368,
      "sd": 0.019956417652173056,
      "delta": 0.04822268285665373,
      "wins": 10,
      "class_f1_mean": [
        0.6455548642602692,
        0.5705122181829947,
        0.6898266217620083,
        0.6235488449456746
      ]
    },
    "pool_blend_0.25": {
      "mean": 0.6306067936856559,
      "sd": 0.019223262559464636,
      "delta": 0.04646883925457296,
      "wins": 9,
      "class_f1_mean": [
        0.6279254774776175,
        0.5631309576988164,
        0.6896688666080912,
        0.6417018729580988
      ]
    },
    "blend_0.50": {
      "mean": 0.6364416577563918,
      "sd": 0.01673637235830171,
      "delta": 0.0523037033253088,
      "wins": 10,
      "class_f1_mean": [
        0.6314960437983281,
        0.597032276425754,
        0.693683152412663,
        0.623555158388822
      ]
    },
    "pool_blend_0.50": {
      "mean": 0.6307451651153697,
      "sd": 0.015861838583158486,
      "delta": 0.04660721068428662,
      "wins": 9,
      "class_f1_mean": [
        0.6048376769600945,
        0.5902538657362709,
        0.6912079951814343,
        0.6366811225836786
      ]
    },
    "blend_0.75": {
      "mean": 0.608821727168887,
      "sd": 0.013303637169988667,
      "delta": 0.024683772737803998,
      "wins": 6,
      "class_f1_mean": [
        0.5766592042390123,
        0.5882098532728556,
        0.6640748263933272,
        0.6063430247703532
      ]
    },
    "pool_blend_0.75": {
      "mean": 0.5941396005757017,
      "sd": 0.012017650311985957,
      "delta": 0.010001646144618759,
      "wins": 6,
      "class_f1_mean": [
        0.5427497388330448,
        0.5748987358122699,
        0.6502107738430268,
        0.6086991538144659
      ]
    },
    "blend_1.00": {
      "mean": 0.5306716572431732,
      "sd": 0.002425236235375716,
      "delta": -0.053466297187909795,
      "wins": 1,
      "class_f1_mean": [
        0.45111087305375863,
        0.5233711420983951,
        0.5732662433910395,
        0.5749383704294997
      ]
    },
    "pool_blend_1.00": {
      "mean": 0.5306716572431732,
      "sd": 0.002425236235375716,
      "delta": -0.053466297187909795,
      "wins": 1,
      "class_f1_mean": [
        0.45111087305375863,
        0.5233711420983951,
        0.5732662433910395,
        0.5749383704294997
      ]
    }
  },
  "50": {
    "EXP010": {
      "mean": 0.6142436619958971,
      "sd": 0.019323516385284567,
      "delta": 0.0,
      "wins": 0,
      "class_f1_mean": [
        0.656815046035371,
        0.5583604813439562,
        0.6466391534067394,
        0.595159967197521
      ]
    },
    "EXPF": {
      "mean": 0.6296339838647277,
      "sd": 0.013782739641380473,
      "delta": 0.015390321868830681,
      "wins": 8,
      "class_f1_mean": [
        0.6495373786551596,
        0.5658375530773958,
        0.6762477162908374,
        0.6269132874355179
      ]
    },
    "H_k": {
      "mean": 0.6316680291543412,
      "sd": 0.015040730279629808,
      "delta": 0.01742436715844422,
      "wins": 9,
      "class_f1_mean": [
        0.6500371487631071,
        0.575288961467,
        0.6772155024725055,
        0.624130503914752
      ]
    },
    "H_mean": {
      "mean": 0.63529062552149,
      "sd": 0.015971192990961114,
      "delta": 0.021046963525593022,
      "wins": 10,
      "class_f1_mean": [
        0.6550973451144626,
        0.5797113272656715,
        0.6798925090230273,
        0.6264613206827984
      ]
    },
    "H_4k": {
      "mean": 0.6290720903436792,
      "sd": 0.016429792326915982,
      "delta": 0.014828428347782108,
      "wins": 9,
      "class_f1_mean": [
        0.6477392604232636,
        0.5831884347930733,
        0.6694469400410664,
        0.615913726117313
      ]
    },
    "H_half": {
      "mean": 0.6285368395360604,
      "sd": 0.01645588246233925,
      "delta": 0.014293177540163382,
      "wins": 9,
      "class_f1_mean": [
        0.6471680489529599,
        0.5836012830330708,
        0.6684130982426779,
        0.6149649279155324
      ]
    },
    "pool_metric": {
      "mean": 0.6161029339789245,
      "sd": 0.021109017849111872,
      "delta": 0.0018592719830274884,
      "wins": 6,
      "class_f1_mean": [
        0.6309435931047573,
        0.5634743194451322,
        0.6690786252793287,
        0.60091519808648
      ]
    },
    "pool_F": {
      "mean": 0.6226145131197198,
      "sd": 0.01679728597643772,
      "delta": 0.008370851123822886,
      "wins": 7,
      "class_f1_mean": [
        0.6425623381685307,
        0.5605014835337013,
        0.665496361903821,
        0.6218978688728264
      ]
    },
    "pool_H": {
      "mean": 0.6249903373473211,
      "sd": 0.016564261614575478,
      "delta": 0.010746675351424184,
      "wins": 7,
      "class_f1_mean": [
        0.644664600060872,
        0.570561138361356,
        0.665685830578269,
        0.6190497803887876
      ]
    },
    "LR60": {
      "mean": 0.608056988173002,
      "sd": 0.020928182096617388,
      "delta": -0.006186673822894872,
      "wins": 6,
      "class_f1_mean": [
        0.6621503726288149,
        0.5150081553200638,
        0.648545461767523,
        0.6065239629756067
      ]
    },
    "LR60_smooth": {
      "mean": 0.6178432741571077,
      "sd": 0.02628801967112325,
      "delta": 0.0035996121612107412,
      "wins": 5,
      "class_f1_mean": [
        0.692326394769067,
        0.5251738435777409,
        0.6491332853605071,
        0.6047395729211157
      ]
    },
    "RF60": {
      "mean": 0.6289051980428513,
      "sd": 0.024344565355341637,
      "delta": 0.014661536046954315,
      "wins": 7,
      "class_f1_mean": [
        0.6611520232612533,
        0.5465381617363916,
        0.6825193040569582,
        0.6254113031168023
      ]
    },
    "RF60_smooth": {
      "mean": 0.6428656295839217,
      "sd": 0.034811993258177645,
      "delta": 0.028621967588024756,
      "wins": 9,
      "class_f1_mean": [
        0.6909938910739644,
        0.5629440994275093,
        0.6804802016933034,
        0.6370443261409099
      ]
    },
    "pool_RF60": {
      "mean": 0.629900675224772,
      "sd": 0.01847277209043515,
      "delta": 0.01565701322887514,
      "wins": 8,
      "class_f1_mean": [
        0.6525175057159887,
        0.5461978203292337,
        0.687777266903405,
        0.633110107950461
      ]
    },
    "pool_RF60_smooth": {
      "mean": 0.6514968241604852,
      "sd": 0.025761543694025564,
      "delta": 0.03725316216458817,
      "wins": 10,
      "class_f1_mean": [
        0.6901371586533582,
        0.5752072334227412,
        0.6900034427487872,
        0.6506394618170538
      ]
    },
    "blend_0.00": {
      "mean": 0.6289051980428513,
      "sd": 0.024344565355341637,
      "delta": 0.014661536046954315,
      "wins": 7,
      "class_f1_mean": [
        0.6611520232612533,
        0.5465381617363916,
        0.6825193040569582,
        0.6254113031168023
      ]
    },
    "pool_blend_0.00": {
      "mean": 0.629900675224772,
      "sd": 0.01847277209043515,
      "delta": 0.01565701322887514,
      "wins": 8,
      "class_f1_mean": [
        0.6525175057159887,
        0.5461978203292337,
        0.687777266903405,
        0.633110107950461
      ]
    },
    "blend_0.25": {
      "mean": 0.6396566979005047,
      "sd": 0.020751412175281838,
      "delta": 0.025413035904607917,
      "wins": 8,
      "class_f1_mean": [
        0.6608553991715682,
        0.5725556930387732,
        0.6898528477368909,
        0.6353628516547871
      ]
    },
    "pool_blend_0.25": {
      "mean": 0.6453285491621719,
      "sd": 0.014130179059000136,
      "delta": 0.031084887166274822,
      "wins": 10,
      "class_f1_mean": [
        0.6512421171157642,
        0.5786477444914617,
        0.6998410286022836,
        0.6515833064391778
      ]
    },
    "blend_0.50": {
      "mean": 0.643003854195762,
      "sd": 0.01564885924793849,
      "delta": 0.02876019219986501,
      "wins": 9,
      "class_f1_mean": [
        0.648916364278824,
        0.5982699963102667,
        0.6932445592495802,
        0.6315844969443771
      ]
    },
    "pool_blend_0.50": {
      "mean": 0.6434942472359884,
      "sd": 0.010616320190563917,
      "delta": 0.029250585240091352,
      "wins": 9,
      "class_f1_mean": [
        0.6319803568577413,
        0.6021601921449322,
        0.6970255363564831,
        0.6428109035847966
      ]
    },
    "blend_0.75": {
      "mean": 0.6157129253848433,
      "sd": 0.008950187889422994,
      "delta": 0.0014692633889463625,
      "wins": 4,
      "class_f1_mean": [
        0.5933747461362937,
        0.5918565726432558,
        0.6669798917116231,
        0.6106404910482005
      ]
    },
    "pool_blend_0.75": {
      "mean": 0.606435066942438,
      "sd": 0.006604597501997192,
      "delta": -0.007808595053459033,
      "wins": 4,
      "class_f1_mean": [
        0.5653776821917936,
        0.5860012245446342,
        0.6600160399817553,
        0.6143453210515688
      ]
    },
    "blend_1.00": {
      "mean": 0.5306716572431732,
      "sd": 0.002425236235375716,
      "delta": -0.08357200475272374,
      "wins": 0,
      "class_f1_mean": [
        0.45111087305375863,
        0.5233711420983951,
        0.5732662433910395,
        0.5749383704294997
      ]
    },
    "pool_blend_1.00": {
      "mean": 0.5306716572431732,
      "sd": 0.002425236235375716,
      "delta": -0.08357200475272374,
      "wins": 0,
      "class_f1_mean": [
        0.45111087305375863,
        0.5233711420983951,
        0.5732662433910395,
        0.5749383704294997
      ]
    }
  },
  "100": {
    "EXP010": {
      "mean": 0.6168095280861808,
      "sd": 0.019544420070979188,
      "delta": 0.0,
      "wins": 0,
      "class_f1_mean": [
        0.6528685669135039,
        0.5650571293305355,
        0.6464001689842978,
        0.6029122471163862
      ]
    },
    "EXPF": {
      "mean": 0.6358704956117165,
      "sd": 0.013663952328452127,
      "delta": 0.01906096752553581,
      "wins": 9,
      "class_f1_mean": [
        0.6468893725646634,
        0.5748221684044468,
        0.6874007729556214,
        0.6343696685221352
      ]
    },
    "H_k": {
      "mean": 0.6365340135181065,
      "sd": 0.013913239392270673,
      "delta": 0.01972448543192553,
      "wins": 9,
      "class_f1_mean": [
        0.6472997846691299,
        0.5799022491106998,
        0.6869407892614161,
        0.6319932310311799
      ]
    },
    "H_mean": {
      "mean": 0.6388862946306123,
      "sd": 0.01503489835962877,
      "delta": 0.02207676654443157,
      "wins": 10,
      "class_f1_mean": [
        0.6499297013418189,
        0.5830668797484432,
        0.6882438601628527,
        0.6343047372693349
      ]
    },
    "H_4k": {
      "mean": 0.635118880466204,
      "sd": 0.01357333778324962,
      "delta": 0.018309352380023135,
      "wins": 9,
      "class_f1_mean": [
        0.6459394116890976,
        0.584869371726789,
        0.6821913577983842,
        0.6274753806505454
      ]
    },
    "H_half": {
      "mean": 0.6314121948321304,
      "sd": 0.013280510338554565,
      "delta": 0.0146026667459496,
      "wins": 9,
      "class_f1_mean": [
        0.6436077056538121,
        0.5857871025938333,
        0.6745091943067025,
        0.6217447767741737
      ]
    },
    "pool_metric": {
      "mean": 0.627517300441311,
      "sd": 0.018060796357544488,
      "delta": 0.01070777235513024,
      "wins": 9,
      "class_f1_mean": [
        0.6416018117620348,
        0.5716683500786515,
        0.6800594898295562,
        0.6167395500950018
      ]
    },
    "pool_F": {
      "mean": 0.6344693235727996,
      "sd": 0.012286926997468398,
      "delta": 0.017659795486618758,
      "wins": 9,
      "class_f1_mean": [
        0.6409089966513131,
        0.5693180563673055,
        0.6860999180081448,
        0.6415503232644352
      ]
    },
    "pool_H": {
      "mean": 0.6359664272398025,
      "sd": 0.013306022674906444,
      "delta": 0.019156899153621565,
      "wins": 9,
      "class_f1_mean": [
        0.6426165637878805,
        0.574414505629076,
        0.6864667318389831,
        0.6403679077032702
      ]
    },
    "LR60": {
      "mean": 0.6320059400652012,
      "sd": 0.016798393078382833,
      "delta": 0.015196411979020275,
      "wins": 7,
      "class_f1_mean": [
        0.6618083423742563,
        0.5553421586662969,
        0.6831549992068481,
        0.6277182600134031
      ]
    },
    "LR60_smooth": {
      "mean": 0.6406541263773059,
      "sd": 0.021077149833809063,
      "delta": 0.023844598291124952,
      "wins": 9,
      "class_f1_mean": [
        0.69143291320889,
        0.569873614581912,
        0.6766814875873004,
        0.6246284901311209
      ]
    },
    "RF60": {
      "mean": 0.6409720476212734,
      "sd": 0.01649556370177127,
      "delta": 0.024162519535092408,
      "wins": 9,
      "class_f1_mean": [
        0.6656611854688954,
        0.5750522888640692,
        0.6940877117781694,
        0.6290870043739589
      ]
    },
    "RF60_smooth": {
      "mean": 0.6587092851448922,
      "sd": 0.023710170043301268,
      "delta": 0.041899757058711275,
      "wins": 10,
      "class_f1_mean": [
        0.6978416239520665,
        0.6003199941939609,
        0.6912339723962995,
        0.6454415500372417
      ]
    },
    "pool_RF60": {
      "mean": 0.6449540860364429,
      "sd": 0.01750440969783543,
      "delta": 0.028144557950261984,
      "wins": 9,
      "class_f1_mean": [
        0.6617163615724626,
        0.5690040550203647,
        0.7057394981312006,
        0.6433564294217435
      ]
    },
    "pool_RF60_smooth": {
      "mean": 0.6633026311659802,
      "sd": 0.02122973698272808,
      "delta": 0.04649310307979933,
      "wins": 10,
      "class_f1_mean": [
        0.6988699421863263,
        0.5992093844954545,
        0.6998951269106395,
        0.6552360710715003
      ]
    },
    "blend_0.00": {
      "mean": 0.6409720476212734,
      "sd": 0.01649556370177127,
      "delta": 0.024162519535092408,
      "wins": 9,
      "class_f1_mean": [
        0.6656611854688954,
        0.5750522888640692,
        0.6940877117781694,
        0.6290870043739589
      ]
    },
    "pool_blend_0.00": {
      "mean": 0.6449540860364429,
      "sd": 0.01750440969783543,
      "delta": 0.028144557950261984,
      "wins": 9,
      "class_f1_mean": [
        0.6617163615724626,
        0.5690040550203647,
        0.7057394981312006,
        0.6433564294217435
      ]
    },
    "blend_0.25": {
      "mean": 0.6481791175208476,
      "sd": 0.013994710484836073,
      "delta": 0.03136958943466672,
      "wins": 10,
      "class_f1_mean": [
        0.6631731434959671,
        0.5949739963235053,
        0.699157971276068,
        0.6354113589878501
      ]
    },
    "pool_blend_0.25": {
      "mean": 0.6554979557859483,
      "sd": 0.012046746564473047,
      "delta": 0.038688427699767304,
      "wins": 10,
      "class_f1_mean": [
        0.659819826689576,
        0.5956845636784475,
        0.7123158101088026,
        0.6541716226669664
      ]
    },
    "blend_0.50": {
      "mean": 0.6479306855302898,
      "sd": 0.011125576150698152,
      "delta": 0.031121157444109027,
      "wins": 10,
      "class_f1_mean": [
        0.649785695643337,
        0.611833372685757,
        0.6986540817347223,
        0.6314495920573433
      ]
    },
    "pool_blend_0.50": {
      "mean": 0.6507899143490431,
      "sd": 0.006542655114376378,
      "delta": 0.03398038626286233,
      "wins": 10,
      "class_f1_mean": [
        0.6390057209653921,
        0.6127680982249585,
        0.7063262116041029,
        0.6450596266017191
      ]
    },
    "blend_0.75": {
      "mean": 0.618631830751116,
      "sd": 0.007441105538930579,
      "delta": 0.0018223026649352159,
      "wins": 5,
      "class_f1_mean": [
        0.5943647863687576,
        0.59863402691515,
        0.6710816396204895,
        0.6104468701000672
      ]
    },
    "pool_blend_0.75": {
      "mean": 0.6122321122183256,
      "sd": 0.005590417361199058,
      "delta": -0.004577415867855284,
      "wins": 5,
      "class_f1_mean": [
        0.573489603466292,
        0.5932379961253247,
        0.6659717616937211,
        0.6162290875879644
      ]
    },
    "blend_1.00": {
      "mean": 0.5306716572431732,
      "sd": 0.002425236235375716,
      "delta": -0.08613787084300764,
      "wins": 0,
      "class_f1_mean": [
        0.45111087305375863,
        0.5233711420983951,
        0.5732662433910395,
        0.5749383704294997
      ]
    },
    "pool_blend_1.00": {
      "mean": 0.5306716572431732,
      "sd": 0.002425236235375716,
      "delta": -0.08613787084300764,
      "wins": 0,
      "class_f1_mean": [
        0.45111087305375863,
        0.5233711420983951,
        0.5732662433910395,
        0.5749383704294997
      ]
    }
  },
  "200": {
    "EXP010": {
      "mean": 0.6177582858440491,
      "sd": 0.019581005351072385,
      "delta": 0.0,
      "wins": 0,
      "class_f1_mean": [
        0.6471851708968392,
        0.5715258040331598,
        0.6493137196069121,
        0.6030084488392854
      ]
    },
    "EXPF": {
      "mean": 0.6369698565904278,
      "sd": 0.01374693640137042,
      "delta": 0.019211570746378727,
      "wins": 10,
      "class_f1_mean": [
        0.6414211551438573,
        0.5772696375092626,
        0.6926771425738634,
        0.6365114911347283
      ]
    },
    "H_k": {
      "mean": 0.6377687627882082,
      "sd": 0.01399686969545535,
      "delta": 0.020010476944159118,
      "wins": 10,
      "class_f1_mean": [
        0.6419551025132708,
        0.5806239984278971,
        0.6930750519559504,
        0.6354208982557146
      ]
    },
    "H_mean": {
      "mean": 0.6386339768085783,
      "sd": 0.014745851902630093,
      "delta": 0.02087569096452907,
      "wins": 10,
      "class_f1_mean": [
        0.6430380096670891,
        0.5817803454998252,
        0.6935656824135291,
        0.6361518696538693
      ]
    },
    "H_4k": {
      "mean": 0.6386659230414189,
      "sd": 0.013860910678199934,
      "delta": 0.020907637197369745,
      "wins": 10,
      "class_f1_mean": [
        0.6434367160470376,
        0.5870460577006761,
        0.691725131887593,
        0.6324557865303688
      ]
    },
    "H_half": {
      "mean": 0.6346601848147748,
      "sd": 0.01210455484851263,
      "delta": 0.01690189897072575,
      "wins": 10,
      "class_f1_mean": [
        0.6404905282017197,
        0.5909498193575178,
        0.6827028782131557,
        0.6244975134867062
      ]
    },
    "pool_metric": {
      "mean": 0.6292067893757244,
      "sd": 0.018583622339603856,
      "delta": 0.011448503531675203,
      "wins": 10,
      "class_f1_mean": [
        0.6319407471618314,
        0.574789309685234,
        0.6876468051753049,
        0.6224502954805271
      ]
    },
    "pool_F": {
      "mean": 0.6375806050327552,
      "sd": 0.015894409199787705,
      "delta": 0.019822319188706073,
      "wins": 10,
      "class_f1_mean": [
        0.6355420952625213,
        0.5714356969812406,
        0.6953085411565871,
        0.6480360867306718
      ]
    },
    "pool_H": {
      "mean": 0.6383578718241748,
      "sd": 0.015653904457180897,
      "delta": 0.020599585980125658,
      "wins": 10,
      "class_f1_mean": [
        0.6358818473728564,
        0.5746013962911467,
        0.6945365007582497,
        0.6484117428744461
      ]
    },
    "LR60": {
      "mean": 0.6490532263895253,
      "sd": 0.013929047744894809,
      "delta": 0.03129494054547616,
      "wins": 10,
      "class_f1_mean": [
        0.6647255123043918,
        0.5798177879892179,
        0.7032526476716037,
        0.6484169575928879
      ]
    },
    "LR60_smooth": {
      "mean": 0.6497746646044884,
      "sd": 0.017853013780846208,
      "delta": 0.032016378760439446,
      "wins": 10,
      "class_f1_mean": [
        0.6865863810426385,
        0.5876975709619534,
        0.6902752797986529,
        0.6345394266147093
      ]
    },
    "RF60": {
      "mean": 0.6454047149662347,
      "sd": 0.0061737072149865985,
      "delta": 0.027646429122185658,
      "wins": 8,
      "class_f1_mean": [
        0.6634887284113571,
        0.589521788030857,
        0.6976474982777731,
        0.630960845144952
      ]
    },
    "RF60_smooth": {
      "mean": 0.6636197049382615,
      "sd": 0.008367422795723539,
      "delta": 0.04586141909421239,
      "wins": 10,
      "class_f1_mean": [
        0.6985388950473767,
        0.6154197686529204,
        0.6947867961176699,
        0.6457333599350792
      ]
    },
    "pool_RF60": {
      "mean": 0.6567375720882651,
      "sd": 0.011453436633584207,
      "delta": 0.03897928624421595,
      "wins": 10,
      "class_f1_mean": [
        0.6628300061297324,
        0.5960588089925787,
        0.7119298934172965,
        0.6561315798134524
      ]
    },
    "pool_RF60_smooth": {
      "mean": 0.6714506876294133,
      "sd": 0.012732092900513031,
      "delta": 0.05369240178536426,
      "wins": 10,
      "class_f1_mean": [
        0.698868337618514,
        0.6215649417564781,
        0.702895989462075,
        0.6624734816805863
      ]
    },
    "blend_0.00": {
      "mean": 0.6454047149662347,
      "sd": 0.0061737072149865985,
      "delta": 0.027646429122185658,
      "wins": 8,
      "class_f1_mean": [
        0.6634887284113571,
        0.589521788030857,
        0.6976474982777731,
        0.630960845144952
      ]
    },
    "pool_blend_0.00": {
      "mean": 0.6567375720882651,
      "sd": 0.011453436633584207,
      "delta": 0.03897928624421595,
      "wins": 10,
      "class_f1_mean": [
        0.6628300061297324,
        0.5960588089925787,
        0.7119298934172965,
        0.6561315798134524
      ]
    },
    "blend_0.25": {
      "mean": 0.6515138362291518,
      "sd": 0.006439914292071316,
      "delta": 0.03375555038510275,
      "wins": 10,
      "class_f1_mean": [
        0.6622849190533784,
        0.6054622803317398,
        0.7016261337119406,
        0.6366820118195486
      ]
    },
    "pool_blend_0.25": {
      "mean": 0.6617860418810536,
      "sd": 0.007359221029854303,
      "delta": 0.04402775603700446,
      "wins": 10,
      "class_f1_mean": [
        0.6575136254419381,
        0.6119264149520169,
        0.7156520005008992,
        0.6620521266293602
      ]
    },
    "blend_0.50": {
      "mean": 0.6492346966033198,
      "sd": 0.009313840243078228,
      "delta": 0.031476410759270726,
      "wins": 9,
      "class_f1_mean": [
        0.648084534436842,
        0.617090538775718,
        0.7004378738175975,
        0.6313258393831221
      ]
    },
    "pool_blend_0.50": {
      "mean": 0.6533598319749055,
      "sd": 0.00403793270122871,
      "delta": 0.035601546130856435,
      "wins": 10,
      "class_f1_mean": [
        0.6368279386120086,
        0.6190671303771834,
        0.708928152374091,
        0.6486161065363387
      ]
    },
    "blend_0.75": {
      "mean": 0.6207045292915605,
      "sd": 0.010391532989347104,
      "delta": 0.0029462434475112987,
      "wins": 5,
      "class_f1_mean": [
        0.5961716635332822,
        0.6019994311882341,
        0.6734862395144564,
        0.6111607829302689
      ]
    },
    "pool_blend_0.75": {
      "mean": 0.615643287213566,
      "sd": 0.008341336266061261,
      "delta": -0.002114998630483156,
      "wins": 5,
      "class_f1_mean": [
        0.5757849505893635,
        0.5974294118254828,
        0.6702545461645604,
        0.6191042402748571
      ]
    },
    "blend_1.00": {
      "mean": 0.5306716572431732,
      "sd": 0.002425236235375716,
      "delta": -0.08708662860087588,
      "wins": 0,
      "class_f1_mean": [
        0.45111087305375863,
        0.5233711420983951,
        0.5732662433910395,
        0.5749383704294997
      ]
    },
    "pool_blend_1.00": {
      "mean": 0.5306716572431732,
      "sd": 0.002425236235375716,
      "delta": -0.08708662860087588,
      "wins": 0,
      "class_f1_mean": [
        0.45111087305375863,
        0.5233711420983951,
        0.5732662433910395,
        0.5749383704294997
      ]
    }
  }
}
