fresh 0 5 done
fresh 0 25 done
fresh 0 50 done
fresh 0 100 done
fresh 0 200 done
fresh 1 5 done
fresh 1 25 done
fresh 1 50 done
fresh 1 100 done
fresh 1 200 done
fresh 2 5 done
fresh 2 25 done
fresh 2 50 done
fresh 2 100 done
fresh 2 200 done
fresh 3 5 done
fresh 3 25 done
fresh 3 50 done
fresh 3 100 done
fresh 3 200 done
fresh 4 5 done
fresh 4 25 done
fresh 4 50 done
fresh 4 100 done
fresh 4 200 done
fresh 5 5 done
fresh 5 25 done
fresh 5 50 done
fresh 5 100 done
fresh 5 200 done
fresh 6 5 done
fresh 6 25 done
fresh 6 50 done
fresh 6 100 done
fresh 6 200 done
fresh 7 5 done
fresh 7 25 done
fresh 7 50 done
fresh 7 100 done
fresh 7 200 done
fresh 8 5 done
fresh 8 25 done
fresh 8 50 done
fresh 8 100 done
fresh 8 200 done
fresh 9 5 done
fresh 9 25 done
fresh 9 50 done
fresh 9 100 done
fresh 9 200 done
{
  "5": {
    "EXP010": {
      "mean": 0.5761192378643889,
      "sd": 0.05166985822228448,
      "delta": 0.0,
      "wins": 0,
      "class_f1_mean": [
        0.6641581987846296,
        0.4818549098514239,
        0.584363939831442,
        0.5740999029900605
      ]
    },
    "raw": {
      "mean": 0.553749111029985,
      "sd": 0.03786335973176316,
      "delta": -0.02237012683440397,
      "wins": 3,
      "class_f1_mean": [
        0.5999622243022668,
        0.47898170561384434,
        0.6091314146361385,
        0.5269210995676902
      ]
    },
    "raw_knn": {
      "mean": 0.572743753305362,
      "sd": 0.03930955374942296,
      "delta": -0.0033754845590269976,
      "wins": 5,
      "class_f1_mean": [
        0.6392458235980335,
        0.5040277705821037,
        0.6091755774470872,
        0.5385258415942232
      ]
    },
    "raw_grid": {
      "mean": 0.5706221254688548,
      "sd": 0.03893929030299452,
      "delta": -0.005497112395534021,
      "wins": 5,
      "class_f1_mean": [
        0.6245142549740317,
        0.49262213096289537,
        0.6205662501382431,
        0.5447858658002492
      ]
    },
    "raw_cc0": {
      "mean": 0.5993784378223587,
      "sd": 0.018475905930760695,
      "delta": 0.023259199957969733,
      "wins": 7,
      "class_f1_mean": [
        0.5934293589672468,
        0.5645796430295411,
        0.6552803257038031,
        0.5842244235888433
      ]
    },
    "raw_cc0_grid": {
      "mean": 0.6195089824725896,
      "sd": 0.020376365192297918,
      "delta": 0.04338974460820063,
      "wins": 9,
      "class_f1_mean": [
        0.6198213302551275,
        0.5937497504681875,
        0.6662964594148486,
        0.5981683897521946
      ]
    },
    "raw_cc1": {
      "mean": 0.6144661024456767,
      "sd": 0.013742689494827109,
      "delta": 0.03834686458128781,
      "wins": 9,
      "class_f1_mean": [
        0.6318149110459637,
        0.6127907568886796,
        0.6039986867617658,
        0.6092600550862978
      ]
    },
    "raw_cc1_grid": {
      "mean": 0.631423811354155,
      "sd": 0.013773835534874301,
      "delta": 0.055304573489766175,
      "wins": 10,
      "class_f1_mean": [
        0.6651948216299755,
        0.6383401496059646,
        0.6034256457438103,
        0.61873462843687
      ]
    },
    "raw_cc2": {
      "mean": 0.6071476554001514,
      "sd": 0.008753184859716795,
      "delta": 0.031028417535762465,
      "wins": 7,
      "class_f1_mean": [
        0.6903341697962077,
        0.5512603416712789,
        0.5799878717694352,
        0.6070082383636833
      ]
    },
    "raw_cc2_grid": {
      "mean": 0.6169167888442466,
      "sd": 0.011245866854123366,
      "delta": 0.04079755097985767,
      "wins": 8,
      "class_f1_mean": [
        0.7101606384124821,
        0.5628048453858474,
        0.5835863936264849,
        0.6111152779521717
      ]
    },
    "pool": {
      "mean": 0.5184997074089909,
      "sd": 0.04196590226477174,
      "delta": -0.0576195304553981,
      "wins": 1,
      "class_f1_mean": [
        0.5256688537652483,
        0.44605234762881435,
        0.5793633530865282,
        0.5229142751553724
      ]
    },
    "pool_knn": {
      "mean": 0.5489103501521027,
      "sd": 0.043318388113398595,
      "delta": -0.027208887712286335,
      "wins": 4,
      "class_f1_mean": [
        0.5696477680249632,
        0.47372968695570955,
        0.5995032121305972,
        0.5527607334971406
      ]
    },
    "pool_grid": {
      "mean": 0.5440968571105798,
      "sd": 0.04390180430248476,
      "delta": -0.032022380753809046,
      "wins": 4,
      "class_f1_mean": [
        0.552772666620843,
        0.464082010313634,
        0.5991658382409579,
        0.5603669132668846
      ]
    },
    "pool_cc0": {
      "mean": 0.591900175397809,
      "sd": 0.01958838857340718,
      "delta": 0.01578093753342017,
      "wins": 7,
      "class_f1_mean": [
        0.5485478079328338,
        0.5544453191849785,
        0.6492191038022738,
        0.6153884706711503
      ]
    },
    "pool_cc0_grid": {
      "mean": 0.6161488041738388,
      "sd": 0.022147915193442686,
      "delta": 0.040029566309449906,
      "wins": 8,
      "class_f1_mean": [
        0.5733481376208589,
        0.5873562579340316,
        0.6678923381924697,
        0.6359984829479951
      ]
    },
    "pool_cc1": {
      "mean": 0.5990591212576695,
      "sd": 0.01192589688436089,
      "delta": 0.022939883393280437,
      "wins": 6,
      "class_f1_mean": [
        0.6178973838543974,
        0.6015266036103539,
        0.5593055336271561,
        0.6175069639387699
      ]
    },
    "pool_cc1_grid": {
      "mean": 0.6152278448509871,
      "sd": 0.013532609264864319,
      "delta": 0.039108606986598196,
      "wins": 9,
      "class_f1_mean": [
        0.6481927070295447,
        0.624155105036986,
        0.5596425703709114,
        0.6289209969665064
      ]
    },
    "pool_cc2": {
      "mean": 0.6014596786242185,
      "sd": 0.006481328459732238,
      "delta": 0.025340440759829507,
      "wins": 7,
      "class_f1_mean": [
        0.685847062757044,
        0.5443698507938183,
        0.5635986106534417,
        0.6120231902925697
      ]
    },
    "pool_cc2_grid": {
      "mean": 0.6128953941381652,
      "sd": 0.007718898637505764,
      "delta": 0.036776156273776305,
      "wins": 8,
      "class_f1_mean": [
        0.7053565024983751,
        0.5561355392590464,
        0.5698791881911023,
        0.620210346604137
      ]
    }
  },
  "25": {
    "EXP010": {
      "mean": 0.6129325955788264,
      "sd": 0.012630836656367292,
      "delta": 0.0,
      "wins": 0,
      "class_f1_mean": [
        0.6605113686930042,
        0.5438772731171397,
        0.6433163838259688,
        0.6040253566791934
      ]
    },
    "raw": {
      "mean": 0.6281141831634048,
      "sd": 0.017786451809410676,
      "delta": 0.015181587584578316,
      "wins": 6,
      "class_f1_mean": [
        0.6662013418779477,
        0.5546190427075032,
        0.6895097047293588,
        0.6021266433388095
      ]
    },
    "raw_knn": {
      "mean": 0.6519246447094516,
      "sd": 0.019981478471106776,
      "delta": 0.03899204913062511,
      "wins": 10,
      "class_f1_mean": [
        0.7130159831933833,
        0.5923573159800932,
        0.6882909342482331,
        0.6140343454160966
      ]
    },
    "raw_grid": {
      "mean": 0.6478170171291812,
      "sd": 0.018448511596379877,
      "delta": 0.03488442155035461,
      "wins": 10,
      "class_f1_mean": [
        0.695113422861944,
        0.5778107201621497,
        0.7000407438053456,
        0.6183031816872848
      ]
    },
    "raw_cc0": {
      "mean": 0.6343878681171137,
      "sd": 0.016042240307682025,
      "delta": 0.021455272538287096,
      "wins": 9,
      "class_f1_mean": [
        0.6669765248118433,
        0.5696228822265419,
        0.6937504368376037,
        0.6072016285924652
      ]
    },
    "raw_cc0_grid": {
      "mean": 0.6541396155823487,
      "sd": 0.0162483651568026,
      "delta": 0.04120702000352226,
      "wins": 10,
      "class_f1_mean": [
        0.6968632762251981,
        0.5944896358396001,
        0.7028900388193525,
        0.6223155114452443
      ]
    },
    "raw_cc1": {
      "mean": 0.6460606556612656,
      "sd": 0.012989664270969923,
      "delta": 0.033128060082439015,
      "wins": 10,
      "class_f1_mean": [
        0.6771942948428418,
        0.6029239567492928,
        0.6957043396982424,
        0.6084200313546846
      ]
    },
    "raw_cc1_grid": {
      "mean": 0.6667838741713391,
      "sd": 0.012966299177753172,
      "delta": 0.05385127859251256,
      "wins": 10,
      "class_f1_mean": [
        0.707267231230068,
        0.6300725113020913,
        0.7048845698288082,
        0.624911184324389
      ]
    },
    "raw_cc2": {
      "mean": 0.6445158640133958,
      "sd": 0.013127890819614275,
      "delta": 0.031583268434569337,
      "wins": 10,
      "class_f1_mean": [
        0.692179940616842,
        0.584980586175494,
        0.6960564218463692,
        0.604846507414878
      ]
    },
    "raw_cc2_grid": {
      "mean": 0.6615896794777785,
      "sd": 0.0144467923352864,
      "delta": 0.04865708389895208,
      "wins": 10,
      "class_f1_mean": [
        0.7163379791219817,
        0.6069211240607311,
        0.7041600644646407,
        0.6189395502637607
      ]
    },
    "pool": {
      "mean": 0.6269561583874548,
      "sd": 0.01267594398979896,
      "delta": 0.01402356280862831,
      "wins": 9,
      "class_f1_mean": [
        0.6594848132754951,
        0.5484538727680499,
        0.6901529628542344,
        0.6097329846520394
      ]
    },
    "pool_knn": {
      "mean": 0.656019332960503,
      "sd": 0.014580409728185126,
      "delta": 0.04308673738167649,
      "wins": 10,
      "class_f1_mean": [
        0.7124707331824695,
        0.5911168783754148,
        0.692868255637728,
        0.6276214646463993
      ]
    },
    "pool_grid": {
      "mean": 0.6528369071919207,
      "sd": 0.013663060557209674,
      "delta": 0.0399043116130941,
      "wins": 10,
      "class_f1_mean": [
        0.6930020834054389,
        0.5767523539363107,
        0.705468976455486,
        0.6361242149704465
      ]
    },
    "pool_cc0": {
      "mean": 0.6388324834501441,
      "sd": 0.012398379392832821,
      "delta": 0.02589988787131773,
      "wins": 9,
      "class_f1_mean": [
        0.6625466494034613,
        0.571367668570986,
        0.6985090619735563,
        0.6229065538525729
      ]
    },
    "pool_cc0_grid": {
      "mean": 0.6617435475837793,
      "sd": 0.011626281021107803,
      "delta": 0.0488109520049528,
      "wins": 10,
      "class_f1_mean": [
        0.6941147784432271,
        0.599578902659745,
        0.7104756056070398,
        0.6428049036251055
      ]
    },
    "pool_cc1": {
      "mean": 0.6528738174615454,
      "sd": 0.010615462605495642,
      "delta": 0.03994122188271889,
      "wins": 10,
      "class_f1_mean": [
        0.6756233150896408,
        0.6128170950416029,
        0.6987832072029487,
        0.6242716525119889
      ]
    },
    "pool_cc1_grid": {
      "mean": 0.676071126858577,
      "sd": 0.010975954304061822,
      "delta": 0.06313853127975044,
      "wins": 10,
      "class_f1_mean": [
        0.7094499733905414,
        0.6430297059302363,
        0.7089144132200049,
        0.6428904148935253
      ]
    },
    "pool_cc2": {
      "mean": 0.6510598946937158,
      "sd": 0.012108890635396186,
      "delta": 0.03812729911488942,
      "wins": 10,
      "class_f1_mean": [
        0.6980041477453227,
        0.5913646544224391,
        0.696265830066422,
        0.6186049465406801
      ]
    },
    "pool_cc2_grid": {
      "mean": 0.6689724266039233,
      "sd": 0.011592333845468353,
      "delta": 0.056039831025096874,
      "wins": 10,
      "class_f1_mean": [
        0.7234979341565015,
        0.6149961606074553,
        0.704600474159012,
        0.6327951374927248
      ]
    }
  },
  "50": {
    "EXP010": {
      "mean": 0.6233820908422509,
      "sd": 0.007430754999283032,
      "delta": 0.0,
      "wins": 0,
      "class_f1_mean": [
        0.6648714670509321,
        0.5831097914944691,
        0.6483951413039513,
        0.5971519635196513
      ]
    },
    "raw": {
      "mean": 0.6523275034778984,
      "sd": 0.009681227886592439,
      "delta": 0.028945412635647427,
      "wins": 10,
      "class_f1_mean": [
        0.6958014216647682,
        0.6010852400311446,
        0.6946025739415214,
        0.6178207782741592
      ]
    },
    "raw_knn": {
      "mean": 0.6793209212501334,
      "sd": 0.011849393836350879,
      "delta": 0.05593883040788243,
      "wins": 10,
      "class_f1_mean": [
        0.7447011743327762,
        0.6445522449263344,
        0.6951216508084531,
        0.6329086149329697
      ]
    },
    "raw_grid": {
      "mean": 0.6747849599931472,
      "sd": 0.011746773444998242,
      "delta": 0.05140286915089633,
      "wins": 10,
      "class_f1_mean": [
        0.7259919144084817,
        0.6277253677805097,
        0.7060020585932502,
        0.6394204991903475
      ]
    },
    "raw_cc0": {
      "mean": 0.6543998316779092,
      "sd": 0.009500588566352672,
      "delta": 0.031017740835658215,
      "wins": 10,
      "class_f1_mean": [
        0.695512254738401,
        0.6065606671759103,
        0.6965507430622441,
        0.6189756617350812
      ]
    },
    "raw_cc0_grid": {
      "mean": 0.6766174038676321,
      "sd": 0.011221893320885596,
      "delta": 0.05323531302538124,
      "wins": 10,
      "class_f1_mean": [
        0.7259408144453369,
        0.6333550585246359,
        0.7066406076169556,
        0.6405331348836002
      ]
    },
    "raw_cc1": {
      "mean": 0.6575683366046203,
      "sd": 0.00829336419465309,
      "delta": 0.03418624576236949,
      "wins": 10,
      "class_f1_mean": [
        0.6977612091830229,
        0.6179721359659192,
        0.6966539446246767,
        0.6178860566448627
      ]
    },
    "raw_cc1_grid": {
      "mean": 0.6802766002612662,
      "sd": 0.00936606769836364,
      "delta": 0.05689450941901534,
      "wins": 10,
      "class_f1_mean": [
        0.7282491816093495,
        0.6465683013755725,
        0.7065285965268658,
        0.6397603215332772
      ]
    },
    "raw_cc2": {
      "mean": 0.6572830966977494,
      "sd": 0.007384314948457538,
      "delta": 0.033901005855498524,
      "wins": 10,
      "class_f1_mean": [
        0.7050095667459555,
        0.6119403092782612,
        0.6968006642715754,
        0.6153818464952054
      ]
    },
    "raw_cc2_grid": {
      "mean": 0.6774349438525488,
      "sd": 0.00972863839973618,
      "delta": 0.054052853010297865,
      "wins": 10,
      "class_f1_mean": [
        0.731303074805355,
        0.6366267091699696,
        0.7065525422579289,
        0.6352574491769418
      ]
    },
    "pool": {
      "mean": 0.6534328345825429,
      "sd": 0.011790393544606023,
      "delta": 0.030050743740291975,
      "wins": 10,
      "class_f1_mean": [
        0.6873741205139358,
        0.5959412750057231,
        0.7015829571894205,
        0.6288329856210918
      ]
    },
    "pool_knn": {
      "mean": 0.6804168257506914,
      "sd": 0.016079076607630225,
      "delta": 0.057034734908440535,
      "wins": 10,
      "class_f1_mean": [
        0.7390097801874661,
        0.6401459206207728,
        0.7020107837835862,
        0.6405008184109409
      ]
    },
    "pool_grid": {
      "mean": 0.6774841365460926,
      "sd": 0.01394549658889286,
      "delta": 0.054102045703841736,
      "wins": 10,
      "class_f1_mean": [
        0.7189017234885946,
        0.6244545900755674,
        0.7148970152616916,
        0.6516832173585169
      ]
    },
    "pool_cc0": {
      "mean": 0.6578414543795447,
      "sd": 0.011651757066068824,
      "delta": 0.03445936353729366,
      "wins": 10,
      "class_f1_mean": [
        0.6880254170394859,
        0.6042083375687598,
        0.7060260842610414,
        0.6331059786488906
      ]
    },
    "pool_cc0_grid": {
      "mean": 0.6814706212689318,
      "sd": 0.013567940264294023,
      "delta": 0.05808853042668087,
      "wins": 10,
      "class_f1_mean": [
        0.7198339208832063,
        0.6340829937800339,
        0.7173785820068674,
        0.6545869884056194
      ]
    },
    "pool_cc1": {
      "mean": 0.6631895316778932,
      "sd": 0.009957515153714057,
      "delta": 0.03980744083564226,
      "wins": 10,
      "class_f1_mean": [
        0.6926898906250268,
        0.6210441878493798,
        0.7054141784739855,
        0.6336098697631805
      ]
    },
    "pool_cc1_grid": {
      "mean": 0.6868772521636476,
      "sd": 0.01179401048481647,
      "delta": 0.06349516132139674,
      "wins": 10,
      "class_f1_mean": [
        0.7257407379758095,
        0.6520508968124791,
        0.7164138135966978,
        0.6533035602696042
      ]
    },
    "pool_cc2": {
      "mean": 0.6632294680465952,
      "sd": 0.009638459128049007,
      "delta": 0.03984737720434435,
      "wins": 10,
      "class_f1_mean": [
        0.702897528077871,
        0.6140367356737421,
        0.7061808719101651,
        0.629802736524603
      ]
    },
    "pool_cc2_grid": {
      "mean": 0.6849460937403764,
      "sd": 0.011543856054880066,
      "delta": 0.061564002898125525,
      "wins": 10,
      "class_f1_mean": [
        0.7323906104596101,
        0.6421863072785361,
        0.7170219199720214,
        0.6481855372513385
      ]
    }
  },
  "100": {
    "EXP010": {
      "mean": 0.6257147025037003,
      "sd": 0.0029869691989076416,
      "delta": 0.0,
      "wins": 0,
      "class_f1_mean": [
        0.663638843692112,
        0.585948062179844,
        0.6529655115738275,
        0.6003063925690179
      ]
    },
    "raw": {
      "mean": 0.6686694056788209,
      "sd": 0.009582998745522472,
      "delta": 0.04295470317512062,
      "wins": 10,
      "class_f1_mean": [
        0.7135872120981557,
        0.6270711181466757,
        0.7020970637819242,
        0.6319222286885287
      ]
    },
    "raw_knn": {
      "mean": 0.6976871228842029,
      "sd": 0.012794636268857735,
      "delta": 0.07197242038050261,
      "wins": 10,
      "class_f1_mean": [
        0.7631334068669602,
        0.6740348561791442,
        0.7038733734312194,
        0.6497068550594884
      ]
    },
    "raw_grid": {
      "mean": 0.6923664826606791,
      "sd": 0.011940960386080123,
      "delta": 0.06665178015697877,
      "wins": 10,
      "class_f1_mean": [
        0.7437958681338361,
        0.6561480196066456,
        0.7148400901856536,
        0.6546819527165813
      ]
    },
    "raw_cc0": {
      "mean": 0.6694399982084603,
      "sd": 0.009309242044664316,
      "delta": 0.04372529570476001,
      "wins": 10,
      "class_f1_mean": [
        0.7132349721120509,
        0.6289906363127984,
        0.7029303611145069,
        0.6326040232944854
      ]
    },
    "raw_cc0_grid": {
      "mean": 0.6929574736095485,
      "sd": 0.011722392280712991,
      "delta": 0.0672427711058482,
      "wins": 10,
      "class_f1_mean": [
        0.7434242858128575,
        0.6582957765452088,
        0.7151926963754398,
        0.6549171357046882
      ]
    },
    "raw_cc1": {
      "mean": 0.670729904971428,
      "sd": 0.00898362408395752,
      "delta": 0.0450152024677277,
      "wins": 10,
      "class_f1_mean": [
        0.7142527794493544,
        0.6339799944246473,
        0.7028498835523418,
        0.6318369624593686
      ]
    },
    "raw_cc1_grid": {
      "mean": 0.6943633679395718,
      "sd": 0.011260717807439978,
      "delta": 0.06864866543587148,
      "wins": 10,
      "class_f1_mean": [
        0.7447344814257689,
        0.6639348478324991,
        0.7148372966628026,
        0.6539468458372166
      ]
    },
    "raw_cc2": {
      "mean": 0.6702618634048902,
      "sd": 0.009185063934219362,
      "delta": 0.04454716090118992,
      "wins": 10,
      "class_f1_mean": [
        0.7169545404498815,
        0.6305567803128787,
        0.702951772274821,
        0.6305843605819799
      ]
    },
    "raw_cc2_grid": {
      "mean": 0.6931194776444503,
      "sd": 0.011231261652419628,
      "delta": 0.06740477514074991,
      "wins": 10,
      "class_f1_mean": [
        0.7460614907169467,
        0.658937293126036,
        0.7149461106770638,
        0.6525330160577549
      ]
    },
    "pool": {
      "mean": 0.674450124249906,
      "sd": 0.009835656384964434,
      "delta": 0.048735421746205695,
      "wins": 10,
      "class_f1_mean": [
        0.7146701141094638,
        0.6262053709472513,
        0.713372626419031,
        0.6435523855238782
      ]
    },
    "pool_knn": {
      "mean": 0.7030670061368663,
      "sd": 0.012144319235067955,
      "delta": 0.07735230363316595,
      "wins": 10,
      "class_f1_mean": [
        0.7663228097778446,
        0.6748381415350548,
        0.7118794859035928,
        0.659227587330973
      ]
    },
    "pool_grid": {
      "mean": 0.7010077362920365,
      "sd": 0.011437660855971572,
      "delta": 0.07529303378833609,
      "wins": 10,
      "class_f1_mean": [
        0.7474863641995106,
        0.6595544849606447,
        0.7265030278996938,
        0.6704870681082966
      ]
    },
    "pool_cc0": {
      "mean": 0.6759420481230165,
      "sd": 0.009966655793008813,
      "delta": 0.05022734561931623,
      "wins": 10,
      "class_f1_mean": [
        0.7144269572329209,
        0.6293562099117962,
        0.7145861349282503,
        0.6453988904190991
      ]
    },
    "pool_cc0_grid": {
      "mean": 0.7023574691287535,
      "sd": 0.01130048149819987,
      "delta": 0.07664276662505318,
      "wins": 10,
      "class_f1_mean": [
        0.7478872353282002,
        0.6630939935877797,
        0.7273189253690145,
        0.6711297222300198
      ]
    },
    "pool_cc1": {
      "mean": 0.6785023917502281,
      "sd": 0.009509216922789367,
      "delta": 0.05278768924652778,
      "wins": 10,
      "class_f1_mean": [
        0.715685217610781,
        0.6369447169131741,
        0.7158303968898441,
        0.6455492355871132
      ]
    },
    "pool_cc1_grid": {
      "mean": 0.7047078239117606,
      "sd": 0.010464546113214722,
      "delta": 0.07899312140806027,
      "wins": 10,
      "class_f1_mean": [
        0.7492701700061388,
        0.6710749918819521,
        0.7277036449043919,
        0.6707824888545598
      ]
    },
    "pool_cc2": {
      "mean": 0.678169689699286,
      "sd": 0.009236388351497494,
      "delta": 0.05245498719558576,
      "wins": 10,
      "class_f1_mean": [
        0.7196733037730199,
        0.6335590466449688,
        0.7160173410488968,
        0.6434290673302592
      ]
    },
    "pool_cc2_grid": {
      "mean": 0.70315061315753,
      "sd": 0.010595720844923804,
      "delta": 0.07743591065382968,
      "wins": 10,
      "class_f1_mean": [
        0.7509754075550095,
        0.6655233485275956,
        0.7284140857756979,
        0.6676896107718173
      ]
    }
  },
  "200": {
    "EXP010": {
      "mean": 0.6245637453426199,
      "sd": 0.0025575005220133335,
      "delta": 0.0,
      "wins": 0,
      "class_f1_mean": [
        0.6669038019219673,
        0.5864702753800569,
        0.6513712845669433,
        0.593509619501512
      ]
    },
    "raw": {
      "mean": 0.6852594032501742,
      "sd": 0.007846242499054804,
      "delta": 0.06069565790755419,
      "wins": 10,
      "class_f1_mean": [
        0.729577019767543,
        0.6512410240065267,
        0.7181093696790285,
        0.6421101995475983
      ]
    },
    "raw_knn": {
      "mean": 0.7164142065109231,
      "sd": 0.009036039322298208,
      "delta": 0.09185046116830323,
      "wins": 10,
      "class_f1_mean": [
        0.7831744065814702,
        0.7040924896569724,
        0.7175101769845819,
        0.6608797528206681
      ]
    },
    "raw_grid": {
      "mean": 0.7111100108125824,
      "sd": 0.00845368070262093,
      "delta": 0.08654626546996246,
      "wins": 10,
      "class_f1_mean": [
        0.76257462660782,
        0.6845875258322127,
        0.7299620265982246,
        0.6673158642120721
      ]
    },
    "raw_cc0": {
      "mean": 0.6852359549252112,
      "sd": 0.007971918968101685,
      "delta": 0.060672209582591195,
      "wins": 10,
      "class_f1_mean": [
        0.7291758935389528,
        0.6518002185631848,
        0.7181866310781614,
        0.6417810765205452
      ]
    },
    "raw_cc0_grid": {
      "mean": 0.7110656726064937,
      "sd": 0.008414602043648101,
      "delta": 0.08650192726387368,
      "wins": 10,
      "class_f1_mean": [
        0.7622446922409305,
        0.6853916534041473,
        0.7297379611858809,
        0.6668883835950156
      ]
    },
    "raw_cc1": {
      "mean": 0.6858073838408949,
      "sd": 0.007798190381595442,
      "delta": 0.06124363849827508,
      "wins": 10,
      "class_f1_mean": [
        0.7295040606754989,
        0.6537123644890943,
        0.7181737056033651,
        0.6418394045956214
      ]
    },
    "raw_cc1_grid": {
      "mean": 0.7115070886084486,
      "sd": 0.008589566716260176,
      "delta": 0.08694334326582873,
      "wins": 10,
      "class_f1_mean": [
        0.7622552320560312,
        0.6873948007329901,
        0.7293716193349311,
        0.667006702309842
      ]
    },
    "raw_cc2": {
      "mean": 0.6855643155159734,
      "sd": 0.0076814505239868255,
      "delta": 0.061000570173353495,
      "wins": 10,
      "class_f1_mean": [
        0.7307327629017235,
        0.6523380875120128,
        0.7180698044464215,
        0.6411166072037358
      ]
    },
    "raw_cc2_grid": {
      "mean": 0.7108560156455723,
      "sd": 0.008153339259090292,
      "delta": 0.08629227030295251,
      "wins": 10,
      "class_f1_mean": [
        0.7627819999843022,
        0.685237340333879,
        0.7294817093185528,
        0.6659230129455558
      ]
    },
    "pool": {
      "mean": 0.6918881066778886,
      "sd": 0.006297169138305567,
      "delta": 0.06732436133526869,
      "wins": 10,
      "class_f1_mean": [
        0.7337111823713586,
        0.6550559751739686,
        0.7272110240170613,
        0.6515742451491658
      ]
    },
    "pool_knn": {
      "mean": 0.7207706035696473,
      "sd": 0.007261845145359807,
      "delta": 0.09620685822702747,
      "wins": 10,
      "class_f1_mean": [
        0.7876921047435196,
        0.7063825263817918,
        0.7217786034504788,
        0.667229179702799
      ]
    },
    "pool_grid": {
      "mean": 0.720352357409312,
      "sd": 0.007516038224957542,
      "delta": 0.09578861206669205,
      "wins": 10,
      "class_f1_mean": [
        0.7679602111163399,
        0.6913533768667757,
        0.7396025421544385,
        0.6824932994996937
      ]
    },
    "pool_cc0": {
      "mean": 0.6923147506276629,
      "sd": 0.006231258898936218,
      "delta": 0.06775100528504299,
      "wins": 10,
      "class_f1_mean": [
        0.733497156429471,
        0.6559411600804262,
        0.7274219827548885,
        0.652398703245866
      ]
    },
    "pool_cc0_grid": {
      "mean": 0.7208915412520718,
      "sd": 0.0075360147478554735,
      "delta": 0.09632779590945187,
      "wins": 10,
      "class_f1_mean": [
        0.7682182277059694,
        0.6927240524997088,
        0.7398288624808386,
        0.6827950223217704
      ]
    },
    "pool_cc1": {
      "mean": 0.6931554532242901,
      "sd": 0.006073127643820158,
      "delta": 0.06859170788167009,
      "wins": 10,
      "class_f1_mean": [
        0.7335903851848631,
        0.6589451324587869,
        0.7276239712576005,
        0.6524623239959096
      ]
    },
    "pool_cc1_grid": {
      "mean": 0.7214520398049429,
      "sd": 0.00721620665780473,
      "delta": 0.096888294462323,
      "wins": 10,
      "class_f1_mean": [
        0.7687721689639921,
        0.6953501714038487,
        0.7399216797018886,
        0.6817641391500422
      ]
    },
    "pool_cc2": {
      "mean": 0.6930467079422915,
      "sd": 0.005941343356082904,
      "delta": 0.06848296259967158,
      "wins": 10,
      "class_f1_mean": [
        0.7351811932620689,
        0.6573317735964415,
        0.727950482026763,
        0.6517233828838925
      ]
    },
    "pool_cc2_grid": {
      "mean": 0.7205660391517943,
      "sd": 0.007128908579954229,
      "delta": 0.09600229380917437,
      "wins": 10,
      "class_f1_mean": [
        0.7689737607831868,
        0.6930439499398295,
        0.740158008191207,
        0.6800884376929535
      ]
    }
  }
}
