spatial 0 5 done
spatial 0 25 done
spatial 0 50 done
spatial 0 100 done
spatial 0 200 done
spatial 1 5 done
spatial 1 25 done
spatial 1 50 done
spatial 1 100 done
spatial 1 200 done
spatial 2 5 done
spatial 2 25 done
spatial 2 50 done
spatial 2 100 done
spatial 2 200 done
spatial 3 5 done
spatial 3 25 done
spatial 3 50 done
spatial 3 100 done
spatial 3 200 done
spatial 4 5 done
spatial 4 25 done
spatial 4 50 done
spatial 4 100 done
spatial 4 200 done
spatial 5 5 done
spatial 5 25 done
spatial 5 50 done
spatial 5 100 done
spatial 5 200 done
spatial 6 5 done
spatial 6 25 done
spatial 6 50 done
spatial 6 100 done
spatial 6 200 done
spatial 7 5 done
spatial 7 25 done
spatial 7 50 done
spatial 7 100 done
spatial 7 200 done
spatial 8 5 done
spatial 8 25 done
spatial 8 50 done
spatial 8 100 done
spatial 8 200 done
spatial 9 5 done
spatial 9 25 done
spatial 9 50 done
spatial 9 100 done
spatial 9 200 done
{
  "5": {
    "EXP010": {
      "mean": 0.5333871278784705,
      "sd": 0.04207969393477694,
      "delta": 0.0,
      "wins": 0,
      "class_f1_mean": [
        0.6388141895547558,
        0.39173183984539345,
        0.5410111124409538,
        0.5619913696727789
      ]
    },
    "raw": {
      "mean": 0.5027366350704255,
      "sd": 0.04207575909143649,
      "delta": -0.030650492808044928,
      "wins": 3,
      "class_f1_mean": [
        0.5917979049030487,
        0.4339311960279989,
        0.5187165605612398,
        0.46650087878941504
      ]
    },
    "raw_knn": {
      "mean": 0.5106777293645668,
      "sd": 0.0508718315476689,
      "delta": -0.022709398513903738,
      "wins": 3,
      "class_f1_mean": [
        0.6137342135962505,
        0.4386382695826761,
        0.5204333942486569,
        0.46990504003068373
      ]
    },
    "raw_grid": {
      "mean": 0.5143229672658807,
      "sd": 0.04513200410086042,
      "delta": -0.019064160612589875,
      "wins": 3,
      "class_f1_mean": [
        0.6077080333657132,
        0.4392334722238299,
        0.5295376170636732,
        0.48081274641030614
      ]
    },
    "raw_cc0": {
      "mean": 0.5875975400254712,
      "sd": 0.02951509520687369,
      "delta": 0.05421041214700071,
      "wins": 9,
      "class_f1_mean": [
        0.6032952044035191,
        0.5240067396563355,
        0.6341232110198796,
        0.5889650050221504
      ]
    },
    "raw_cc0_grid": {
      "mean": 0.6084225390503943,
      "sd": 0.03369449934071437,
      "delta": 0.07503541117192378,
      "wins": 10,
      "class_f1_mean": [
        0.6282759526791722,
        0.5520272218404201,
        0.6483246378724179,
        0.605062343809567
      ]
    },
    "raw_cc1": {
      "mean": 0.5971889847891207,
      "sd": 0.014654671109237714,
      "delta": 0.06380185691065017,
      "wins": 10,
      "class_f1_mean": [
        0.6347261863054566,
        0.5998876820516441,
        0.5384855288864546,
        0.6156565419129273
      ]
    },
    "raw_cc1_grid": {
      "mean": 0.6120289946579357,
      "sd": 0.018293891129744062,
      "delta": 0.07864186677946516,
      "wins": 10,
      "class_f1_mean": [
        0.6677512686327571,
        0.6210265273512406,
        0.5361168151078999,
        0.623221367539845
      ]
    },
    "raw_cc2": {
      "mean": 0.5906144026212626,
      "sd": 0.015509879232794484,
      "delta": 0.05722727474279208,
      "wins": 8,
      "class_f1_mean": [
        0.6691615724226612,
        0.5267759135914678,
        0.5501008609510782,
        0.616419263519843
      ]
    },
    "raw_cc2_grid": {
      "mean": 0.5965321523529092,
      "sd": 0.019610958035880404,
      "delta": 0.06314502447443873,
      "wins": 8,
      "class_f1_mean": [
        0.6832678126646081,
        0.5306155921434368,
        0.5508665378167824,
        0.6213786667868095
      ]
    },
    "pool": {
      "mean": 0.46141732877889263,
      "sd": 0.03041719962586465,
      "delta": -0.0719697990995779,
      "wins": 1,
      "class_f1_mean": [
        0.5254377818691118,
        0.4373787392528922,
        0.497964569375503,
        0.38488822461806327
      ]
    },
    "pool_knn": {
      "mean": 0.485405825882515,
      "sd": 0.037943076653089935,
      "delta": -0.04798130199595545,
      "wins": 2,
      "class_f1_mean": [
        0.5705842199378086,
        0.45934279345348844,
        0.5214450417204114,
        0.39025124841835174
      ]
    },
    "pool_grid": {
      "mean": 0.4802528913759215,
      "sd": 0.032676900191154344,
      "delta": -0.05313423650254907,
      "wins": 2,
      "class_f1_mean": [
        0.5536036169141122,
        0.4501169825114478,
        0.5167779560553576,
        0.4005130100227682
      ]
    },
    "pool_cc0": {
      "mean": 0.5886704055549415,
      "sd": 0.02387159678983513,
      "delta": 0.05528327767647114,
      "wins": 8,
      "class_f1_mean": [
        0.5658302874623284,
        0.5538454939121593,
        0.627290437562231,
        0.6077154032830479
      ]
    },
    "pool_cc0_grid": {
      "mean": 0.6125241305925629,
      "sd": 0.02742891416571601,
      "delta": 0.07913700271409252,
      "wins": 9,
      "class_f1_mean": [
        0.5919597114130155,
        0.5847324747360853,
        0.6479611206007363,
        0.6254432156204153
      ]
    },
    "pool_cc1": {
      "mean": 0.5852214856285002,
      "sd": 0.010252033441355793,
      "delta": 0.05183435775002969,
      "wins": 8,
      "class_f1_mean": [
        0.619367382076944,
        0.5988262434266141,
        0.5070231949040205,
        0.6156691221064223
      ]
    },
    "pool_cc1_grid": {
      "mean": 0.601736157018177,
      "sd": 0.015065278508131764,
      "delta": 0.0683490291397065,
      "wins": 10,
      "class_f1_mean": [
        0.6514663361636689,
        0.621830158366843,
        0.5058393468810862,
        0.6278087866611098
      ]
    },
    "pool_cc2": {
      "mean": 0.5916575064135277,
      "sd": 0.014139928521203408,
      "delta": 0.05827037853505719,
      "wins": 8,
      "class_f1_mean": [
        0.6718667511852937,
        0.5372762185740024,
        0.5410140419720493,
        0.6164730139227657
      ]
    },
    "pool_cc2_grid": {
      "mean": 0.600094084053118,
      "sd": 0.018344242789356483,
      "delta": 0.06670695617464764,
      "wins": 8,
      "class_f1_mean": [
        0.6868548544768746,
        0.5415840661420005,
        0.5452431620506402,
        0.6266942535429574
      ]
    }
  },
  "25": {
    "EXP010": {
      "mean": 0.584137954431083,
      "sd": 0.05033100559327009,
      "delta": 0.0,
      "wins": 0,
      "class_f1_mean": [
        0.5970690893721823,
        0.5164887126905853,
        0.6324672280904126,
        0.5905267875711518
      ]
    },
    "raw": {
      "mean": 0.6196644216165721,
      "sd": 0.021766249586633597,
      "delta": 0.03552646718548904,
      "wins": 8,
      "class_f1_mean": [
        0.6452349027681428,
        0.5416901431644824,
        0.681434299140663,
        0.6102983413930004
      ]
    },
    "raw_knn": {
      "mean": 0.6342835176310814,
      "sd": 0.028034806534914015,
      "delta": 0.050145563199998286,
      "wins": 9,
      "class_f1_mean": [
        0.6772732002390225,
        0.5603874232598816,
        0.6790231386613513,
        0.6204503083640703
      ]
    },
    "raw_grid": {
      "mean": 0.6357579679456048,
      "sd": 0.025682638347470435,
      "delta": 0.051620013514521876,
      "wins": 9,
      "class_f1_mean": [
        0.6644527357759629,
        0.5548272114982508,
        0.6921611328456425,
        0.6315907916625636
      ]
    },
    "raw_cc0": {
      "mean": 0.6288669460427624,
      "sd": 0.021484829549962454,
      "delta": 0.044728991611679404,
      "wins": 9,
      "class_f1_mean": [
        0.6467280807570485,
        0.5606054210493947,
        0.6874349339400758,
        0.6206993484245307
      ]
    },
    "raw_cc0_grid": {
      "mean": 0.6452436643460727,
      "sd": 0.024982916646301354,
      "delta": 0.06110570991498969,
      "wins": 10,
      "class_f1_mean": [
        0.666574048731323,
        0.57615141035891,
        0.6970891096939958,
        0.6411600886000619
      ]
    },
    "raw_cc1": {
      "mean": 0.6405103891672848,
      "sd": 0.018222043669270722,
      "delta": 0.05637243473620167,
      "wins": 10,
      "class_f1_mean": [
        0.6540863503602077,
        0.5966444337603496,
        0.6899859484223605,
        0.6213248241262209
      ]
    },
    "raw_cc1_grid": {
      "mean": 0.6574259281261774,
      "sd": 0.022568282510349844,
      "delta": 0.07328797369509435,
      "wins": 10,
      "class_f1_mean": [
        0.6754521890838581,
        0.6145695056683395,
        0.6988582759671645,
        0.6408237417853473
      ]
    },
    "raw_cc2": {
      "mean": 0.6377782234294131,
      "sd": 0.024590467808851352,
      "delta": 0.053640268998330055,
      "wins": 9,
      "class_f1_mean": [
        0.6683885761793971,
        0.5753023434608451,
        0.6893312247183595,
        0.6180907493590504
      ]
    },
    "raw_cc2_grid": {
      "mean": 0.650050304249693,
      "sd": 0.030217182725856728,
      "delta": 0.06591234981860991,
      "wins": 9,
      "class_f1_mean": [
        0.6811865723113548,
        0.5850341592336162,
        0.6986623227921926,
        0.6353181626616078
      ]
    },
    "pool": {
      "mean": 0.6067307977504388,
      "sd": 0.023458113344129037,
      "delta": 0.022592843319355783,
      "wins": 7,
      "class_f1_mean": [
        0.6260335516715771,
        0.5253495776512442,
        0.6699784145450611,
        0.6055616471338726
      ]
    },
    "pool_knn": {
      "mean": 0.6309061455116357,
      "sd": 0.03109459974747535,
      "delta": 0.046768191080552746,
      "wins": 8,
      "class_f1_mean": [
        0.667015640628071,
        0.5553398984633101,
        0.6786968089211094,
        0.6225722340340524
      ]
    },
    "pool_grid": {
      "mean": 0.6295560319265163,
      "sd": 0.027329477022464823,
      "delta": 0.04541807749543347,
      "wins": 8,
      "class_f1_mean": [
        0.6535608380871796,
        0.5451437954077362,
        0.6870646375606856,
        0.6324548566504646
      ]
    },
    "pool_cc0": {
      "mean": 0.6251217596164546,
      "sd": 0.021309888522874198,
      "delta": 0.040983805185371536,
      "wins": 9,
      "class_f1_mean": [
        0.6290469792935258,
        0.5508936491163686,
        0.685506913578769,
        0.6350394964771546
      ]
    },
    "pool_cc0_grid": {
      "mean": 0.6469300543068146,
      "sd": 0.024939768632756893,
      "delta": 0.06279209987573155,
      "wins": 9,
      "class_f1_mean": [
        0.6566970687899175,
        0.5717402539047535,
        0.7008447903399591,
        0.6584381041926282
      ]
    },
    "pool_cc1": {
      "mean": 0.6409547722153526,
      "sd": 0.01912283548626303,
      "delta": 0.0568168177842695,
      "wins": 9,
      "class_f1_mean": [
        0.6448426912151506,
        0.5952627181131567,
        0.6876928958450964,
        0.6360207836880065
      ]
    },
    "pool_cc1_grid": {
      "mean": 0.6631525125295039,
      "sd": 0.02242263888069282,
      "delta": 0.07901455809842096,
      "wins": 10,
      "class_f1_mean": [
        0.672662837201397,
        0.6213608879517148,
        0.7018868716604665,
        0.6566994533044378
      ]
    },
    "pool_cc2": {
      "mean": 0.6390679017422338,
      "sd": 0.029468246308512764,
      "delta": 0.054929947311150897,
      "wins": 10,
      "class_f1_mean": [
        0.6701196477331879,
        0.5707607557248979,
        0.6849920856451619,
        0.6303991178656881
      ]
    },
    "pool_cc2_grid": {
      "mean": 0.6571119365696662,
      "sd": 0.03594351980328588,
      "delta": 0.07297398213858314,
      "wins": 10,
      "class_f1_mean": [
        0.6895032958295633,
        0.5892305786800325,
        0.7000945026407435,
        0.6496193691283253
      ]
    }
  },
  "50": {
    "EXP010": {
      "mean": 0.6142436619958971,
      "sd": 0.019323516385284567,
      "delta": 0.0,
      "wins": 0,
      "class_f1_mean": [
        0.656815046035371,
        0.5583604813439562,
        0.6466391534067394,
        0.595159967197521
      ]
    },
    "raw": {
      "mean": 0.6289051980428513,
      "sd": 0.024344565355341637,
      "delta": 0.014661536046954315,
      "wins": 7,
      "class_f1_mean": [
        0.6611520232612533,
        0.5465381617363916,
        0.6825193040569582,
        0.6254113031168023
      ]
    },
    "raw_knn": {
      "mean": 0.6428656295839217,
      "sd": 0.034811993258177645,
      "delta": 0.028621967588024756,
      "wins": 9,
      "class_f1_mean": [
        0.6909938910739644,
        0.5629440994275093,
        0.6804802016933034,
        0.6370443261409099
      ]
    },
    "raw_grid": {
      "mean": 0.645458897927434,
      "sd": 0.030919293093077962,
      "delta": 0.031215235931537112,
      "wins": 9,
      "class_f1_mean": [
        0.6809684589020321,
        0.5586963502684498,
        0.6939482449402774,
        0.6482225375989772
      ]
    },
    "raw_cc0": {
      "mean": 0.6332244172181719,
      "sd": 0.023414942507959276,
      "delta": 0.018980755222274846,
      "wins": 7,
      "class_f1_mean": [
        0.6618300310279801,
        0.5563654012557787,
        0.685421724929756,
        0.6292805116591725
      ]
    },
    "raw_cc0_grid": {
      "mean": 0.6493924479238663,
      "sd": 0.029556837354387765,
      "delta": 0.03514878592796937,
      "wins": 9,
      "class_f1_mean": [
        0.6821963640665114,
        0.5692208769951785,
        0.6955648767751499,
        0.6505876738586256
      ]
    },
    "raw_cc1": {
      "mean": 0.6394060069638092,
      "sd": 0.02090564330263429,
      "delta": 0.025162344967912344,
      "wins": 8,
      "class_f1_mean": [
        0.6641919197158106,
        0.5756214322463733,
        0.6875179954650854,
        0.6302926804279682
      ]
    },
    "raw_cc1_grid": {
      "mean": 0.6567465425817189,
      "sd": 0.025223231694019473,
      "delta": 0.04250288058582189,
      "wins": 10,
      "class_f1_mean": [
        0.6869155755236195,
        0.5929091129493846,
        0.6972941636068105,
        0.6498673182470605
      ]
    },
    "raw_cc2": {
      "mean": 0.6369664197594617,
      "sd": 0.02420777623926808,
      "delta": 0.022722757763564683,
      "wins": 8,
      "class_f1_mean": [
        0.6680275480760841,
        0.5640643723921335,
        0.6878074973877505,
        0.6279662611818786
      ]
    },
    "raw_cc2_grid": {
      "mean": 0.6514693600945385,
      "sd": 0.028966234854564777,
      "delta": 0.0372256980986415,
      "wins": 9,
      "class_f1_mean": [
        0.685282625545309,
        0.576323188188817,
        0.6980045829945036,
        0.6462670436495241
      ]
    },
    "pool": {
      "mean": 0.629900675224772,
      "sd": 0.01847277209043515,
      "delta": 0.01565701322887514,
      "wins": 8,
      "class_f1_mean": [
        0.6525175057159887,
        0.5461978203292337,
        0.687777266903405,
        0.633110107950461
      ]
    },
    "pool_knn": {
      "mean": 0.6514968241604852,
      "sd": 0.025761543694025564,
      "delta": 0.03725316216458817,
      "wins": 10,
      "class_f1_mean": [
        0.6901371586533582,
        0.5752072334227412,
        0.6900034427487872,
        0.6506394618170538
      ]
    },
    "pool_grid": {
      "mean": 0.6512836003103202,
      "sd": 0.023424319585719805,
      "delta": 0.03703993831442336,
      "wins": 10,
      "class_f1_mean": [
        0.6774150374824096,
        0.5659383110646681,
        0.7014797227413252,
        0.6603013299528785
      ]
    },
    "pool_cc0": {
      "mean": 0.6379182697398308,
      "sd": 0.01754456047180893,
      "delta": 0.023674607743933797,
      "wins": 9,
      "class_f1_mean": [
        0.6543000492343067,
        0.5581993357159161,
        0.6938797904469516,
        0.6452939035621486
      ]
    },
    "pool_cc0_grid": {
      "mean": 0.65834014877415,
      "sd": 0.02153097813005748,
      "delta": 0.04409648677825301,
      "wins": 10,
      "class_f1_mean": [
        0.6795461642853067,
        0.580375702080055,
        0.7056658452418985,
        0.6677728834893399
      ]
    },
    "pool_cc1": {
      "mean": 0.6461936089505386,
      "sd": 0.0172262878506214,
      "delta": 0.031949946954641706,
      "wins": 10,
      "class_f1_mean": [
        0.6579650922287563,
        0.5836496710703832,
        0.6982017435069021,
        0.644957928996113
      ]
    },
    "pool_cc1_grid": {
      "mean": 0.6685617785167443,
      "sd": 0.020663773229700037,
      "delta": 0.05431811652084737,
      "wins": 10,
      "class_f1_mean": [
        0.6859829606407585,
        0.6100112651977221,
        0.7109405615312328,
        0.6673123266972643
      ]
    },
    "pool_cc2": {
      "mean": 0.6452005849296965,
      "sd": 0.021861145289649213,
      "delta": 0.03095692293379959,
      "wins": 10,
      "class_f1_mean": [
        0.6668718852548042,
        0.5726656528252873,
        0.6992784362154463,
        0.6419863654232485
      ]
    },
    "pool_cc2_grid": {
      "mean": 0.6649211150308958,
      "sd": 0.026204547415651473,
      "delta": 0.050677453034998765,
      "wins": 10,
      "class_f1_mean": [
        0.6890823739917313,
        0.5951431819165658,
        0.7124992045242262,
        0.6629596996910595
      ]
    }
  },
  "100": {
    "EXP010": {
      "mean": 0.6168095280861808,
      "sd": 0.019544420070979188,
      "delta": 0.0,
      "wins": 0,
      "class_f1_mean": [
        0.6528685669135039,
        0.5650571293305355,
        0.6464001689842978,
        0.6029122471163862
      ]
    },
    "raw": {
      "mean": 0.6409720476212734,
      "sd": 0.01649556370177127,
      "delta": 0.024162519535092408,
      "wins": 9,
      "class_f1_mean": [
        0.6656611854688954,
        0.5750522888640692,
        0.6940877117781694,
        0.6290870043739589
      ]
    },
    "raw_knn": {
      "mean": 0.6587092851448922,
      "sd": 0.023710170043301268,
      "delta": 0.041899757058711275,
      "wins": 10,
      "class_f1_mean": [
        0.6978416239520665,
        0.6003199941939609,
        0.6912339723962995,
        0.6454415500372417
      ]
    },
    "raw_grid": {
      "mean": 0.6587506854720111,
      "sd": 0.019456821244598323,
      "delta": 0.04194115738583024,
      "wins": 10,
      "class_f1_mean": [
        0.686377877249899,
        0.5938691909565035,
        0.7048375090055952,
        0.6499181646760469
      ]
    },
    "raw_cc0": {
      "mean": 0.6424322373867863,
      "sd": 0.015954088962512682,
      "delta": 0.02562270930060545,
      "wins": 9,
      "class_f1_mean": [
        0.6652037414347487,
        0.5784578793785838,
        0.6954232312006117,
        0.6306440975332009
      ]
    },
    "raw_cc0_grid": {
      "mean": 0.6603387873035019,
      "sd": 0.018699178374192525,
      "delta": 0.04352925921732097,
      "wins": 10,
      "class_f1_mean": [
        0.6875051834362516,
        0.5980549944922482,
        0.7053748210147455,
        0.6504201502707622
      ]
    },
    "raw_cc1": {
      "mean": 0.6446490533636314,
      "sd": 0.015968204152388366,
      "delta": 0.027839525277450615,
      "wins": 10,
      "class_f1_mean": [
        0.6663477226539285,
        0.5855809115666766,
        0.6961985436101589,
        0.6304690356237618
      ]
    },
    "raw_cc1_grid": {
      "mean": 0.6633872951975487,
      "sd": 0.018305779063416353,
      "delta": 0.046577767111367865,
      "wins": 10,
      "class_f1_mean": [
        0.6896366405386385,
        0.6078599803044427,
        0.7064945470293506,
        0.6495580129177629
      ]
    },
    "raw_cc2": {
      "mean": 0.6442337677050407,
      "sd": 0.01731437555833578,
      "delta": 0.02742423961885986,
      "wins": 10,
      "class_f1_mean": [
        0.6688944080130648,
        0.5814530389571445,
        0.6971025742757322,
        0.6294850495742215
      ]
    },
    "raw_cc2_grid": {
      "mean": 0.6610888562268091,
      "sd": 0.02099505088989726,
      "delta": 0.04427932814062825,
      "wins": 10,
      "class_f1_mean": [
        0.6894227781721923,
        0.600866652495613,
        0.7070919177525399,
        0.6469740764868913
      ]
    },
    "pool": {
      "mean": 0.6449540860364429,
      "sd": 0.01750440969783543,
      "delta": 0.028144557950261984,
      "wins": 9,
      "class_f1_mean": [
        0.6617163615724626,
        0.5690040550203647,
        0.7057394981312006,
        0.6433564294217435
      ]
    },
    "pool_knn": {
      "mean": 0.6633026311659802,
      "sd": 0.02122973698272808,
      "delta": 0.04649310307979933,
      "wins": 10,
      "class_f1_mean": [
        0.6988699421863263,
        0.5992093844954545,
        0.6998951269106395,
        0.6552360710715003
      ]
    },
    "pool_grid": {
      "mean": 0.6644773751211892,
      "sd": 0.02023772565613166,
      "delta": 0.047667847035008294,
      "wins": 10,
      "class_f1_mean": [
        0.6850690287940367,
        0.5909789051468101,
        0.7156468940007865,
        0.6662146725431233
      ]
    },
    "pool_cc0": {
      "mean": 0.6478268364814725,
      "sd": 0.016749504046969572,
      "delta": 0.031017308395291654,
      "wins": 10,
      "class_f1_mean": [
        0.6622427490701159,
        0.574023394803358,
        0.7075029555260299,
        0.6475382465263863
      ]
    },
    "pool_cc0_grid": {
      "mean": 0.6667999347079138,
      "sd": 0.01894541580534704,
      "delta": 0.04999040662173293,
      "wins": 10,
      "class_f1_mean": [
        0.6858539808226765,
        0.5964098462118176,
        0.7165578923608809,
        0.6683780194362803
      ]
    },
    "pool_cc1": {
      "mean": 0.652089813963084,
      "sd": 0.016548384683907243,
      "delta": 0.03528028587690311,
      "wins": 10,
      "class_f1_mean": [
        0.663583653997723,
        0.5863673191937455,
        0.709947979341903,
        0.6484603033189641
      ]
    },
    "pool_cc1_grid": {
      "mean": 0.6723468544255378,
      "sd": 0.0190267426977508,
      "delta": 0.05553732633935674,
      "wins": 10,
      "class_f1_mean": [
        0.68921621240225,
        0.6112139339725899,
        0.719844670259937,
        0.6691126010673736
      ]
    },
    "pool_cc2": {
      "mean": 0.6517663456071825,
      "sd": 0.018798067434693578,
      "delta": 0.03495681752100155,
      "wins": 10,
      "class_f1_mean": [
        0.6673933715777168,
        0.5824198421396188,
        0.7111481052043511,
        0.6461040635070427
      ]
    },
    "pool_cc2_grid": {
      "mean": 0.670046843930934,
      "sd": 0.022700207911817646,
      "delta": 0.053237315844753254,
      "wins": 10,
      "class_f1_mean": [
        0.691179542169919,
        0.6035940595882808,
        0.7201451288572854,
        0.6652686451082512
      ]
    }
  },
  "200": {
    "EXP010": {
      "mean": 0.6177582858440491,
      "sd": 0.019581005351072385,
      "delta": 0.0,
      "wins": 0,
      "class_f1_mean": [
        0.6471851708968392,
        0.5715258040331598,
        0.6493137196069121,
        0.6030084488392854
      ]
    },
    "raw": {
      "mean": 0.6454047149662347,
      "sd": 0.0061737072149865985,
      "delta": 0.027646429122185658,
      "wins": 8,
      "class_f1_mean": [
        0.6634887284113571,
        0.589521788030857,
        0.6976474982777731,
        0.630960845144952
      ]
    },
    "raw_knn": {
      "mean": 0.6636197049382615,
      "sd": 0.008367422795723539,
      "delta": 0.04586141909421239,
      "wins": 10,
      "class_f1_mean": [
        0.6985388950473767,
        0.6154197686529204,
        0.6947867961176699,
        0.6457333599350792
      ]
    },
    "raw_grid": {
      "mean": 0.6634161676135879,
      "sd": 0.00639147484713405,
      "delta": 0.0456578817695388,
      "wins": 10,
      "class_f1_mean": [
        0.6879824386529012,
        0.608232312833659,
        0.7077629775045429,
        0.6496869414632485
      ]
    },
    "raw_cc0": {
      "mean": 0.6462288477811791,
      "sd": 0.00629150919446372,
      "delta": 0.02847056193712989,
      "wins": 8,
      "class_f1_mean": [
        0.6633311921729161,
        0.5907955525108446,
        0.698387018437675,
        0.6324016280032803
      ]
    },
    "raw_cc0_grid": {
      "mean": 0.6642048967754752,
      "sd": 0.006071428906345641,
      "delta": 0.046446610931426144,
      "wins": 10,
      "class_f1_mean": [
        0.688359001448897,
        0.6099114767701057,
        0.708250845623802,
        0.6502982632590963
      ]
    },
    "raw_cc1": {
      "mean": 0.647279533525823,
      "sd": 0.005880390798545303,
      "delta": 0.02952124768177399,
      "wins": 10,
      "class_f1_mean": [
        0.6640748244075938,
        0.5946955806732193,
        0.6988279495020505,
        0.6315197795204288
      ]
    },
    "raw_cc1_grid": {
      "mean": 0.6656481181338668,
      "sd": 0.005925367715441932,
      "delta": 0.04788983228981768,
      "wins": 10,
      "class_f1_mean": [
        0.6892038920043125,
        0.6140778984008496,
        0.70898893027364,
        0.6503217518566651
      ]
    },
    "raw_cc2": {
      "mean": 0.6469153908603493,
      "sd": 0.005539953367679039,
      "delta": 0.0291571050163002,
      "wins": 10,
      "class_f1_mean": [
        0.6647580094458951,
        0.5925178803039076,
        0.6992300265548304,
        0.631155647136764
      ]
    },
    "raw_cc2_grid": {
      "mean": 0.6644541595380582,
      "sd": 0.006490588927168732,
      "delta": 0.046695873694009085,
      "wins": 10,
      "class_f1_mean": [
        0.688970781929126,
        0.6109673545690018,
        0.7088083256694702,
        0.6490701759846351
      ]
    },
    "pool": {
      "mean": 0.6567375720882651,
      "sd": 0.011453436633584207,
      "delta": 0.03897928624421595,
      "wins": 10,
      "class_f1_mean": [
        0.6628300061297324,
        0.5960588089925787,
        0.7119298934172965,
        0.6561315798134524
      ]
    },
    "pool_knn": {
      "mean": 0.6714506876294133,
      "sd": 0.012732092900513031,
      "delta": 0.05369240178536426,
      "wins": 10,
      "class_f1_mean": [
        0.698868337618514,
        0.6215649417564781,
        0.702895989462075,
        0.6624734816805863
      ]
    },
    "pool_grid": {
      "mean": 0.6765346501841947,
      "sd": 0.012843976464607151,
      "delta": 0.05877636434014551,
      "wins": 10,
      "class_f1_mean": [
        0.6884129540575106,
        0.6174392532451938,
        0.7213315135938542,
        0.67895487984022
      ]
    },
    "pool_cc0": {
      "mean": 0.6577217978635453,
      "sd": 0.01115372649058343,
      "delta": 0.03996351201949627,
      "wins": 10,
      "class_f1_mean": [
        0.6628586261736147,
        0.5983481319891053,
        0.7128670765690577,
        0.6568133567224037
      ]
    },
    "pool_cc0_grid": {
      "mean": 0.6773140474018882,
      "sd": 0.012799769379136721,
      "delta": 0.05955576155783907,
      "wins": 10,
      "class_f1_mean": [
        0.6883576414379469,
        0.6189786814919371,
        0.7221757513842663,
        0.6797441152934023
      ]
    },
    "pool_cc1": {
      "mean": 0.6591099286617303,
      "sd": 0.011415976897920446,
      "delta": 0.04135164281768124,
      "wins": 10,
      "class_f1_mean": [
        0.663352689268959,
        0.6025476879975329,
        0.7138675168105032,
        0.6566718205699265
      ]
    },
    "pool_cc1_grid": {
      "mean": 0.6789224364389567,
      "sd": 0.012633402907051611,
      "delta": 0.061164150594907506,
      "wins": 10,
      "class_f1_mean": [
        0.689170204194001,
        0.6243209026461872,
        0.7228413178887523,
        0.6793573210268858
      ]
    },
    "pool_cc2": {
      "mean": 0.6591009895193409,
      "sd": 0.012057771604427002,
      "delta": 0.04134270367529175,
      "wins": 10,
      "class_f1_mean": [
        0.6650501381853758,
        0.6009709493645531,
        0.7146661130892057,
        0.6557167574382285
      ]
    },
    "pool_cc2_grid": {
      "mean": 0.6786114430457604,
      "sd": 0.014337098471293053,
      "delta": 0.060853157201711396,
      "wins": 10,
      "class_f1_mean": [
        0.6909749936713883,
        0.6217457726756489,
        0.7233610449334822,
        0.6783639609025225
      ]
    }
  }
}
