source conditional iteration 0 done
source conditional iteration 1 done
source conditional iteration 2 done
audit 0 5 done
audit 0 25 done
audit 0 50 done
audit 0 100 done
audit 0 200 done
audit 1 5 done
audit 1 25 done
audit 1 50 done
audit 1 100 done
audit 1 200 done
audit 2 5 done
audit 2 25 done
audit 2 50 done
audit 2 100 done
audit 2 200 done
audit 3 5 done
audit 3 25 done
audit 3 50 done
audit 3 100 done
audit 3 200 done
audit 4 5 done
audit 4 25 done
audit 4 50 done
audit 4 100 done
audit 4 200 done
audit 5 5 done
audit 5 25 done
audit 5 50 done
audit 5 100 done
audit 5 200 done
audit 6 5 done
audit 6 25 done
audit 6 50 done
audit 6 100 done
audit 6 200 done
audit 7 5 done
audit 7 25 done
audit 7 50 done
audit 7 100 done
audit 7 200 done
audit 8 5 done
audit 8 25 done
audit 8 50 done
audit 8 100 done
audit 8 200 done
audit 9 5 done
audit 9 25 done
audit 9 50 done
audit 9 100 done
audit 9 200 done
{
  "5": {
    "EXP010": {
      "mean": 0.5524282512915606,
      "sd": 0.05953945456097259,
      "delta": 0.0,
      "wins": 0,
      "class_f1_mean": [
        0.6618948083245694,
        0.47491681475297476,
        0.5095284576027561,
        0.5633729244859419
      ]
    },
    "raw": {
      "mean": 0.5369408820385431,
      "sd": 0.03708811370630893,
      "delta": -0.015487369253017507,
      "wins": 3,
      "class_f1_mean": [
        0.6237248905240823,
        0.46951242809167504,
        0.5577361140557233,
        0.4967900954826915
      ]
    },
    "raw_knn": {
      "mean": 0.5548264230214242,
      "sd": 0.0400981856548064,
      "delta": 0.0023981717298636627,
      "wins": 3,
      "class_f1_mean": [
        0.6610821613426349,
        0.490312234475879,
        0.563634752777465,
        0.5042765434897177
      ]
    },
    "raw_grid": {
      "mean": 0.5540610524373493,
      "sd": 0.03922248859836502,
      "delta": 0.0016328011457886205,
      "wins": 3,
      "class_f1_mean": [
        0.6477330548538235,
        0.4813928645030698,
        0.570810670318172,
        0.5163076200743313
      ]
    },
    "raw_cc0": {
      "mean": 0.6007830315422847,
      "sd": 0.02391432257602247,
      "delta": 0.04835478025072421,
      "wins": 8,
      "class_f1_mean": [
        0.6191816054116096,
        0.5467054138217864,
        0.6424493444852886,
        0.5947957624504543
      ]
    },
    "raw_cc0_grid": {
      "mean": 0.6231014049792963,
      "sd": 0.025421529068984733,
      "delta": 0.07067315368773594,
      "wins": 10,
      "class_f1_mean": [
        0.6452000336528918,
        0.5734919282178101,
        0.6583015179100586,
        0.6154121401364253
      ]
    },
    "raw_cc1": {
      "mean": 0.606203290246733,
      "sd": 0.013419852131640313,
      "delta": 0.05377503895517245,
      "wins": 8,
      "class_f1_mean": [
        0.6457756674352075,
        0.6052068849333645,
        0.5697465669145165,
        0.6040840417038431
      ]
    },
    "raw_cc1_grid": {
      "mean": 0.6239057283588275,
      "sd": 0.01428653501882069,
      "delta": 0.07147747706726698,
      "wins": 10,
      "class_f1_mean": [
        0.6808311682485945,
        0.6272997362325646,
        0.5726567638725866,
        0.6148352450815644
      ]
    },
    "raw_cc2": {
      "mean": 0.5992326285880425,
      "sd": 0.010170260592235206,
      "delta": 0.04680437729648191,
      "wins": 8,
      "class_f1_mean": [
        0.6864220020475932,
        0.5367480258842836,
        0.5674734598944352,
        0.6062870265258578
      ]
    },
    "raw_cc2_grid": {
      "mean": 0.6077829678305828,
      "sd": 0.01319911823905298,
      "delta": 0.05535471653902215,
      "wins": 8,
      "class_f1_mean": [
        0.7020927646794239,
        0.5443739824621628,
        0.5719968547540526,
        0.6126682694266914
      ]
    },
    "pool": {
      "mean": 0.511426860607185,
      "sd": 0.03127486021605067,
      "delta": -0.041001390684375465,
      "wins": 2,
      "class_f1_mean": [
        0.5751261927617256,
        0.43260501476507096,
        0.5292892900354034,
        0.5086869448665403
      ]
    },
    "pool_knn": {
      "mean": 0.5398300598317296,
      "sd": 0.03995974509198207,
      "delta": -0.012598191459830915,
      "wins": 3,
      "class_f1_mean": [
        0.6192385001108753,
        0.45882818058349495,
        0.5452261857856168,
        0.5360273728469314
      ]
    },
    "pool_grid": {
      "mean": 0.5338444119457997,
      "sd": 0.03467642200677015,
      "delta": -0.01858383934576081,
      "wins": 2,
      "class_f1_mean": [
        0.6026253659607863,
        0.44521245535605375,
        0.5477570019716718,
        0.5397828244946871
      ]
    },
    "pool_cc0": {
      "mean": 0.5922233486816821,
      "sd": 0.018026309613625374,
      "delta": 0.03979509739012145,
      "wins": 6,
      "class_f1_mean": [
        0.5878703321056628,
        0.5354328550909114,
        0.6328074171891306,
        0.6127827903410232
      ]
    },
    "pool_cc0_grid": {
      "mean": 0.6195561967217509,
      "sd": 0.0215047512019133,
      "delta": 0.06712794543019035,
      "wins": 10,
      "class_f1_mean": [
        0.6196450821911037,
        0.5698032834534399,
        0.6537755169172029,
        0.6350009043252569
      ]
    },
    "pool_cc1": {
      "mean": 0.5913310201577954,
      "sd": 0.008850726937928701,
      "delta": 0.03890276886623474,
      "wins": 6,
      "class_f1_mean": [
        0.6310211000342993,
        0.5936605535900844,
        0.5292679477543878,
        0.6113744792524095
      ]
    },
    "pool_cc1_grid": {
      "mean": 0.608805552709307,
      "sd": 0.009815091351842949,
      "delta": 0.05637730141774655,
      "wins": 8,
      "class_f1_mean": [
        0.6672643731199497,
        0.616037313148337,
        0.528376303295079,
        0.6235442212738624
      ]
    },
    "pool_cc2": {
      "mean": 0.5943013163098368,
      "sd": 0.007226481522007748,
      "delta": 0.041873065018276215,
      "wins": 6,
      "class_f1_mean": [
        0.6829836550924429,
        0.5305655220826796,
        0.5545859843800758,
        0.6090701036841486
      ]
    },
    "pool_cc2_grid": {
      "mean": 0.6031346588765613,
      "sd": 0.010482611246468454,
      "delta": 0.05070640758500071,
      "wins": 7,
      "class_f1_mean": [
        0.6995801612639834,
        0.5373247471318461,
        0.5583550328195244,
        0.6172786942908911
      ]
    }
  },
  "25": {
    "EXP010": {
      "mean": 0.6121741816869667,
      "sd": 0.013057264399624555,
      "delta": 0.0,
      "wins": 0,
      "class_f1_mean": [
        0.6561641133383795,
        0.5813022898952441,
        0.6326011854842875,
        0.578629138029956
      ]
    },
    "raw": {
      "mean": 0.638898623982986,
      "sd": 0.016984719002679022,
      "delta": 0.02672444229601927,
      "wins": 9,
      "class_f1_mean": [
        0.6761662154973905,
        0.5787965061461158,
        0.6843691975856334,
        0.6162625767028047
      ]
    },
    "raw_knn": {
      "mean": 0.664676011058363,
      "sd": 0.015333130731401096,
      "delta": 0.05250182937139627,
      "wins": 10,
      "class_f1_mean": [
        0.7279564948713169,
        0.6198685594197084,
        0.6848109005464431,
        0.6260680893959835
      ]
    },
    "raw_grid": {
      "mean": 0.6615864736682863,
      "sd": 0.016662961479686107,
      "delta": 0.049412291981319564,
      "wins": 10,
      "class_f1_mean": [
        0.7064417743402842,
        0.6039860818318069,
        0.6974263249352697,
        0.6384917135657846
      ]
    },
    "raw_cc0": {
      "mean": 0.6441530880263978,
      "sd": 0.015735560455615406,
      "delta": 0.03197890633943098,
      "wins": 9,
      "class_f1_mean": [
        0.675195257802751,
        0.5895355875013146,
        0.6895452046210178,
        0.6223363021805077
      ]
    },
    "raw_cc0_grid": {
      "mean": 0.6668553459764716,
      "sd": 0.015341212288319885,
      "delta": 0.05468116428950477,
      "wins": 10,
      "class_f1_mean": [
        0.7060803044942432,
        0.6168399806784602,
        0.7016097936700633,
        0.6428913050631195
      ]
    },
    "raw_cc1": {
      "mean": 0.651124783924714,
      "sd": 0.013095275805447835,
      "delta": 0.038950602237747226,
      "wins": 10,
      "class_f1_mean": [
        0.6809323294098097,
        0.6135616239789892,
        0.6897760411840201,
        0.620229141126037
      ]
    },
    "raw_cc1_grid": {
      "mean": 0.6729759558454897,
      "sd": 0.012841617364117361,
      "delta": 0.060801774158523045,
      "wins": 10,
      "class_f1_mean": [
        0.7115483332514217,
        0.6405824702543186,
        0.7003132922967059,
        0.6394597275795132
      ]
    },
    "raw_cc2": {
      "mean": 0.6503367634281366,
      "sd": 0.012138441299145207,
      "delta": 0.03816258174116982,
      "wins": 10,
      "class_f1_mean": [
        0.6950161273169846,
        0.6003588354861538,
        0.6892687299221413,
        0.6167033609872667
      ]
    },
    "raw_cc2_grid": {
      "mean": 0.668614673868696,
      "sd": 0.012201672789472293,
      "delta": 0.05644049218172923,
      "wins": 10,
      "class_f1_mean": [
        0.7201852820521208,
        0.622022824686851,
        0.6992121096875042,
        0.6330384790483079
      ]
    },
    "pool": {
      "mean": 0.6360282547202611,
      "sd": 0.012913243166479484,
      "delta": 0.023854073033294433,
      "wins": 9,
      "class_f1_mean": [
        0.6712345391084433,
        0.5631423762229746,
        0.6805860177006354,
        0.6291500858489916
      ]
    },
    "pool_knn": {
      "mean": 0.6679640075053587,
      "sd": 0.012806277777793295,
      "delta": 0.05578982581839187,
      "wins": 10,
      "class_f1_mean": [
        0.7229613174678348,
        0.6108030212842659,
        0.6890462316520265,
        0.6490454596173074
      ]
    },
    "pool_grid": {
      "mean": 0.6628509383879614,
      "sd": 0.01349326478744512,
      "delta": 0.050676756700994655,
      "wins": 10,
      "class_f1_mean": [
        0.701236820946407,
        0.5927621940012231,
        0.6982808267688065,
        0.6591239118354089
      ]
    },
    "pool_cc0": {
      "mean": 0.6467072598273422,
      "sd": 0.012067889752896932,
      "delta": 0.03453307814037544,
      "wins": 10,
      "class_f1_mean": [
        0.6745089517546775,
        0.5824606790156132,
        0.6905237191399962,
        0.6393356893990818
      ]
    },
    "pool_cc0_grid": {
      "mean": 0.6722769347301261,
      "sd": 0.012295839623512675,
      "delta": 0.06010275304315925,
      "wins": 10,
      "class_f1_mean": [
        0.7052517666452666,
        0.6140072214384515,
        0.705046082248197,
        0.664802668588589
      ]
    },
    "pool_cc1": {
      "mean": 0.6566182833662714,
      "sd": 0.012091651156686159,
      "delta": 0.04444410167930448,
      "wins": 10,
      "class_f1_mean": [
        0.6828256885020801,
        0.6164791850266166,
        0.6894413560613577,
        0.6377269038750307
      ]
    },
    "pool_cc1_grid": {
      "mean": 0.6809509850240966,
      "sd": 0.010790643582920822,
      "delta": 0.06877680333712982,
      "wins": 10,
      "class_f1_mean": [
        0.7156854879708445,
        0.6484323881630749,
        0.7012568172141458,
        0.658429246748321
      ]
    },
    "pool_cc2": {
      "mean": 0.6541532788234571,
      "sd": 0.013022662960038251,
      "delta": 0.041979097136490305,
      "wins": 10,
      "class_f1_mean": [
        0.6999785406668064,
        0.597895956799909,
        0.6870736696488617,
        0.6316649481782515
      ]
    },
    "pool_cc2_grid": {
      "mean": 0.6749157430963711,
      "sd": 0.01294825537124145,
      "delta": 0.06274156140940432,
      "wins": 10,
      "class_f1_mean": [
        0.7257915096565968,
        0.6250270056990088,
        0.6985808009039856,
        0.6502636561258933
      ]
    }
  },
  "50": {
    "EXP010": {
      "mean": 0.6172730111272244,
      "sd": 0.007838735449785847,
      "delta": 0.0,
      "wins": 0,
      "class_f1_mean": [
        0.6629618741507723,
        0.5703254616861808,
        0.6421188358164815,
        0.5936858728554635
      ]
    },
    "raw": {
      "mean": 0.6542319876824856,
      "sd": 0.01086119327490589,
      "delta": 0.036958976555260994,
      "wins": 10,
      "class_f1_mean": [
        0.6957519630252532,
        0.5970795737592022,
        0.6958862802658422,
        0.6282101336796444
      ]
    },
    "raw_knn": {
      "mean": 0.6823248077564034,
      "sd": 0.012702441108581965,
      "delta": 0.06505179662917882,
      "wins": 10,
      "class_f1_mean": [
        0.7449314806225029,
        0.6426080156413252,
        0.6971521442417783,
        0.6446075905200072
      ]
    },
    "raw_grid": {
      "mean": 0.6771282319098791,
      "sd": 0.01217059797285153,
      "delta": 0.05985522078265456,
      "wins": 10,
      "class_f1_mean": [
        0.7243534881716486,
        0.6240897583314351,
        0.7085265396494291,
        0.6515431414870035
      ]
    },
    "raw_cc0": {
      "mean": 0.6564035412609536,
      "sd": 0.010639668438432729,
      "delta": 0.039130530133729066,
      "wins": 10,
      "class_f1_mean": [
        0.6952651284642717,
        0.602074625706576,
        0.6985849184307223,
        0.6296894924422446
      ]
    },
    "raw_cc0_grid": {
      "mean": 0.6791328867243309,
      "sd": 0.012462131778335718,
      "delta": 0.06185987559710644,
      "wins": 10,
      "class_f1_mean": [
        0.7249114704460498,
        0.630126105753906,
        0.7093135978677543,
        0.6521803728296137
      ]
    },
    "raw_cc1": {
      "mean": 0.660042317352317,
      "sd": 0.010419470575815893,
      "delta": 0.04276930622509258,
      "wins": 10,
      "class_f1_mean": [
        0.6982169638796311,
        0.6138533005402254,
        0.6978260660031054,
        0.6302729389863067
      ]
    },
    "raw_cc1_grid": {
      "mean": 0.6825039577196698,
      "sd": 0.010932953375504276,
      "delta": 0.06523094659244519,
      "wins": 10,
      "class_f1_mean": [
        0.7278564098927163,
        0.6422877959000848,
        0.7084123821784332,
        0.6514592429074446
      ]
    },
    "raw_cc2": {
      "mean": 0.658859049418869,
      "sd": 0.010038550897299228,
      "delta": 0.041586038291644555,
      "wins": 10,
      "class_f1_mean": [
        0.7038764686442598,
        0.6057271614925559,
        0.6976963768449926,
        0.6281361906936681
      ]
    },
    "raw_cc2_grid": {
      "mean": 0.6791473340902249,
      "sd": 0.011009934491386502,
      "delta": 0.06187432296300033,
      "wins": 10,
      "class_f1_mean": [
        0.729991008679743,
        0.6305933358412019,
        0.7084676425634525,
        0.6475373492765021
      ]
    },
    "pool": {
      "mean": 0.6530350474674218,
      "sd": 0.006069491367631568,
      "delta": 0.035762036340197347,
      "wins": 10,
      "class_f1_mean": [
        0.6934331835191598,
        0.5885150044611256,
        0.6931539908076614,
        0.6370380110817411
      ]
    },
    "pool_knn": {
      "mean": 0.683541426538136,
      "sd": 0.008668099127821292,
      "delta": 0.06626841541091147,
      "wins": 10,
      "class_f1_mean": [
        0.7461572701352244,
        0.6384316846591005,
        0.6958965856668129,
        0.6536801656914066
      ]
    },
    "pool_grid": {
      "mean": 0.6798303580819713,
      "sd": 0.006393836875168357,
      "delta": 0.06255734695474682,
      "wins": 10,
      "class_f1_mean": [
        0.7250376331083956,
        0.6201082345644637,
        0.7080741221088884,
        0.6661014425461376
      ]
    },
    "pool_cc0": {
      "mean": 0.6574938780094433,
      "sd": 0.005921301860815706,
      "delta": 0.04022086688221882,
      "wins": 10,
      "class_f1_mean": [
        0.6947234535231896,
        0.596783150858448,
        0.6971489839196907,
        0.6413199237364451
      ]
    },
    "pool_cc0_grid": {
      "mean": 0.6838628077064566,
      "sd": 0.006094943322440113,
      "delta": 0.0665897965792321,
      "wins": 10,
      "class_f1_mean": [
        0.7267636879573263,
        0.6296421639857569,
        0.7107089145699323,
        0.668336464312811
      ]
    },
    "pool_cc1": {
      "mean": 0.6629479877770642,
      "sd": 0.006283603804775927,
      "delta": 0.04567497664983974,
      "wins": 10,
      "class_f1_mean": [
        0.698444726747226,
        0.6137998344069278,
        0.6979593677936394,
        0.6415880221604642
      ]
    },
    "pool_cc1_grid": {
      "mean": 0.6892131406455209,
      "sd": 0.0065260247702626645,
      "delta": 0.0719401295182963,
      "wins": 10,
      "class_f1_mean": [
        0.7311410139867447,
        0.6476667958180646,
        0.7113344842010532,
        0.6667102685762208
      ]
    },
    "pool_cc2": {
      "mean": 0.6618038162617981,
      "sd": 0.006042499859167615,
      "delta": 0.044530805134573616,
      "wins": 10,
      "class_f1_mean": [
        0.7046764891606984,
        0.6038372119205585,
        0.7000892564013707,
        0.6386123075645653
      ]
    },
    "pool_cc2_grid": {
      "mean": 0.6852395512291453,
      "sd": 0.006410593115257046,
      "delta": 0.06796654010192064,
      "wins": 10,
      "class_f1_mean": [
        0.7320721424425425,
        0.6336693209380088,
        0.7133308348695391,
        0.6618859066664905
      ]
    }
  },
  "100": {
    "EXP010": {
      "mean": 0.6195128242719973,
      "sd": 0.004769562795261893,
      "delta": 0.0,
      "wins": 0,
      "class_f1_mean": [
        0.667904586754077,
        0.5725304356628194,
        0.6462306836579984,
        0.5913855910130944
      ]
    },
    "raw": {
      "mean": 0.6734230501073231,
      "sd": 0.006460030257336748,
      "delta": 0.053910225835325745,
      "wins": 10,
      "class_f1_mean": [
        0.713538680173499,
        0.6237761025524872,
        0.7091131945887152,
        0.6472642231145905
      ]
    },
    "raw_knn": {
      "mean": 0.7018778568187909,
      "sd": 0.007380947480194265,
      "delta": 0.08236503254679359,
      "wins": 10,
      "class_f1_mean": [
        0.7647043981080468,
        0.6724199669752629,
        0.7099028542200726,
        0.6604842079717812
      ]
    },
    "raw_grid": {
      "mean": 0.6984136767978277,
      "sd": 0.007529311844126714,
      "delta": 0.07890085252583043,
      "wins": 10,
      "class_f1_mean": [
        0.7447717991497875,
        0.6557285700838323,
        0.7230080893406358,
        0.6701462486170554
      ]
    },
    "raw_cc0": {
      "mean": 0.6738359304239251,
      "sd": 0.006137202899078988,
      "delta": 0.054323106151927814,
      "wins": 10,
      "class_f1_mean": [
        0.7129838893587845,
        0.6255944521012351,
        0.7096893782202975,
        0.647076002015383
      ]
    },
    "raw_cc0_grid": {
      "mean": 0.6989126542202933,
      "sd": 0.007257680724947105,
      "delta": 0.07939982994829593,
      "wins": 10,
      "class_f1_mean": [
        0.7444271310234445,
        0.6577761654838014,
        0.7233971998321983,
        0.6700501205417287
      ]
    },
    "raw_cc1": {
      "mean": 0.6753778200788192,
      "sd": 0.005910164165039226,
      "delta": 0.05586499580682197,
      "wins": 10,
      "class_f1_mean": [
        0.7139796971569343,
        0.6313762926121346,
        0.7096596760793659,
        0.6464956144668422
      ]
    },
    "raw_cc1_grid": {
      "mean": 0.7000903548343252,
      "sd": 0.006942710933936799,
      "delta": 0.080577530562328,
      "wins": 10,
      "class_f1_mean": [
        0.7456410454307836,
        0.6632752501964975,
        0.7225881712510325,
        0.6688569524589878
      ]
    },
    "raw_cc2": {
      "mean": 0.6745108485066601,
      "sd": 0.006230657860384326,
      "delta": 0.054998024234662844,
      "wins": 10,
      "class_f1_mean": [
        0.7166311335656529,
        0.6272277994920256,
        0.7095564843474339,
        0.6446279766215282
      ]
    },
    "raw_cc2_grid": {
      "mean": 0.6982234078115901,
      "sd": 0.007088758984872709,
      "delta": 0.07871058353959283,
      "wins": 10,
      "class_f1_mean": [
        0.7462534969581288,
        0.6575898180313825,
        0.7225132435608909,
        0.6665370726959582
      ]
    },
    "pool": {
      "mean": 0.6801688428074346,
      "sd": 0.0049024149258543905,
      "delta": 0.060656018535437374,
      "wins": 10,
      "class_f1_mean": [
        0.717961967055671,
        0.6274593760898012,
        0.7147638768615365,
        0.66049015122273
      ]
    },
    "pool_knn": {
      "mean": 0.7072888307859858,
      "sd": 0.005938976776890836,
      "delta": 0.08777600651398856,
      "wins": 10,
      "class_f1_mean": [
        0.7710820964939743,
        0.6782399182574836,
        0.7123718896496866,
        0.6674614187427989
      ]
    },
    "pool_grid": {
      "mean": 0.7062972923441698,
      "sd": 0.004822782343760009,
      "delta": 0.08678446807217256,
      "wins": 10,
      "class_f1_mean": [
        0.7506929089723614,
        0.6623196770439553,
        0.7266497123494942,
        0.6855268710108684
      ]
    },
    "pool_cc0": {
      "mean": 0.6811441889250095,
      "sd": 0.004564264945664152,
      "delta": 0.06163136465301232,
      "wins": 10,
      "class_f1_mean": [
        0.7179701418330201,
        0.6305289466127524,
        0.715554943956958,
        0.6605227232973077
      ]
    },
    "pool_cc0_grid": {
      "mean": 0.707389822939629,
      "sd": 0.004711267530054405,
      "delta": 0.08787699866763175,
      "wins": 10,
      "class_f1_mean": [
        0.7509908456600509,
        0.665315974642941,
        0.7276821670968683,
        0.6855703043586557
      ]
    },
    "pool_cc1": {
      "mean": 0.682859414555198,
      "sd": 0.004692131088167017,
      "delta": 0.06334659028320075,
      "wins": 10,
      "class_f1_mean": [
        0.7188452778344276,
        0.6368026933559918,
        0.7162029324597813,
        0.6595867545705911
      ]
    },
    "pool_cc1_grid": {
      "mean": 0.7096972952744086,
      "sd": 0.004134988206456277,
      "delta": 0.09018447100241131,
      "wins": 10,
      "class_f1_mean": [
        0.7523584989209275,
        0.6731089936545047,
        0.7284193662534815,
        0.6849023222687206
      ]
    },
    "pool_cc2": {
      "mean": 0.6822352321030017,
      "sd": 0.0045890637782524555,
      "delta": 0.06272240783100434,
      "wins": 10,
      "class_f1_mean": [
        0.7217522709893313,
        0.6327593504911733,
        0.7167919164610163,
        0.6576373904704859
      ]
    },
    "pool_cc2_grid": {
      "mean": 0.7073855994039089,
      "sd": 0.0034135077849770973,
      "delta": 0.08787277513191157,
      "wins": 10,
      "class_f1_mean": [
        0.7529633836925844,
        0.6668748019890787,
        0.7287095815106333,
        0.6809946304233391
      ]
    }
  },
  "200": {
    "EXP010": {
      "mean": 0.6239824550341563,
      "sd": 0.003646326006963635,
      "delta": 0.0,
      "wins": 0,
      "class_f1_mean": [
        0.6702286186970035,
        0.581466475420454,
        0.6528488326801554,
        0.5913858933390126
      ]
    },
    "raw": {
      "mean": 0.6897290842071313,
      "sd": 0.004702825756916714,
      "delta": 0.06574662917297497,
      "wins": 10,
      "class_f1_mean": [
        0.7312141489153913,
        0.6499917482923098,
        0.7211103047707811,
        0.6566001348500432
      ]
    },
    "raw_knn": {
      "mean": 0.7191926670186808,
      "sd": 0.006286531768048763,
      "delta": 0.09521021198452445,
      "wins": 10,
      "class_f1_mean": [
        0.7808634047277137,
        0.7006369555831438,
        0.7202746658459931,
        0.6749956419178726
      ]
    },
    "raw_grid": {
      "mean": 0.7152742627850355,
      "sd": 0.0052551120548114776,
      "delta": 0.09129180775087924,
      "wins": 10,
      "class_f1_mean": [
        0.7614955066125741,
        0.6835713313638669,
        0.7336200615681497,
        0.6824101515955514
      ]
    },
    "raw_cc0": {
      "mean": 0.6898414136152529,
      "sd": 0.0046935795930378235,
      "delta": 0.06585895858109654,
      "wins": 10,
      "class_f1_mean": [
        0.7309682095796133,
        0.6505818041553719,
        0.7212389062124631,
        0.6565767345135634
      ]
    },
    "raw_cc0_grid": {
      "mean": 0.7152380867886619,
      "sd": 0.005224206571057883,
      "delta": 0.09125563175450555,
      "wins": 10,
      "class_f1_mean": [
        0.7613367883560868,
        0.6842705435855945,
        0.7335585153267264,
        0.68178649988624
      ]
    },
    "raw_cc1": {
      "mean": 0.690406603342352,
      "sd": 0.0046275707590465905,
      "delta": 0.06642414830819574,
      "wins": 10,
      "class_f1_mean": [
        0.7313646301313834,
        0.6526838842168916,
        0.7211599803713409,
        0.6564179186497924
      ]
    },
    "raw_cc1_grid": {
      "mean": 0.7158934408956996,
      "sd": 0.005151926908687963,
      "delta": 0.09191098586154321,
      "wins": 10,
      "class_f1_mean": [
        0.7619287786083705,
        0.6864897754010083,
        0.7333137327575215,
        0.6818414768158976
      ]
    },
    "raw_cc2": {
      "mean": 0.6901313064735424,
      "sd": 0.004502069158104801,
      "delta": 0.06614885143938601,
      "wins": 10,
      "class_f1_mean": [
        0.7323529257401107,
        0.6511069172085612,
        0.7212151488164479,
        0.6558502341290497
      ]
    },
    "raw_cc2_grid": {
      "mean": 0.7151540443078795,
      "sd": 0.00516877976669649,
      "delta": 0.09117158927372318,
      "wins": 10,
      "class_f1_mean": [
        0.7622386913125508,
        0.6845245020310897,
        0.7333248635070143,
        0.6805281203808635
      ]
    },
    "pool": {
      "mean": 0.6949226001150491,
      "sd": 0.00413739817598706,
      "delta": 0.07094014508089277,
      "wins": 10,
      "class_f1_mean": [
        0.7324676416847558,
        0.6537030431003805,
        0.7241005233146767,
        0.6694191923603835
      ]
    },
    "pool_knn": {
      "mean": 0.7226156106805931,
      "sd": 0.007058324259328295,
      "delta": 0.09863315564643674,
      "wins": 10,
      "class_f1_mean": [
        0.7850754355733345,
        0.703871702697721,
        0.7219879848144061,
        0.6795273196369107
      ]
    },
    "pool_grid": {
      "mean": 0.7220993319906244,
      "sd": 0.006255409528325848,
      "delta": 0.098116876956468,
      "wins": 10,
      "class_f1_mean": [
        0.7661904683387661,
        0.6881251931842762,
        0.737972991369507,
        0.6961086750699479
      ]
    },
    "pool_cc0": {
      "mean": 0.6956453561351463,
      "sd": 0.0038761981090154525,
      "delta": 0.07166290110098986,
      "wins": 10,
      "class_f1_mean": [
        0.7327774462498181,
        0.6556538103534617,
        0.7247120511516989,
        0.6694381167856063
      ]
    },
    "pool_cc0_grid": {
      "mean": 0.7223065440900782,
      "sd": 0.0061061361048875195,
      "delta": 0.09832408905592178,
      "wins": 10,
      "class_f1_mean": [
        0.766458104668283,
        0.6893707238975593,
        0.7379469851026663,
        0.6954503626918043
      ]
    },
    "pool_cc1": {
      "mean": 0.6965497912474252,
      "sd": 0.004112723276619897,
      "delta": 0.07256733621326888,
      "wins": 10,
      "class_f1_mean": [
        0.7331232148215183,
        0.6590249574948351,
        0.7251961532492258,
        0.6688548394241217
      ]
    },
    "pool_cc1_grid": {
      "mean": 0.7235622827319839,
      "sd": 0.006085564099417231,
      "delta": 0.09957982769782754,
      "wins": 10,
      "class_f1_mean": [
        0.7673499130065973,
        0.6928346953521711,
        0.7385632138473719,
        0.6955013087217953
      ]
    },
    "pool_cc2": {
      "mean": 0.6962866084660811,
      "sd": 0.003974305055066753,
      "delta": 0.07230415343192476,
      "wins": 10,
      "class_f1_mean": [
        0.7346631571141893,
        0.6572003706371637,
        0.7255321868730352,
        0.6677507192399361
      ]
    },
    "pool_cc2_grid": {
      "mean": 0.7226060185367518,
      "sd": 0.006196300637175019,
      "delta": 0.09862356350259552,
      "wins": 10,
      "class_f1_mean": [
        0.7671269542810775,
        0.690340052208272,
        0.7389377744254048,
        0.6940192932322532
      ]
    }
  }
}
