audit 0 5 done
audit 0 25 done
audit 0 50 done
audit 0 100 done
audit 0 200 done
audit 1 5 done
audit 1 25 done
audit 1 50 done
audit 1 100 done
audit 1 200 done
audit 2 5 done
audit 2 25 done
audit 2 50 done
audit 2 100 done
audit 2 200 done
audit 3 5 done
audit 3 25 done
audit 3 50 done
audit 3 100 done
audit 3 200 done
audit 4 5 done
audit 4 25 done
audit 4 50 done
audit 4 100 done
audit 4 200 done
audit 5 5 done
audit 5 25 done
audit 5 50 done
audit 5 100 done
audit 5 200 done
audit 6 5 done
audit 6 25 done
audit 6 50 done
audit 6 100 done
audit 6 200 done
audit 7 5 done
audit 7 25 done
audit 7 50 done
audit 7 100 done
audit 7 200 done
audit 8 5 done
audit 8 25 done
audit 8 50 done
audit 8 100 done
audit 8 200 done
audit 9 5 done
audit 9 25 done
audit 9 50 done
audit 9 100 done
audit 9 200 done
{
  "5": {
    "standardized": {
      "mean": 0.5337356007577978,
      "sd": 0.029317283744146994,
      "delta": -0.01869265053376276,
      "wins": 3,
      "class_f1_mean": [
        0.589075456597131,
        0.44408662396599236,
        0.5679598760253729,
        0.533820446442695
      ]
    },
    "standardized_grid": {
      "mean": 0.5569805038015707,
      "sd": 0.030483364195051023,
      "delta": 0.004552252510010141,
      "wins": 4,
      "class_f1_mean": [
        0.6168765947536874,
        0.46155303101764245,
        0.5874214522558268,
        0.562070937179126
      ]
    },
    "standardized_knn": {
      "mean": 0.563058064032181,
      "sd": 0.03143204093851844,
      "delta": 0.01062981274062046,
      "wins": 5,
      "class_f1_mean": [
        0.6306495228566001,
        0.4755648858950952,
        0.5864617039513706,
        0.559556143425658
      ]
    },
    "standardized_cc1": {
      "mean": 0.5960483292430211,
      "sd": 0.0096977267722577,
      "delta": 0.04362007795146056,
      "wins": 6,
      "class_f1_mean": [
        0.6319763166199015,
        0.5964505782954028,
        0.5445994141251568,
        0.6111670079316235
      ]
    },
    "standardized_cc1_grid": {
      "mean": 0.6144173952986579,
      "sd": 0.011557187335574632,
      "delta": 0.0619891440070973,
      "wins": 9,
      "class_f1_mean": [
        0.6687932023547274,
        0.6192116745402915,
        0.5465283628527435,
        0.6231363414468689
      ]
    },
    "standardized_cc1_knn": {
      "mean": 0.6113912935994203,
      "sd": 0.01084294313883016,
      "delta": 0.05896304230785977,
      "wins": 9,
      "class_f1_mean": [
        0.6927402612276848,
        0.6320520686359583,
        0.5253749267257113,
        0.595397917808327
      ]
    },
    "rawunit": {
      "mean": 0.5336815822992624,
      "sd": 0.0288153498068804,
      "delta": -0.018746668992298165,
      "wins": 3,
      "class_f1_mean": [
        0.5808339443176258,
        0.44422214438337815,
        0.5673600439705805,
        0.5423101965254649
      ]
    },
    "rawunit_grid": {
      "mean": 0.5562608070036396,
      "sd": 0.030266958582862543,
      "delta": 0.00383255571207895,
      "wins": 5,
      "class_f1_mean": [
        0.6097773877585969,
        0.45604614090666684,
        0.5888329260954646,
        0.5703867732538297
      ]
    },
    "rawunit_knn": {
      "mean": 0.5603238970468267,
      "sd": 0.03140851667100663,
      "delta": 0.007895645755266151,
      "wins": 5,
      "class_f1_mean": [
        0.6241586959384765,
        0.46646714733125316,
        0.5881621407413762,
        0.5625076041762009
      ]
    },
    "rawunit_cc1": {
      "mean": 0.5973621865120038,
      "sd": 0.010529497428579263,
      "delta": 0.04493393522044335,
      "wins": 6,
      "class_f1_mean": [
        0.6297811799628616,
        0.5975656412727709,
        0.5490903066151304,
        0.6130116181972527
      ]
    },
    "rawunit_cc1_grid": {
      "mean": 0.6152748385317122,
      "sd": 0.011072219303780483,
      "delta": 0.06284658724015157,
      "wins": 9,
      "class_f1_mean": [
        0.6659466260130162,
        0.620418147830802,
        0.5501973836273185,
        0.6245371966557117
      ]
    },
    "rawunit_cc1_knn": {
      "mean": 0.6133012642721086,
      "sd": 0.01064321284427365,
      "delta": 0.06087301298054818,
      "wins": 9,
      "class_f1_mean": [
        0.6911479834559393,
        0.6339757491633358,
        0.5299745499322175,
        0.5981067745369424
      ]
    }
  },
  "25": {
    "standardized": {
      "mean": 0.6378009658053225,
      "sd": 0.011286306937918553,
      "delta": 0.025626784118355804,
      "wins": 9,
      "class_f1_mean": [
        0.6721108909159715,
        0.5678601034402937,
        0.6795770637158091,
        0.6316558051492163
      ]
    },
    "standardized_grid": {
      "mean": 0.6648296410034493,
      "sd": 0.009887301168034343,
      "delta": 0.05265545931648251,
      "wins": 10,
      "class_f1_mean": [
        0.703345255909235,
        0.5982686446928691,
        0.698200252833523,
        0.65950441057817
      ]
    },
    "standardized_knn": {
      "mean": 0.6697050743170928,
      "sd": 0.008581820525873331,
      "delta": 0.05753089263012597,
      "wins": 10,
      "class_f1_mean": [
        0.7239037954388292,
        0.6173288891069698,
        0.6884768692703457,
        0.6491107434522266
      ]
    },
    "standardized_cc1": {
      "mean": 0.6567063086114834,
      "sd": 0.010281727340401094,
      "delta": 0.04453212692451662,
      "wins": 10,
      "class_f1_mean": [
        0.6830516267306892,
        0.6204087124062168,
        0.6858258856658294,
        0.6375390096431984
      ]
    },
    "standardized_cc1_grid": {
      "mean": 0.681898481003215,
      "sd": 0.008406333600598278,
      "delta": 0.06972429931624821,
      "wins": 10,
      "class_f1_mean": [
        0.7173440062347058,
        0.6518992112041632,
        0.6992113112081741,
        0.659139395365817
      ]
    },
    "standardized_cc1_knn": {
      "mean": 0.6836396346064352,
      "sd": 0.008735805932868098,
      "delta": 0.07146545291946856,
      "wins": 10,
      "class_f1_mean": [
        0.7408379809272828,
        0.6697174870411672,
        0.6835244837871242,
        0.6404785866701672
      ]
    },
    "rawunit": {
      "mean": 0.6415194968315558,
      "sd": 0.012200876353236181,
      "delta": 0.02934531514458919,
      "wins": 10,
      "class_f1_mean": [
        0.6770904159542931,
        0.5718420901588014,
        0.6794880308277894,
        0.6376574503853403
      ]
    },
    "rawunit_grid": {
      "mean": 0.6690033384833691,
      "sd": 0.011240349905779547,
      "delta": 0.05682915679640229,
      "wins": 10,
      "class_f1_mean": [
        0.7089054629610867,
        0.6037566240509824,
        0.6968363522768202,
        0.666514914644587
      ]
    },
    "rawunit_knn": {
      "mean": 0.6737309933072296,
      "sd": 0.010155743261317417,
      "delta": 0.06155681162026293,
      "wins": 10,
      "class_f1_mean": [
        0.7298974069704343,
        0.6231736355445977,
        0.6876879747732708,
        0.654164955940616
      ]
    },
    "rawunit_cc1": {
      "mean": 0.6591098910736075,
      "sd": 0.010492078407577297,
      "delta": 0.0469357093866407,
      "wins": 10,
      "class_f1_mean": [
        0.687678194365207,
        0.6220567675550688,
        0.6851420690620961,
        0.6415625333120581
      ]
    },
    "rawunit_cc1_grid": {
      "mean": 0.6837345824801196,
      "sd": 0.010070750081316403,
      "delta": 0.07156040079315287,
      "wins": 10,
      "class_f1_mean": [
        0.7212875943093242,
        0.65451470585648,
        0.6969374952686904,
        0.6621985344859838
      ]
    },
    "rawunit_cc1_knn": {
      "mean": 0.6860994553253685,
      "sd": 0.009276582179055018,
      "delta": 0.07392527363840187,
      "wins": 10,
      "class_f1_mean": [
        0.7469587090515855,
        0.6732214840697618,
        0.6820394144513124,
        0.6421782137288149
      ]
    }
  },
  "50": {
    "standardized": {
      "mean": 0.6535589795018233,
      "sd": 0.007540885682966631,
      "delta": 0.036285968374598854,
      "wins": 10,
      "class_f1_mean": [
        0.6954435499926378,
        0.5900398977598783,
        0.6864462109759097,
        0.6423062592788678
      ]
    },
    "standardized_grid": {
      "mean": 0.6796885610341412,
      "sd": 0.008274623637189544,
      "delta": 0.0624155499069166,
      "wins": 10,
      "class_f1_mean": [
        0.7249994707417393,
        0.6215114705057565,
        0.7036111404890574,
        0.6686321624000114
      ]
    },
    "standardized_knn": {
      "mean": 0.683425930995945,
      "sd": 0.009171450682830113,
      "delta": 0.06615291986872039,
      "wins": 10,
      "class_f1_mean": [
        0.7436150415751881,
        0.639810053746429,
        0.693236296739187,
        0.657042331922976
      ]
    },
    "standardized_cc1": {
      "mean": 0.6651610817018444,
      "sd": 0.006533197237292409,
      "delta": 0.047888070574619857,
      "wins": 10,
      "class_f1_mean": [
        0.7030121198395396,
        0.6196976418200305,
        0.6912997380558258,
        0.6466348270919817
      ]
    },
    "standardized_cc1_grid": {
      "mean": 0.6904080395405842,
      "sd": 0.007007177978862824,
      "delta": 0.07313502841335964,
      "wins": 10,
      "class_f1_mean": [
        0.733334361912217,
        0.6524090823525455,
        0.7059749109803473,
        0.6699138029172269
      ]
    },
    "standardized_cc1_knn": {
      "mean": 0.6929938817730725,
      "sd": 0.007961640300346302,
      "delta": 0.07572087064584802,
      "wins": 10,
      "class_f1_mean": [
        0.7540238667196976,
        0.669821192085856,
        0.6926562833377546,
        0.6554741849489821
      ]
    },
    "rawunit": {
      "mean": 0.6604475247572259,
      "sd": 0.01036694673519903,
      "delta": 0.04317451363000137,
      "wins": 10,
      "class_f1_mean": [
        0.7039813963865851,
        0.5979417482838951,
        0.6924891939294373,
        0.6473777604289859
      ]
    },
    "rawunit_grid": {
      "mean": 0.6869668180997628,
      "sd": 0.009229684311294206,
      "delta": 0.06969380697253838,
      "wins": 10,
      "class_f1_mean": [
        0.7350416867030237,
        0.6297754881187744,
        0.7073996217180356,
        0.6756504758592178
      ]
    },
    "rawunit_knn": {
      "mean": 0.6878686987670384,
      "sd": 0.010547330574273862,
      "delta": 0.07059568763981386,
      "wins": 10,
      "class_f1_mean": [
        0.751539478183463,
        0.6463711027536279,
        0.6931351443162523,
        0.6604290698148103
      ]
    },
    "rawunit_cc1": {
      "mean": 0.6697484302802351,
      "sd": 0.009647971061434028,
      "delta": 0.05247541915301068,
      "wins": 10,
      "class_f1_mean": [
        0.7087758481399971,
        0.6235116015147837,
        0.6966887489447422,
        0.650017522521418
      ]
    },
    "rawunit_cc1_grid": {
      "mean": 0.6954804487119162,
      "sd": 0.00856935697923651,
      "delta": 0.07820743758469162,
      "wins": 10,
      "class_f1_mean": [
        0.7414538176122216,
        0.6567873201951858,
        0.7090149173800505,
        0.6746657396602067
      ]
    },
    "rawunit_cc1_knn": {
      "mean": 0.6952721529985575,
      "sd": 0.01095178565207658,
      "delta": 0.07799914187133308,
      "wins": 10,
      "class_f1_mean": [
        0.7594003199614933,
        0.6723939763486799,
        0.6922650947790702,
        0.6570292209049872
      ]
    }
  },
  "100": {
    "standardized": {
      "mean": 0.676671717195777,
      "sd": 0.005677625435722917,
      "delta": 0.05715889292377978,
      "wins": 10,
      "class_f1_mean": [
        0.7207416633928369,
        0.6260246349314259,
        0.7036812966979417,
        0.6562392737609037
      ]
    },
    "standardized_grid": {
      "mean": 0.704956867064715,
      "sd": 0.005561426632712634,
      "delta": 0.08544404279271775,
      "wins": 10,
      "class_f1_mean": [
        0.753250859699618,
        0.6607147267235122,
        0.7201615599344846,
        0.6857003219012453
      ]
    },
    "standardized_knn": {
      "mean": 0.7041408694570862,
      "sd": 0.006980292832012309,
      "delta": 0.08462804518508887,
      "wins": 10,
      "class_f1_mean": [
        0.7704095041133453,
        0.6752098541666587,
        0.7051462176541319,
        0.6657979018942088
      ]
    },
    "standardized_cc1": {
      "mean": 0.6814975582617974,
      "sd": 0.005327317064492665,
      "delta": 0.061984733989800214,
      "wins": 10,
      "class_f1_mean": [
        0.7240107493448388,
        0.638324193300061,
        0.7063752191890249,
        0.6572800712132654
      ]
    },
    "standardized_cc1_grid": {
      "mean": 0.7082583148591034,
      "sd": 0.005047953902134165,
      "delta": 0.08874549058710603,
      "wins": 10,
      "class_f1_mean": [
        0.7559512767753812,
        0.6732190945662975,
        0.7209466756527698,
        0.6829162124419648
      ]
    },
    "standardized_cc1_knn": {
      "mean": 0.7085180849618226,
      "sd": 0.0062994575213722115,
      "delta": 0.08900526068982534,
      "wins": 10,
      "class_f1_mean": [
        0.7754504970780679,
        0.6895187470956219,
        0.7053084608666863,
        0.6637946348069143
      ]
    },
    "rawunit": {
      "mean": 0.6784490153581654,
      "sd": 0.008206824560452738,
      "delta": 0.05893619108616814,
      "wins": 10,
      "class_f1_mean": [
        0.7228928489485987,
        0.6288311893028565,
        0.7041690495701322,
        0.6579029736110745
      ]
    },
    "rawunit_grid": {
      "mean": 0.7061065358835508,
      "sd": 0.00865001201606683,
      "delta": 0.08659371161155358,
      "wins": 10,
      "class_f1_mean": [
        0.7550394148991979,
        0.6629901198542449,
        0.7200046918299177,
        0.6863919169508431
      ]
    },
    "rawunit_knn": {
      "mean": 0.7052181489993673,
      "sd": 0.01065950204862467,
      "delta": 0.08570532472737008,
      "wins": 10,
      "class_f1_mean": [
        0.772930029257499,
        0.6780360076730623,
        0.7042185124908205,
        0.6656880465760875
      ]
    },
    "rawunit_cc1": {
      "mean": 0.6829907743765585,
      "sd": 0.0076265598660602615,
      "delta": 0.06347795010456128,
      "wins": 10,
      "class_f1_mean": [
        0.7253028370509964,
        0.6414849079487281,
        0.7065706751856891,
        0.6586046773208208
      ]
    },
    "rawunit_cc1_grid": {
      "mean": 0.709320923101125,
      "sd": 0.007501117052062241,
      "delta": 0.08980809882912774,
      "wins": 10,
      "class_f1_mean": [
        0.7577721753278148,
        0.6750278710885573,
        0.72100967162588,
        0.6834739743622482
      ]
    },
    "rawunit_cc1_knn": {
      "mean": 0.7088182072524039,
      "sd": 0.009630766841289053,
      "delta": 0.0893053829804065,
      "wins": 10,
      "class_f1_mean": [
        0.7769972169242942,
        0.6901839645758667,
        0.704468890560425,
        0.6636227569490291
      ]
    }
  },
  "200": {
    "standardized": {
      "mean": 0.6916620680289295,
      "sd": 0.006589052850026699,
      "delta": 0.06767961299477318,
      "wins": 10,
      "class_f1_mean": [
        0.7359136924749546,
        0.6518515527180575,
        0.7133119882900091,
        0.665571038632697
      ]
    },
    "standardized_grid": {
      "mean": 0.7207708732330598,
      "sd": 0.008428903996299558,
      "delta": 0.09678841819890352,
      "wins": 10,
      "class_f1_mean": [
        0.7681726504398874,
        0.6875432788056033,
        0.7312539309882954,
        0.6961136326984535
      ]
    },
    "standardized_knn": {
      "mean": 0.7214006687781855,
      "sd": 0.008046912124292021,
      "delta": 0.09741821374402916,
      "wins": 10,
      "class_f1_mean": [
        0.7864766365875633,
        0.7050737820490988,
        0.7160423953055031,
        0.6780098611705772
      ]
    },
    "standardized_cc1": {
      "mean": 0.6936149211093703,
      "sd": 0.006493688350292132,
      "delta": 0.06963246607521398,
      "wins": 10,
      "class_f1_mean": [
        0.7374772493012358,
        0.6576399766226839,
        0.7147493039405998,
        0.6645931545729619
      ]
    },
    "standardized_cc1_grid": {
      "mean": 0.7221795128852125,
      "sd": 0.008130634684483802,
      "delta": 0.09819705785105629,
      "wins": 10,
      "class_f1_mean": [
        0.7698270216316019,
        0.6935350205068244,
        0.731834542583109,
        0.6935214668193154
      ]
    },
    "standardized_cc1_knn": {
      "mean": 0.7228190455206859,
      "sd": 0.007837375385041877,
      "delta": 0.09883659048652957,
      "wins": 10,
      "class_f1_mean": [
        0.7887010423656367,
        0.7108911607448883,
        0.715415019787741,
        0.6762689591844777
      ]
    },
    "rawunit": {
      "mean": 0.6928135378372555,
      "sd": 0.005540168469567636,
      "delta": 0.06883108280309916,
      "wins": 10,
      "class_f1_mean": [
        0.7358497708877416,
        0.6556454460365639,
        0.7143673041669054,
        0.6653916302578111
      ]
    },
    "rawunit_grid": {
      "mean": 0.7234226252779821,
      "sd": 0.007639352394226082,
      "delta": 0.09944017024382576,
      "wins": 10,
      "class_f1_mean": [
        0.772852333398405,
        0.694007392220657,
        0.7304868958896178,
        0.6963438796032486
      ]
    },
    "rawunit_knn": {
      "mean": 0.7235620213158935,
      "sd": 0.0078610069258369,
      "delta": 0.0995795662817372,
      "wins": 10,
      "class_f1_mean": [
        0.7907645264427885,
        0.7113218336205559,
        0.7153746882132739,
        0.676787036986956
      ]
    },
    "rawunit_cc1": {
      "mean": 0.6946443730098499,
      "sd": 0.005440524627269249,
      "delta": 0.07066191797569363,
      "wins": 10,
      "class_f1_mean": [
        0.7366225729007019,
        0.6613253238293402,
        0.7160947471421849,
        0.6645348481671731
      ]
    },
    "rawunit_cc1_grid": {
      "mean": 0.72469501568953,
      "sd": 0.00742703397404668,
      "delta": 0.10071256065537373,
      "wins": 10,
      "class_f1_mean": [
        0.7741654920086372,
        0.6989883713789911,
        0.7306832058206554,
        0.6949429935498369
      ]
    },
    "rawunit_cc1_knn": {
      "mean": 0.7244620611840913,
      "sd": 0.007546155378361614,
      "delta": 0.10047960614993505,
      "wins": 10,
      "class_f1_mean": [
        0.7925144150016887,
        0.7153902229619531,
        0.7147866510359975,
        0.6751569557367262
      ]
    }
  }
}
