1 G4A-B005-T01 18.532263029000006
2 G4A-B005-T02 20.02968050199999
3 G4A-B005-T03 16.18432702200002
4 G4A-B005-T04 15.834993068000017
5 G4A-B005-T05 17.58330232899999
6 G4A-B005-T06 16.986090716999968
7 G4A-B005-T07 20.894551954999997
8 G4A-B005-T08 17.32540669499997
9 G4A-B005-T09 15.640827101000013
10 G4A-B005-T10 17.213173614000084
11 G4A-B010-T01 15.559465775000035
12 G4A-B010-T02 16.886950835999983
13 G4A-B010-T03 15.177742427999988
14 G4A-B010-T04 15.858939254999996
15 G4A-B010-T05 15.57091415800005
16 G4A-B010-T06 15.483753158000013
17 G4A-B010-T07 15.13689732599994
18 G4A-B010-T08 15.805811241000129
19 G4A-B010-T09 15.298384969999915
20 G4A-B010-T10 16.57463549099998
21 G4A-B025-T01 15.200694289000012
22 G4A-B025-T02 15.842689481999969
23 G4A-B025-T03 15.04114590800009
24 G4A-B025-T04 16.26079016199992
25 G4A-B025-T05 15.988502172999915
26 G4A-B025-T06 15.01173917799997
27 G4A-B025-T07 16.04330095699993
28 G4A-B025-T08 14.679255858000033
29 G4A-B025-T09 15.58455813899991
30 G4A-B025-T10 28.014860883999972
31 G4A-B050-T01 23.101230807000093
32 G4A-B050-T02 17.511965645000146
33 G4A-B050-T03 15.45200082800011
34 G4A-B050-T04 15.203302341999915
35 G4A-B050-T05 15.69833917699998
36 G4A-B050-T06 15.798183768999934
37 G4A-B050-T07 16.080288363000136
38 G4A-B050-T08 14.985332491000008
39 G4A-B050-T09 15.087115673000426
40 G4A-B050-T10 15.205514284999936
41 G4A-B100-T01 16.676385812999797
42 G4A-B100-T02 14.538068139000188
43 G4A-B100-T03 15.273860657000114
44 G4A-B100-T04 15.383812028999728
45 G4A-B100-T05 15.289609149999706
46 G4A-B100-T06 15.641726784000184
47 G4A-B100-T07 15.35739030800005
48 G4A-B100-T08 16.641037460000007
49 G4A-B100-T09 15.019709465999767
50 G4A-B100-T10 15.812610468000003
51 G4A-B200-T01 15.984139808000236
52 G4A-B200-T02 15.551351466000142
53 G4A-B200-T03 16.351184705999913
54 G4A-B200-T04 15.178197146999992
55 G4A-B200-T05 16.8955266439998
56 G4A-B200-T06 15.451887783000075
57 G4A-B200-T07 17.176873690999855
58 G4A-B200-T08 17.15722840799981
59 G4A-B200-T09 15.290183667000292
60 G4A-B200-T10 16.751079441
{
  "status": "FALSIFIED",
  "criteria": {
    "mean_gain_over_raw_ge_0.0100": false,
    "positive_raw_gain_ge_8_of_10": false,
    "no_mean_per_class_raw_regression_worse_than_0.0200": false,
    "mean_gain_over_same_query_rf_ge_0.0100": true,
    "no_mean_per_class_rf_regression_worse_than_0.0200": false
  },
  "primary": {
    "candidate": {
      "mean": 0.5090788183808367,
      "std_ddof0": 0.0200121441286207,
      "values": [
        0.4960010087372172,
        0.49576053276658244,
        0.5180956929655168,
        0.4979677924033946,
        0.5185022862010998,
        0.5264650775715339,
        0.5448545414185187,
        0.46761722313429066,
        0.5169160789306233,
        0.5086079496795896
      ],
      "per_class_mean": [
        0.24231095167246344,
        0.564845303058635,
        0.6421237173982496,
        0.587035301393999
      ]
    },
    "raw_prototype": {
      "mean": 0.5985975030424968,
      "std_ddof0": 0.01763692365781789,
      "values": [
        0.6036165122602037,
        0.5671912103068149,
        0.596040354074235,
        0.6118621881829216,
        0.5900348942506094,
        0.5789135050821612,
        0.587702595983549,
        0.617561391117714,
        0.6294604948126787,
        0.6035918843540811
      ],
      "per_class_mean": [
        0.6449249735359577,
        0.5524213093228422,
        0.6182708211895093,
        0.5787729081216784
      ]
    },
    "rf_reproduced": {
      "mean": 0.4432654528334615,
      "std_ddof0": 0.0003058209280542265,
      "values": [
        0.4425418995753533,
        0.44305776938997316,
        0.4436813270107022,
        0.4433972798561644,
        0.443383295862038,
        0.4433181922408786,
        0.443527981371931,
        0.4433613886473976,
        0.4433836066836454,
        0.44300178769653137
      ],
      "per_class_mean": [
        0.44205964419010624,
        0.48453298004732187,
        0.30134125862127187,
        0.5451279284751458
      ]
    },
    "frozen_rf": {
      "mean": 0.4432654528334615,
      "std_ddof0": 0.0003058209280542265,
      "values": [
        0.4425418995753533,
        0.44305776938997316,
        0.4436813270107022,
        0.4433972798561644,
        0.443383295862038,
        0.4433181922408786,
        0.443527981371931,
        0.4433613886473976,
        0.4433836066836454,
        0.44300178769653137
      ],
      "per_class_mean": [
        0.44205964419010624,
        0.48453298004732187,
        0.30134125862127187,
        0.5451279284751458
      ]
    },
    "candidate_minus_raw": {
      "mean": -0.08951868466166014,
      "std_ddof0": 0.030773279138879343,
      "positive_trials": 0,
      "values": [
        -0.10761550352298654,
        -0.07143067754023241,
        -0.07794466110871812,
        -0.11389439577952698,
        -0.07153260804950956,
        -0.05244842751062728,
        -0.04284805456503027,
        -0.14994416798342336,
        -0.11254441588205544,
        -0.09498393467449151
      ]
    },
    "candidate_minus_rf": {
      "mean": 0.0658133655473752,
      "std_ddof0": 0.019899203414937124,
      "positive_trials": 10,
      "values": [
        0.053459109161863916,
        0.052702763376609285,
        0.07441436595481465,
        0.05457051254723022,
        0.07511899033906183,
        0.08314688533065534,
        0.10132656004658774,
        0.024255834486893058,
        0.0735324722469779,
        0.06560616198305819
      ]
    }
  }
}
